[2026-09-07 13:23:22.688] [info] [sirius_context.cpp:329] QueryBegin: instance=0xef43199604b0 connection=1 query=86 SQL: select sum(l_extendedprice * l_discount) as revenue from lineitem where l_shipdate >= date '1997-01-01' and l_shipdate < date '1998-01-01' and l_discount between 0.03 - 0.01 and 0.03 + 0.01 and l_quantity < 24
[2026-09-07 13:23:22.693] [info] [sirius_context.cpp:1467] Transparent execution: Sirius physical plan generated successfully
[2026-09-07 13:23:22.693] [info] [sirius_context.cpp:1495] Transparent execution: physical plan replaced with GPU operator
[2026-09-07 13:23:22.693] [info] [physical_sirius_execution.cpp:157] Transparent GPU execution: executing query
[2026-09-07 13:23:22.693] [info] [sirius_context.cpp:521] [window] begin instance=0xef43199604b0 connection=1 window=34 query=86 outcome=-
[2026-09-07 13:23:22.693] [info] [sirius_context.cpp:256] [host_pool] HOST:0 QueryBegin instance=0xef43199604b0 connection=1 window=34 query=86 allocated=17515413504 bytes peak=17582522368 bytes free_blocks=539
[2026-09-07 13:23:22.693] [info] [sirius_context.cpp:271] [gpu_pool] GPU:0 QueryBegin instance=0xef43199604b0 connection=1 window=34 query=86 allocated=3095451136 bytes peak=44608526546 bytes reserved=0 bytes
[2026-09-07 13:23:22.693] [info] [sirius_context.cpp:389] QueryBegin: transparent_execution
[2026-09-07 13:23:22.695] [info] [sirius_engine.cpp:265] [gpu_alloc] query allocated 1 GPU(s): [0]
[2026-09-07 13:23:22.695] [info] [sirius_engine.cpp:318] Query Plan:
=== Pipeline Overview ===
Pipeline #0: GPU_SCAN (id=0) -> PROJECTION (id=1) -> UNGROUPED_AGGREGATE (id=2)
  Output: -> MERGE_AGGREGATE [port: default, barrier: FULL]
Pipeline #1: MERGE_AGGREGATE (id=3)
  Input: <- Pipeline #0 [on: MERGE_AGGREGATE (id=3), port: default, barrier: FULL]
  Dependencies: Pipeline #0
  Output: -> RESULT_COLLECTOR [port: default, barrier: FULL]
Pipeline #2: RESULT_COLLECTOR (id=4)
  Input: <- Pipeline #1 [on: RESULT_COLLECTOR (id=4), port: default, barrier: FULL]
  Dependencies: Pipeline #1

=== Query Plan DAG ===
┌────────────────────────────┐
│ Pipeline #2                │
│ RESULT_COLLECTOR (id=4)    │
│ Input(#1): FULL            │
└─────────────┬──────────────┘
              │               
┌────────────────────────────┐
│ Pipeline #1                │
│ MERGE_AGGREGATE (id=3)     │
│ Input(#0): FULL            │
└─────────────┬──────────────┘
              │               
┌────────────────────────────┐
│ Pipeline #0                │
│ UNGROUPED_AGGREGATE (id=2) │
│ PROJECTION (id=1)          │
│ GPU_SCAN (id=0)            │
└────────────────────────────┘

[2026-09-07 13:23:22.695] [info] [sirius_engine.cpp:186] query 34 telemetry_query=01a07d8a2d477ca3b19b8ce71f727232
[2026-09-07 13:23:22.695] [info] [sirius_scan_manager.cpp:2999] [sirius_scan_manager] assigned pinned entry 'lineitem' to operator '0'
[2026-09-07 13:23:22.695] [info] [sirius_scan_manager.cpp:823] [late-mat] operator 0: not deferring — the scan restricts rows and its pin is compressed, so the surviving rows are decided inside the decode
[2026-09-07 13:23:22.695] [info] [memory_prefetcher.cpp:59] [memory_prefetcher] started: 3 threads, 1 connectors, min_free_fraction=0.40
[2026-09-07 13:23:22.720] [info] [gpu_pipeline_executor.cpp:129] GPU Pipeline Executor: task queue interrupted, stopping manager loop
[2026-09-07 13:23:22.720] [info] [sirius_context.cpp:405] QueryEnd
[2026-09-07 13:23:22.720] [info] [memory_prefetcher.cpp:72] [memory_prefetcher] stopping: prefetched 0 batches / 0 bytes (stops: headroom=0 reservation=0, skips: lock=0 draining=5, errors=0)
[2026-09-07 13:23:22.720] [info] [sirius_context.cpp:256] [host_pool] HOST:0 QueryEnd instance=0xef43199604b0 connection=1 window=34 query=86 allocated=17515413504 bytes peak=17582522368 bytes free_blocks=539
[2026-09-07 13:23:22.720] [info] [sirius_context.cpp:271] [gpu_pool] GPU:0 QueryEnd instance=0xef43199604b0 connection=1 window=34 query=86 allocated=3095451136 bytes peak=44608526546 bytes reserved=0 bytes
[2026-09-07 13:23:22.720] [info] [sirius_context.cpp:521] [window] end instance=0xef43199604b0 connection=1 window=34 query=86 outcome=ok
[2026-09-07 13:23:22.720] [info] [physical_sirius_execution.cpp:327] Transparent GPU execution: query completed
[2026-09-07 13:23:22.721] [info] [sirius_context.cpp:329] QueryBegin: instance=0xef43199604b0 connection=1 query=87 SQL: CALL sirius_set_query_label('q6_iter1')
[2026-09-07 13:23:22.721] [info] [sirius_context.cpp:329] QueryBegin: instance=0xef43199604b0 connection=1 query=88 SQL: SET gpu_execution = true;
[2026-09-07 13:23:22.722] [info] [sirius_context.cpp:329] QueryBegin: instance=0xef43199604b0 connection=1 query=89 SQL: select sum(l_extendedprice * l_discount) as revenue from lineitem where l_shipdate >= date '1997-01-01' and l_shipdate < date '1998-01-01' and l_discount between 0.03 - 0.01 and 0.03 + 0.01 and l_quantity < 24
[2026-09-07 13:23:22.726] [info] [sirius_context.cpp:1467] Transparent execution: Sirius physical plan generated successfully
[2026-09-07 13:23:22.726] [info] [sirius_context.cpp:1495] Transparent execution: physical plan replaced with GPU operator
[2026-09-07 13:23:22.726] [info] [physical_sirius_execution.cpp:157] Transparent GPU execution: executing query
[2026-09-07 13:23:22.726] [info] [sirius_context.cpp:521] [window] begin instance=0xef43199604b0 connection=1 window=35 query=89 outcome=-
[2026-09-07 13:23:22.726] [info] [sirius_context.cpp:256] [host_pool] HOST:0 QueryBegin instance=0xef43199604b0 connection=1 window=35 query=89 allocated=17515413504 bytes peak=17582522368 bytes free_blocks=539
[2026-09-07 13:23:22.726] [info] [sirius_context.cpp:271] [gpu_pool] GPU:0 QueryBegin instance=0xef43199604b0 connection=1 window=35 query=89 allocated=3095451136 bytes peak=44608526546 bytes reserved=0 bytes
[2026-09-07 13:23:22.726] [info] [sirius_context.cpp:389] QueryBegin: transparent_execution
[2026-09-07 13:23:22.728] [info] [sirius_engine.cpp:265] [gpu_alloc] query allocated 1 GPU(s): [0]
[2026-09-07 13:23:22.728] [info] [sirius_engine.cpp:318] Query Plan:
=== Pipeline Overview ===
Pipeline #0: GPU_SCAN (id=0) -> PROJECTION (id=1) -> UNGROUPED_AGGREGATE (id=2)
  Output: -> MERGE_AGGREGATE [port: default, barrier: FULL]
Pipeline #1: MERGE_AGGREGATE (id=3)
  Input: <- Pipeline #0 [on: MERGE_AGGREGATE (id=3), port: default, barrier: FULL]
  Dependencies: Pipeline #0
  Output: -> RESULT_COLLECTOR [port: default, barrier: FULL]
Pipeline #2: RESULT_COLLECTOR (id=4)
  Input: <- Pipeline #1 [on: RESULT_COLLECTOR (id=4), port: default, barrier: FULL]
  Dependencies: Pipeline #1

=== Query Plan DAG ===
┌────────────────────────────┐
│ Pipeline #2                │
│ RESULT_COLLECTOR (id=4)    │
│ Input(#1): FULL            │
└─────────────┬──────────────┘
              │               
┌────────────────────────────┐
│ Pipeline #1                │
│ MERGE_AGGREGATE (id=3)     │
│ Input(#0): FULL            │
└─────────────┬──────────────┘
              │               
┌────────────────────────────┐
│ Pipeline #0                │
│ UNGROUPED_AGGREGATE (id=2) │
│ PROJECTION (id=1)          │
│ GPU_SCAN (id=0)            │
└────────────────────────────┘

[2026-09-07 13:23:22.728] [info] [sirius_engine.cpp:186] query 35 telemetry_query=01a07d8a2d687b83b4c32dbc7cfe5e1f
[2026-09-07 13:23:22.728] [info] [sirius_scan_manager.cpp:2999] [sirius_scan_manager] assigned pinned entry 'lineitem' to operator '0'
[2026-09-07 13:23:22.728] [info] [sirius_scan_manager.cpp:823] [late-mat] operator 0: not deferring — the scan restricts rows and its pin is compressed, so the surviving rows are decided inside the decode
[2026-09-07 13:23:22.728] [info] [memory_prefetcher.cpp:59] [memory_prefetcher] started: 3 threads, 1 connectors, min_free_fraction=0.40
[2026-09-07 13:23:22.734] [info] [gpu_pipeline_executor.cpp:129] GPU Pipeline Executor: task queue interrupted, stopping manager loop
[2026-09-07 13:23:22.734] [info] [sirius_context.cpp:405] QueryEnd
[2026-09-07 13:23:22.734] [info] [memory_prefetcher.cpp:72] [memory_prefetcher] stopping: prefetched 0 batches / 0 bytes (stops: headroom=0 reservation=0, skips: lock=0 draining=5, errors=0)
[2026-09-07 13:23:22.734] [info] [sirius_context.cpp:256] [host_pool] HOST:0 QueryEnd instance=0xef43199604b0 connection=1 window=35 query=89 allocated=17515413504 bytes peak=17582522368 bytes free_blocks=539
[2026-09-07 13:23:22.734] [info] [sirius_context.cpp:271] [gpu_pool] GPU:0 QueryEnd instance=0xef43199604b0 connection=1 window=35 query=89 allocated=3095451136 bytes peak=44608526546 bytes reserved=0 bytes
[2026-09-07 13:23:22.734] [info] [sirius_context.cpp:521] [window] end instance=0xef43199604b0 connection=1 window=35 query=89 outcome=ok
[2026-09-07 13:23:22.734] [info] [physical_sirius_execution.cpp:327] Transparent GPU execution: query completed
[2026-09-07 13:23:22.748] [info] [sirius_context.cpp:329] QueryBegin: instance=0xef43199604b0 connection=1 query=90 SQL: CALL sirius_set_query_label('q6_iter2')
[2026-09-07 13:23:22.749] [info] [sirius_context.cpp:329] QueryBegin: instance=0xef43199604b0 connection=1 query=91 SQL: SET gpu_execution = true;
[2026-09-07 13:23:22.749] [info] [sirius_context.cpp:329] QueryBegin: instance=0xef43199604b0 connection=1 query=92 SQL: select sum(l_extendedprice * l_discount) as revenue from lineitem where l_shipdate >= date '1997-01-01' and l_shipdate < date '1998-01-01' and l_discount between 0.03 - 0.01 and 0.03 + 0.01 and l_quantity < 24
[2026-09-07 13:23:22.753] [info] [sirius_context.cpp:1467] Transparent execution: Sirius physical plan generated successfully
[2026-09-07 13:23:22.753] [info] [sirius_context.cpp:1495] Transparent execution: physical plan replaced with GPU operator
[2026-09-07 13:23:22.753] [info] [physical_sirius_execution.cpp:157] Transparent GPU execution: executing query
[2026-09-07 13:23:22.753] [info] [sirius_context.cpp:521] [window] begin instance=0xef43199604b0 connection=1 window=36 query=92 outcome=-
[2026-09-07 13:23:22.753] [info] [sirius_context.cpp:256] [host_pool] HOST:0 QueryBegin instance=0xef43199604b0 connection=1 window=36 query=92 allocated=17515413504 bytes peak=17582522368 bytes free_blocks=539
[2026-09-07 13:23:22.753] [info] [sirius_context.cpp:271] [gpu_pool] GPU:0 QueryBegin instance=0xef43199604b0 connection=1 window=36 query=92 allocated=3095451136 bytes peak=44608526546 bytes reserved=0 bytes
[2026-09-07 13:23:22.753] [info] [sirius_context.cpp:389] QueryBegin: transparent_execution
[2026-09-07 13:23:22.755] [info] [sirius_engine.cpp:265] [gpu_alloc] query allocated 1 GPU(s): [0]
[2026-09-07 13:23:22.755] [info] [sirius_engine.cpp:318] Query Plan:
=== Pipeline Overview ===
Pipeline #0: GPU_SCAN (id=0) -> PROJECTION (id=1) -> UNGROUPED_AGGREGATE (id=2)
  Output: -> MERGE_AGGREGATE [port: default, barrier: FULL]
Pipeline #1: MERGE_AGGREGATE (id=3)
  Input: <- Pipeline #0 [on: MERGE_AGGREGATE (id=3), port: default, barrier: FULL]
  Dependencies: Pipeline #0
  Output: -> RESULT_COLLECTOR [port: default, barrier: FULL]
Pipeline #2: RESULT_COLLECTOR (id=4)
  Input: <- Pipeline #1 [on: RESULT_COLLECTOR (id=4), port: default, barrier: FULL]
  Dependencies: Pipeline #1

=== Query Plan DAG ===
┌────────────────────────────┐
│ Pipeline #2                │
│ RESULT_COLLECTOR (id=4)    │
│ Input(#1): FULL            │
└─────────────┬──────────────┘
              │               
┌────────────────────────────┐
│ Pipeline #1                │
│ MERGE_AGGREGATE (id=3)     │
│ Input(#0): FULL            │
└─────────────┬──────────────┘
              │               
┌────────────────────────────┐
│ Pipeline #0                │
│ UNGROUPED_AGGREGATE (id=2) │
│ PROJECTION (id=1)          │
│ GPU_SCAN (id=0)            │
└────────────────────────────┘

[2026-09-07 13:23:22.755] [info] [sirius_engine.cpp:186] query 36 telemetry_query=01a07d8a2d8378d2a0640d3ddf52192d
[2026-09-07 13:23:22.755] [info] [sirius_scan_manager.cpp:2999] [sirius_scan_manager] assigned pinned entry 'lineitem' to operator '0'
[2026-09-07 13:23:22.755] [info] [sirius_scan_manager.cpp:823] [late-mat] operator 0: not deferring — the scan restricts rows and its pin is compressed, so the surviving rows are decided inside the decode
[2026-09-07 13:23:22.755] [info] [memory_prefetcher.cpp:59] [memory_prefetcher] started: 3 threads, 1 connectors, min_free_fraction=0.40
[2026-09-07 13:23:22.761] [info] [gpu_pipeline_executor.cpp:129] GPU Pipeline Executor: task queue interrupted, stopping manager loop
[2026-09-07 13:23:22.761] [info] [sirius_context.cpp:405] QueryEnd
[2026-09-07 13:23:22.761] [info] [memory_prefetcher.cpp:72] [memory_prefetcher] stopping: prefetched 0 batches / 0 bytes (stops: headroom=0 reservation=0, skips: lock=0 draining=6, errors=0)
[2026-09-07 13:23:22.761] [info] [sirius_context.cpp:256] [host_pool] HOST:0 QueryEnd instance=0xef43199604b0 connection=1 window=36 query=92 allocated=17515413504 bytes peak=17582522368 bytes free_blocks=539
[2026-09-07 13:23:22.761] [info] [sirius_context.cpp:271] [gpu_pool] GPU:0 QueryEnd instance=0xef43199604b0 connection=1 window=36 query=92 allocated=3095451136 bytes peak=44608526546 bytes reserved=0 bytes
[2026-09-07 13:23:22.761] [info] [sirius_context.cpp:521] [window] end instance=0xef43199604b0 connection=1 window=36 query=92 outcome=ok
[2026-09-07 13:23:22.761] [info] [physical_sirius_execution.cpp:327] Transparent GPU execution: query completed
[2026-09-07 13:23:22.762] [info] [sirius_context.cpp:329] QueryBegin: instance=0xef43199604b0 connection=1 query=93 SQL: CALL unpin_table('lineitem')
[2026-09-07 13:23:22.762] [info] [sirius_context.cpp:329] QueryBegin: instance=0xef43199604b0 connection=1 query=94 SQL: CALL pin_table('/datasets/tpch_sf100_sorted/supplier/*.parquet', tier='gpu', name='supplier', cols=['s_suppkey','s_nationkey'])
[2026-09-07 13:23:22.763] [info] [sirius_context.cpp:521] [window] begin instance=0xef43199604b0 connection=1 window=37 query=94 outcome=-
[2026-09-07 13:23:22.763] [info] [sirius_context.cpp:256] [host_pool] HOST:0 QueryBegin instance=0xef43199604b0 connection=1 window=37 query=94 allocated=17515413504 bytes peak=17582522368 bytes free_blocks=539
[2026-09-07 13:23:22.763] [info] [sirius_context.cpp:271] [gpu_pool] GPU:0 QueryBegin instance=0xef43199604b0 connection=1 window=37 query=94 allocated=0 bytes peak=44608526546 bytes reserved=0 bytes
[2026-09-07 13:23:22.763] [info] [sirius_context.cpp:389] QueryBegin: pin_table
[2026-09-07 13:23:22.763] [warning] [sirius_extension.cpp:1430] [pin_table] 'supplier': pin_table_compression is enabled but no plan file was found in '/home/nvidia/joost/sirius-zonemap/bench/sf1000-repro/plans'; pinning uncompressed
[2026-09-07 13:23:22.766] [info] [sirius_context.cpp:405] QueryEnd
[2026-09-07 13:23:22.766] [info] [sirius_context.cpp:256] [host_pool] HOST:0 QueryEnd instance=0xef43199604b0 connection=1 window=37 query=94 allocated=17515413504 bytes peak=17582522368 bytes free_blocks=539
[2026-09-07 13:23:22.766] [info] [sirius_context.cpp:271] [gpu_pool] GPU:0 QueryEnd instance=0xef43199604b0 connection=1 window=37 query=94 allocated=5250560 bytes peak=44608526546 bytes reserved=0 bytes
[2026-09-07 13:23:22.766] [info] [sirius_context.cpp:521] [window] end instance=0xef43199604b0 connection=1 window=37 query=94 outcome=ok
[2026-09-07 13:23:22.766] [info] [sirius_context.cpp:329] QueryBegin: instance=0xef43199604b0 connection=1 query=95 SQL: CALL pin_table('/datasets/tpch_sf100_sorted/lineitem/*.parquet', tier='gpu', name='lineitem', cols=['l_suppkey','l_orderkey','l_shipdate','l_extendedprice','l_discount'])
[2026-09-07 13:23:22.766] [info] [sirius_context.cpp:521] [window] begin instance=0xef43199604b0 connection=1 window=38 query=95 outcome=-
[2026-09-07 13:23:22.766] [info] [sirius_context.cpp:256] [host_pool] HOST:0 QueryBegin instance=0xef43199604b0 connection=1 window=38 query=95 allocated=17515413504 bytes peak=17582522368 bytes free_blocks=539
[2026-09-07 13:23:22.766] [info] [sirius_context.cpp:271] [gpu_pool] GPU:0 QueryBegin instance=0xef43199604b0 connection=1 window=38 query=95 allocated=5250560 bytes peak=44608526546 bytes reserved=0 bytes
[2026-09-07 13:23:22.766] [info] [sirius_context.cpp:389] QueryBegin: pin_table
[2026-09-07 13:23:22.766] [info] [sirius_extension.cpp:1420] [pin_table] 'lineitem' tier=gpu: compressing with plan for 5 column(s)
[2026-09-07 13:23:23.450] [info] [sirius_context.cpp:405] QueryEnd
[2026-09-07 13:23:23.450] [info] [sirius_context.cpp:256] [host_pool] HOST:0 QueryEnd instance=0xef43199604b0 connection=1 window=38 query=95 allocated=17515413504 bytes peak=17582522368 bytes free_blocks=539
[2026-09-07 13:23:23.450] [info] [sirius_context.cpp:271] [gpu_pool] GPU:0 QueryEnd instance=0xef43199604b0 connection=1 window=38 query=95 allocated=5825963520 bytes peak=44608526546 bytes reserved=0 bytes
[2026-09-07 13:23:23.450] [info] [sirius_context.cpp:521] [window] end instance=0xef43199604b0 connection=1 window=38 query=95 outcome=ok
[2026-09-07 13:23:23.450] [info] [sirius_context.cpp:329] QueryBegin: instance=0xef43199604b0 connection=1 query=96 SQL: CALL pin_table('/datasets/tpch_sf100_sorted/orders/*.parquet', tier='gpu', name='orders', cols=['o_orderkey','o_custkey'])
[2026-09-07 13:23:23.450] [info] [sirius_context.cpp:521] [window] begin instance=0xef43199604b0 connection=1 window=39 query=96 outcome=-
[2026-09-07 13:23:23.450] [info] [sirius_context.cpp:256] [host_pool] HOST:0 QueryBegin instance=0xef43199604b0 connection=1 window=39 query=96 allocated=17515413504 bytes peak=17582522368 bytes free_blocks=539
[2026-09-07 13:23:23.450] [info] [sirius_context.cpp:271] [gpu_pool] GPU:0 QueryBegin instance=0xef43199604b0 connection=1 window=39 query=96 allocated=5825963520 bytes peak=44608526546 bytes reserved=0 bytes
[2026-09-07 13:23:23.450] [info] [sirius_context.cpp:389] QueryBegin: pin_table
[2026-09-07 13:23:23.450] [info] [sirius_extension.cpp:1420] [pin_table] 'orders' tier=gpu: compressing with plan for 2 column(s)
[2026-09-07 13:23:23.603] [info] [sirius_context.cpp:405] QueryEnd
[2026-09-07 13:23:23.603] [info] [sirius_context.cpp:256] [host_pool] HOST:0 QueryEnd instance=0xef43199604b0 connection=1 window=39 query=96 allocated=17515413504 bytes peak=17582522368 bytes free_blocks=539
[2026-09-07 13:23:23.603] [info] [sirius_context.cpp:271] [gpu_pool] GPU:0 QueryEnd instance=0xef43199604b0 connection=1 window=39 query=96 allocated=7063463936 bytes peak=44608526546 bytes reserved=0 bytes
[2026-09-07 13:23:23.603] [info] [sirius_context.cpp:521] [window] end instance=0xef43199604b0 connection=1 window=39 query=96 outcome=ok
[2026-09-07 13:23:23.603] [info] [sirius_context.cpp:329] QueryBegin: instance=0xef43199604b0 connection=1 query=97 SQL: CALL pin_table('/datasets/tpch_sf100_sorted/customer/*.parquet', tier='gpu', name='customer', cols=['c_custkey','c_nationkey'])
[2026-09-07 13:23:23.603] [info] [sirius_context.cpp:521] [window] begin instance=0xef43199604b0 connection=1 window=40 query=97 outcome=-
[2026-09-07 13:23:23.603] [info] [sirius_context.cpp:256] [host_pool] HOST:0 QueryBegin instance=0xef43199604b0 connection=1 window=40 query=97 allocated=17515413504 bytes peak=17582522368 bytes free_blocks=539
[2026-09-07 13:23:23.603] [info] [sirius_context.cpp:271] [gpu_pool] GPU:0 QueryBegin instance=0xef43199604b0 connection=1 window=40 query=97 allocated=7063463936 bytes peak=44608526546 bytes reserved=0 bytes
[2026-09-07 13:23:23.603] [info] [sirius_context.cpp:389] QueryBegin: pin_table
[2026-09-07 13:23:23.603] [warning] [sirius_extension.cpp:1430] [pin_table] 'customer': pin_table_compression is enabled but no plan file was found in '/home/nvidia/joost/sirius-zonemap/bench/sf1000-repro/plans'; pinning uncompressed
[2026-09-07 13:23:23.608] [info] [sirius_extension.cpp:1478] [late-mat] pin 'customer': column 'c_custkey' proven distinct table-wide (per-chunk)
[2026-09-07 13:23:23.608] [info] [sirius_context.cpp:405] QueryEnd
[2026-09-07 13:23:23.608] [info] [sirius_context.cpp:256] [host_pool] HOST:0 QueryEnd instance=0xef43199604b0 connection=1 window=40 query=97 allocated=17515413504 bytes peak=17582522368 bytes free_blocks=539
[2026-09-07 13:23:23.608] [info] [sirius_context.cpp:271] [gpu_pool] GPU:0 QueryEnd instance=0xef43199604b0 connection=1 window=40 query=97 allocated=7142214400 bytes peak=44608526546 bytes reserved=0 bytes
[2026-09-07 13:23:23.608] [info] [sirius_context.cpp:521] [window] end instance=0xef43199604b0 connection=1 window=40 query=97 outcome=ok
[2026-09-07 13:23:23.609] [info] [sirius_context.cpp:329] QueryBegin: instance=0xef43199604b0 connection=1 query=98 SQL: CALL pin_table('/datasets/tpch_sf100_sorted/nation/*.parquet', tier='gpu', name='nation', cols=['n_nationkey','n_name'])
[2026-09-07 13:23:23.609] [info] [sirius_context.cpp:521] [window] begin instance=0xef43199604b0 connection=1 window=41 query=98 outcome=-
[2026-09-07 13:23:23.609] [info] [sirius_context.cpp:256] [host_pool] HOST:0 QueryBegin instance=0xef43199604b0 connection=1 window=41 query=98 allocated=17515413504 bytes peak=17582522368 bytes free_blocks=539
[2026-09-07 13:23:23.609] [info] [sirius_context.cpp:271] [gpu_pool] GPU:0 QueryBegin instance=0xef43199604b0 connection=1 window=41 query=98 allocated=7142214400 bytes peak=44608526546 bytes reserved=0 bytes
[2026-09-07 13:23:23.609] [info] [sirius_context.cpp:389] QueryBegin: pin_table
[2026-09-07 13:23:23.609] [warning] [sirius_extension.cpp:1430] [pin_table] 'nation': pin_table_compression is enabled but no plan file was found in '/home/nvidia/joost/sirius-zonemap/bench/sf1000-repro/plans'; pinning uncompressed
[2026-09-07 13:23:23.611] [info] [sirius_extension.cpp:1478] [late-mat] pin 'nation': column 'n_nationkey' proven distinct table-wide (per-chunk)
[2026-09-07 13:23:23.611] [info] [sirius_extension.cpp:1478] [late-mat] pin 'nation': column 'n_name' proven distinct table-wide (per-chunk)
[2026-09-07 13:23:23.611] [info] [sirius_context.cpp:405] QueryEnd
[2026-09-07 13:23:23.611] [info] [sirius_context.cpp:256] [host_pool] HOST:0 QueryEnd instance=0xef43199604b0 connection=1 window=41 query=98 allocated=17515413504 bytes peak=17582522368 bytes free_blocks=539
[2026-09-07 13:23:23.611] [info] [sirius_context.cpp:271] [gpu_pool] GPU:0 QueryEnd instance=0xef43199604b0 connection=1 window=41 query=98 allocated=7142215680 bytes peak=44608526546 bytes reserved=0 bytes
[2026-09-07 13:23:23.611] [info] [sirius_context.cpp:521] [window] end instance=0xef43199604b0 connection=1 window=41 query=98 outcome=ok
[2026-09-07 13:23:23.611] [info] [sirius_context.cpp:329] QueryBegin: instance=0xef43199604b0 connection=1 query=99 SQL: CALL sirius_set_query_label('q7_iter0')
[2026-09-07 13:23:23.612] [info] [sirius_context.cpp:329] QueryBegin: instance=0xef43199604b0 connection=1 query=100 SQL: SET gpu_execution = true;
