[2026-09-07 13:25:10.378] [info] [sirius_context.cpp:329] QueryBegin: instance=0xfb21ed9604b0 connection=1 query=7 SQL: select l_returnflag, l_linestatus, sum(l_quantity) as sum_qty, sum(l_extendedprice) as sum_base_price, sum(l_extendedprice * (1 - l_discount)) as sum_disc_price, sum(l_extendedprice * (1 - l_discount) * (1 + l_tax)) as sum_charge, avg(l_quantity) as avg_qty, avg(l_extendedprice) as avg_price, avg(l_discount) as avg_disc, count(*) as count_order from lineitem where l_shipdate <= date '1995-08-19' group by l_returnflag, l_linestatus order by l_returnflag, l_linestatus
[2026-09-07 13:25:10.383] [info] [sirius_context.cpp:1467] Transparent execution: Sirius physical plan generated successfully
[2026-09-07 13:25:10.383] [info] [sirius_context.cpp:1495] Transparent execution: physical plan replaced with GPU operator
[2026-09-07 13:25:10.383] [info] [physical_sirius_execution.cpp:157] Transparent GPU execution: executing query
[2026-09-07 13:25:10.383] [info] [sirius_context.cpp:521] [window] begin instance=0xfb21ed9604b0 connection=1 window=2 query=7 outcome=-
[2026-09-07 13:25:10.383] [info] [sirius_context.cpp:256] [host_pool] HOST:0 QueryBegin instance=0xfb21ed9604b0 connection=1 window=2 query=7 allocated=17381195776 bytes peak=17381195776 bytes free_blocks=541
[2026-09-07 13:25:10.383] [info] [sirius_context.cpp:271] [gpu_pool] GPU:0 QueryBegin instance=0xfb21ed9604b0 connection=1 window=2 query=7 allocated=3449674240 bytes peak=14597361664 bytes reserved=0 bytes
[2026-09-07 13:25:10.383] [info] [sirius_context.cpp:389] QueryBegin: transparent_execution
[2026-09-07 13:25:10.385] [info] [sirius_engine.cpp:265] [gpu_alloc] query allocated 1 GPU(s): [0]
[2026-09-07 13:25:10.385] [info] [sirius_engine.cpp:318] Query Plan:
=== Pipeline Overview ===
Pipeline #0: GPU_SCAN (id=0) -> PROJECTION (id=1) -> PROJECTION (id=2) -> HASH_GROUP_BY (id=3)
  Output: -> PARTITION [port: default, barrier: FULL]
Pipeline #1: PARTITION (id=4)
  Input: <- Pipeline #0 [on: PARTITION (id=4), port: default, barrier: FULL]
  Dependencies: Pipeline #0
  Output: -> MERGE_GROUP_BY [port: default, barrier: FULL]
Pipeline #2: MERGE_GROUP_BY (id=5) -> ORDER_BY (id=6)
  Input: <- Pipeline #1 [on: MERGE_GROUP_BY (id=5), port: default, barrier: FULL]
  Dependencies: Pipeline #1
  Output: -> SORT_SAMPLE [port: default, barrier: PIPELINE]
Pipeline #3: SORT_SAMPLE (id=7) -> SORT_PARTITION (id=8)
  Input: <- Pipeline #2 [on: SORT_SAMPLE (id=7), port: default, barrier: PIPELINE]
  Dependencies: Pipeline #2
  Output: -> MERGE_SORT [port: default, barrier: FULL]
Pipeline #4: MERGE_SORT (id=9)
  Input: <- Pipeline #3 [on: MERGE_SORT (id=9), port: default, barrier: FULL]
  Dependencies: Pipeline #3
  Output: -> RESULT_COLLECTOR [port: default, barrier: FULL]
Pipeline #5: RESULT_COLLECTOR (id=10)
  Input: <- Pipeline #4 [on: RESULT_COLLECTOR (id=10), port: default, barrier: FULL]
  Dependencies: Pipeline #4

=== Query Plan DAG ===
┌──────────────────────────┐
│ Pipeline #5              │
│ RESULT_COLLECTOR (id=10) │
│ Input(#4): FULL          │
└────────────┬─────────────┘
             │              
┌──────────────────────────┐
│ Pipeline #4              │
│ MERGE_SORT (id=9)        │
│ Input(#3): FULL          │
└────────────┬─────────────┘
             │              
┌──────────────────────────┐
│ Pipeline #3              │
│ SORT_PARTITION (id=8)    │
│ SORT_SAMPLE (id=7)       │
│ Input(#2): PIPELINE      │
└────────────┬─────────────┘
             │              
┌──────────────────────────┐
│ Pipeline #2              │
│ ORDER_BY (id=6)          │
│ MERGE_GROUP_BY (id=5)    │
│ Input(#1): FULL          │
└────────────┬─────────────┘
             │              
┌──────────────────────────┐
│ Pipeline #1              │
│ PARTITION (id=4)         │
│ Input(#0): FULL          │
└────────────┬─────────────┘
             │              
┌──────────────────────────┐
│ Pipeline #0              │
│ HASH_GROUP_BY (id=3)     │
│ PROJECTION (id=2)        │
│ PROJECTION (id=1)        │
│ GPU_SCAN (id=0)          │
└──────────────────────────┘

[2026-09-07 13:25:10.385] [info] [sirius_engine.cpp:186] query 2 telemetry_query=01a07d8bd1f17f72b3048541a1aac3ad
[2026-09-07 13:25:10.385] [info] [sirius_scan_manager.cpp:2999] [sirius_scan_manager] assigned pinned entry 'lineitem' to operator '0'
[2026-09-07 13:25:10.385] [info] [sirius_scan_manager.cpp:823] [late-mat] operator 0: not deferring — the scan restricts rows and its pin is compressed, so the surviving rows are decided inside the decode
[2026-09-07 13:25:10.385] [info] [memory_prefetcher.cpp:59] [memory_prefetcher] started: 3 threads, 1 connectors, min_free_fraction=0.40
[2026-09-07 13:25:10.395] [warning] [gpu_pipeline_task.cpp:77] gpu_pipeline_task: operator 'HASH_GROUP_BY' (id=3) output batch 0 column count mismatch: got 13, expected 10
[2026-09-07 13:25:10.504] [warning] [gpu_pipeline_task.cpp:77] gpu_pipeline_task: operator 'HASH_GROUP_BY' (id=3) output batch 0 column count mismatch: got 13, expected 10
[2026-09-07 13:25:10.505] [warning] [gpu_pipeline_task.cpp:77] gpu_pipeline_task: operator 'HASH_GROUP_BY' (id=3) output batch 0 column count mismatch: got 13, expected 10
[2026-09-07 13:25:10.505] [warning] [gpu_pipeline_task.cpp:77] gpu_pipeline_task: operator 'HASH_GROUP_BY' (id=3) output batch 0 column count mismatch: got 13, expected 10
[2026-09-07 13:25:10.505] [warning] [gpu_pipeline_task.cpp:77] gpu_pipeline_task: operator 'PARTITION' (id=4) output batch 0 column count mismatch: got 13, expected 10
[2026-09-07 13:25:10.505] [warning] [gpu_pipeline_task.cpp:77] gpu_pipeline_task: operator 'PARTITION' (id=4) output batch 0 column count mismatch: got 13, expected 10
[2026-09-07 13:25:10.505] [warning] [gpu_pipeline_task.cpp:77] gpu_pipeline_task: operator 'PARTITION' (id=4) output batch 0 column count mismatch: got 13, expected 10
[2026-09-07 13:25:10.505] [warning] [gpu_pipeline_task.cpp:77] gpu_pipeline_task: operator 'PARTITION' (id=4) output batch 0 column count mismatch: got 13, expected 10
[2026-09-07 13:25:10.520] [info] [gpu_pipeline_executor.cpp:129] GPU Pipeline Executor: task queue interrupted, stopping manager loop
[2026-09-07 13:25:10.520] [info] [sirius_context.cpp:405] QueryEnd
[2026-09-07 13:25:10.521] [info] [memory_prefetcher.cpp:72] [memory_prefetcher] stopping: prefetched 0 batches / 0 bytes (stops: headroom=0 reservation=0, skips: lock=0 draining=3, errors=0)
[2026-09-07 13:25:10.521] [info] [sirius_context.cpp:256] [host_pool] HOST:0 QueryEnd instance=0xfb21ed9604b0 connection=1 window=2 query=7 allocated=17381195776 bytes peak=17448304640 bytes free_blocks=541
[2026-09-07 13:25:10.521] [info] [sirius_context.cpp:271] [gpu_pool] GPU:0 QueryEnd instance=0xfb21ed9604b0 connection=1 window=2 query=7 allocated=3449674240 bytes peak=44608526546 bytes reserved=0 bytes
[2026-09-07 13:25:10.521] [info] [sirius_context.cpp:521] [window] end instance=0xfb21ed9604b0 connection=1 window=2 query=7 outcome=ok
[2026-09-07 13:25:10.521] [info] [physical_sirius_execution.cpp:327] Transparent GPU execution: query completed
[2026-09-07 13:25:10.522] [info] [sirius_context.cpp:329] QueryBegin: instance=0xfb21ed9604b0 connection=1 query=8 SQL: CALL sirius_set_query_label('q1_iter1')
[2026-09-07 13:25:10.522] [info] [sirius_context.cpp:329] QueryBegin: instance=0xfb21ed9604b0 connection=1 query=9 SQL: SET gpu_execution = true;
[2026-09-07 13:25:10.523] [info] [sirius_context.cpp:329] QueryBegin: instance=0xfb21ed9604b0 connection=1 query=10 SQL: select l_returnflag, l_linestatus, sum(l_quantity) as sum_qty, sum(l_extendedprice) as sum_base_price, sum(l_extendedprice * (1 - l_discount)) as sum_disc_price, sum(l_extendedprice * (1 - l_discount) * (1 + l_tax)) as sum_charge, avg(l_quantity) as avg_qty, avg(l_extendedprice) as avg_price, avg(l_discount) as avg_disc, count(*) as count_order from lineitem where l_shipdate <= date '1995-08-19' group by l_returnflag, l_linestatus order by l_returnflag, l_linestatus
[2026-09-07 13:25:10.527] [info] [sirius_context.cpp:1467] Transparent execution: Sirius physical plan generated successfully
[2026-09-07 13:25:10.527] [info] [sirius_context.cpp:1495] Transparent execution: physical plan replaced with GPU operator
[2026-09-07 13:25:10.527] [info] [physical_sirius_execution.cpp:157] Transparent GPU execution: executing query
[2026-09-07 13:25:10.527] [info] [sirius_context.cpp:521] [window] begin instance=0xfb21ed9604b0 connection=1 window=3 query=10 outcome=-
[2026-09-07 13:25:10.527] [info] [sirius_context.cpp:256] [host_pool] HOST:0 QueryBegin instance=0xfb21ed9604b0 connection=1 window=3 query=10 allocated=17381195776 bytes peak=17448304640 bytes free_blocks=541
[2026-09-07 13:25:10.527] [info] [sirius_context.cpp:271] [gpu_pool] GPU:0 QueryBegin instance=0xfb21ed9604b0 connection=1 window=3 query=10 allocated=3449674240 bytes peak=44608526546 bytes reserved=0 bytes
[2026-09-07 13:25:10.527] [info] [sirius_context.cpp:389] QueryBegin: transparent_execution
[2026-09-07 13:25:10.529] [info] [sirius_engine.cpp:265] [gpu_alloc] query allocated 1 GPU(s): [0]
[2026-09-07 13:25:10.529] [info] [sirius_engine.cpp:318] Query Plan:
=== Pipeline Overview ===
Pipeline #0: GPU_SCAN (id=0) -> PROJECTION (id=1) -> PROJECTION (id=2) -> HASH_GROUP_BY (id=3)
  Output: -> PARTITION [port: default, barrier: FULL]
Pipeline #1: PARTITION (id=4)
  Input: <- Pipeline #0 [on: PARTITION (id=4), port: default, barrier: FULL]
  Dependencies: Pipeline #0
  Output: -> MERGE_GROUP_BY [port: default, barrier: FULL]
Pipeline #2: MERGE_GROUP_BY (id=5) -> ORDER_BY (id=6)
  Input: <- Pipeline #1 [on: MERGE_GROUP_BY (id=5), port: default, barrier: FULL]
  Dependencies: Pipeline #1
  Output: -> SORT_SAMPLE [port: default, barrier: PIPELINE]
Pipeline #3: SORT_SAMPLE (id=7) -> SORT_PARTITION (id=8)
  Input: <- Pipeline #2 [on: SORT_SAMPLE (id=7), port: default, barrier: PIPELINE]
  Dependencies: Pipeline #2
  Output: -> MERGE_SORT [port: default, barrier: FULL]
Pipeline #4: MERGE_SORT (id=9)
  Input: <- Pipeline #3 [on: MERGE_SORT (id=9), port: default, barrier: FULL]
  Dependencies: Pipeline #3
  Output: -> RESULT_COLLECTOR [port: default, barrier: FULL]
Pipeline #5: RESULT_COLLECTOR (id=10)
  Input: <- Pipeline #4 [on: RESULT_COLLECTOR (id=10), port: default, barrier: FULL]
  Dependencies: Pipeline #4

=== Query Plan DAG ===
┌──────────────────────────┐
│ Pipeline #5              │
│ RESULT_COLLECTOR (id=10) │
│ Input(#4): FULL          │
└────────────┬─────────────┘
             │              
┌──────────────────────────┐
│ Pipeline #4              │
│ MERGE_SORT (id=9)        │
│ Input(#3): FULL          │
└────────────┬─────────────┘
             │              
┌──────────────────────────┐
│ Pipeline #3              │
│ SORT_PARTITION (id=8)    │
│ SORT_SAMPLE (id=7)       │
│ Input(#2): PIPELINE      │
└────────────┬─────────────┘
             │              
┌──────────────────────────┐
│ Pipeline #2              │
│ ORDER_BY (id=6)          │
│ MERGE_GROUP_BY (id=5)    │
│ Input(#1): FULL          │
└────────────┬─────────────┘
             │              
┌──────────────────────────┐
│ Pipeline #1              │
│ PARTITION (id=4)         │
│ Input(#0): FULL          │
└────────────┬─────────────┘
             │              
┌──────────────────────────┐
│ Pipeline #0              │
│ HASH_GROUP_BY (id=3)     │
│ PROJECTION (id=2)        │
│ PROJECTION (id=1)        │
│ GPU_SCAN (id=0)          │
└──────────────────────────┘

[2026-09-07 13:25:10.529] [info] [sirius_engine.cpp:186] query 3 telemetry_query=01a07d8bd2817333b73e75966d4ddcd3
[2026-09-07 13:25:10.529] [info] [sirius_scan_manager.cpp:2999] [sirius_scan_manager] assigned pinned entry 'lineitem' to operator '0'
[2026-09-07 13:25:10.529] [info] [sirius_scan_manager.cpp:823] [late-mat] operator 0: not deferring — the scan restricts rows and its pin is compressed, so the surviving rows are decided inside the decode
[2026-09-07 13:25:10.529] [info] [memory_prefetcher.cpp:59] [memory_prefetcher] started: 3 threads, 1 connectors, min_free_fraction=0.40
[2026-09-07 13:25:10.533] [warning] [gpu_pipeline_task.cpp:77] gpu_pipeline_task: operator 'HASH_GROUP_BY' (id=3) output batch 0 column count mismatch: got 13, expected 10
[2026-09-07 13:25:10.565] [warning] [gpu_pipeline_task.cpp:77] gpu_pipeline_task: operator 'HASH_GROUP_BY' (id=3) output batch 0 column count mismatch: got 13, expected 10
[2026-09-07 13:25:10.609] [warning] [gpu_pipeline_task.cpp:77] gpu_pipeline_task: operator 'HASH_GROUP_BY' (id=3) output batch 0 column count mismatch: got 13, expected 10
[2026-09-07 13:25:10.615] [warning] [gpu_pipeline_task.cpp:77] gpu_pipeline_task: operator 'HASH_GROUP_BY' (id=3) output batch 0 column count mismatch: got 13, expected 10
[2026-09-07 13:25:10.615] [warning] [gpu_pipeline_task.cpp:77] gpu_pipeline_task: operator 'PARTITION' (id=4) output batch 0 column count mismatch: got 13, expected 10
[2026-09-07 13:25:10.615] [warning] [gpu_pipeline_task.cpp:77] gpu_pipeline_task: operator 'PARTITION' (id=4) output batch 0 column count mismatch: got 13, expected 10
[2026-09-07 13:25:10.615] [warning] [gpu_pipeline_task.cpp:77] gpu_pipeline_task: operator 'PARTITION' (id=4) output batch 0 column count mismatch: got 13, expected 10
[2026-09-07 13:25:10.615] [warning] [gpu_pipeline_task.cpp:77] gpu_pipeline_task: operator 'PARTITION' (id=4) output batch 0 column count mismatch: got 13, expected 10
[2026-09-07 13:25:10.617] [info] [gpu_pipeline_executor.cpp:129] GPU Pipeline Executor: task queue interrupted, stopping manager loop
[2026-09-07 13:25:10.618] [info] [sirius_context.cpp:405] QueryEnd
[2026-09-07 13:25:10.618] [info] [memory_prefetcher.cpp:72] [memory_prefetcher] stopping: prefetched 0 batches / 0 bytes (stops: headroom=0 reservation=0, skips: lock=0 draining=3, errors=0)
[2026-09-07 13:25:10.618] [info] [sirius_context.cpp:256] [host_pool] HOST:0 QueryEnd instance=0xfb21ed9604b0 connection=1 window=3 query=10 allocated=17381195776 bytes peak=17448304640 bytes free_blocks=541
[2026-09-07 13:25:10.618] [info] [sirius_context.cpp:271] [gpu_pool] GPU:0 QueryEnd instance=0xfb21ed9604b0 connection=1 window=3 query=10 allocated=3449674240 bytes peak=44608526546 bytes reserved=0 bytes
[2026-09-07 13:25:10.618] [info] [sirius_context.cpp:521] [window] end instance=0xfb21ed9604b0 connection=1 window=3 query=10 outcome=ok
[2026-09-07 13:25:10.618] [info] [physical_sirius_execution.cpp:327] Transparent GPU execution: query completed
[2026-09-07 13:25:10.634] [info] [sirius_context.cpp:329] QueryBegin: instance=0xfb21ed9604b0 connection=1 query=11 SQL: CALL sirius_set_query_label('q1_iter2')
[2026-09-07 13:25:10.635] [info] [sirius_context.cpp:329] QueryBegin: instance=0xfb21ed9604b0 connection=1 query=12 SQL: SET gpu_execution = true;
[2026-09-07 13:25:10.635] [info] [sirius_context.cpp:329] QueryBegin: instance=0xfb21ed9604b0 connection=1 query=13 SQL: select l_returnflag, l_linestatus, sum(l_quantity) as sum_qty, sum(l_extendedprice) as sum_base_price, sum(l_extendedprice * (1 - l_discount)) as sum_disc_price, sum(l_extendedprice * (1 - l_discount) * (1 + l_tax)) as sum_charge, avg(l_quantity) as avg_qty, avg(l_extendedprice) as avg_price, avg(l_discount) as avg_disc, count(*) as count_order from lineitem where l_shipdate <= date '1995-08-19' group by l_returnflag, l_linestatus order by l_returnflag, l_linestatus
[2026-09-07 13:25:10.640] [info] [sirius_context.cpp:1467] Transparent execution: Sirius physical plan generated successfully
[2026-09-07 13:25:10.640] [info] [sirius_context.cpp:1495] Transparent execution: physical plan replaced with GPU operator
[2026-09-07 13:25:10.640] [info] [physical_sirius_execution.cpp:157] Transparent GPU execution: executing query
[2026-09-07 13:25:10.640] [info] [sirius_context.cpp:521] [window] begin instance=0xfb21ed9604b0 connection=1 window=4 query=13 outcome=-
[2026-09-07 13:25:10.640] [info] [sirius_context.cpp:256] [host_pool] HOST:0 QueryBegin instance=0xfb21ed9604b0 connection=1 window=4 query=13 allocated=17381195776 bytes peak=17448304640 bytes free_blocks=541
[2026-09-07 13:25:10.640] [info] [sirius_context.cpp:271] [gpu_pool] GPU:0 QueryBegin instance=0xfb21ed9604b0 connection=1 window=4 query=13 allocated=3449674240 bytes peak=44608526546 bytes reserved=0 bytes
[2026-09-07 13:25:10.640] [info] [sirius_context.cpp:389] QueryBegin: transparent_execution
[2026-09-07 13:25:10.642] [info] [sirius_engine.cpp:265] [gpu_alloc] query allocated 1 GPU(s): [0]
[2026-09-07 13:25:10.642] [info] [sirius_engine.cpp:318] Query Plan:
=== Pipeline Overview ===
Pipeline #0: GPU_SCAN (id=0) -> PROJECTION (id=1) -> PROJECTION (id=2) -> HASH_GROUP_BY (id=3)
  Output: -> PARTITION [port: default, barrier: FULL]
Pipeline #1: PARTITION (id=4)
  Input: <- Pipeline #0 [on: PARTITION (id=4), port: default, barrier: FULL]
  Dependencies: Pipeline #0
  Output: -> MERGE_GROUP_BY [port: default, barrier: FULL]
Pipeline #2: MERGE_GROUP_BY (id=5) -> ORDER_BY (id=6)
  Input: <- Pipeline #1 [on: MERGE_GROUP_BY (id=5), port: default, barrier: FULL]
  Dependencies: Pipeline #1
  Output: -> SORT_SAMPLE [port: default, barrier: PIPELINE]
Pipeline #3: SORT_SAMPLE (id=7) -> SORT_PARTITION (id=8)
  Input: <- Pipeline #2 [on: SORT_SAMPLE (id=7), port: default, barrier: PIPELINE]
  Dependencies: Pipeline #2
  Output: -> MERGE_SORT [port: default, barrier: FULL]
Pipeline #4: MERGE_SORT (id=9)
  Input: <- Pipeline #3 [on: MERGE_SORT (id=9), port: default, barrier: FULL]
  Dependencies: Pipeline #3
  Output: -> RESULT_COLLECTOR [port: default, barrier: FULL]
Pipeline #5: RESULT_COLLECTOR (id=10)
  Input: <- Pipeline #4 [on: RESULT_COLLECTOR (id=10), port: default, barrier: FULL]
  Dependencies: Pipeline #4

=== Query Plan DAG ===
┌──────────────────────────┐
│ Pipeline #5              │
│ RESULT_COLLECTOR (id=10) │
│ Input(#4): FULL          │
└────────────┬─────────────┘
             │              
┌──────────────────────────┐
│ Pipeline #4              │
│ MERGE_SORT (id=9)        │
│ Input(#3): FULL          │
└────────────┬─────────────┘
             │              
┌──────────────────────────┐
│ Pipeline #3              │
│ SORT_PARTITION (id=8)    │
│ SORT_SAMPLE (id=7)       │
│ Input(#2): PIPELINE      │
└────────────┬─────────────┘
             │              
┌──────────────────────────┐
│ Pipeline #2              │
│ ORDER_BY (id=6)          │
│ MERGE_GROUP_BY (id=5)    │
│ Input(#1): FULL          │
└────────────┬─────────────┘
             │              
┌──────────────────────────┐
│ Pipeline #1              │
│ PARTITION (id=4)         │
│ Input(#0): FULL          │
└────────────┬─────────────┘
             │              
┌──────────────────────────┐
│ Pipeline #0              │
│ HASH_GROUP_BY (id=3)     │
│ PROJECTION (id=2)        │
│ PROJECTION (id=1)        │
│ GPU_SCAN (id=0)          │
└──────────────────────────┘

[2026-09-07 13:25:10.642] [info] [sirius_engine.cpp:186] query 4 telemetry_query=01a07d8bd2f27340937ddb1b35630280
[2026-09-07 13:25:10.642] [info] [sirius_scan_manager.cpp:2999] [sirius_scan_manager] assigned pinned entry 'lineitem' to operator '0'
[2026-09-07 13:25:10.642] [info] [sirius_scan_manager.cpp:823] [late-mat] operator 0: not deferring — the scan restricts rows and its pin is compressed, so the surviving rows are decided inside the decode
[2026-09-07 13:25:10.642] [info] [memory_prefetcher.cpp:59] [memory_prefetcher] started: 3 threads, 1 connectors, min_free_fraction=0.40
[2026-09-07 13:25:10.645] [warning] [gpu_pipeline_task.cpp:77] gpu_pipeline_task: operator 'HASH_GROUP_BY' (id=3) output batch 0 column count mismatch: got 13, expected 10
[2026-09-07 13:25:10.686] [warning] [gpu_pipeline_task.cpp:77] gpu_pipeline_task: operator 'HASH_GROUP_BY' (id=3) output batch 0 column count mismatch: got 13, expected 10
[2026-09-07 13:25:10.715] [warning] [gpu_pipeline_task.cpp:77] gpu_pipeline_task: operator 'HASH_GROUP_BY' (id=3) output batch 0 column count mismatch: got 13, expected 10
[2026-09-07 13:25:10.721] [warning] [gpu_pipeline_task.cpp:77] gpu_pipeline_task: operator 'HASH_GROUP_BY' (id=3) output batch 0 column count mismatch: got 13, expected 10
[2026-09-07 13:25:10.721] [warning] [gpu_pipeline_task.cpp:77] gpu_pipeline_task: operator 'PARTITION' (id=4) output batch 0 column count mismatch: got 13, expected 10
[2026-09-07 13:25:10.721] [warning] [gpu_pipeline_task.cpp:77] gpu_pipeline_task: operator 'PARTITION' (id=4) output batch 0 column count mismatch: got 13, expected 10
[2026-09-07 13:25:10.721] [warning] [gpu_pipeline_task.cpp:77] gpu_pipeline_task: operator 'PARTITION' (id=4) output batch 0 column count mismatch: got 13, expected 10
[2026-09-07 13:25:10.721] [warning] [gpu_pipeline_task.cpp:77] gpu_pipeline_task: operator 'PARTITION' (id=4) output batch 0 column count mismatch: got 13, expected 10
[2026-09-07 13:25:10.723] [info] [gpu_pipeline_executor.cpp:129] GPU Pipeline Executor: task queue interrupted, stopping manager loop
[2026-09-07 13:25:10.724] [info] [sirius_context.cpp:405] QueryEnd
[2026-09-07 13:25:10.724] [info] [memory_prefetcher.cpp:72] [memory_prefetcher] stopping: prefetched 0 batches / 0 bytes (stops: headroom=0 reservation=0, skips: lock=0 draining=3, errors=0)
[2026-09-07 13:25:10.724] [info] [sirius_context.cpp:256] [host_pool] HOST:0 QueryEnd instance=0xfb21ed9604b0 connection=1 window=4 query=13 allocated=17381195776 bytes peak=17448304640 bytes free_blocks=541
[2026-09-07 13:25:10.724] [info] [sirius_context.cpp:271] [gpu_pool] GPU:0 QueryEnd instance=0xfb21ed9604b0 connection=1 window=4 query=13 allocated=3449674240 bytes peak=44608526546 bytes reserved=0 bytes
[2026-09-07 13:25:10.724] [info] [sirius_context.cpp:521] [window] end instance=0xfb21ed9604b0 connection=1 window=4 query=13 outcome=ok
[2026-09-07 13:25:10.724] [info] [physical_sirius_execution.cpp:327] Transparent GPU execution: query completed
[2026-09-07 13:25:10.725] [info] [sirius_context.cpp:329] QueryBegin: instance=0xfb21ed9604b0 connection=1 query=14 SQL: CALL unpin_table('lineitem')
[2026-09-07 13:25:10.726] [info] [sirius_context.cpp:329] QueryBegin: instance=0xfb21ed9604b0 connection=1 query=15 SQL: CALL pin_table('/datasets/tpch_sf100_sorted/part/*.parquet', tier='gpu', name='part', cols=['p_partkey','p_mfgr','p_size','p_type'])
[2026-09-07 13:25:10.726] [info] [sirius_context.cpp:521] [window] begin instance=0xfb21ed9604b0 connection=1 window=5 query=15 outcome=-
[2026-09-07 13:25:10.726] [info] [sirius_context.cpp:256] [host_pool] HOST:0 QueryBegin instance=0xfb21ed9604b0 connection=1 window=5 query=15 allocated=17381195776 bytes peak=17448304640 bytes free_blocks=541
[2026-09-07 13:25:10.726] [info] [sirius_context.cpp:271] [gpu_pool] GPU:0 QueryBegin instance=0xfb21ed9604b0 connection=1 window=5 query=15 allocated=0 bytes peak=44608526546 bytes reserved=0 bytes
[2026-09-07 13:25:10.726] [info] [sirius_context.cpp:389] QueryBegin: pin_table
[2026-09-07 13:25:10.726] [warning] [sirius_extension.cpp:1430] [pin_table] 'part': pin_table_compression is enabled but no plan file was found in '/home/nvidia/joost/sirius-zonemap/bench/sf1000-repro/plans'; pinning uncompressed
[2026-09-07 13:25:10.736] [info] [sirius_context.cpp:405] QueryEnd
[2026-09-07 13:25:10.736] [info] [sirius_context.cpp:256] [host_pool] HOST:0 QueryEnd instance=0xfb21ed9604b0 connection=1 window=5 query=15 allocated=17381195776 bytes peak=17448304640 bytes free_blocks=541
[2026-09-07 13:25:10.736] [info] [sirius_context.cpp:271] [gpu_pool] GPU:0 QueryEnd instance=0xfb21ed9604b0 connection=1 window=5 query=15 allocated=962000128 bytes peak=44608526546 bytes reserved=0 bytes
[2026-09-07 13:25:10.736] [info] [sirius_context.cpp:521] [window] end instance=0xfb21ed9604b0 connection=1 window=5 query=15 outcome=ok
[2026-09-07 13:25:10.736] [info] [sirius_context.cpp:329] QueryBegin: instance=0xfb21ed9604b0 connection=1 query=16 SQL: CALL pin_table('/datasets/tpch_sf100_sorted/supplier/*.parquet', tier='gpu', name='supplier', cols=['s_suppkey','s_acctbal','s_name','s_address','s_phone','s_comment','s_nationkey'])
[2026-09-07 13:25:10.736] [info] [sirius_context.cpp:521] [window] begin instance=0xfb21ed9604b0 connection=1 window=6 query=16 outcome=-
[2026-09-07 13:25:10.736] [info] [sirius_context.cpp:256] [host_pool] HOST:0 QueryBegin instance=0xfb21ed9604b0 connection=1 window=6 query=16 allocated=17381195776 bytes peak=17448304640 bytes free_blocks=541
[2026-09-07 13:25:10.736] [info] [sirius_context.cpp:271] [gpu_pool] GPU:0 QueryBegin instance=0xfb21ed9604b0 connection=1 window=6 query=16 allocated=962000128 bytes peak=44608526546 bytes reserved=0 bytes
[2026-09-07 13:25:10.736] [info] [sirius_context.cpp:389] QueryBegin: pin_table
[2026-09-07 13:25:10.737] [warning] [sirius_extension.cpp:1430] [pin_table] 'supplier': pin_table_compression is enabled but no plan file was found in '/home/nvidia/joost/sirius-zonemap/bench/sf1000-repro/plans'; pinning uncompressed
[2026-09-07 13:25:10.750] [info] [sirius_context.cpp:405] QueryEnd
[2026-09-07 13:25:10.750] [info] [sirius_context.cpp:256] [host_pool] HOST:0 QueryEnd instance=0xfb21ed9604b0 connection=1 window=6 query=16 allocated=17448304640 bytes peak=17448304640 bytes free_blocks=540
[2026-09-07 13:25:10.750] [info] [sirius_context.cpp:271] [gpu_pool] GPU:0 QueryEnd instance=0xfb21ed9604b0 connection=1 window=6 query=16 allocated=1108370944 bytes peak=44608526546 bytes reserved=0 bytes
[2026-09-07 13:25:10.750] [info] [sirius_context.cpp:521] [window] end instance=0xfb21ed9604b0 connection=1 window=6 query=16 outcome=ok
[2026-09-07 13:25:10.750] [info] [sirius_context.cpp:329] QueryBegin: instance=0xfb21ed9604b0 connection=1 query=17 SQL: CALL pin_table('/datasets/tpch_sf100_sorted/partsupp/*.parquet', tier='gpu', name='partsupp', cols=['ps_partkey','ps_suppkey','ps_supplycost'])
[2026-09-07 13:25:10.751] [info] [sirius_context.cpp:521] [window] begin instance=0xfb21ed9604b0 connection=1 window=7 query=17 outcome=-
[2026-09-07 13:25:10.751] [info] [sirius_context.cpp:256] [host_pool] HOST:0 QueryBegin instance=0xfb21ed9604b0 connection=1 window=7 query=17 allocated=17448304640 bytes peak=17448304640 bytes free_blocks=540
[2026-09-07 13:25:10.751] [info] [sirius_context.cpp:271] [gpu_pool] GPU:0 QueryBegin instance=0xfb21ed9604b0 connection=1 window=7 query=17 allocated=1108370944 bytes peak=44608526546 bytes reserved=0 bytes
[2026-09-07 13:25:10.751] [info] [sirius_context.cpp:389] QueryBegin: pin_table
[2026-09-07 13:25:10.751] [warning] [sirius_extension.cpp:1430] [pin_table] 'partsupp': pin_table_compression is enabled but no plan file was found in '/home/nvidia/joost/sirius-zonemap/bench/sf1000-repro/plans'; pinning uncompressed
[2026-09-07 13:25:10.783] [info] [sirius_context.cpp:405] QueryEnd
[2026-09-07 13:25:10.783] [info] [sirius_context.cpp:256] [host_pool] HOST:0 QueryEnd instance=0xfb21ed9604b0 connection=1 window=7 query=17 allocated=17515413504 bytes peak=17515413504 bytes free_blocks=539
[2026-09-07 13:25:10.783] [info] [sirius_context.cpp:271] [gpu_pool] GPU:0 QueryEnd instance=0xfb21ed9604b0 connection=1 window=7 query=17 allocated=2098371328 bytes peak=44608526546 bytes reserved=0 bytes
[2026-09-07 13:25:10.783] [info] [sirius_context.cpp:521] [window] end instance=0xfb21ed9604b0 connection=1 window=7 query=17 outcome=ok
[2026-09-07 13:25:10.784] [info] [sirius_context.cpp:329] QueryBegin: instance=0xfb21ed9604b0 connection=1 query=18 SQL: CALL pin_table('/datasets/tpch_sf100_sorted/nation/*.parquet', tier='gpu', name='nation', cols=['n_nationkey','n_name','n_regionkey'])
[2026-09-07 13:25:10.784] [info] [sirius_context.cpp:521] [window] begin instance=0xfb21ed9604b0 connection=1 window=8 query=18 outcome=-
[2026-09-07 13:25:10.784] [info] [sirius_context.cpp:256] [host_pool] HOST:0 QueryBegin instance=0xfb21ed9604b0 connection=1 window=8 query=18 allocated=17515413504 bytes peak=17515413504 bytes free_blocks=539
[2026-09-07 13:25:10.784] [info] [sirius_context.cpp:271] [gpu_pool] GPU:0 QueryBegin instance=0xfb21ed9604b0 connection=1 window=8 query=18 allocated=2098371328 bytes peak=44608526546 bytes reserved=0 bytes
[2026-09-07 13:25:10.784] [info] [sirius_context.cpp:389] QueryBegin: pin_table
[2026-09-07 13:25:10.784] [warning] [sirius_extension.cpp:1430] [pin_table] 'nation': pin_table_compression is enabled but no plan file was found in '/home/nvidia/joost/sirius-zonemap/bench/sf1000-repro/plans'; pinning uncompressed
[2026-09-07 13:25:10.821] [info] [sirius_extension.cpp:1478] [late-mat] pin 'nation': column 'n_nationkey' proven distinct table-wide (per-chunk)
[2026-09-07 13:25:10.821] [info] [sirius_extension.cpp:1478] [late-mat] pin 'nation': column 'n_name' proven distinct table-wide (per-chunk)
[2026-09-07 13:25:10.821] [info] [sirius_context.cpp:405] QueryEnd
[2026-09-07 13:25:10.821] [info] [sirius_context.cpp:256] [host_pool] HOST:0 QueryEnd instance=0xfb21ed9604b0 connection=1 window=8 query=18 allocated=17515413504 bytes peak=17515413504 bytes free_blocks=539
[2026-09-07 13:25:10.821] [info] [sirius_context.cpp:271] [gpu_pool] GPU:0 QueryEnd instance=0xfb21ed9604b0 connection=1 window=8 query=18 allocated=2098373120 bytes peak=44608526546 bytes reserved=0 bytes
[2026-09-07 13:25:10.821] [info] [sirius_context.cpp:521] [window] end instance=0xfb21ed9604b0 connection=1 window=8 query=18 outcome=ok
[2026-09-07 13:25:10.822] [info] [sirius_context.cpp:329] QueryBegin: instance=0xfb21ed9604b0 connection=1 query=19 SQL: CALL pin_table('/datasets/tpch_sf100_sorted/region/*.parquet', tier='gpu', name='region', cols=['r_regionkey','r_name'])
[2026-09-07 13:25:10.822] [info] [sirius_context.cpp:521] [window] begin instance=0xfb21ed9604b0 connection=1 window=9 query=19 outcome=-
[2026-09-07 13:25:10.822] [info] [sirius_context.cpp:256] [host_pool] HOST:0 QueryBegin instance=0xfb21ed9604b0 connection=1 window=9 query=19 allocated=17515413504 bytes peak=17515413504 bytes free_blocks=539
[2026-09-07 13:25:10.822] [info] [sirius_context.cpp:271] [gpu_pool] GPU:0 QueryBegin instance=0xfb21ed9604b0 connection=1 window=9 query=19 allocated=2098373120 bytes peak=44608526546 bytes reserved=0 bytes
[2026-09-07 13:25:10.822] [info] [sirius_context.cpp:389] QueryBegin: pin_table
[2026-09-07 13:25:10.822] [warning] [sirius_extension.cpp:1430] [pin_table] 'region': pin_table_compression is enabled but no plan file was found in '/home/nvidia/joost/sirius-zonemap/bench/sf1000-repro/plans'; pinning uncompressed
[2026-09-07 13:25:10.824] [info] [sirius_context.cpp:405] QueryEnd
[2026-09-07 13:25:10.824] [info] [sirius_context.cpp:256] [host_pool] HOST:0 QueryEnd instance=0xfb21ed9604b0 connection=1 window=9 query=19 allocated=17515413504 bytes peak=17515413504 bytes free_blocks=539
[2026-09-07 13:25:10.824] [info] [sirius_context.cpp:271] [gpu_pool] GPU:0 QueryEnd instance=0xfb21ed9604b0 connection=1 window=9 query=19 allocated=2098374400 bytes peak=44608526546 bytes reserved=0 bytes
[2026-09-07 13:25:10.824] [info] [sirius_context.cpp:521] [window] end instance=0xfb21ed9604b0 connection=1 window=9 query=19 outcome=ok
[2026-09-07 13:25:10.824] [info] [sirius_context.cpp:329] QueryBegin: instance=0xfb21ed9604b0 connection=1 query=20 SQL: CALL sirius_set_query_label('q2_iter0')
[2026-09-07 13:25:10.824] [info] [sirius_context.cpp:329] QueryBegin: instance=0xfb21ed9604b0 connection=1 query=21 SQL: SET gpu_execution = true;
