[2026-09-08 05:17:08.811] [info] [sirius_context.cpp:329] QueryBegin: instance=0xee8161960380 connection=1 query=246 SQL: select p.p_brand, p.p_type, p.p_size, count(distinct ps.ps_suppkey) as supplier_cnt from partsupp ps, part p where p.p_partkey = ps.ps_partkey and p.p_brand <> 'Brand#21' and p.p_type not like 'MEDIUM PLATED%' and p.p_size in (38, 2, 8, 31, 44, 5, 14, 24) and ps.ps_suppkey not in ( select s.s_suppkey from supplier s where s.s_comment like '%Customer%Complaints%' ) group by p.p_brand, p.p_type, p.p_size order by supplier_cnt desc, p.p_brand, p.p_type, p.p_size
[2026-09-08 05:17:08.818] [info] [sirius_plan_comparison_join.cpp:646] [sirius_plan_comparison_join] Wired hash join with 1 dynamic-filter probe target(s) (1 scan-bound, 0 join-edge; evidence=filtered; build est 199999968 rows).
[2026-09-08 05:17:08.819] [info] [sirius_context.cpp:1467] Transparent execution: Sirius physical plan generated successfully
[2026-09-08 05:17:08.819] [info] [sirius_context.cpp:1495] Transparent execution: physical plan replaced with GPU operator
[2026-09-08 05:17:08.819] [info] [physical_sirius_execution.cpp:157] Transparent GPU execution: executing query
[2026-09-08 05:17:08.819] [info] [sirius_context.cpp:521] [window] begin instance=0xee8161960380 connection=1 window=100 query=246 outcome=-
[2026-09-08 05:17:08.819] [info] [sirius_context.cpp:256] [host_pool] HOST:0 QueryBegin instance=0xee8161960380 connection=1 window=100 query=246 allocated=34091302912 bytes peak=183676960768 bytes free_blocks=2628
[2026-09-08 05:17:08.819] [info] [sirius_context.cpp:271] [gpu_pool] GPU:0 QueryBegin instance=0xee8161960380 connection=1 window=100 query=246 allocated=0 bytes peak=254818874163 bytes reserved=0 bytes
[2026-09-08 05:17:08.819] [info] [sirius_context.cpp:389] QueryBegin: transparent_execution
[2026-09-08 05:17:08.821] [info] [sirius_plan_comparison_join.cpp:646] [sirius_plan_comparison_join] Wired hash join with 1 dynamic-filter probe target(s) (1 scan-bound, 0 join-edge; evidence=filtered; build est 199999968 rows).
[2026-09-08 05:17:08.821] [info] [sirius_engine.cpp:265] [gpu_alloc] query allocated 1 GPU(s): [0]
[2026-09-08 05:17:08.822] [info] [sirius_engine.cpp:318] Query Plan:
=== Pipeline Overview ===
Pipeline #0: GPU_SCAN (id=0)
  Output: -> PARTITION [port: default, barrier: FULL]
Pipeline #1: PARTITION (id=1)
  Input: <- Pipeline #0 [on: PARTITION (id=1), port: default, barrier: FULL]
  Dependencies: Pipeline #0
  Output: -> CONCAT [port: default, barrier: PARTIAL]
Pipeline #2: CONCAT (id=2)
  Input: <- Pipeline #1 [on: CONCAT (id=2), port: default, barrier: PARTIAL]
  Dependencies: Pipeline #1
  Output: -> HASH_JOIN [port: build, barrier: PARTIAL]
Pipeline #3: GPU_SCAN (id=3) -> FILTER (id=4)
  Output: -> PARTITION [port: default, barrier: FULL]
Pipeline #4: PARTITION (id=5)
  Input: <- Pipeline #3 [on: PARTITION (id=5), port: default, barrier: FULL]
  Dependencies: Pipeline #3
  Output: -> CONCAT [port: default, barrier: PARTIAL]
Pipeline #5: CONCAT (id=6)
  Input: <- Pipeline #4 [on: CONCAT (id=6), port: default, barrier: PARTIAL]
  Dependencies: Pipeline #4
  Output: -> HASH_JOIN [port: build, barrier: PARTIAL]
Pipeline #6: GPU_SCAN (id=7) -> DYNAMIC_FILTER (id=8)
  Output: -> PARTITION [port: default, barrier: PARTIAL]
Pipeline #7: PARTITION (id=9)
  Input: <- Pipeline #6 [on: PARTITION (id=9), port: default, barrier: PARTIAL]
  Dependencies: Pipeline #6
  Output: -> CONCAT [port: default, barrier: PARTIAL]
Pipeline #8: CONCAT (id=10)
  Input: <- Pipeline #7 [on: CONCAT (id=10), port: default, barrier: PARTIAL]
  Dependencies: Pipeline #7
  Output: -> HASH_JOIN [port: default, barrier: PARTIAL]
Pipeline #9: HASH_JOIN (id=11)
  Input: <- Pipeline #5 [on: HASH_JOIN (id=11), port: build, barrier: PARTIAL]
  Input: <- Pipeline #8 [on: HASH_JOIN (id=11), port: default, barrier: PARTIAL]
  Dependencies: Pipeline #5, Pipeline #8
  Output: -> PARTITION [port: default, barrier: PARTIAL]
Pipeline #10: PARTITION (id=12)
  Input: <- Pipeline #9 [on: PARTITION (id=12), port: default, barrier: PARTIAL]
  Dependencies: Pipeline #9
  Output: -> CONCAT [port: default, barrier: PARTIAL]
Pipeline #11: CONCAT (id=13)
  Input: <- Pipeline #10 [on: CONCAT (id=13), port: default, barrier: PARTIAL]
  Dependencies: Pipeline #10
  Output: -> HASH_JOIN [port: default, barrier: PARTIAL]
Pipeline #12: HASH_JOIN (id=14) -> FILTER (id=15) -> PROJECTION (id=16) -> PROJECTION (id=17) -> HASH_GROUP_BY (id=18)
  Input: <- Pipeline #2 [on: HASH_JOIN (id=14), port: build, barrier: PARTIAL]
  Input: <- Pipeline #11 [on: HASH_JOIN (id=14), port: default, barrier: PARTIAL]
  Dependencies: Pipeline #2, Pipeline #11
  Output: -> PARTITION [port: default, barrier: FULL]
Pipeline #13: PARTITION (id=19)
  Input: <- Pipeline #12 [on: PARTITION (id=19), port: default, barrier: FULL]
  Dependencies: Pipeline #12
  Output: -> MERGE_GROUP_BY [port: default, barrier: FULL]
Pipeline #14: MERGE_GROUP_BY (id=20) -> ORDER_BY (id=21)
  Input: <- Pipeline #13 [on: MERGE_GROUP_BY (id=20), port: default, barrier: FULL]
  Dependencies: Pipeline #13
  Output: -> SORT_SAMPLE [port: default, barrier: PIPELINE]
Pipeline #15: SORT_SAMPLE (id=22) -> SORT_PARTITION (id=23)
  Input: <- Pipeline #14 [on: SORT_SAMPLE (id=22), port: default, barrier: PIPELINE]
  Dependencies: Pipeline #14
  Output: -> MERGE_SORT [port: default, barrier: FULL]
Pipeline #16: MERGE_SORT (id=24)
  Input: <- Pipeline #15 [on: MERGE_SORT (id=24), port: default, barrier: FULL]
  Dependencies: Pipeline #15
  Output: -> RESULT_COLLECTOR [port: default, barrier: FULL]
Pipeline #17: RESULT_COLLECTOR (id=25)
  Input: <- Pipeline #16 [on: RESULT_COLLECTOR (id=25), port: default, barrier: FULL]
  Dependencies: Pipeline #16

=== Query Plan DAG ===
┌──────────────────────────┐                                                        
│ Pipeline #17             │                                                        
│ RESULT_COLLECTOR (id=25) │                                                        
│ Input(#16): FULL         │                                                        
└────────────┬─────────────┘                                                        
             │                                                                      
┌──────────────────────────┐                                                        
│ Pipeline #16             │                                                        
│ MERGE_SORT (id=24)       │                                                        
│ Input(#15): FULL         │                                                        
└────────────┬─────────────┘                                                        
             │                                                                      
┌──────────────────────────┐                                                        
│ Pipeline #15             │                                                        
│ SORT_PARTITION (id=23)   │                                                        
│ SORT_SAMPLE (id=22)      │                                                        
│ Input(#14): PIPELINE     │                                                        
└────────────┬─────────────┘                                                        
             │                                                                      
┌──────────────────────────┐                                                        
│ Pipeline #14             │                                                        
│ ORDER_BY (id=21)         │                                                        
│ MERGE_GROUP_BY (id=20)   │                                                        
│ Input(#13): FULL         │                                                        
└────────────┬─────────────┘                                                        
             │                                                                      
┌──────────────────────────┐                                                        
│ Pipeline #13             │                                                        
│ PARTITION (id=19)        │                                                        
│ Input(#12): FULL         │                                                        
└────────────┬─────────────┘                                                        
             │                                                                      
┌──────────────────────────┐                                                        
│ Pipeline #12             │                                                        
│ HASH_GROUP_BY (id=18)    │                                                        
│ PROJECTION (id=17)       │                                                        
│ PROJECTION (id=16)       │                                                        
│ FILTER (id=15)           │                                                        
│ HASH_JOIN (id=14)        │                                                        
│   type: MARK             │                                                        
│ Input(#2): PARTIAL       │                                                        
│ Input(#11): PARTIAL      │                                                        
└────────────┬─────────────┘                                                        
             ┌───────────────────────────┐                                          
             │                           │                                          
┌──────────────────────────┐┌──────────────────────────┐                            
│ Pipeline #2              ││ Pipeline #11             │                            
│ CONCAT (id=2)            ││ CONCAT (id=13)           │                            
│ Input(#1): PARTIAL       ││ Input(#10): PARTIAL      │                            
└────────────┬─────────────┘└────────────┬─────────────┘                            
             │                           │                                          
┌──────────────────────────┐┌──────────────────────────┐                            
│ Pipeline #1              ││ Pipeline #10             │                            
│ PARTITION (id=1)         ││ PARTITION (id=12)        │                            
│ Input(#0): FULL          ││ Input(#9): PARTIAL       │                            
└────────────┬─────────────┘└────────────┬─────────────┘                            
             │                           │                                          
┌──────────────────────────┐┌──────────────────────────┐                            
│ Pipeline #0              ││ Pipeline #9              │                            
│ GPU_SCAN (id=0)          ││ HASH_JOIN (id=11)        │                            
│                          ││   type: INNER            │                            
│                          ││ Input(#5): PARTIAL       │                            
│                          ││ Input(#8): PARTIAL       │                            
└──────────────────────────┘└────────────┬─────────────┘                            
                                         ┌───────────────────────────┐              
                                         │                           │              
                            ┌──────────────────────────┐┌──────────────────────────┐
                            │ Pipeline #5              ││ Pipeline #8              │
                            │ CONCAT (id=6)            ││ CONCAT (id=10)           │
                            │ Input(#4): PARTIAL       ││ Input(#7): PARTIAL       │
                            └────────────┬─────────────┘└────────────┬─────────────┘
                                         │                           │              
                            ┌──────────────────────────┐┌──────────────────────────┐
                            │ Pipeline #4              ││ Pipeline #7              │
                            │ PARTITION (id=5)         ││ PARTITION (id=9)         │
                            │ Input(#3): FULL          ││ Input(#6): PARTIAL       │
                            └────────────┬─────────────┘└────────────┬─────────────┘
                                         │                           │              
                            ┌──────────────────────────┐┌──────────────────────────┐
                            │ Pipeline #3              ││ Pipeline #6              │
                            │ FILTER (id=4)            ││ DYNAMIC_FILTER (id=8)    │
                            │ GPU_SCAN (id=3)          ││ GPU_SCAN (id=7)          │
                            └──────────────────────────┘└──────────────────────────┘

[2026-09-08 05:17:08.822] [info] [sirius_engine.cpp:186] query 100 telemetry_query=01a080f360d575b29b3804400517d218
[2026-09-08 05:17:08.822] [info] [sirius_scan_manager.cpp:2999] [sirius_scan_manager] assigned pinned entry 'supplier' to operator '0'
[2026-09-08 05:17:08.822] [info] [sirius_scan_manager.cpp:2999] [sirius_scan_manager] assigned pinned entry 'part' to operator '3'
[2026-09-08 05:17:08.822] [info] [sirius_scan_manager.cpp:2999] [sirius_scan_manager] assigned pinned entry 'partsupp' to operator '7'
[2026-09-08 05:17:08.822] [info] [sirius_scan_manager.cpp:823] [late-mat] operator 0: not deferring — the pinned entry is not device-resident
[2026-09-08 05:17:08.822] [info] [sirius_scan_manager.cpp:823] [late-mat] operator 3: not deferring — the pinned entry is not device-resident
[2026-09-08 05:17:08.822] [info] [sirius_scan_manager.cpp:823] [late-mat] operator 7: not deferring — the pinned entry is not device-resident
[2026-09-08 05:17:08.823] [info] [memory_prefetcher.cpp:59] [memory_prefetcher] started: 3 threads, 3 connectors, min_free_fraction=0.40
[2026-09-08 05:17:08.919] [info] [dynamic_filter_publisher.cpp:297] [sirius_physical_hash_join] Pushed 1 dynamic filter(s) across 1 active target(s) of 1 wired target(s) (29700215 build rows, 1 bound keys of 1 admitted).
[2026-09-08 05:17:09.127] [info] [gpu_pipeline_executor.cpp:129] GPU Pipeline Executor: task queue interrupted, stopping manager loop
[2026-09-08 05:17:09.127] [info] [sirius_context.cpp:405] QueryEnd
[2026-09-08 05:17:09.127] [info] [memory_prefetcher.cpp:72] [memory_prefetcher] stopping: prefetched 4 batches / 16433223733 bytes (stops: headroom=0 reservation=0, skips: lock=0 draining=190, errors=0)
[2026-09-08 05:17:09.127] [info] [sirius_context.cpp:256] [host_pool] HOST:0 QueryEnd instance=0xee8161960380 connection=1 window=100 query=246 allocated=34091302912 bytes peak=183676960768 bytes free_blocks=2628
[2026-09-08 05:17:09.127] [info] [sirius_context.cpp:271] [gpu_pool] GPU:0 QueryEnd instance=0xee8161960380 connection=1 window=100 query=246 allocated=0 bytes peak=254818874163 bytes reserved=0 bytes
[2026-09-08 05:17:09.127] [info] [sirius_context.cpp:521] [window] end instance=0xee8161960380 connection=1 window=100 query=246 outcome=ok
[2026-09-08 05:17:09.127] [info] [physical_sirius_execution.cpp:327] Transparent GPU execution: query completed
[2026-09-08 05:17:09.153] [info] [sirius_context.cpp:329] QueryBegin: instance=0xee8161960380 connection=1 query=247 SQL: CALL sirius_set_query_label('q16_iter1')
[2026-09-08 05:17:09.154] [info] [sirius_context.cpp:329] QueryBegin: instance=0xee8161960380 connection=1 query=248 SQL: SET gpu_execution = true;
[2026-09-08 05:17:09.154] [info] [sirius_context.cpp:329] QueryBegin: instance=0xee8161960380 connection=1 query=249 SQL: select p.p_brand, p.p_type, p.p_size, count(distinct ps.ps_suppkey) as supplier_cnt from partsupp ps, part p where p.p_partkey = ps.ps_partkey and p.p_brand <> 'Brand#21' and p.p_type not like 'MEDIUM PLATED%' and p.p_size in (38, 2, 8, 31, 44, 5, 14, 24) and ps.ps_suppkey not in ( select s.s_suppkey from supplier s where s.s_comment like '%Customer%Complaints%' ) group by p.p_brand, p.p_type, p.p_size order by supplier_cnt desc, p.p_brand, p.p_type, p.p_size
[2026-09-08 05:17:09.161] [info] [sirius_plan_comparison_join.cpp:646] [sirius_plan_comparison_join] Wired hash join with 1 dynamic-filter probe target(s) (1 scan-bound, 0 join-edge; evidence=filtered; build est 199999968 rows).
[2026-09-08 05:17:09.161] [info] [sirius_context.cpp:1467] Transparent execution: Sirius physical plan generated successfully
[2026-09-08 05:17:09.161] [info] [sirius_context.cpp:1495] Transparent execution: physical plan replaced with GPU operator
[2026-09-08 05:17:09.161] [info] [physical_sirius_execution.cpp:157] Transparent GPU execution: executing query
[2026-09-08 05:17:09.161] [info] [sirius_context.cpp:521] [window] begin instance=0xee8161960380 connection=1 window=101 query=249 outcome=-
[2026-09-08 05:17:09.161] [info] [sirius_context.cpp:256] [host_pool] HOST:0 QueryBegin instance=0xee8161960380 connection=1 window=101 query=249 allocated=34091302912 bytes peak=183676960768 bytes free_blocks=2628
[2026-09-08 05:17:09.161] [info] [sirius_context.cpp:271] [gpu_pool] GPU:0 QueryBegin instance=0xee8161960380 connection=1 window=101 query=249 allocated=0 bytes peak=254818874163 bytes reserved=0 bytes
[2026-09-08 05:17:09.161] [info] [sirius_context.cpp:389] QueryBegin: transparent_execution
[2026-09-08 05:17:09.164] [info] [sirius_plan_comparison_join.cpp:646] [sirius_plan_comparison_join] Wired hash join with 1 dynamic-filter probe target(s) (1 scan-bound, 0 join-edge; evidence=filtered; build est 199999968 rows).
[2026-09-08 05:17:09.164] [info] [sirius_engine.cpp:265] [gpu_alloc] query allocated 1 GPU(s): [0]
[2026-09-08 05:17:09.164] [info] [sirius_engine.cpp:318] Query Plan:
=== Pipeline Overview ===
Pipeline #0: GPU_SCAN (id=0)
  Output: -> PARTITION [port: default, barrier: FULL]
Pipeline #1: PARTITION (id=1)
  Input: <- Pipeline #0 [on: PARTITION (id=1), port: default, barrier: FULL]
  Dependencies: Pipeline #0
  Output: -> CONCAT [port: default, barrier: PARTIAL]
Pipeline #2: CONCAT (id=2)
  Input: <- Pipeline #1 [on: CONCAT (id=2), port: default, barrier: PARTIAL]
  Dependencies: Pipeline #1
  Output: -> HASH_JOIN [port: build, barrier: PARTIAL]
Pipeline #3: GPU_SCAN (id=3) -> FILTER (id=4)
  Output: -> PARTITION [port: default, barrier: FULL]
Pipeline #4: PARTITION (id=5)
  Input: <- Pipeline #3 [on: PARTITION (id=5), port: default, barrier: FULL]
  Dependencies: Pipeline #3
  Output: -> CONCAT [port: default, barrier: PARTIAL]
Pipeline #5: CONCAT (id=6)
  Input: <- Pipeline #4 [on: CONCAT (id=6), port: default, barrier: PARTIAL]
  Dependencies: Pipeline #4
  Output: -> HASH_JOIN [port: build, barrier: PARTIAL]
Pipeline #6: GPU_SCAN (id=7) -> DYNAMIC_FILTER (id=8)
  Output: -> PARTITION [port: default, barrier: PARTIAL]
Pipeline #7: PARTITION (id=9)
  Input: <- Pipeline #6 [on: PARTITION (id=9), port: default, barrier: PARTIAL]
  Dependencies: Pipeline #6
  Output: -> CONCAT [port: default, barrier: PARTIAL]
Pipeline #8: CONCAT (id=10)
  Input: <- Pipeline #7 [on: CONCAT (id=10), port: default, barrier: PARTIAL]
  Dependencies: Pipeline #7
  Output: -> HASH_JOIN [port: default, barrier: PARTIAL]
Pipeline #9: HASH_JOIN (id=11)
  Input: <- Pipeline #5 [on: HASH_JOIN (id=11), port: build, barrier: PARTIAL]
  Input: <- Pipeline #8 [on: HASH_JOIN (id=11), port: default, barrier: PARTIAL]
  Dependencies: Pipeline #5, Pipeline #8
  Output: -> PARTITION [port: default, barrier: PARTIAL]
Pipeline #10: PARTITION (id=12)
  Input: <- Pipeline #9 [on: PARTITION (id=12), port: default, barrier: PARTIAL]
  Dependencies: Pipeline #9
  Output: -> CONCAT [port: default, barrier: PARTIAL]
Pipeline #11: CONCAT (id=13)
  Input: <- Pipeline #10 [on: CONCAT (id=13), port: default, barrier: PARTIAL]
  Dependencies: Pipeline #10
  Output: -> HASH_JOIN [port: default, barrier: PARTIAL]
Pipeline #12: HASH_JOIN (id=14) -> FILTER (id=15) -> PROJECTION (id=16) -> PROJECTION (id=17) -> HASH_GROUP_BY (id=18)
  Input: <- Pipeline #2 [on: HASH_JOIN (id=14), port: build, barrier: PARTIAL]
  Input: <- Pipeline #11 [on: HASH_JOIN (id=14), port: default, barrier: PARTIAL]
  Dependencies: Pipeline #2, Pipeline #11
  Output: -> PARTITION [port: default, barrier: FULL]
Pipeline #13: PARTITION (id=19)
  Input: <- Pipeline #12 [on: PARTITION (id=19), port: default, barrier: FULL]
  Dependencies: Pipeline #12
  Output: -> MERGE_GROUP_BY [port: default, barrier: FULL]
Pipeline #14: MERGE_GROUP_BY (id=20) -> ORDER_BY (id=21)
  Input: <- Pipeline #13 [on: MERGE_GROUP_BY (id=20), port: default, barrier: FULL]
  Dependencies: Pipeline #13
  Output: -> SORT_SAMPLE [port: default, barrier: PIPELINE]
Pipeline #15: SORT_SAMPLE (id=22) -> SORT_PARTITION (id=23)
  Input: <- Pipeline #14 [on: SORT_SAMPLE (id=22), port: default, barrier: PIPELINE]
  Dependencies: Pipeline #14
  Output: -> MERGE_SORT [port: default, barrier: FULL]
Pipeline #16: MERGE_SORT (id=24)
  Input: <- Pipeline #15 [on: MERGE_SORT (id=24), port: default, barrier: FULL]
  Dependencies: Pipeline #15
  Output: -> RESULT_COLLECTOR [port: default, barrier: FULL]
Pipeline #17: RESULT_COLLECTOR (id=25)
  Input: <- Pipeline #16 [on: RESULT_COLLECTOR (id=25), port: default, barrier: FULL]
  Dependencies: Pipeline #16

=== Query Plan DAG ===
┌──────────────────────────┐                                                        
│ Pipeline #17             │                                                        
│ RESULT_COLLECTOR (id=25) │                                                        
│ Input(#16): FULL         │                                                        
└────────────┬─────────────┘                                                        
             │                                                                      
┌──────────────────────────┐                                                        
│ Pipeline #16             │                                                        
│ MERGE_SORT (id=24)       │                                                        
│ Input(#15): FULL         │                                                        
└────────────┬─────────────┘                                                        
             │                                                                      
┌──────────────────────────┐                                                        
│ Pipeline #15             │                                                        
│ SORT_PARTITION (id=23)   │                                                        
│ SORT_SAMPLE (id=22)      │                                                        
│ Input(#14): PIPELINE     │                                                        
└────────────┬─────────────┘                                                        
             │                                                                      
┌──────────────────────────┐                                                        
│ Pipeline #14             │                                                        
│ ORDER_BY (id=21)         │                                                        
│ MERGE_GROUP_BY (id=20)   │                                                        
│ Input(#13): FULL         │                                                        
└────────────┬─────────────┘                                                        
             │                                                                      
┌──────────────────────────┐                                                        
│ Pipeline #13             │                                                        
│ PARTITION (id=19)        │                                                        
│ Input(#12): FULL         │                                                        
└────────────┬─────────────┘                                                        
             │                                                                      
┌──────────────────────────┐                                                        
│ Pipeline #12             │                                                        
│ HASH_GROUP_BY (id=18)    │                                                        
│ PROJECTION (id=17)       │                                                        
│ PROJECTION (id=16)       │                                                        
│ FILTER (id=15)           │                                                        
│ HASH_JOIN (id=14)        │                                                        
│   type: MARK             │                                                        
│ Input(#2): PARTIAL       │                                                        
│ Input(#11): PARTIAL      │                                                        
└────────────┬─────────────┘                                                        
             ┌───────────────────────────┐                                          
             │                           │                                          
┌──────────────────────────┐┌──────────────────────────┐                            
│ Pipeline #2              ││ Pipeline #11             │                            
│ CONCAT (id=2)            ││ CONCAT (id=13)           │                            
│ Input(#1): PARTIAL       ││ Input(#10): PARTIAL      │                            
└────────────┬─────────────┘└────────────┬─────────────┘                            
             │                           │                                          
┌──────────────────────────┐┌──────────────────────────┐                            
│ Pipeline #1              ││ Pipeline #10             │                            
│ PARTITION (id=1)         ││ PARTITION (id=12)        │                            
│ Input(#0): FULL          ││ Input(#9): PARTIAL       │                            
└────────────┬─────────────┘└────────────┬─────────────┘                            
             │                           │                                          
┌──────────────────────────┐┌──────────────────────────┐                            
│ Pipeline #0              ││ Pipeline #9              │                            
│ GPU_SCAN (id=0)          ││ HASH_JOIN (id=11)        │                            
│                          ││   type: INNER            │                            
│                          ││ Input(#5): PARTIAL       │                            
│                          ││ Input(#8): PARTIAL       │                            
└──────────────────────────┘└────────────┬─────────────┘                            
                                         ┌───────────────────────────┐              
                                         │                           │              
                            ┌──────────────────────────┐┌──────────────────────────┐
                            │ Pipeline #5              ││ Pipeline #8              │
                            │ CONCAT (id=6)            ││ CONCAT (id=10)           │
                            │ Input(#4): PARTIAL       ││ Input(#7): PARTIAL       │
                            └────────────┬─────────────┘└────────────┬─────────────┘
                                         │                           │              
                            ┌──────────────────────────┐┌──────────────────────────┐
                            │ Pipeline #4              ││ Pipeline #7              │
                            │ PARTITION (id=5)         ││ PARTITION (id=9)         │
                            │ Input(#3): FULL          ││ Input(#6): PARTIAL       │
                            └────────────┬─────────────┘└────────────┬─────────────┘
                                         │                           │              
                            ┌──────────────────────────┐┌──────────────────────────┐
                            │ Pipeline #3              ││ Pipeline #6              │
                            │ FILTER (id=4)            ││ DYNAMIC_FILTER (id=8)    │
                            │ GPU_SCAN (id=3)          ││ GPU_SCAN (id=7)          │
                            └──────────────────────────┘└──────────────────────────┘

[2026-09-08 05:17:09.164] [info] [sirius_engine.cpp:186] query 101 telemetry_query=01a080f3622c7031bccee22282f59083
[2026-09-08 05:17:09.165] [info] [sirius_scan_manager.cpp:2999] [sirius_scan_manager] assigned pinned entry 'supplier' to operator '0'
[2026-09-08 05:17:09.165] [info] [sirius_scan_manager.cpp:2999] [sirius_scan_manager] assigned pinned entry 'part' to operator '3'
[2026-09-08 05:17:09.165] [info] [sirius_scan_manager.cpp:2999] [sirius_scan_manager] assigned pinned entry 'partsupp' to operator '7'
[2026-09-08 05:17:09.165] [info] [sirius_scan_manager.cpp:823] [late-mat] operator 0: not deferring — the pinned entry is not device-resident
[2026-09-08 05:17:09.165] [info] [sirius_scan_manager.cpp:823] [late-mat] operator 3: not deferring — the pinned entry is not device-resident
[2026-09-08 05:17:09.165] [info] [sirius_scan_manager.cpp:823] [late-mat] operator 7: not deferring — the pinned entry is not device-resident
[2026-09-08 05:17:09.166] [info] [memory_prefetcher.cpp:59] [memory_prefetcher] started: 3 threads, 3 connectors, min_free_fraction=0.40
[2026-09-08 05:17:09.250] [info] [dynamic_filter_publisher.cpp:297] [sirius_physical_hash_join] Pushed 1 dynamic filter(s) across 1 active target(s) of 1 wired target(s) (29700215 build rows, 1 bound keys of 1 admitted).
[2026-09-08 05:17:09.373] [info] [gpu_pipeline_executor.cpp:129] GPU Pipeline Executor: task queue interrupted, stopping manager loop
[2026-09-08 05:17:09.373] [info] [sirius_context.cpp:405] QueryEnd
[2026-09-08 05:17:09.374] [info] [memory_prefetcher.cpp:72] [memory_prefetcher] stopping: prefetched 4 batches / 16433223733 bytes (stops: headroom=0 reservation=0, skips: lock=0 draining=155, errors=0)
[2026-09-08 05:17:09.374] [info] [sirius_context.cpp:256] [host_pool] HOST:0 QueryEnd instance=0xee8161960380 connection=1 window=101 query=249 allocated=34091302912 bytes peak=183676960768 bytes free_blocks=2628
[2026-09-08 05:17:09.374] [info] [sirius_context.cpp:271] [gpu_pool] GPU:0 QueryEnd instance=0xee8161960380 connection=1 window=101 query=249 allocated=0 bytes peak=254818874163 bytes reserved=0 bytes
[2026-09-08 05:17:09.374] [info] [sirius_context.cpp:521] [window] end instance=0xee8161960380 connection=1 window=101 query=249 outcome=ok
[2026-09-08 05:17:09.374] [info] [physical_sirius_execution.cpp:327] Transparent GPU execution: query completed
[2026-09-08 05:17:09.414] [info] [sirius_context.cpp:329] QueryBegin: instance=0xee8161960380 connection=1 query=250 SQL: CALL sirius_set_query_label('q16_iter2')
[2026-09-08 05:17:09.415] [info] [sirius_context.cpp:329] QueryBegin: instance=0xee8161960380 connection=1 query=251 SQL: SET gpu_execution = true;
[2026-09-08 05:17:09.415] [info] [sirius_context.cpp:329] QueryBegin: instance=0xee8161960380 connection=1 query=252 SQL: select p.p_brand, p.p_type, p.p_size, count(distinct ps.ps_suppkey) as supplier_cnt from partsupp ps, part p where p.p_partkey = ps.ps_partkey and p.p_brand <> 'Brand#21' and p.p_type not like 'MEDIUM PLATED%' and p.p_size in (38, 2, 8, 31, 44, 5, 14, 24) and ps.ps_suppkey not in ( select s.s_suppkey from supplier s where s.s_comment like '%Customer%Complaints%' ) group by p.p_brand, p.p_type, p.p_size order by supplier_cnt desc, p.p_brand, p.p_type, p.p_size
[2026-09-08 05:17:09.422] [info] [sirius_plan_comparison_join.cpp:646] [sirius_plan_comparison_join] Wired hash join with 1 dynamic-filter probe target(s) (1 scan-bound, 0 join-edge; evidence=filtered; build est 199999968 rows).
[2026-09-08 05:17:09.422] [info] [sirius_context.cpp:1467] Transparent execution: Sirius physical plan generated successfully
[2026-09-08 05:17:09.422] [info] [sirius_context.cpp:1495] Transparent execution: physical plan replaced with GPU operator
[2026-09-08 05:17:09.422] [info] [physical_sirius_execution.cpp:157] Transparent GPU execution: executing query
[2026-09-08 05:17:09.422] [info] [sirius_context.cpp:521] [window] begin instance=0xee8161960380 connection=1 window=102 query=252 outcome=-
[2026-09-08 05:17:09.422] [info] [sirius_context.cpp:256] [host_pool] HOST:0 QueryBegin instance=0xee8161960380 connection=1 window=102 query=252 allocated=34091302912 bytes peak=183676960768 bytes free_blocks=2628
[2026-09-08 05:17:09.422] [info] [sirius_context.cpp:271] [gpu_pool] GPU:0 QueryBegin instance=0xee8161960380 connection=1 window=102 query=252 allocated=0 bytes peak=254818874163 bytes reserved=0 bytes
[2026-09-08 05:17:09.422] [info] [sirius_context.cpp:389] QueryBegin: transparent_execution
[2026-09-08 05:17:09.424] [info] [sirius_plan_comparison_join.cpp:646] [sirius_plan_comparison_join] Wired hash join with 1 dynamic-filter probe target(s) (1 scan-bound, 0 join-edge; evidence=filtered; build est 199999968 rows).
[2026-09-08 05:17:09.425] [info] [sirius_engine.cpp:265] [gpu_alloc] query allocated 1 GPU(s): [0]
[2026-09-08 05:17:09.425] [info] [sirius_engine.cpp:318] Query Plan:
=== Pipeline Overview ===
Pipeline #0: GPU_SCAN (id=0)
  Output: -> PARTITION [port: default, barrier: FULL]
Pipeline #1: PARTITION (id=1)
  Input: <- Pipeline #0 [on: PARTITION (id=1), port: default, barrier: FULL]
  Dependencies: Pipeline #0
  Output: -> CONCAT [port: default, barrier: PARTIAL]
Pipeline #2: CONCAT (id=2)
  Input: <- Pipeline #1 [on: CONCAT (id=2), port: default, barrier: PARTIAL]
  Dependencies: Pipeline #1
  Output: -> HASH_JOIN [port: build, barrier: PARTIAL]
Pipeline #3: GPU_SCAN (id=3) -> FILTER (id=4)
  Output: -> PARTITION [port: default, barrier: FULL]
Pipeline #4: PARTITION (id=5)
  Input: <- Pipeline #3 [on: PARTITION (id=5), port: default, barrier: FULL]
  Dependencies: Pipeline #3
  Output: -> CONCAT [port: default, barrier: PARTIAL]
Pipeline #5: CONCAT (id=6)
  Input: <- Pipeline #4 [on: CONCAT (id=6), port: default, barrier: PARTIAL]
  Dependencies: Pipeline #4
  Output: -> HASH_JOIN [port: build, barrier: PARTIAL]
Pipeline #6: GPU_SCAN (id=7) -> DYNAMIC_FILTER (id=8)
  Output: -> PARTITION [port: default, barrier: PARTIAL]
Pipeline #7: PARTITION (id=9)
  Input: <- Pipeline #6 [on: PARTITION (id=9), port: default, barrier: PARTIAL]
  Dependencies: Pipeline #6
  Output: -> CONCAT [port: default, barrier: PARTIAL]
Pipeline #8: CONCAT (id=10)
  Input: <- Pipeline #7 [on: CONCAT (id=10), port: default, barrier: PARTIAL]
  Dependencies: Pipeline #7
  Output: -> HASH_JOIN [port: default, barrier: PARTIAL]
Pipeline #9: HASH_JOIN (id=11)
  Input: <- Pipeline #5 [on: HASH_JOIN (id=11), port: build, barrier: PARTIAL]
  Input: <- Pipeline #8 [on: HASH_JOIN (id=11), port: default, barrier: PARTIAL]
  Dependencies: Pipeline #5, Pipeline #8
  Output: -> PARTITION [port: default, barrier: PARTIAL]
Pipeline #10: PARTITION (id=12)
  Input: <- Pipeline #9 [on: PARTITION (id=12), port: default, barrier: PARTIAL]
  Dependencies: Pipeline #9
  Output: -> CONCAT [port: default, barrier: PARTIAL]
Pipeline #11: CONCAT (id=13)
  Input: <- Pipeline #10 [on: CONCAT (id=13), port: default, barrier: PARTIAL]
  Dependencies: Pipeline #10
  Output: -> HASH_JOIN [port: default, barrier: PARTIAL]
Pipeline #12: HASH_JOIN (id=14) -> FILTER (id=15) -> PROJECTION (id=16) -> PROJECTION (id=17) -> HASH_GROUP_BY (id=18)
  Input: <- Pipeline #2 [on: HASH_JOIN (id=14), port: build, barrier: PARTIAL]
  Input: <- Pipeline #11 [on: HASH_JOIN (id=14), port: default, barrier: PARTIAL]
  Dependencies: Pipeline #2, Pipeline #11
  Output: -> PARTITION [port: default, barrier: FULL]
Pipeline #13: PARTITION (id=19)
  Input: <- Pipeline #12 [on: PARTITION (id=19), port: default, barrier: FULL]
  Dependencies: Pipeline #12
  Output: -> MERGE_GROUP_BY [port: default, barrier: FULL]
Pipeline #14: MERGE_GROUP_BY (id=20) -> ORDER_BY (id=21)
  Input: <- Pipeline #13 [on: MERGE_GROUP_BY (id=20), port: default, barrier: FULL]
  Dependencies: Pipeline #13
  Output: -> SORT_SAMPLE [port: default, barrier: PIPELINE]
Pipeline #15: SORT_SAMPLE (id=22) -> SORT_PARTITION (id=23)
  Input: <- Pipeline #14 [on: SORT_SAMPLE (id=22), port: default, barrier: PIPELINE]
  Dependencies: Pipeline #14
  Output: -> MERGE_SORT [port: default, barrier: FULL]
Pipeline #16: MERGE_SORT (id=24)
  Input: <- Pipeline #15 [on: MERGE_SORT (id=24), port: default, barrier: FULL]
  Dependencies: Pipeline #15
  Output: -> RESULT_COLLECTOR [port: default, barrier: FULL]
Pipeline #17: RESULT_COLLECTOR (id=25)
  Input: <- Pipeline #16 [on: RESULT_COLLECTOR (id=25), port: default, barrier: FULL]
  Dependencies: Pipeline #16

=== Query Plan DAG ===
┌──────────────────────────┐                                                        
│ Pipeline #17             │                                                        
│ RESULT_COLLECTOR (id=25) │                                                        
│ Input(#16): FULL         │                                                        
└────────────┬─────────────┘                                                        
             │                                                                      
┌──────────────────────────┐                                                        
│ Pipeline #16             │                                                        
│ MERGE_SORT (id=24)       │                                                        
│ Input(#15): FULL         │                                                        
└────────────┬─────────────┘                                                        
             │                                                                      
┌──────────────────────────┐                                                        
│ Pipeline #15             │                                                        
│ SORT_PARTITION (id=23)   │                                                        
│ SORT_SAMPLE (id=22)      │                                                        
│ Input(#14): PIPELINE     │                                                        
└────────────┬─────────────┘                                                        
             │                                                                      
┌──────────────────────────┐                                                        
│ Pipeline #14             │                                                        
│ ORDER_BY (id=21)         │                                                        
│ MERGE_GROUP_BY (id=20)   │                                                        
│ Input(#13): FULL         │                                                        
└────────────┬─────────────┘                                                        
             │                                                                      
┌──────────────────────────┐                                                        
│ Pipeline #13             │                                                        
│ PARTITION (id=19)        │                                                        
│ Input(#12): FULL         │                                                        
└────────────┬─────────────┘                                                        
             │                                                                      
┌──────────────────────────┐                                                        
│ Pipeline #12             │                                                        
│ HASH_GROUP_BY (id=18)    │                                                        
│ PROJECTION (id=17)       │                                                        
│ PROJECTION (id=16)       │                                                        
│ FILTER (id=15)           │                                                        
│ HASH_JOIN (id=14)        │                                                        
│   type: MARK             │                                                        
│ Input(#2): PARTIAL       │                                                        
│ Input(#11): PARTIAL      │                                                        
└────────────┬─────────────┘                                                        
             ┌───────────────────────────┐                                          
             │                           │                                          
┌──────────────────────────┐┌──────────────────────────┐                            
│ Pipeline #2              ││ Pipeline #11             │                            
│ CONCAT (id=2)            ││ CONCAT (id=13)           │                            
│ Input(#1): PARTIAL       ││ Input(#10): PARTIAL      │                            
└────────────┬─────────────┘└────────────┬─────────────┘                            
             │                           │                                          
┌──────────────────────────┐┌──────────────────────────┐                            
│ Pipeline #1              ││ Pipeline #10             │                            
│ PARTITION (id=1)         ││ PARTITION (id=12)        │                            
│ Input(#0): FULL          ││ Input(#9): PARTIAL       │                            
└────────────┬─────────────┘└────────────┬─────────────┘                            
             │                           │                                          
┌──────────────────────────┐┌──────────────────────────┐                            
│ Pipeline #0              ││ Pipeline #9              │                            
│ GPU_SCAN (id=0)          ││ HASH_JOIN (id=11)        │                            
│                          ││   type: INNER            │                            
│                          ││ Input(#5): PARTIAL       │                            
│                          ││ Input(#8): PARTIAL       │                            
└──────────────────────────┘└────────────┬─────────────┘                            
                                         ┌───────────────────────────┐              
                                         │                           │              
                            ┌──────────────────────────┐┌──────────────────────────┐
                            │ Pipeline #5              ││ Pipeline #8              │
                            │ CONCAT (id=6)            ││ CONCAT (id=10)           │
                            │ Input(#4): PARTIAL       ││ Input(#7): PARTIAL       │
                            └────────────┬─────────────┘└────────────┬─────────────┘
                                         │                           │              
                            ┌──────────────────────────┐┌──────────────────────────┐
                            │ Pipeline #4              ││ Pipeline #7              │
                            │ PARTITION (id=5)         ││ PARTITION (id=9)         │
                            │ Input(#3): FULL          ││ Input(#6): PARTIAL       │
                            └────────────┬─────────────┘└────────────┬─────────────┘
                                         │                           │              
                            ┌──────────────────────────┐┌──────────────────────────┐
                            │ Pipeline #3              ││ Pipeline #6              │
                            │ FILTER (id=4)            ││ DYNAMIC_FILTER (id=8)    │
                            │ GPU_SCAN (id=3)          ││ GPU_SCAN (id=7)          │
                            └──────────────────────────┘└──────────────────────────┘

[2026-09-08 05:17:09.425] [info] [sirius_engine.cpp:186] query 102 telemetry_query=01a080f363317da0b2ac1f0e2c92c5c9
[2026-09-08 05:17:09.425] [info] [sirius_scan_manager.cpp:2999] [sirius_scan_manager] assigned pinned entry 'supplier' to operator '0'
[2026-09-08 05:17:09.425] [info] [sirius_scan_manager.cpp:2999] [sirius_scan_manager] assigned pinned entry 'part' to operator '3'
[2026-09-08 05:17:09.425] [info] [sirius_scan_manager.cpp:2999] [sirius_scan_manager] assigned pinned entry 'partsupp' to operator '7'
[2026-09-08 05:17:09.425] [info] [sirius_scan_manager.cpp:823] [late-mat] operator 0: not deferring — the pinned entry is not device-resident
[2026-09-08 05:17:09.425] [info] [sirius_scan_manager.cpp:823] [late-mat] operator 3: not deferring — the pinned entry is not device-resident
[2026-09-08 05:17:09.425] [info] [sirius_scan_manager.cpp:823] [late-mat] operator 7: not deferring — the pinned entry is not device-resident
[2026-09-08 05:17:09.425] [info] [memory_prefetcher.cpp:59] [memory_prefetcher] started: 3 threads, 3 connectors, min_free_fraction=0.40
[2026-09-08 05:17:09.510] [info] [dynamic_filter_publisher.cpp:297] [sirius_physical_hash_join] Pushed 1 dynamic filter(s) across 1 active target(s) of 1 wired target(s) (29700215 build rows, 1 bound keys of 1 admitted).
[2026-09-08 05:17:09.633] [info] [gpu_pipeline_executor.cpp:129] GPU Pipeline Executor: task queue interrupted, stopping manager loop
[2026-09-08 05:17:09.634] [info] [sirius_context.cpp:405] QueryEnd
[2026-09-08 05:17:09.634] [info] [memory_prefetcher.cpp:72] [memory_prefetcher] stopping: prefetched 4 batches / 16433223733 bytes (stops: headroom=0 reservation=0, skips: lock=0 draining=155, errors=0)
[2026-09-08 05:17:09.634] [info] [sirius_context.cpp:256] [host_pool] HOST:0 QueryEnd instance=0xee8161960380 connection=1 window=102 query=252 allocated=34091302912 bytes peak=183676960768 bytes free_blocks=2628
[2026-09-08 05:17:09.634] [info] [sirius_context.cpp:271] [gpu_pool] GPU:0 QueryEnd instance=0xee8161960380 connection=1 window=102 query=252 allocated=0 bytes peak=254818874163 bytes reserved=0 bytes
[2026-09-08 05:17:09.634] [info] [sirius_context.cpp:521] [window] end instance=0xee8161960380 connection=1 window=102 query=252 outcome=ok
[2026-09-08 05:17:09.634] [info] [physical_sirius_execution.cpp:327] Transparent GPU execution: query completed
[2026-09-08 05:17:09.670] [info] [sirius_context.cpp:329] QueryBegin: instance=0xee8161960380 connection=1 query=253 SQL: CALL unpin_table('partsupp')
[2026-09-08 05:17:09.671] [info] [sirius_context.cpp:329] QueryBegin: instance=0xee8161960380 connection=1 query=254 SQL: CALL unpin_table('part')
[2026-09-08 05:17:09.671] [info] [sirius_context.cpp:329] QueryBegin: instance=0xee8161960380 connection=1 query=255 SQL: CALL unpin_table('supplier')
[2026-09-08 05:17:09.671] [info] [sirius_context.cpp:329] QueryBegin: instance=0xee8161960380 connection=1 query=256 SQL: CALL pin_table('/datasets/tpch_sf1000_sorted/lineitem/*.parquet', tier='host', name='lineitem', cols=['l_partkey','l_extendedprice','l_quantity'])
[2026-09-08 05:17:09.672] [info] [sirius_context.cpp:521] [window] begin instance=0xee8161960380 connection=1 window=103 query=256 outcome=-
[2026-09-08 05:17:09.672] [info] [sirius_context.cpp:256] [host_pool] HOST:0 QueryBegin instance=0xee8161960380 connection=1 window=103 query=256 allocated=17515413504 bytes peak=183676960768 bytes free_blocks=2875
[2026-09-08 05:17:09.672] [info] [sirius_context.cpp:271] [gpu_pool] GPU:0 QueryBegin instance=0xee8161960380 connection=1 window=103 query=256 allocated=0 bytes peak=254818874163 bytes reserved=0 bytes
[2026-09-08 05:17:09.672] [info] [sirius_context.cpp:389] QueryBegin: pin_table
[2026-09-08 05:17:09.672] [info] [sirius_extension.cpp:1420] [pin_table] 'lineitem' tier=host: compressing with plan for 3 column(s)
[2026-09-08 05:17:13.852] [info] [sirius_context.cpp:405] QueryEnd
[2026-09-08 05:17:13.852] [info] [sirius_context.cpp:256] [host_pool] HOST:0 QueryEnd instance=0xee8161960380 connection=1 window=103 query=256 allocated=66840428544 bytes peak=183676960768 bytes free_blocks=2140
[2026-09-08 05:17:13.852] [info] [sirius_context.cpp:271] [gpu_pool] GPU:0 QueryEnd instance=0xee8161960380 connection=1 window=103 query=256 allocated=0 bytes peak=254818874163 bytes reserved=0 bytes
[2026-09-08 05:17:13.852] [info] [sirius_context.cpp:521] [window] end instance=0xee8161960380 connection=1 window=103 query=256 outcome=ok
[2026-09-08 05:17:13.852] [info] [sirius_context.cpp:329] QueryBegin: instance=0xee8161960380 connection=1 query=257 SQL: CALL pin_table('/datasets/tpch_sf1000_sorted/part/*.parquet', tier='host', name='part', cols=['p_partkey','p_brand','p_container'])
[2026-09-08 05:17:13.853] [info] [sirius_context.cpp:521] [window] begin instance=0xee8161960380 connection=1 window=104 query=257 outcome=-
[2026-09-08 05:17:13.853] [info] [sirius_context.cpp:256] [host_pool] HOST:0 QueryBegin instance=0xee8161960380 connection=1 window=104 query=257 allocated=66840428544 bytes peak=183676960768 bytes free_blocks=2140
[2026-09-08 05:17:13.853] [info] [sirius_context.cpp:271] [gpu_pool] GPU:0 QueryBegin instance=0xee8161960380 connection=1 window=104 query=257 allocated=0 bytes peak=254818874163 bytes reserved=0 bytes
[2026-09-08 05:17:13.853] [info] [sirius_context.cpp:389] QueryBegin: pin_table
[2026-09-08 05:17:13.853] [warning] [sirius_extension.cpp:1430] [pin_table] 'part': pin_table_compression is enabled but no plan file was found in '/home/nvidia/joost/sirius-zonemap/bench/sf1000-repro/plans'; pinning uncompressed
[2026-09-08 05:17:13.911] [info] [sirius_context.cpp:405] QueryEnd
[2026-09-08 05:17:13.911] [info] [sirius_context.cpp:256] [host_pool] HOST:0 QueryEnd instance=0xee8161960380 connection=1 window=104 query=257 allocated=72477573120 bytes peak=183676960768 bytes free_blocks=2056
[2026-09-08 05:17:13.911] [info] [sirius_context.cpp:271] [gpu_pool] GPU:0 QueryEnd instance=0xee8161960380 connection=1 window=104 query=257 allocated=0 bytes peak=254818874163 bytes reserved=0 bytes
[2026-09-08 05:17:13.911] [info] [sirius_context.cpp:521] [window] end instance=0xee8161960380 connection=1 window=104 query=257 outcome=ok
[2026-09-08 05:17:13.911] [info] [sirius_context.cpp:329] QueryBegin: instance=0xee8161960380 connection=1 query=258 SQL: CALL sirius_set_query_label('q17_iter0')
[2026-09-08 05:17:13.912] [info] [sirius_context.cpp:329] QueryBegin: instance=0xee8161960380 connection=1 query=259 SQL: SET gpu_execution = true;
