[2026-04-24 03:53:32.296] [info] [parquet_scan_task.cpp:763] [mgpu-probe] parquet_scan_task::compute_task entry current_device=0 stream=0x632ad1582270 preferred_device_id=-1 memspace_device_id=-1
[2026-04-24 03:53:32.302] [info] [batch_lock_utils.hpp:69] [mgpu-probe] lock_or_prepare_batch entry batch_id=0 batch_state=1 current_device=0 stream=0x632ad15831a0 batch_device_id=-1 target_device_id=0 lock_status=3 success=false
[2026-04-24 03:53:32.302] [info] [batch_lock_utils.hpp:95] [mgpu-probe] lock_or_prepare_batch memspace_mismatch batch_id=0 batch_state=1 current_device=0 stream=0x632ad15831a0 batch_device_id=-1 target_device_id=0 target_tier=0
[2026-04-24 03:53:32.302] [info] [host_parquet_representation_converters.cpp:98] [mgpu-probe] host_parquet_to_gpu entry current_device=0 stream=0x632ad15831a0 target_device_id=0 memspace_device_id=0
[2026-04-24 03:53:32.344] [info] [host_parquet_representation_converters.cpp:183] [mgpu-probe] host_parquet_to_gpu exit current_device=0 target_stream=0x632ad17a4dc0 target_device_id=0
[2026-04-24 03:54:17.296] [info] [parquet_scan_task.cpp:763] [mgpu-probe] parquet_scan_task::compute_task entry current_device=0 stream=0x5c2313dca670 preferred_device_id=-1 memspace_device_id=-1
[2026-04-24 03:54:17.296] [info] [parquet_scan_task.cpp:763] [mgpu-probe] parquet_scan_task::compute_task entry current_device=0 stream=0x5c2313dca590 preferred_device_id=-1 memspace_device_id=-1
[2026-04-24 03:54:17.298] [info] [batch_lock_utils.hpp:69] [mgpu-probe] lock_or_prepare_batch entry batch_id=0 batch_state=1 current_device=0 stream=0x5c2313dcb5a0 batch_device_id=-1 target_device_id=0 lock_status=3 success=false
[2026-04-24 03:54:17.298] [info] [batch_lock_utils.hpp:95] [mgpu-probe] lock_or_prepare_batch memspace_mismatch batch_id=0 batch_state=1 current_device=0 stream=0x5c2313dcb5a0 batch_device_id=-1 target_device_id=0 target_tier=0
[2026-04-24 03:54:17.298] [info] [host_parquet_representation_converters.cpp:98] [mgpu-probe] host_parquet_to_gpu entry current_device=0 stream=0x5c2313dcb5a0 target_device_id=0 memspace_device_id=0
[2026-04-24 03:54:17.298] [info] [batch_lock_utils.hpp:69] [mgpu-probe] lock_or_prepare_batch entry batch_id=1 batch_state=1 current_device=1 stream=0x5c2313dcc210 batch_device_id=-1 target_device_id=1 lock_status=3 success=false
[2026-04-24 03:54:17.298] [info] [batch_lock_utils.hpp:95] [mgpu-probe] lock_or_prepare_batch memspace_mismatch batch_id=1 batch_state=1 current_device=1 stream=0x5c2313dcc210 batch_device_id=-1 target_device_id=1 target_tier=0
[2026-04-24 03:54:17.298] [info] [host_parquet_representation_converters.cpp:98] [mgpu-probe] host_parquet_to_gpu entry current_device=1 stream=0x5c2313dcc210 target_device_id=1 memspace_device_id=1
[2026-04-24 03:54:17.329] [info] [host_parquet_representation_converters.cpp:183] [mgpu-probe] host_parquet_to_gpu exit current_device=0 target_stream=0x5c231178d4e0 target_device_id=0
[2026-04-24 03:54:17.329] [info] [host_parquet_representation_converters.cpp:183] [mgpu-probe] host_parquet_to_gpu exit current_device=1 target_stream=0x5c2313c0e1a0 target_device_id=1
[2026-04-24 03:54:17.341] [info] [batch_lock_utils.hpp:69] [mgpu-probe] lock_or_prepare_batch entry batch_id=2 batch_state=2 current_device=1 stream=0x5c2313dcc210 batch_device_id=1 target_device_id=1 lock_status=0 success=true
[2026-04-24 03:54:17.341] [info] [batch_lock_utils.hpp:69] [mgpu-probe] lock_or_prepare_batch entry batch_id=3 batch_state=2 current_device=0 stream=0x5c2313dcb5a0 batch_device_id=0 target_device_id=0 lock_status=0 success=true
[2026-04-24 03:54:17.341] [info] [batch_lock_utils.hpp:69] [mgpu-probe] lock_or_prepare_batch entry batch_id=3 batch_state=2 current_device=0 stream=0x5c2313dcb5a0 batch_device_id=0 target_device_id=0 lock_status=0 success=true
[2026-04-24 03:54:17.342] [info] [batch_lock_utils.hpp:69] [mgpu-probe] lock_or_prepare_batch entry batch_id=2 batch_state=2 current_device=1 stream=0x5c2313dcc210 batch_device_id=1 target_device_id=1 lock_status=0 success=true
[2026-04-24 03:54:17.342] [info] [batch_lock_utils.hpp:69] [mgpu-probe] lock_or_prepare_batch entry batch_id=3 batch_state=1 current_device=1 stream=0x5c2313dcc210 batch_device_id=0 target_device_id=1 lock_status=3 success=false
