[2026-09-07 12:48:43.998] [info] [sirius_context.cpp:329] QueryBegin: instance=0xb81ad11d8040 connection=1 query=193 SQL: select l.l_shipmode, sum(case when o.o_orderpriority = '1-URGENT' or o.o_orderpriority = '2-HIGH' then 1 else 0 end) as high_line_count, sum(case when o.o_orderpriority <> '1-URGENT' and o.o_orderpriority <> '2-HIGH' then 1 else 0 end) as low_line_count from orders o, lineitem l where o.o_orderkey = l.l_orderkey and l.l_shipmode in ('TRUCK', 'REG AIR') and l.l_commitdate < l.l_receiptdate and l.l_shipdate < l.l_commitdate and l.l_receiptdate >= date '1994-01-01' and l.l_receiptdate < date '1995-01-01' group by l.l_shipmode order by l.l_shipmode
[2026-09-07 12:48:44.005] [info] [sirius_plan_comparison_join.cpp:646] [sirius_plan_comparison_join] Wired hash join with 1 dynamic-filter probe target(s) (1 scan-bound, 0 join-edge; evidence=filtered; build est 600037902 rows).
[2026-09-07 12:48:44.005] [info] [sirius_context.cpp:1467] Transparent execution: Sirius physical plan generated successfully
[2026-09-07 12:48:44.005] [info] [sirius_context.cpp:1495] Transparent execution: physical plan replaced with GPU operator
[2026-09-07 12:48:44.005] [info] [physical_sirius_execution.cpp:157] Transparent GPU execution: executing query
[2026-09-07 12:48:44.005] [info] [sirius_context.cpp:521] [window] begin instance=0xb81ad11d8040 connection=1 window=79 query=193 outcome=-
[2026-09-07 12:48:44.005] [info] [sirius_context.cpp:256] [host_pool] HOST:0 QueryBegin instance=0xb81ad11d8040 connection=1 window=79 query=193 allocated=17515413504 bytes peak=17582522368 bytes free_blocks=539
[2026-09-07 12:48:44.005] [info] [sirius_context.cpp:271] [gpu_pool] GPU:0 QueryBegin instance=0xb81ad11d8040 connection=1 window=79 query=193 allocated=7358348288 bytes peak=35443180924 bytes reserved=0 bytes
[2026-09-07 12:48:44.005] [info] [sirius_context.cpp:389] QueryBegin: transparent_execution
[2026-09-07 12:48:44.007] [info] [sirius_plan_comparison_join.cpp:646] [sirius_plan_comparison_join] Wired hash join with 1 dynamic-filter probe target(s) (1 scan-bound, 0 join-edge; evidence=filtered; build est 600037902 rows).
[2026-09-07 12:48:44.007] [info] [sirius_engine.cpp:265] [gpu_alloc] query allocated 1 GPU(s): [0]
[2026-09-07 12:48:44.008] [info] [sirius_engine.cpp:318] Query Plan:
=== Pipeline Overview ===
Pipeline #0: GPU_SCAN (id=0) -> FILTER (id=1)
  Output: -> PARTITION [port: default, barrier: FULL]
Pipeline #1: PARTITION (id=2)
  Input: <- Pipeline #0 [on: PARTITION (id=2), port: default, barrier: FULL]
  Dependencies: Pipeline #0
  Output: -> CONCAT [port: default, barrier: PARTIAL]
Pipeline #2: CONCAT (id=3)
  Input: <- Pipeline #1 [on: CONCAT (id=3), port: default, barrier: PARTIAL]
  Dependencies: Pipeline #1
  Output: -> HASH_JOIN [port: build, barrier: PARTIAL]
Pipeline #3: GPU_SCAN (id=4) -> DYNAMIC_FILTER (id=5)
  Output: -> PARTITION [port: default, barrier: PARTIAL]
Pipeline #4: PARTITION (id=6)
  Input: <- Pipeline #3 [on: PARTITION (id=6), port: default, barrier: PARTIAL]
  Dependencies: Pipeline #3
  Output: -> CONCAT [port: default, barrier: PARTIAL]
Pipeline #5: CONCAT (id=7)
  Input: <- Pipeline #4 [on: CONCAT (id=7), port: default, barrier: PARTIAL]
  Dependencies: Pipeline #4
  Output: -> HASH_JOIN [port: default, barrier: PARTIAL]
Pipeline #6: HASH_JOIN (id=8) -> PROJECTION (id=9) -> HASH_GROUP_BY (id=10)
  Input: <- Pipeline #2 [on: HASH_JOIN (id=8), port: build, barrier: PARTIAL]
  Input: <- Pipeline #5 [on: HASH_JOIN (id=8), port: default, barrier: PARTIAL]
  Dependencies: Pipeline #2, Pipeline #5
  Output: -> PARTITION [port: default, barrier: FULL]
Pipeline #7: PARTITION (id=11)
  Input: <- Pipeline #6 [on: PARTITION (id=11), port: default, barrier: FULL]
  Dependencies: Pipeline #6
  Output: -> MERGE_GROUP_BY [port: default, barrier: FULL]
Pipeline #8: MERGE_GROUP_BY (id=12) -> ORDER_BY (id=13)
  Input: <- Pipeline #7 [on: MERGE_GROUP_BY (id=12), port: default, barrier: FULL]
  Dependencies: Pipeline #7
  Output: -> SORT_SAMPLE [port: default, barrier: PIPELINE]
Pipeline #9: SORT_SAMPLE (id=14) -> SORT_PARTITION (id=15)
  Input: <- Pipeline #8 [on: SORT_SAMPLE (id=14), port: default, barrier: PIPELINE]
  Dependencies: Pipeline #8
  Output: -> MERGE_SORT [port: default, barrier: FULL]
Pipeline #10: MERGE_SORT (id=16)
  Input: <- Pipeline #9 [on: MERGE_SORT (id=16), port: default, barrier: FULL]
  Dependencies: Pipeline #9
  Output: -> RESULT_COLLECTOR [port: default, barrier: FULL]
Pipeline #11: RESULT_COLLECTOR (id=17)
  Input: <- Pipeline #10 [on: RESULT_COLLECTOR (id=17), port: default, barrier: FULL]
  Dependencies: Pipeline #10

=== Query Plan DAG ===
┌──────────────────────────┐                            
│ Pipeline #11             │                            
│ RESULT_COLLECTOR (id=17) │                            
│ Input(#10): FULL         │                            
└────────────┬─────────────┘                            
             │                                          
┌──────────────────────────┐                            
│ Pipeline #10             │                            
│ MERGE_SORT (id=16)       │                            
│ Input(#9): FULL          │                            
└────────────┬─────────────┘                            
             │                                          
┌──────────────────────────┐                            
│ Pipeline #9              │                            
│ SORT_PARTITION (id=15)   │                            
│ SORT_SAMPLE (id=14)      │                            
│ Input(#8): PIPELINE      │                            
└────────────┬─────────────┘                            
             │                                          
┌──────────────────────────┐                            
│ Pipeline #8              │                            
│ ORDER_BY (id=13)         │                            
│ MERGE_GROUP_BY (id=12)   │                            
│ Input(#7): FULL          │                            
└────────────┬─────────────┘                            
             │                                          
┌──────────────────────────┐                            
│ Pipeline #7              │                            
│ PARTITION (id=11)        │                            
│ Input(#6): FULL          │                            
└────────────┬─────────────┘                            
             │                                          
┌──────────────────────────┐                            
│ Pipeline #6              │                            
│ HASH_GROUP_BY (id=10)    │                            
│ PROJECTION (id=9)        │                            
│ HASH_JOIN (id=8)         │                            
│   type: INNER            │                            
│ Input(#2): PARTIAL       │                            
│ Input(#5): PARTIAL       │                            
└────────────┬─────────────┘                            
             ┌───────────────────────────┐              
             │                           │              
┌──────────────────────────┐┌──────────────────────────┐
│ Pipeline #2              ││ Pipeline #5              │
│ CONCAT (id=3)            ││ CONCAT (id=7)            │
│ Input(#1): PARTIAL       ││ Input(#4): PARTIAL       │
└────────────┬─────────────┘└────────────┬─────────────┘
             │                           │              
┌──────────────────────────┐┌──────────────────────────┐
│ Pipeline #1              ││ Pipeline #4              │
│ PARTITION (id=2)         ││ PARTITION (id=6)         │
│ Input(#0): FULL          ││ Input(#3): PARTIAL       │
└────────────┬─────────────┘└────────────┬─────────────┘
             │                           │              
┌──────────────────────────┐┌──────────────────────────┐
│ Pipeline #0              ││ Pipeline #3              │
│ FILTER (id=1)            ││ DYNAMIC_FILTER (id=5)    │
│ GPU_SCAN (id=0)          ││ GPU_SCAN (id=4)          │
└──────────────────────────┘└──────────────────────────┘

[2026-09-07 12:48:44.008] [info] [sirius_engine.cpp:186] query 79 telemetry_query=01a07d6a756770609d1c9bb3876c9896
[2026-09-07 12:48:44.008] [info] [sirius_scan_manager.cpp:2882] [sirius_scan_manager] zone-map pruning for pinned entry 'lineitem' (GPU tier): 3/8 chunks pruned, serving 5
[2026-09-07 12:48:44.008] [info] [sirius_scan_manager.cpp:2999] [sirius_scan_manager] assigned pinned entry 'lineitem' to operator '0'
[2026-09-07 12:48:44.008] [info] [sirius_scan_manager.cpp:2999] [sirius_scan_manager] assigned pinned entry 'orders' to operator '4'
[2026-09-07 12:48:44.008] [info] [sirius_scan_manager.cpp:823] [late-mat] operator 0: not deferring — the scan restricts rows and its pin is compressed, so the surviving rows are decided inside the decode
[2026-09-07 12:48:44.008] [info] [sirius_scan_manager.cpp:884] [late-mat] operator 4: slot0 — too few port crossings (16 B/row over 3 boundaries)
[2026-09-07 12:48:44.008] [info] [sirius_scan_manager.cpp:897] [late-mat] operator 4: 1 column(s) withheld — a partition hashes them
[2026-09-07 12:48:44.008] [info] [memory_prefetcher.cpp:59] [memory_prefetcher] started: 3 threads, 2 connectors, min_free_fraction=0.40
[2026-09-07 12:48:44.039] [info] [dynamic_filter_publisher.cpp:297] [sirius_physical_hash_join] Pushed 1 dynamic filter(s) across 1 active target(s) of 1 wired target(s) (3116283 build rows, 1 bound keys of 1 admitted).
[2026-09-07 12:48:44.060] [info] [gpu_pipeline_executor.cpp:129] GPU Pipeline Executor: task queue interrupted, stopping manager loop
[2026-09-07 12:48:44.060] [info] [sirius_context.cpp:405] QueryEnd
[2026-09-07 12:48:44.060] [info] [memory_prefetcher.cpp:72] [memory_prefetcher] stopping: prefetched 0 batches / 0 bytes (stops: headroom=0 reservation=0, skips: lock=0 draining=51, errors=0)
[2026-09-07 12:48:44.060] [info] [sirius_context.cpp:256] [host_pool] HOST:0 QueryEnd instance=0xb81ad11d8040 connection=1 window=79 query=193 allocated=17515413504 bytes peak=17582522368 bytes free_blocks=539
[2026-09-07 12:48:44.060] [info] [sirius_context.cpp:271] [gpu_pool] GPU:0 QueryEnd instance=0xb81ad11d8040 connection=1 window=79 query=193 allocated=7358348288 bytes peak=35443180924 bytes reserved=0 bytes
[2026-09-07 12:48:44.060] [info] [sirius_context.cpp:521] [window] end instance=0xb81ad11d8040 connection=1 window=79 query=193 outcome=ok
[2026-09-07 12:48:44.060] [info] [physical_sirius_execution.cpp:327] Transparent GPU execution: query completed
[2026-09-07 12:48:44.061] [info] [sirius_context.cpp:329] QueryBegin: instance=0xb81ad11d8040 connection=1 query=194 SQL: CALL sirius_set_query_label('q12_iter1')
[2026-09-07 12:48:44.062] [info] [sirius_context.cpp:329] QueryBegin: instance=0xb81ad11d8040 connection=1 query=195 SQL: SET gpu_execution = true;
[2026-09-07 12:48:44.062] [info] [sirius_context.cpp:329] QueryBegin: instance=0xb81ad11d8040 connection=1 query=196 SQL: select l.l_shipmode, sum(case when o.o_orderpriority = '1-URGENT' or o.o_orderpriority = '2-HIGH' then 1 else 0 end) as high_line_count, sum(case when o.o_orderpriority <> '1-URGENT' and o.o_orderpriority <> '2-HIGH' then 1 else 0 end) as low_line_count from orders o, lineitem l where o.o_orderkey = l.l_orderkey and l.l_shipmode in ('TRUCK', 'REG AIR') and l.l_commitdate < l.l_receiptdate and l.l_shipdate < l.l_commitdate and l.l_receiptdate >= date '1994-01-01' and l.l_receiptdate < date '1995-01-01' group by l.l_shipmode order by l.l_shipmode
[2026-09-07 12:48:44.068] [info] [sirius_plan_comparison_join.cpp:646] [sirius_plan_comparison_join] Wired hash join with 1 dynamic-filter probe target(s) (1 scan-bound, 0 join-edge; evidence=filtered; build est 600037902 rows).
[2026-09-07 12:48:44.069] [info] [sirius_context.cpp:1467] Transparent execution: Sirius physical plan generated successfully
[2026-09-07 12:48:44.069] [info] [sirius_context.cpp:1495] Transparent execution: physical plan replaced with GPU operator
[2026-09-07 12:48:44.069] [info] [physical_sirius_execution.cpp:157] Transparent GPU execution: executing query
[2026-09-07 12:48:44.069] [info] [sirius_context.cpp:521] [window] begin instance=0xb81ad11d8040 connection=1 window=80 query=196 outcome=-
[2026-09-07 12:48:44.069] [info] [sirius_context.cpp:256] [host_pool] HOST:0 QueryBegin instance=0xb81ad11d8040 connection=1 window=80 query=196 allocated=17515413504 bytes peak=17582522368 bytes free_blocks=539
[2026-09-07 12:48:44.069] [info] [sirius_context.cpp:271] [gpu_pool] GPU:0 QueryBegin instance=0xb81ad11d8040 connection=1 window=80 query=196 allocated=7358348288 bytes peak=35443180924 bytes reserved=0 bytes
[2026-09-07 12:48:44.069] [info] [sirius_context.cpp:389] QueryBegin: transparent_execution
[2026-09-07 12:48:44.071] [info] [sirius_plan_comparison_join.cpp:646] [sirius_plan_comparison_join] Wired hash join with 1 dynamic-filter probe target(s) (1 scan-bound, 0 join-edge; evidence=filtered; build est 600037902 rows).
[2026-09-07 12:48:44.071] [info] [sirius_engine.cpp:265] [gpu_alloc] query allocated 1 GPU(s): [0]
[2026-09-07 12:48:44.071] [info] [sirius_engine.cpp:318] Query Plan:
=== Pipeline Overview ===
Pipeline #0: GPU_SCAN (id=0) -> FILTER (id=1)
  Output: -> PARTITION [port: default, barrier: FULL]
Pipeline #1: PARTITION (id=2)
  Input: <- Pipeline #0 [on: PARTITION (id=2), port: default, barrier: FULL]
  Dependencies: Pipeline #0
  Output: -> CONCAT [port: default, barrier: PARTIAL]
Pipeline #2: CONCAT (id=3)
  Input: <- Pipeline #1 [on: CONCAT (id=3), port: default, barrier: PARTIAL]
  Dependencies: Pipeline #1
  Output: -> HASH_JOIN [port: build, barrier: PARTIAL]
Pipeline #3: GPU_SCAN (id=4) -> DYNAMIC_FILTER (id=5)
  Output: -> PARTITION [port: default, barrier: PARTIAL]
Pipeline #4: PARTITION (id=6)
  Input: <- Pipeline #3 [on: PARTITION (id=6), port: default, barrier: PARTIAL]
  Dependencies: Pipeline #3
  Output: -> CONCAT [port: default, barrier: PARTIAL]
Pipeline #5: CONCAT (id=7)
  Input: <- Pipeline #4 [on: CONCAT (id=7), port: default, barrier: PARTIAL]
  Dependencies: Pipeline #4
  Output: -> HASH_JOIN [port: default, barrier: PARTIAL]
Pipeline #6: HASH_JOIN (id=8) -> PROJECTION (id=9) -> HASH_GROUP_BY (id=10)
  Input: <- Pipeline #2 [on: HASH_JOIN (id=8), port: build, barrier: PARTIAL]
  Input: <- Pipeline #5 [on: HASH_JOIN (id=8), port: default, barrier: PARTIAL]
  Dependencies: Pipeline #2, Pipeline #5
  Output: -> PARTITION [port: default, barrier: FULL]
Pipeline #7: PARTITION (id=11)
  Input: <- Pipeline #6 [on: PARTITION (id=11), port: default, barrier: FULL]
  Dependencies: Pipeline #6
  Output: -> MERGE_GROUP_BY [port: default, barrier: FULL]
Pipeline #8: MERGE_GROUP_BY (id=12) -> ORDER_BY (id=13)
  Input: <- Pipeline #7 [on: MERGE_GROUP_BY (id=12), port: default, barrier: FULL]
  Dependencies: Pipeline #7
  Output: -> SORT_SAMPLE [port: default, barrier: PIPELINE]
Pipeline #9: SORT_SAMPLE (id=14) -> SORT_PARTITION (id=15)
  Input: <- Pipeline #8 [on: SORT_SAMPLE (id=14), port: default, barrier: PIPELINE]
  Dependencies: Pipeline #8
  Output: -> MERGE_SORT [port: default, barrier: FULL]
Pipeline #10: MERGE_SORT (id=16)
  Input: <- Pipeline #9 [on: MERGE_SORT (id=16), port: default, barrier: FULL]
  Dependencies: Pipeline #9
  Output: -> RESULT_COLLECTOR [port: default, barrier: FULL]
Pipeline #11: RESULT_COLLECTOR (id=17)
  Input: <- Pipeline #10 [on: RESULT_COLLECTOR (id=17), port: default, barrier: FULL]
  Dependencies: Pipeline #10

=== Query Plan DAG ===
┌──────────────────────────┐                            
│ Pipeline #11             │                            
│ RESULT_COLLECTOR (id=17) │                            
│ Input(#10): FULL         │                            
└────────────┬─────────────┘                            
             │                                          
┌──────────────────────────┐                            
│ Pipeline #10             │                            
│ MERGE_SORT (id=16)       │                            
│ Input(#9): FULL          │                            
└────────────┬─────────────┘                            
             │                                          
┌──────────────────────────┐                            
│ Pipeline #9              │                            
│ SORT_PARTITION (id=15)   │                            
│ SORT_SAMPLE (id=14)      │                            
│ Input(#8): PIPELINE      │                            
└────────────┬─────────────┘                            
             │                                          
┌──────────────────────────┐                            
│ Pipeline #8              │                            
│ ORDER_BY (id=13)         │                            
│ MERGE_GROUP_BY (id=12)   │                            
│ Input(#7): FULL          │                            
└────────────┬─────────────┘                            
             │                                          
┌──────────────────────────┐                            
│ Pipeline #7              │                            
│ PARTITION (id=11)        │                            
│ Input(#6): FULL          │                            
└────────────┬─────────────┘                            
             │                                          
┌──────────────────────────┐                            
│ Pipeline #6              │                            
│ HASH_GROUP_BY (id=10)    │                            
│ PROJECTION (id=9)        │                            
│ HASH_JOIN (id=8)         │                            
│   type: INNER            │                            
│ Input(#2): PARTIAL       │                            
│ Input(#5): PARTIAL       │                            
└────────────┬─────────────┘                            
             ┌───────────────────────────┐              
             │                           │              
┌──────────────────────────┐┌──────────────────────────┐
│ Pipeline #2              ││ Pipeline #5              │
│ CONCAT (id=3)            ││ CONCAT (id=7)            │
│ Input(#1): PARTIAL       ││ Input(#4): PARTIAL       │
└────────────┬─────────────┘└────────────┬─────────────┘
             │                           │              
┌──────────────────────────┐┌──────────────────────────┐
│ Pipeline #1              ││ Pipeline #4              │
│ PARTITION (id=2)         ││ PARTITION (id=6)         │
│ Input(#0): FULL          ││ Input(#3): PARTIAL       │
└────────────┬─────────────┘└────────────┬─────────────┘
             │                           │              
┌──────────────────────────┐┌──────────────────────────┐
│ Pipeline #0              ││ Pipeline #3              │
│ FILTER (id=1)            ││ DYNAMIC_FILTER (id=5)    │
│ GPU_SCAN (id=0)          ││ GPU_SCAN (id=4)          │
└──────────────────────────┘└──────────────────────────┘

[2026-09-07 12:48:44.071] [info] [sirius_engine.cpp:186] query 80 telemetry_query=01a07d6a75a7731189a8a9c8a6cc6b59
[2026-09-07 12:48:44.071] [info] [sirius_scan_manager.cpp:2882] [sirius_scan_manager] zone-map pruning for pinned entry 'lineitem' (GPU tier): 3/8 chunks pruned, serving 5
[2026-09-07 12:48:44.071] [info] [sirius_scan_manager.cpp:2999] [sirius_scan_manager] assigned pinned entry 'lineitem' to operator '0'
[2026-09-07 12:48:44.071] [info] [sirius_scan_manager.cpp:2999] [sirius_scan_manager] assigned pinned entry 'orders' to operator '4'
[2026-09-07 12:48:44.071] [info] [sirius_scan_manager.cpp:823] [late-mat] operator 0: not deferring — the scan restricts rows and its pin is compressed, so the surviving rows are decided inside the decode
[2026-09-07 12:48:44.071] [info] [sirius_scan_manager.cpp:884] [late-mat] operator 4: slot0 — too few port crossings (16 B/row over 3 boundaries)
[2026-09-07 12:48:44.071] [info] [sirius_scan_manager.cpp:897] [late-mat] operator 4: 1 column(s) withheld — a partition hashes them
[2026-09-07 12:48:44.071] [info] [memory_prefetcher.cpp:59] [memory_prefetcher] started: 3 threads, 2 connectors, min_free_fraction=0.40
[2026-09-07 12:48:44.085] [info] [dynamic_filter_publisher.cpp:297] [sirius_physical_hash_join] Pushed 1 dynamic filter(s) across 1 active target(s) of 1 wired target(s) (3116283 build rows, 1 bound keys of 1 admitted).
[2026-09-07 12:48:44.092] [info] [gpu_pipeline_executor.cpp:129] GPU Pipeline Executor: task queue interrupted, stopping manager loop
[2026-09-07 12:48:44.093] [info] [sirius_context.cpp:405] QueryEnd
[2026-09-07 12:48:44.093] [info] [memory_prefetcher.cpp:72] [memory_prefetcher] stopping: prefetched 0 batches / 0 bytes (stops: headroom=0 reservation=0, skips: lock=0 draining=25, errors=0)
[2026-09-07 12:48:44.093] [info] [sirius_context.cpp:256] [host_pool] HOST:0 QueryEnd instance=0xb81ad11d8040 connection=1 window=80 query=196 allocated=17515413504 bytes peak=17582522368 bytes free_blocks=539
[2026-09-07 12:48:44.093] [info] [sirius_context.cpp:271] [gpu_pool] GPU:0 QueryEnd instance=0xb81ad11d8040 connection=1 window=80 query=196 allocated=7358348288 bytes peak=35443180924 bytes reserved=0 bytes
[2026-09-07 12:48:44.093] [info] [sirius_context.cpp:521] [window] end instance=0xb81ad11d8040 connection=1 window=80 query=196 outcome=ok
[2026-09-07 12:48:44.093] [info] [physical_sirius_execution.cpp:327] Transparent GPU execution: query completed
[2026-09-07 12:48:44.110] [info] [sirius_context.cpp:329] QueryBegin: instance=0xb81ad11d8040 connection=1 query=197 SQL: CALL sirius_set_query_label('q12_iter2')
[2026-09-07 12:48:44.110] [info] [sirius_context.cpp:329] QueryBegin: instance=0xb81ad11d8040 connection=1 query=198 SQL: SET gpu_execution = true;
[2026-09-07 12:48:44.111] [info] [sirius_context.cpp:329] QueryBegin: instance=0xb81ad11d8040 connection=1 query=199 SQL: select l.l_shipmode, sum(case when o.o_orderpriority = '1-URGENT' or o.o_orderpriority = '2-HIGH' then 1 else 0 end) as high_line_count, sum(case when o.o_orderpriority <> '1-URGENT' and o.o_orderpriority <> '2-HIGH' then 1 else 0 end) as low_line_count from orders o, lineitem l where o.o_orderkey = l.l_orderkey and l.l_shipmode in ('TRUCK', 'REG AIR') and l.l_commitdate < l.l_receiptdate and l.l_shipdate < l.l_commitdate and l.l_receiptdate >= date '1994-01-01' and l.l_receiptdate < date '1995-01-01' group by l.l_shipmode order by l.l_shipmode
[2026-09-07 12:48:44.117] [info] [sirius_plan_comparison_join.cpp:646] [sirius_plan_comparison_join] Wired hash join with 1 dynamic-filter probe target(s) (1 scan-bound, 0 join-edge; evidence=filtered; build est 600037902 rows).
[2026-09-07 12:48:44.117] [info] [sirius_context.cpp:1467] Transparent execution: Sirius physical plan generated successfully
[2026-09-07 12:48:44.117] [info] [sirius_context.cpp:1495] Transparent execution: physical plan replaced with GPU operator
[2026-09-07 12:48:44.117] [info] [physical_sirius_execution.cpp:157] Transparent GPU execution: executing query
[2026-09-07 12:48:44.117] [info] [sirius_context.cpp:521] [window] begin instance=0xb81ad11d8040 connection=1 window=81 query=199 outcome=-
[2026-09-07 12:48:44.117] [info] [sirius_context.cpp:256] [host_pool] HOST:0 QueryBegin instance=0xb81ad11d8040 connection=1 window=81 query=199 allocated=17515413504 bytes peak=17582522368 bytes free_blocks=539
[2026-09-07 12:48:44.117] [info] [sirius_context.cpp:271] [gpu_pool] GPU:0 QueryBegin instance=0xb81ad11d8040 connection=1 window=81 query=199 allocated=7358348288 bytes peak=35443180924 bytes reserved=0 bytes
[2026-09-07 12:48:44.117] [info] [sirius_context.cpp:389] QueryBegin: transparent_execution
[2026-09-07 12:48:44.119] [info] [sirius_plan_comparison_join.cpp:646] [sirius_plan_comparison_join] Wired hash join with 1 dynamic-filter probe target(s) (1 scan-bound, 0 join-edge; evidence=filtered; build est 600037902 rows).
[2026-09-07 12:48:44.119] [info] [sirius_engine.cpp:265] [gpu_alloc] query allocated 1 GPU(s): [0]
[2026-09-07 12:48:44.119] [info] [sirius_engine.cpp:318] Query Plan:
=== Pipeline Overview ===
Pipeline #0: GPU_SCAN (id=0) -> FILTER (id=1)
  Output: -> PARTITION [port: default, barrier: FULL]
Pipeline #1: PARTITION (id=2)
  Input: <- Pipeline #0 [on: PARTITION (id=2), port: default, barrier: FULL]
  Dependencies: Pipeline #0
  Output: -> CONCAT [port: default, barrier: PARTIAL]
Pipeline #2: CONCAT (id=3)
  Input: <- Pipeline #1 [on: CONCAT (id=3), port: default, barrier: PARTIAL]
  Dependencies: Pipeline #1
  Output: -> HASH_JOIN [port: build, barrier: PARTIAL]
Pipeline #3: GPU_SCAN (id=4) -> DYNAMIC_FILTER (id=5)
  Output: -> PARTITION [port: default, barrier: PARTIAL]
Pipeline #4: PARTITION (id=6)
  Input: <- Pipeline #3 [on: PARTITION (id=6), port: default, barrier: PARTIAL]
  Dependencies: Pipeline #3
  Output: -> CONCAT [port: default, barrier: PARTIAL]
Pipeline #5: CONCAT (id=7)
  Input: <- Pipeline #4 [on: CONCAT (id=7), port: default, barrier: PARTIAL]
  Dependencies: Pipeline #4
  Output: -> HASH_JOIN [port: default, barrier: PARTIAL]
Pipeline #6: HASH_JOIN (id=8) -> PROJECTION (id=9) -> HASH_GROUP_BY (id=10)
  Input: <- Pipeline #2 [on: HASH_JOIN (id=8), port: build, barrier: PARTIAL]
  Input: <- Pipeline #5 [on: HASH_JOIN (id=8), port: default, barrier: PARTIAL]
  Dependencies: Pipeline #2, Pipeline #5
  Output: -> PARTITION [port: default, barrier: FULL]
Pipeline #7: PARTITION (id=11)
  Input: <- Pipeline #6 [on: PARTITION (id=11), port: default, barrier: FULL]
  Dependencies: Pipeline #6
  Output: -> MERGE_GROUP_BY [port: default, barrier: FULL]
Pipeline #8: MERGE_GROUP_BY (id=12) -> ORDER_BY (id=13)
  Input: <- Pipeline #7 [on: MERGE_GROUP_BY (id=12), port: default, barrier: FULL]
  Dependencies: Pipeline #7
  Output: -> SORT_SAMPLE [port: default, barrier: PIPELINE]
Pipeline #9: SORT_SAMPLE (id=14) -> SORT_PARTITION (id=15)
  Input: <- Pipeline #8 [on: SORT_SAMPLE (id=14), port: default, barrier: PIPELINE]
  Dependencies: Pipeline #8
  Output: -> MERGE_SORT [port: default, barrier: FULL]
Pipeline #10: MERGE_SORT (id=16)
  Input: <- Pipeline #9 [on: MERGE_SORT (id=16), port: default, barrier: FULL]
  Dependencies: Pipeline #9
  Output: -> RESULT_COLLECTOR [port: default, barrier: FULL]
Pipeline #11: RESULT_COLLECTOR (id=17)
  Input: <- Pipeline #10 [on: RESULT_COLLECTOR (id=17), port: default, barrier: FULL]
  Dependencies: Pipeline #10

=== Query Plan DAG ===
┌──────────────────────────┐                            
│ Pipeline #11             │                            
│ RESULT_COLLECTOR (id=17) │                            
│ Input(#10): FULL         │                            
└────────────┬─────────────┘                            
             │                                          
┌──────────────────────────┐                            
│ Pipeline #10             │                            
│ MERGE_SORT (id=16)       │                            
│ Input(#9): FULL          │                            
└────────────┬─────────────┘                            
             │                                          
┌──────────────────────────┐                            
│ Pipeline #9              │                            
│ SORT_PARTITION (id=15)   │                            
│ SORT_SAMPLE (id=14)      │                            
│ Input(#8): PIPELINE      │                            
└────────────┬─────────────┘                            
             │                                          
┌──────────────────────────┐                            
│ Pipeline #8              │                            
│ ORDER_BY (id=13)         │                            
│ MERGE_GROUP_BY (id=12)   │                            
│ Input(#7): FULL          │                            
└────────────┬─────────────┘                            
             │                                          
┌──────────────────────────┐                            
│ Pipeline #7              │                            
│ PARTITION (id=11)        │                            
│ Input(#6): FULL          │                            
└────────────┬─────────────┘                            
             │                                          
┌──────────────────────────┐                            
│ Pipeline #6              │                            
│ HASH_GROUP_BY (id=10)    │                            
│ PROJECTION (id=9)        │                            
│ HASH_JOIN (id=8)         │                            
│   type: INNER            │                            
│ Input(#2): PARTIAL       │                            
│ Input(#5): PARTIAL       │                            
└────────────┬─────────────┘                            
             ┌───────────────────────────┐              
             │                           │              
┌──────────────────────────┐┌──────────────────────────┐
│ Pipeline #2              ││ Pipeline #5              │
│ CONCAT (id=3)            ││ CONCAT (id=7)            │
│ Input(#1): PARTIAL       ││ Input(#4): PARTIAL       │
└────────────┬─────────────┘└────────────┬─────────────┘
             │                           │              
┌──────────────────────────┐┌──────────────────────────┐
│ Pipeline #1              ││ Pipeline #4              │
│ PARTITION (id=2)         ││ PARTITION (id=6)         │
│ Input(#0): FULL          ││ Input(#3): PARTIAL       │
└────────────┬─────────────┘└────────────┬─────────────┘
             │                           │              
┌──────────────────────────┐┌──────────────────────────┐
│ Pipeline #0              ││ Pipeline #3              │
│ FILTER (id=1)            ││ DYNAMIC_FILTER (id=5)    │
│ GPU_SCAN (id=0)          ││ GPU_SCAN (id=4)          │
└──────────────────────────┘└──────────────────────────┘

[2026-09-07 12:48:44.119] [info] [sirius_engine.cpp:186] query 81 telemetry_query=01a07d6a75d770f28476b1adb8e4a31b
[2026-09-07 12:48:44.120] [info] [sirius_scan_manager.cpp:2882] [sirius_scan_manager] zone-map pruning for pinned entry 'lineitem' (GPU tier): 3/8 chunks pruned, serving 5
[2026-09-07 12:48:44.120] [info] [sirius_scan_manager.cpp:2999] [sirius_scan_manager] assigned pinned entry 'lineitem' to operator '0'
[2026-09-07 12:48:44.120] [info] [sirius_scan_manager.cpp:2999] [sirius_scan_manager] assigned pinned entry 'orders' to operator '4'
[2026-09-07 12:48:44.120] [info] [sirius_scan_manager.cpp:823] [late-mat] operator 0: not deferring — the scan restricts rows and its pin is compressed, so the surviving rows are decided inside the decode
[2026-09-07 12:48:44.120] [info] [sirius_scan_manager.cpp:884] [late-mat] operator 4: slot0 — too few port crossings (16 B/row over 3 boundaries)
[2026-09-07 12:48:44.120] [info] [sirius_scan_manager.cpp:897] [late-mat] operator 4: 1 column(s) withheld — a partition hashes them
[2026-09-07 12:48:44.120] [info] [memory_prefetcher.cpp:59] [memory_prefetcher] started: 3 threads, 2 connectors, min_free_fraction=0.40
[2026-09-07 12:48:44.134] [info] [dynamic_filter_publisher.cpp:297] [sirius_physical_hash_join] Pushed 1 dynamic filter(s) across 1 active target(s) of 1 wired target(s) (3116283 build rows, 1 bound keys of 1 admitted).
[2026-09-07 12:48:44.140] [info] [gpu_pipeline_executor.cpp:129] GPU Pipeline Executor: task queue interrupted, stopping manager loop
[2026-09-07 12:48:44.141] [info] [sirius_context.cpp:405] QueryEnd
[2026-09-07 12:48:44.141] [info] [memory_prefetcher.cpp:72] [memory_prefetcher] stopping: prefetched 0 batches / 0 bytes (stops: headroom=0 reservation=0, skips: lock=0 draining=27, errors=0)
[2026-09-07 12:48:44.141] [info] [sirius_context.cpp:256] [host_pool] HOST:0 QueryEnd instance=0xb81ad11d8040 connection=1 window=81 query=199 allocated=17515413504 bytes peak=17582522368 bytes free_blocks=539
[2026-09-07 12:48:44.141] [info] [sirius_context.cpp:271] [gpu_pool] GPU:0 QueryEnd instance=0xb81ad11d8040 connection=1 window=81 query=199 allocated=7358348288 bytes peak=35443180924 bytes reserved=0 bytes
[2026-09-07 12:48:44.141] [info] [sirius_context.cpp:521] [window] end instance=0xb81ad11d8040 connection=1 window=81 query=199 outcome=ok
[2026-09-07 12:48:44.141] [info] [physical_sirius_execution.cpp:327] Transparent GPU execution: query completed
[2026-09-07 12:48:44.142] [info] [sirius_context.cpp:329] QueryBegin: instance=0xb81ad11d8040 connection=1 query=200 SQL: CALL unpin_table('orders')
[2026-09-07 12:48:44.142] [info] [sirius_context.cpp:329] QueryBegin: instance=0xb81ad11d8040 connection=1 query=201 SQL: CALL unpin_table('lineitem')
[2026-09-07 12:48:44.143] [info] [sirius_context.cpp:329] QueryBegin: instance=0xb81ad11d8040 connection=1 query=202 SQL: CALL pin_table('/datasets/tpch_sf100_sorted/customer/*.parquet', tier='gpu', name='customer', cols=['c_custkey'])
[2026-09-07 12:48:44.144] [info] [sirius_context.cpp:521] [window] begin instance=0xb81ad11d8040 connection=1 window=82 query=202 outcome=-
[2026-09-07 12:48:44.144] [info] [sirius_context.cpp:256] [host_pool] HOST:0 QueryBegin instance=0xb81ad11d8040 connection=1 window=82 query=202 allocated=17515413504 bytes peak=17582522368 bytes free_blocks=539
[2026-09-07 12:48:44.144] [info] [sirius_context.cpp:271] [gpu_pool] GPU:0 QueryBegin instance=0xb81ad11d8040 connection=1 window=82 query=202 allocated=0 bytes peak=35443180924 bytes reserved=0 bytes
[2026-09-07 12:48:44.144] [info] [sirius_context.cpp:389] QueryBegin: pin_table
[2026-09-07 12:48:44.144] [warning] [sirius_extension.cpp:1430] [pin_table] 'customer': pin_table_compression is enabled but no plan file was found in '/home/nvidia/joost/sirius-zonemap/bench/sf1000-repro/plans'; pinning uncompressed
[2026-09-07 12:48:44.148] [info] [sirius_extension.cpp:1478] [late-mat] pin 'customer': column 'c_custkey' proven distinct table-wide (per-chunk)
[2026-09-07 12:48:44.148] [info] [sirius_context.cpp:405] QueryEnd
[2026-09-07 12:48:44.148] [info] [sirius_context.cpp:256] [host_pool] HOST:0 QueryEnd instance=0xb81ad11d8040 connection=1 window=82 query=202 allocated=17515413504 bytes peak=17582522368 bytes free_blocks=539
[2026-09-07 12:48:44.148] [info] [sirius_context.cpp:271] [gpu_pool] GPU:0 QueryEnd instance=0xb81ad11d8040 connection=1 window=82 query=202 allocated=61875200 bytes peak=35443180924 bytes reserved=0 bytes
[2026-09-07 12:48:44.148] [info] [sirius_context.cpp:521] [window] end instance=0xb81ad11d8040 connection=1 window=82 query=202 outcome=ok
[2026-09-07 12:48:44.148] [info] [sirius_context.cpp:329] QueryBegin: instance=0xb81ad11d8040 connection=1 query=203 SQL: CALL pin_table('/datasets/tpch_sf100_sorted/orders/*.parquet', tier='gpu', name='orders', cols=['o_custkey','o_orderkey','o_comment'])
[2026-09-07 12:48:44.148] [info] [sirius_context.cpp:521] [window] begin instance=0xb81ad11d8040 connection=1 window=83 query=203 outcome=-
[2026-09-07 12:48:44.148] [info] [sirius_context.cpp:256] [host_pool] HOST:0 QueryBegin instance=0xb81ad11d8040 connection=1 window=83 query=203 allocated=17515413504 bytes peak=17582522368 bytes free_blocks=539
[2026-09-07 12:48:44.148] [info] [sirius_context.cpp:271] [gpu_pool] GPU:0 QueryBegin instance=0xb81ad11d8040 connection=1 window=83 query=203 allocated=61875200 bytes peak=35443180924 bytes reserved=0 bytes
[2026-09-07 12:48:44.148] [info] [sirius_context.cpp:389] QueryBegin: pin_table
[2026-09-07 12:48:44.148] [info] [sirius_extension.cpp:1420] [pin_table] 'orders' tier=gpu: compressing with plan for 3 column(s)
[2026-09-07 12:48:49.189] [info] [sirius_context.cpp:405] QueryEnd
[2026-09-07 12:48:49.190] [info] [sirius_context.cpp:256] [host_pool] HOST:0 QueryEnd instance=0xb81ad11d8040 connection=1 window=83 query=203 allocated=17515413504 bytes peak=17582522368 bytes free_blocks=539
[2026-09-07 12:48:49.190] [info] [sirius_context.cpp:271] [gpu_pool] GPU:0 QueryEnd instance=0xb81ad11d8040 connection=1 window=83 query=203 allocated=9193167872 bytes peak=35443180924 bytes reserved=0 bytes
[2026-09-07 12:48:49.190] [info] [sirius_context.cpp:521] [window] end instance=0xb81ad11d8040 connection=1 window=83 query=203 outcome=ok
[2026-09-07 12:48:49.190] [info] [sirius_context.cpp:329] QueryBegin: instance=0xb81ad11d8040 connection=1 query=204 SQL: CALL sirius_set_query_label('q13_iter0')
[2026-09-07 12:48:49.191] [info] [sirius_context.cpp:329] QueryBegin: instance=0xb81ad11d8040 connection=1 query=205 SQL: SET gpu_execution = true;
