[2026-09-08 05:15:07.833] [info] [sirius_context.cpp:329] QueryBegin: instance=0xbdc08f6d37a0 connection=1 query=288 SQL: select sum(l.l_extendedprice* (1 - l.l_discount)) as revenue from lineitem l, part p where ( p.p_partkey = l.l_partkey and p.p_brand = 'Brand#41' and p.p_container in ('SM CASE', 'SM BOX', 'SM PACK', 'SM PKG') and l.l_quantity >= 2 and l.l_quantity <= 2 + 10 and p.p_size between 1 and 5 and l.l_shipmode in ('AIR', 'AIR REG') and l.l_shipinstruct = 'DELIVER IN PERSON' ) or ( p.p_partkey = l.l_partkey and p.p_brand = 'Brand#13' and p.p_container in ('MED BAG', 'MED BOX', 'MED PKG', 'MED PACK') and l.l_quantity >= 14 and l.l_quantity <= 14 + 10 and p.p_size between 1 and 10 and l.l_shipmode in ('AIR', 'AIR REG') and l.l_shipinstruct = 'DELIVER IN PERSON' ) or ( p.p_partkey = l.l_partkey and p.p_brand = 'Brand#55' and p.p_container in ('LG CASE', 'LG BOX', 'LG PACK', 'LG PKG') and l.l_quantity >= 23 and l.l_quantity <= 23 + 10 and p.p_size between 1 and 15 and l.l_shipmode in ('AIR', 'AIR REG') and l.l_shipinstruct = 'DELIVER IN PERSON' )
[2026-09-08 05:15:07.846] [info] [sirius_plan_comparison_join.cpp:646] [sirius_plan_comparison_join] Wired hash join with 1 dynamic-filter probe target(s) (1 scan-bound, 0 join-edge; evidence=filtered; build est 199999968 rows).
[2026-09-08 05:15:07.847] [info] [sirius_context.cpp:1467] Transparent execution: Sirius physical plan generated successfully
[2026-09-08 05:15:07.847] [info] [sirius_context.cpp:1495] Transparent execution: physical plan replaced with GPU operator
[2026-09-08 05:15:07.847] [info] [physical_sirius_execution.cpp:157] Transparent GPU execution: executing query
[2026-09-08 05:15:07.847] [info] [sirius_context.cpp:521] [window] begin instance=0xbdc08f6d37a0 connection=1 window=116 query=288 outcome=-
[2026-09-08 05:15:07.847] [info] [sirius_context.cpp:256] [host_pool] HOST:0 QueryBegin instance=0xbdc08f6d37a0 connection=1 window=116 query=288 allocated=114689048576 bytes peak=183005872128 bytes free_blocks=1427
[2026-09-08 05:15:07.847] [info] [sirius_context.cpp:271] [gpu_pool] GPU:0 QueryBegin instance=0xbdc08f6d37a0 connection=1 window=116 query=288 allocated=0 bytes peak=254818874163 bytes reserved=0 bytes
[2026-09-08 05:15:07.847] [info] [sirius_context.cpp:389] QueryBegin: transparent_execution
[2026-09-08 05:15:07.850] [info] [sirius_plan_comparison_join.cpp:646] [sirius_plan_comparison_join] Wired hash join with 1 dynamic-filter probe target(s) (1 scan-bound, 0 join-edge; evidence=filtered; build est 199999968 rows).
[2026-09-08 05:15:07.851] [info] [sirius_engine.cpp:265] [gpu_alloc] query allocated 1 GPU(s): [0]
[2026-09-08 05:15:07.851] [info] [sirius_engine.cpp:318] Query Plan:
=== Pipeline Overview ===
Pipeline #0: GPU_SCAN (id=0) -> FILTER (id=1)
  Output: -> PARTITION [port: default, barrier: FULL]
Pipeline #1: PARTITION (id=2)
  Input: <- Pipeline #0 [on: PARTITION (id=2), port: default, barrier: FULL]
  Dependencies: Pipeline #0
  Output: -> CONCAT [port: default, barrier: PARTIAL]
Pipeline #2: CONCAT (id=3)
  Input: <- Pipeline #1 [on: CONCAT (id=3), port: default, barrier: PARTIAL]
  Dependencies: Pipeline #1
  Output: -> HASH_JOIN [port: build, barrier: PARTIAL]
Pipeline #3: GPU_SCAN (id=4) -> DYNAMIC_FILTER (id=5) -> FILTER (id=6)
  Output: -> PARTITION [port: default, barrier: PARTIAL]
Pipeline #4: PARTITION (id=7)
  Input: <- Pipeline #3 [on: PARTITION (id=7), port: default, barrier: PARTIAL]
  Dependencies: Pipeline #3
  Output: -> CONCAT [port: default, barrier: PARTIAL]
Pipeline #5: CONCAT (id=8)
  Input: <- Pipeline #4 [on: CONCAT (id=8), port: default, barrier: PARTIAL]
  Dependencies: Pipeline #4
  Output: -> HASH_JOIN [port: default, barrier: PARTIAL]
Pipeline #6: HASH_JOIN (id=9) -> FILTER (id=10) -> PROJECTION (id=11) -> UNGROUPED_AGGREGATE (id=12)
  Input: <- Pipeline #2 [on: HASH_JOIN (id=9), port: build, barrier: PARTIAL]
  Input: <- Pipeline #5 [on: HASH_JOIN (id=9), port: default, barrier: PARTIAL]
  Dependencies: Pipeline #2, Pipeline #5
  Output: -> MERGE_AGGREGATE [port: default, barrier: FULL]
Pipeline #7: MERGE_AGGREGATE (id=13)
  Input: <- Pipeline #6 [on: MERGE_AGGREGATE (id=13), port: default, barrier: FULL]
  Dependencies: Pipeline #6
  Output: -> RESULT_COLLECTOR [port: default, barrier: FULL]
Pipeline #8: RESULT_COLLECTOR (id=14)
  Input: <- Pipeline #7 [on: RESULT_COLLECTOR (id=14), port: default, barrier: FULL]
  Dependencies: Pipeline #7

=== Query Plan DAG ===
┌─────────────────────────────┐                               
│ Pipeline #8                 │                               
│ RESULT_COLLECTOR (id=14)    │                               
│ Input(#7): FULL             │                               
└──────────────┬──────────────┘                               
               │                                              
┌─────────────────────────────┐                               
│ Pipeline #7                 │                               
│ MERGE_AGGREGATE (id=13)     │                               
│ Input(#6): FULL             │                               
└──────────────┬──────────────┘                               
               │                                              
┌─────────────────────────────┐                               
│ Pipeline #6                 │                               
│ UNGROUPED_AGGREGATE (id=12) │                               
│ PROJECTION (id=11)          │                               
│ FILTER (id=10)              │                               
│ HASH_JOIN (id=9)            │                               
│   type: INNER               │                               
│ Input(#2): PARTIAL          │                               
│ Input(#5): PARTIAL          │                               
└──────────────┬──────────────┘                               
               ┌──────────────────────────────┐               
               │                              │               
┌─────────────────────────────┐┌─────────────────────────────┐
│ Pipeline #2                 ││ Pipeline #5                 │
│ CONCAT (id=3)               ││ CONCAT (id=8)               │
│ Input(#1): PARTIAL          ││ Input(#4): PARTIAL          │
└──────────────┬──────────────┘└──────────────┬──────────────┘
               │                              │               
┌─────────────────────────────┐┌─────────────────────────────┐
│ Pipeline #1                 ││ Pipeline #4                 │
│ PARTITION (id=2)            ││ PARTITION (id=7)            │
│ Input(#0): FULL             ││ Input(#3): PARTIAL          │
└──────────────┬──────────────┘└──────────────┬──────────────┘
               │                              │               
┌─────────────────────────────┐┌─────────────────────────────┐
│ Pipeline #0                 ││ Pipeline #3                 │
│ FILTER (id=1)               ││ FILTER (id=6)               │
│ GPU_SCAN (id=0)             ││ DYNAMIC_FILTER (id=5)       │
│                             ││ GPU_SCAN (id=4)             │
└─────────────────────────────┘└─────────────────────────────┘

[2026-09-08 05:15:07.851] [info] [sirius_engine.cpp:186] query 116 telemetry_query=01a080f1884b74d0bf1f82addfa41ec8
[2026-09-08 05:15:07.851] [info] [sirius_scan_manager.cpp:2999] [sirius_scan_manager] assigned pinned entry 'part' to operator '0'
[2026-09-08 05:15:07.851] [info] [sirius_scan_manager.cpp:2999] [sirius_scan_manager] assigned pinned entry 'lineitem' to operator '4'
[2026-09-08 05:15:07.851] [info] [sirius_scan_manager.cpp:823] [late-mat] operator 0: not deferring — the pinned entry is not device-resident
[2026-09-08 05:15:07.851] [info] [sirius_scan_manager.cpp:823] [late-mat] operator 4: not deferring — the pinned entry is not device-resident
[2026-09-08 05:15:07.853] [info] [memory_prefetcher.cpp:59] [memory_prefetcher] started: 3 threads, 2 connectors, min_free_fraction=0.40
[2026-09-08 05:15:08.067] [info] [dynamic_filter_publisher.cpp:297] [sirius_physical_hash_join] Pushed 1 dynamic filter(s) across 1 active target(s) of 1 wired target(s) (480774 build rows, 1 bound keys of 1 admitted).
[2026-09-08 05:15:08.376] [warning] [sirius_physical_partition.cpp:375] slot_for_device: device_id 0 not found in active GPU list, falling back to slot 0
[2026-09-08 05:15:08.376] [warning] [sirius_physical_partition.cpp:375] slot_for_device: device_id 0 not found in active GPU list, falling back to slot 0
[2026-09-08 05:15:08.376] [warning] [sirius_physical_partition.cpp:375] slot_for_device: device_id 0 not found in active GPU list, falling back to slot 0
[2026-09-08 05:15:08.376] [warning] [sirius_physical_partition.cpp:375] slot_for_device: device_id 0 not found in active GPU list, falling back to slot 0
[2026-09-08 05:15:08.376] [warning] [sirius_physical_partition.cpp:375] slot_for_device: device_id 0 not found in active GPU list, falling back to slot 0
[2026-09-08 05:15:08.376] [warning] [sirius_physical_partition.cpp:375] slot_for_device: device_id 0 not found in active GPU list, falling back to slot 0
[2026-09-08 05:15:08.377] [warning] [sirius_physical_partition.cpp:375] slot_for_device: device_id 0 not found in active GPU list, falling back to slot 0
[2026-09-08 05:15:08.377] [warning] [sirius_physical_partition.cpp:375] slot_for_device: device_id 0 not found in active GPU list, falling back to slot 0
[2026-09-08 05:15:08.377] [warning] [sirius_physical_partition.cpp:375] slot_for_device: device_id 0 not found in active GPU list, falling back to slot 0
[2026-09-08 05:15:08.377] [warning] [sirius_physical_partition.cpp:375] slot_for_device: device_id 0 not found in active GPU list, falling back to slot 0
[2026-09-08 05:15:08.377] [warning] [sirius_physical_partition.cpp:375] slot_for_device: device_id 0 not found in active GPU list, falling back to slot 0
[2026-09-08 05:15:08.377] [warning] [sirius_physical_partition.cpp:375] slot_for_device: device_id 0 not found in active GPU list, falling back to slot 0
[2026-09-08 05:15:08.377] [warning] [sirius_physical_partition.cpp:375] slot_for_device: device_id 0 not found in active GPU list, falling back to slot 0
[2026-09-08 05:15:08.377] [warning] [sirius_physical_partition.cpp:375] slot_for_device: device_id 0 not found in active GPU list, falling back to slot 0
[2026-09-08 05:15:08.377] [warning] [sirius_physical_partition.cpp:375] slot_for_device: device_id 0 not found in active GPU list, falling back to slot 0
[2026-09-08 05:15:08.377] [warning] [sirius_physical_partition.cpp:375] slot_for_device: device_id 0 not found in active GPU list, falling back to slot 0
[2026-09-08 05:15:08.377] [warning] [sirius_physical_partition.cpp:375] slot_for_device: device_id 0 not found in active GPU list, falling back to slot 0
[2026-09-08 05:15:08.377] [warning] [sirius_physical_partition.cpp:375] slot_for_device: device_id 0 not found in active GPU list, falling back to slot 0
[2026-09-08 05:15:08.377] [warning] [sirius_physical_partition.cpp:375] slot_for_device: device_id 0 not found in active GPU list, falling back to slot 0
[2026-09-08 05:15:08.377] [warning] [sirius_physical_partition.cpp:375] slot_for_device: device_id 0 not found in active GPU list, falling back to slot 0
[2026-09-08 05:15:08.377] [warning] [sirius_physical_partition.cpp:375] slot_for_device: device_id 0 not found in active GPU list, falling back to slot 0
[2026-09-08 05:15:08.377] [warning] [sirius_physical_partition.cpp:375] slot_for_device: device_id 0 not found in active GPU list, falling back to slot 0
[2026-09-08 05:15:08.377] [warning] [sirius_physical_partition.cpp:375] slot_for_device: device_id 0 not found in active GPU list, falling back to slot 0
[2026-09-08 05:15:08.377] [warning] [sirius_physical_partition.cpp:375] slot_for_device: device_id 0 not found in active GPU list, falling back to slot 0
[2026-09-08 05:15:08.377] [warning] [sirius_physical_partition.cpp:375] slot_for_device: device_id 0 not found in active GPU list, falling back to slot 0
[2026-09-08 05:15:08.377] [warning] [sirius_physical_partition.cpp:375] slot_for_device: device_id 0 not found in active GPU list, falling back to slot 0
[2026-09-08 05:15:08.377] [warning] [sirius_physical_partition.cpp:375] slot_for_device: device_id 0 not found in active GPU list, falling back to slot 0
[2026-09-08 05:15:08.377] [warning] [sirius_physical_partition.cpp:375] slot_for_device: device_id 0 not found in active GPU list, falling back to slot 0
[2026-09-08 05:15:08.377] [warning] [sirius_physical_partition.cpp:375] slot_for_device: device_id 0 not found in active GPU list, falling back to slot 0
[2026-09-08 05:15:08.377] [warning] [sirius_physical_partition.cpp:375] slot_for_device: device_id 0 not found in active GPU list, falling back to slot 0
[2026-09-08 05:15:08.377] [warning] [sirius_physical_partition.cpp:375] slot_for_device: device_id 0 not found in active GPU list, falling back to slot 0
[2026-09-08 05:15:08.377] [warning] [sirius_physical_partition.cpp:375] slot_for_device: device_id 0 not found in active GPU list, falling back to slot 0
[2026-09-08 05:15:08.377] [warning] [sirius_physical_partition.cpp:375] slot_for_device: device_id 0 not found in active GPU list, falling back to slot 0
[2026-09-08 05:15:08.377] [warning] [sirius_physical_partition.cpp:375] slot_for_device: device_id 0 not found in active GPU list, falling back to slot 0
[2026-09-08 05:15:08.377] [warning] [sirius_physical_partition.cpp:375] slot_for_device: device_id 0 not found in active GPU list, falling back to slot 0
[2026-09-08 05:15:08.377] [warning] [sirius_physical_partition.cpp:375] slot_for_device: device_id 0 not found in active GPU list, falling back to slot 0
[2026-09-08 05:15:08.378] [warning] [sirius_physical_partition.cpp:375] slot_for_device: device_id 0 not found in active GPU list, falling back to slot 0
[2026-09-08 05:15:08.379] [warning] [sirius_physical_partition.cpp:375] slot_for_device: device_id 0 not found in active GPU list, falling back to slot 0
[2026-09-08 05:15:08.380] [warning] [sirius_physical_partition.cpp:375] slot_for_device: device_id 0 not found in active GPU list, falling back to slot 0
[2026-09-08 05:15:08.381] [warning] [sirius_physical_partition.cpp:375] slot_for_device: device_id 0 not found in active GPU list, falling back to slot 0
[2026-09-08 05:15:08.381] [warning] [sirius_physical_partition.cpp:375] slot_for_device: device_id 0 not found in active GPU list, falling back to slot 0
[2026-09-08 05:15:08.396] [info] [gpu_pipeline_executor.cpp:129] GPU Pipeline Executor: task queue interrupted, stopping manager loop
[2026-09-08 05:15:08.397] [info] [sirius_context.cpp:405] QueryEnd
[2026-09-08 05:15:08.397] [info] [memory_prefetcher.cpp:72] [memory_prefetcher] stopping: prefetched 12 batches / 30289705386 bytes (stops: headroom=35 reservation=0, skips: lock=0 draining=3, errors=0)
[2026-09-08 05:15:08.397] [info] [sirius_context.cpp:256] [host_pool] HOST:0 QueryEnd instance=0xbdc08f6d37a0 connection=1 window=116 query=288 allocated=114689048576 bytes peak=183005872128 bytes free_blocks=1427
[2026-09-08 05:15:08.397] [info] [sirius_context.cpp:271] [gpu_pool] GPU:0 QueryEnd instance=0xbdc08f6d37a0 connection=1 window=116 query=288 allocated=0 bytes peak=254818874163 bytes reserved=0 bytes
[2026-09-08 05:15:08.397] [info] [sirius_context.cpp:521] [window] end instance=0xbdc08f6d37a0 connection=1 window=116 query=288 outcome=ok
[2026-09-08 05:15:08.397] [info] [physical_sirius_execution.cpp:327] Transparent GPU execution: query completed
[2026-09-08 05:15:08.399] [info] [sirius_context.cpp:329] QueryBegin: instance=0xbdc08f6d37a0 connection=1 query=289 SQL: CALL sirius_set_query_label('q19_iter1')
[2026-09-08 05:15:08.399] [info] [sirius_context.cpp:329] QueryBegin: instance=0xbdc08f6d37a0 connection=1 query=290 SQL: SET gpu_execution = true;
[2026-09-08 05:15:08.400] [info] [sirius_context.cpp:329] QueryBegin: instance=0xbdc08f6d37a0 connection=1 query=291 SQL: select sum(l.l_extendedprice* (1 - l.l_discount)) as revenue from lineitem l, part p where ( p.p_partkey = l.l_partkey and p.p_brand = 'Brand#41' and p.p_container in ('SM CASE', 'SM BOX', 'SM PACK', 'SM PKG') and l.l_quantity >= 2 and l.l_quantity <= 2 + 10 and p.p_size between 1 and 5 and l.l_shipmode in ('AIR', 'AIR REG') and l.l_shipinstruct = 'DELIVER IN PERSON' ) or ( p.p_partkey = l.l_partkey and p.p_brand = 'Brand#13' and p.p_container in ('MED BAG', 'MED BOX', 'MED PKG', 'MED PACK') and l.l_quantity >= 14 and l.l_quantity <= 14 + 10 and p.p_size between 1 and 10 and l.l_shipmode in ('AIR', 'AIR REG') and l.l_shipinstruct = 'DELIVER IN PERSON' ) or ( p.p_partkey = l.l_partkey and p.p_brand = 'Brand#55' and p.p_container in ('LG CASE', 'LG BOX', 'LG PACK', 'LG PKG') and l.l_quantity >= 23 and l.l_quantity <= 23 + 10 and p.p_size between 1 and 15 and l.l_shipmode in ('AIR', 'AIR REG') and l.l_shipinstruct = 'DELIVER IN PERSON' )
[2026-09-08 05:15:08.411] [info] [sirius_plan_comparison_join.cpp:646] [sirius_plan_comparison_join] Wired hash join with 1 dynamic-filter probe target(s) (1 scan-bound, 0 join-edge; evidence=filtered; build est 199999968 rows).
[2026-09-08 05:15:08.412] [info] [sirius_context.cpp:1467] Transparent execution: Sirius physical plan generated successfully
[2026-09-08 05:15:08.412] [info] [sirius_context.cpp:1495] Transparent execution: physical plan replaced with GPU operator
[2026-09-08 05:15:08.412] [info] [physical_sirius_execution.cpp:157] Transparent GPU execution: executing query
[2026-09-08 05:15:08.412] [info] [sirius_context.cpp:521] [window] begin instance=0xbdc08f6d37a0 connection=1 window=117 query=291 outcome=-
[2026-09-08 05:15:08.412] [info] [sirius_context.cpp:256] [host_pool] HOST:0 QueryBegin instance=0xbdc08f6d37a0 connection=1 window=117 query=291 allocated=114689048576 bytes peak=183005872128 bytes free_blocks=1427
[2026-09-08 05:15:08.412] [info] [sirius_context.cpp:271] [gpu_pool] GPU:0 QueryBegin instance=0xbdc08f6d37a0 connection=1 window=117 query=291 allocated=0 bytes peak=254818874163 bytes reserved=0 bytes
[2026-09-08 05:15:08.412] [info] [sirius_context.cpp:389] QueryBegin: transparent_execution
[2026-09-08 05:15:08.415] [info] [sirius_plan_comparison_join.cpp:646] [sirius_plan_comparison_join] Wired hash join with 1 dynamic-filter probe target(s) (1 scan-bound, 0 join-edge; evidence=filtered; build est 199999968 rows).
[2026-09-08 05:15:08.416] [info] [sirius_engine.cpp:265] [gpu_alloc] query allocated 1 GPU(s): [0]
[2026-09-08 05:15:08.416] [info] [sirius_engine.cpp:318] Query Plan:
=== Pipeline Overview ===
Pipeline #0: GPU_SCAN (id=0) -> FILTER (id=1)
  Output: -> PARTITION [port: default, barrier: FULL]
Pipeline #1: PARTITION (id=2)
  Input: <- Pipeline #0 [on: PARTITION (id=2), port: default, barrier: FULL]
  Dependencies: Pipeline #0
  Output: -> CONCAT [port: default, barrier: PARTIAL]
Pipeline #2: CONCAT (id=3)
  Input: <- Pipeline #1 [on: CONCAT (id=3), port: default, barrier: PARTIAL]
  Dependencies: Pipeline #1
  Output: -> HASH_JOIN [port: build, barrier: PARTIAL]
Pipeline #3: GPU_SCAN (id=4) -> DYNAMIC_FILTER (id=5) -> FILTER (id=6)
  Output: -> PARTITION [port: default, barrier: PARTIAL]
Pipeline #4: PARTITION (id=7)
  Input: <- Pipeline #3 [on: PARTITION (id=7), port: default, barrier: PARTIAL]
  Dependencies: Pipeline #3
  Output: -> CONCAT [port: default, barrier: PARTIAL]
Pipeline #5: CONCAT (id=8)
  Input: <- Pipeline #4 [on: CONCAT (id=8), port: default, barrier: PARTIAL]
  Dependencies: Pipeline #4
  Output: -> HASH_JOIN [port: default, barrier: PARTIAL]
Pipeline #6: HASH_JOIN (id=9) -> FILTER (id=10) -> PROJECTION (id=11) -> UNGROUPED_AGGREGATE (id=12)
  Input: <- Pipeline #2 [on: HASH_JOIN (id=9), port: build, barrier: PARTIAL]
  Input: <- Pipeline #5 [on: HASH_JOIN (id=9), port: default, barrier: PARTIAL]
  Dependencies: Pipeline #2, Pipeline #5
  Output: -> MERGE_AGGREGATE [port: default, barrier: FULL]
Pipeline #7: MERGE_AGGREGATE (id=13)
  Input: <- Pipeline #6 [on: MERGE_AGGREGATE (id=13), port: default, barrier: FULL]
  Dependencies: Pipeline #6
  Output: -> RESULT_COLLECTOR [port: default, barrier: FULL]
Pipeline #8: RESULT_COLLECTOR (id=14)
  Input: <- Pipeline #7 [on: RESULT_COLLECTOR (id=14), port: default, barrier: FULL]
  Dependencies: Pipeline #7

=== Query Plan DAG ===
┌─────────────────────────────┐                               
│ Pipeline #8                 │                               
│ RESULT_COLLECTOR (id=14)    │                               
│ Input(#7): FULL             │                               
└──────────────┬──────────────┘                               
               │                                              
┌─────────────────────────────┐                               
│ Pipeline #7                 │                               
│ MERGE_AGGREGATE (id=13)     │                               
│ Input(#6): FULL             │                               
└──────────────┬──────────────┘                               
               │                                              
┌─────────────────────────────┐                               
│ Pipeline #6                 │                               
│ UNGROUPED_AGGREGATE (id=12) │                               
│ PROJECTION (id=11)          │                               
│ FILTER (id=10)              │                               
│ HASH_JOIN (id=9)            │                               
│   type: INNER               │                               
│ Input(#2): PARTIAL          │                               
│ Input(#5): PARTIAL          │                               
└──────────────┬──────────────┘                               
               ┌──────────────────────────────┐               
               │                              │               
┌─────────────────────────────┐┌─────────────────────────────┐
│ Pipeline #2                 ││ Pipeline #5                 │
│ CONCAT (id=3)               ││ CONCAT (id=8)               │
│ Input(#1): PARTIAL          ││ Input(#4): PARTIAL          │
└──────────────┬──────────────┘└──────────────┬──────────────┘
               │                              │               
┌─────────────────────────────┐┌─────────────────────────────┐
│ Pipeline #1                 ││ Pipeline #4                 │
│ PARTITION (id=2)            ││ PARTITION (id=7)            │
│ Input(#0): FULL             ││ Input(#3): PARTIAL          │
└──────────────┬──────────────┘└──────────────┬──────────────┘
               │                              │               
┌─────────────────────────────┐┌─────────────────────────────┐
│ Pipeline #0                 ││ Pipeline #3                 │
│ FILTER (id=1)               ││ FILTER (id=6)               │
│ GPU_SCAN (id=0)             ││ DYNAMIC_FILTER (id=5)       │
│                             ││ GPU_SCAN (id=4)             │
└─────────────────────────────┘└─────────────────────────────┘

[2026-09-08 05:15:08.416] [info] [sirius_engine.cpp:186] query 117 telemetry_query=01a080f18a807790b3569316e5723d9c
[2026-09-08 05:15:08.416] [info] [sirius_scan_manager.cpp:2999] [sirius_scan_manager] assigned pinned entry 'part' to operator '0'
[2026-09-08 05:15:08.416] [info] [sirius_scan_manager.cpp:2999] [sirius_scan_manager] assigned pinned entry 'lineitem' to operator '4'
[2026-09-08 05:15:08.416] [info] [sirius_scan_manager.cpp:823] [late-mat] operator 0: not deferring — the pinned entry is not device-resident
[2026-09-08 05:15:08.416] [info] [sirius_scan_manager.cpp:823] [late-mat] operator 4: not deferring — the pinned entry is not device-resident
[2026-09-08 05:15:08.416] [info] [memory_prefetcher.cpp:59] [memory_prefetcher] started: 3 threads, 2 connectors, min_free_fraction=0.40
[2026-09-08 05:15:08.742] [info] [dynamic_filter_publisher.cpp:297] [sirius_physical_hash_join] Pushed 1 dynamic filter(s) across 1 active target(s) of 1 wired target(s) (480774 build rows, 1 bound keys of 1 admitted).
[2026-09-08 05:15:09.002] [warning] [sirius_physical_partition.cpp:375] slot_for_device: device_id 0 not found in active GPU list, falling back to slot 0
[2026-09-08 05:15:09.002] [warning] [sirius_physical_partition.cpp:375] slot_for_device: device_id 0 not found in active GPU list, falling back to slot 0
[2026-09-08 05:15:09.002] [warning] [sirius_physical_partition.cpp:375] slot_for_device: device_id 0 not found in active GPU list, falling back to slot 0
[2026-09-08 05:15:09.002] [warning] [sirius_physical_partition.cpp:375] slot_for_device: device_id 0 not found in active GPU list, falling back to slot 0
[2026-09-08 05:15:09.003] [warning] [sirius_physical_partition.cpp:375] slot_for_device: device_id 0 not found in active GPU list, falling back to slot 0
[2026-09-08 05:15:09.003] [warning] [sirius_physical_partition.cpp:375] slot_for_device: device_id 0 not found in active GPU list, falling back to slot 0
[2026-09-08 05:15:09.003] [warning] [sirius_physical_partition.cpp:375] slot_for_device: device_id 0 not found in active GPU list, falling back to slot 0
[2026-09-08 05:15:09.003] [warning] [sirius_physical_partition.cpp:375] slot_for_device: device_id 0 not found in active GPU list, falling back to slot 0
[2026-09-08 05:15:09.003] [warning] [sirius_physical_partition.cpp:375] slot_for_device: device_id 0 not found in active GPU list, falling back to slot 0
[2026-09-08 05:15:09.003] [warning] [sirius_physical_partition.cpp:375] slot_for_device: device_id 0 not found in active GPU list, falling back to slot 0
[2026-09-08 05:15:09.003] [warning] [sirius_physical_partition.cpp:375] slot_for_device: device_id 0 not found in active GPU list, falling back to slot 0
[2026-09-08 05:15:09.003] [warning] [sirius_physical_partition.cpp:375] slot_for_device: device_id 0 not found in active GPU list, falling back to slot 0
[2026-09-08 05:15:09.003] [warning] [sirius_physical_partition.cpp:375] slot_for_device: device_id 0 not found in active GPU list, falling back to slot 0
[2026-09-08 05:15:09.003] [warning] [sirius_physical_partition.cpp:375] slot_for_device: device_id 0 not found in active GPU list, falling back to slot 0
[2026-09-08 05:15:09.003] [warning] [sirius_physical_partition.cpp:375] slot_for_device: device_id 0 not found in active GPU list, falling back to slot 0
[2026-09-08 05:15:09.003] [warning] [sirius_physical_partition.cpp:375] slot_for_device: device_id 0 not found in active GPU list, falling back to slot 0
[2026-09-08 05:15:09.003] [warning] [sirius_physical_partition.cpp:375] slot_for_device: device_id 0 not found in active GPU list, falling back to slot 0
[2026-09-08 05:15:09.003] [warning] [sirius_physical_partition.cpp:375] slot_for_device: device_id 0 not found in active GPU list, falling back to slot 0
[2026-09-08 05:15:09.003] [warning] [sirius_physical_partition.cpp:375] slot_for_device: device_id 0 not found in active GPU list, falling back to slot 0
[2026-09-08 05:15:09.003] [warning] [sirius_physical_partition.cpp:375] slot_for_device: device_id 0 not found in active GPU list, falling back to slot 0
[2026-09-08 05:15:09.003] [warning] [sirius_physical_partition.cpp:375] slot_for_device: device_id 0 not found in active GPU list, falling back to slot 0
[2026-09-08 05:15:09.004] [warning] [sirius_physical_partition.cpp:375] slot_for_device: device_id 0 not found in active GPU list, falling back to slot 0
[2026-09-08 05:15:09.004] [warning] [sirius_physical_partition.cpp:375] slot_for_device: device_id 0 not found in active GPU list, falling back to slot 0
[2026-09-08 05:15:09.004] [warning] [sirius_physical_partition.cpp:375] slot_for_device: device_id 0 not found in active GPU list, falling back to slot 0
[2026-09-08 05:15:09.004] [warning] [sirius_physical_partition.cpp:375] slot_for_device: device_id 0 not found in active GPU list, falling back to slot 0
[2026-09-08 05:15:09.004] [warning] [sirius_physical_partition.cpp:375] slot_for_device: device_id 0 not found in active GPU list, falling back to slot 0
[2026-09-08 05:15:09.004] [warning] [sirius_physical_partition.cpp:375] slot_for_device: device_id 0 not found in active GPU list, falling back to slot 0
[2026-09-08 05:15:09.004] [warning] [sirius_physical_partition.cpp:375] slot_for_device: device_id 0 not found in active GPU list, falling back to slot 0
[2026-09-08 05:15:09.004] [warning] [sirius_physical_partition.cpp:375] slot_for_device: device_id 0 not found in active GPU list, falling back to slot 0
[2026-09-08 05:15:09.004] [warning] [sirius_physical_partition.cpp:375] slot_for_device: device_id 0 not found in active GPU list, falling back to slot 0
[2026-09-08 05:15:09.004] [warning] [sirius_physical_partition.cpp:375] slot_for_device: device_id 0 not found in active GPU list, falling back to slot 0
[2026-09-08 05:15:09.004] [warning] [sirius_physical_partition.cpp:375] slot_for_device: device_id 0 not found in active GPU list, falling back to slot 0
[2026-09-08 05:15:09.004] [warning] [sirius_physical_partition.cpp:375] slot_for_device: device_id 0 not found in active GPU list, falling back to slot 0
[2026-09-08 05:15:09.004] [warning] [sirius_physical_partition.cpp:375] slot_for_device: device_id 0 not found in active GPU list, falling back to slot 0
[2026-09-08 05:15:09.004] [warning] [sirius_physical_partition.cpp:375] slot_for_device: device_id 0 not found in active GPU list, falling back to slot 0
[2026-09-08 05:15:09.004] [warning] [sirius_physical_partition.cpp:375] slot_for_device: device_id 0 not found in active GPU list, falling back to slot 0
[2026-09-08 05:15:09.005] [warning] [sirius_physical_partition.cpp:375] slot_for_device: device_id 0 not found in active GPU list, falling back to slot 0
[2026-09-08 05:15:09.006] [warning] [sirius_physical_partition.cpp:375] slot_for_device: device_id 0 not found in active GPU list, falling back to slot 0
[2026-09-08 05:15:09.006] [warning] [sirius_physical_partition.cpp:375] slot_for_device: device_id 0 not found in active GPU list, falling back to slot 0
[2026-09-08 05:15:09.008] [warning] [sirius_physical_partition.cpp:375] slot_for_device: device_id 0 not found in active GPU list, falling back to slot 0
[2026-09-08 05:15:09.008] [warning] [sirius_physical_partition.cpp:375] slot_for_device: device_id 0 not found in active GPU list, falling back to slot 0
[2026-09-08 05:15:09.014] [info] [gpu_pipeline_executor.cpp:129] GPU Pipeline Executor: task queue interrupted, stopping manager loop
[2026-09-08 05:15:09.014] [info] [sirius_context.cpp:405] QueryEnd
[2026-09-08 05:15:09.014] [info] [memory_prefetcher.cpp:72] [memory_prefetcher] stopping: prefetched 21 batches / 50314483646 bytes (stops: headroom=33 reservation=0, skips: lock=0 draining=4, errors=0)
[2026-09-08 05:15:09.014] [info] [sirius_context.cpp:256] [host_pool] HOST:0 QueryEnd instance=0xbdc08f6d37a0 connection=1 window=117 query=291 allocated=114689048576 bytes peak=183005872128 bytes free_blocks=1427
[2026-09-08 05:15:09.014] [info] [sirius_context.cpp:271] [gpu_pool] GPU:0 QueryEnd instance=0xbdc08f6d37a0 connection=1 window=117 query=291 allocated=0 bytes peak=254818874163 bytes reserved=0 bytes
[2026-09-08 05:15:09.014] [info] [sirius_context.cpp:521] [window] end instance=0xbdc08f6d37a0 connection=1 window=117 query=291 outcome=ok
[2026-09-08 05:15:09.014] [info] [physical_sirius_execution.cpp:327] Transparent GPU execution: query completed
[2026-09-08 05:15:09.029] [info] [sirius_context.cpp:329] QueryBegin: instance=0xbdc08f6d37a0 connection=1 query=292 SQL: CALL sirius_set_query_label('q19_iter2')
[2026-09-08 05:15:09.030] [info] [sirius_context.cpp:329] QueryBegin: instance=0xbdc08f6d37a0 connection=1 query=293 SQL: SET gpu_execution = true;
[2026-09-08 05:15:09.030] [info] [sirius_context.cpp:329] QueryBegin: instance=0xbdc08f6d37a0 connection=1 query=294 SQL: select sum(l.l_extendedprice* (1 - l.l_discount)) as revenue from lineitem l, part p where ( p.p_partkey = l.l_partkey and p.p_brand = 'Brand#41' and p.p_container in ('SM CASE', 'SM BOX', 'SM PACK', 'SM PKG') and l.l_quantity >= 2 and l.l_quantity <= 2 + 10 and p.p_size between 1 and 5 and l.l_shipmode in ('AIR', 'AIR REG') and l.l_shipinstruct = 'DELIVER IN PERSON' ) or ( p.p_partkey = l.l_partkey and p.p_brand = 'Brand#13' and p.p_container in ('MED BAG', 'MED BOX', 'MED PKG', 'MED PACK') and l.l_quantity >= 14 and l.l_quantity <= 14 + 10 and p.p_size between 1 and 10 and l.l_shipmode in ('AIR', 'AIR REG') and l.l_shipinstruct = 'DELIVER IN PERSON' ) or ( p.p_partkey = l.l_partkey and p.p_brand = 'Brand#55' and p.p_container in ('LG CASE', 'LG BOX', 'LG PACK', 'LG PKG') and l.l_quantity >= 23 and l.l_quantity <= 23 + 10 and p.p_size between 1 and 15 and l.l_shipmode in ('AIR', 'AIR REG') and l.l_shipinstruct = 'DELIVER IN PERSON' )
[2026-09-08 05:15:09.042] [info] [sirius_plan_comparison_join.cpp:646] [sirius_plan_comparison_join] Wired hash join with 1 dynamic-filter probe target(s) (1 scan-bound, 0 join-edge; evidence=filtered; build est 199999968 rows).
[2026-09-08 05:15:09.042] [info] [sirius_context.cpp:1467] Transparent execution: Sirius physical plan generated successfully
[2026-09-08 05:15:09.042] [info] [sirius_context.cpp:1495] Transparent execution: physical plan replaced with GPU operator
[2026-09-08 05:15:09.042] [info] [physical_sirius_execution.cpp:157] Transparent GPU execution: executing query
[2026-09-08 05:15:09.042] [info] [sirius_context.cpp:521] [window] begin instance=0xbdc08f6d37a0 connection=1 window=118 query=294 outcome=-
[2026-09-08 05:15:09.042] [info] [sirius_context.cpp:256] [host_pool] HOST:0 QueryBegin instance=0xbdc08f6d37a0 connection=1 window=118 query=294 allocated=114689048576 bytes peak=183005872128 bytes free_blocks=1427
[2026-09-08 05:15:09.042] [info] [sirius_context.cpp:271] [gpu_pool] GPU:0 QueryBegin instance=0xbdc08f6d37a0 connection=1 window=118 query=294 allocated=0 bytes peak=254818874163 bytes reserved=0 bytes
[2026-09-08 05:15:09.042] [info] [sirius_context.cpp:389] QueryBegin: transparent_execution
[2026-09-08 05:15:09.046] [info] [sirius_plan_comparison_join.cpp:646] [sirius_plan_comparison_join] Wired hash join with 1 dynamic-filter probe target(s) (1 scan-bound, 0 join-edge; evidence=filtered; build est 199999968 rows).
[2026-09-08 05:15:09.046] [info] [sirius_engine.cpp:265] [gpu_alloc] query allocated 1 GPU(s): [0]
[2026-09-08 05:15:09.046] [info] [sirius_engine.cpp:318] Query Plan:
=== Pipeline Overview ===
Pipeline #0: GPU_SCAN (id=0) -> FILTER (id=1)
  Output: -> PARTITION [port: default, barrier: FULL]
Pipeline #1: PARTITION (id=2)
  Input: <- Pipeline #0 [on: PARTITION (id=2), port: default, barrier: FULL]
  Dependencies: Pipeline #0
  Output: -> CONCAT [port: default, barrier: PARTIAL]
Pipeline #2: CONCAT (id=3)
  Input: <- Pipeline #1 [on: CONCAT (id=3), port: default, barrier: PARTIAL]
  Dependencies: Pipeline #1
  Output: -> HASH_JOIN [port: build, barrier: PARTIAL]
Pipeline #3: GPU_SCAN (id=4) -> DYNAMIC_FILTER (id=5) -> FILTER (id=6)
  Output: -> PARTITION [port: default, barrier: PARTIAL]
Pipeline #4: PARTITION (id=7)
  Input: <- Pipeline #3 [on: PARTITION (id=7), port: default, barrier: PARTIAL]
  Dependencies: Pipeline #3
  Output: -> CONCAT [port: default, barrier: PARTIAL]
Pipeline #5: CONCAT (id=8)
  Input: <- Pipeline #4 [on: CONCAT (id=8), port: default, barrier: PARTIAL]
  Dependencies: Pipeline #4
  Output: -> HASH_JOIN [port: default, barrier: PARTIAL]
Pipeline #6: HASH_JOIN (id=9) -> FILTER (id=10) -> PROJECTION (id=11) -> UNGROUPED_AGGREGATE (id=12)
  Input: <- Pipeline #2 [on: HASH_JOIN (id=9), port: build, barrier: PARTIAL]
  Input: <- Pipeline #5 [on: HASH_JOIN (id=9), port: default, barrier: PARTIAL]
  Dependencies: Pipeline #2, Pipeline #5
  Output: -> MERGE_AGGREGATE [port: default, barrier: FULL]
Pipeline #7: MERGE_AGGREGATE (id=13)
  Input: <- Pipeline #6 [on: MERGE_AGGREGATE (id=13), port: default, barrier: FULL]
  Dependencies: Pipeline #6
  Output: -> RESULT_COLLECTOR [port: default, barrier: FULL]
Pipeline #8: RESULT_COLLECTOR (id=14)
  Input: <- Pipeline #7 [on: RESULT_COLLECTOR (id=14), port: default, barrier: FULL]
  Dependencies: Pipeline #7

=== Query Plan DAG ===
┌─────────────────────────────┐                               
│ Pipeline #8                 │                               
│ RESULT_COLLECTOR (id=14)    │                               
│ Input(#7): FULL             │                               
└──────────────┬──────────────┘                               
               │                                              
┌─────────────────────────────┐                               
│ Pipeline #7                 │                               
│ MERGE_AGGREGATE (id=13)     │                               
│ Input(#6): FULL             │                               
└──────────────┬──────────────┘                               
               │                                              
┌─────────────────────────────┐                               
│ Pipeline #6                 │                               
│ UNGROUPED_AGGREGATE (id=12) │                               
│ PROJECTION (id=11)          │                               
│ FILTER (id=10)              │                               
│ HASH_JOIN (id=9)            │                               
│   type: INNER               │                               
│ Input(#2): PARTIAL          │                               
│ Input(#5): PARTIAL          │                               
└──────────────┬──────────────┘                               
               ┌──────────────────────────────┐               
               │                              │               
┌─────────────────────────────┐┌─────────────────────────────┐
│ Pipeline #2                 ││ Pipeline #5                 │
│ CONCAT (id=3)               ││ CONCAT (id=8)               │
│ Input(#1): PARTIAL          ││ Input(#4): PARTIAL          │
└──────────────┬──────────────┘└──────────────┬──────────────┘
               │                              │               
┌─────────────────────────────┐┌─────────────────────────────┐
│ Pipeline #1                 ││ Pipeline #4                 │
│ PARTITION (id=2)            ││ PARTITION (id=7)            │
│ Input(#0): FULL             ││ Input(#3): PARTIAL          │
└──────────────┬──────────────┘└──────────────┬──────────────┘
               │                              │               
┌─────────────────────────────┐┌─────────────────────────────┐
│ Pipeline #0                 ││ Pipeline #3                 │
│ FILTER (id=1)               ││ FILTER (id=6)               │
│ GPU_SCAN (id=0)             ││ DYNAMIC_FILTER (id=5)       │
│                             ││ GPU_SCAN (id=4)             │
└─────────────────────────────┘└─────────────────────────────┘

[2026-09-08 05:15:09.046] [info] [sirius_engine.cpp:186] query 118 telemetry_query=01a080f18cf67a21875ed956a02b5495
[2026-09-08 05:15:09.046] [info] [sirius_scan_manager.cpp:2999] [sirius_scan_manager] assigned pinned entry 'part' to operator '0'
[2026-09-08 05:15:09.047] [info] [sirius_scan_manager.cpp:2999] [sirius_scan_manager] assigned pinned entry 'lineitem' to operator '4'
[2026-09-08 05:15:09.047] [info] [sirius_scan_manager.cpp:823] [late-mat] operator 0: not deferring — the pinned entry is not device-resident
[2026-09-08 05:15:09.047] [info] [sirius_scan_manager.cpp:823] [late-mat] operator 4: not deferring — the pinned entry is not device-resident
[2026-09-08 05:15:09.048] [info] [memory_prefetcher.cpp:59] [memory_prefetcher] started: 3 threads, 2 connectors, min_free_fraction=0.40
[2026-09-08 05:15:09.248] [info] [dynamic_filter_publisher.cpp:297] [sirius_physical_hash_join] Pushed 1 dynamic filter(s) across 1 active target(s) of 1 wired target(s) (480774 build rows, 1 bound keys of 1 admitted).
[2026-09-08 05:15:09.520] [warning] [sirius_physical_partition.cpp:375] slot_for_device: device_id 0 not found in active GPU list, falling back to slot 0
[2026-09-08 05:15:09.520] [warning] [sirius_physical_partition.cpp:375] slot_for_device: device_id 0 not found in active GPU list, falling back to slot 0
[2026-09-08 05:15:09.520] [warning] [sirius_physical_partition.cpp:375] slot_for_device: device_id 0 not found in active GPU list, falling back to slot 0
[2026-09-08 05:15:09.520] [warning] [sirius_physical_partition.cpp:375] slot_for_device: device_id 0 not found in active GPU list, falling back to slot 0
[2026-09-08 05:15:09.520] [warning] [sirius_physical_partition.cpp:375] slot_for_device: device_id 0 not found in active GPU list, falling back to slot 0
[2026-09-08 05:15:09.520] [warning] [sirius_physical_partition.cpp:375] slot_for_device: device_id 0 not found in active GPU list, falling back to slot 0
[2026-09-08 05:15:09.520] [warning] [sirius_physical_partition.cpp:375] slot_for_device: device_id 0 not found in active GPU list, falling back to slot 0
[2026-09-08 05:15:09.520] [warning] [sirius_physical_partition.cpp:375] slot_for_device: device_id 0 not found in active GPU list, falling back to slot 0
[2026-09-08 05:15:09.520] [warning] [sirius_physical_partition.cpp:375] slot_for_device: device_id 0 not found in active GPU list, falling back to slot 0
[2026-09-08 05:15:09.520] [warning] [sirius_physical_partition.cpp:375] slot_for_device: device_id 0 not found in active GPU list, falling back to slot 0
[2026-09-08 05:15:09.520] [warning] [sirius_physical_partition.cpp:375] slot_for_device: device_id 0 not found in active GPU list, falling back to slot 0
[2026-09-08 05:15:09.521] [warning] [sirius_physical_partition.cpp:375] slot_for_device: device_id 0 not found in active GPU list, falling back to slot 0
[2026-09-08 05:15:09.521] [warning] [sirius_physical_partition.cpp:375] slot_for_device: device_id 0 not found in active GPU list, falling back to slot 0
[2026-09-08 05:15:09.521] [warning] [sirius_physical_partition.cpp:375] slot_for_device: device_id 0 not found in active GPU list, falling back to slot 0
[2026-09-08 05:15:09.521] [warning] [sirius_physical_partition.cpp:375] slot_for_device: device_id 0 not found in active GPU list, falling back to slot 0
[2026-09-08 05:15:09.521] [warning] [sirius_physical_partition.cpp:375] slot_for_device: device_id 0 not found in active GPU list, falling back to slot 0
[2026-09-08 05:15:09.521] [warning] [sirius_physical_partition.cpp:375] slot_for_device: device_id 0 not found in active GPU list, falling back to slot 0
[2026-09-08 05:15:09.521] [warning] [sirius_physical_partition.cpp:375] slot_for_device: device_id 0 not found in active GPU list, falling back to slot 0
[2026-09-08 05:15:09.521] [warning] [sirius_physical_partition.cpp:375] slot_for_device: device_id 0 not found in active GPU list, falling back to slot 0
[2026-09-08 05:15:09.521] [warning] [sirius_physical_partition.cpp:375] slot_for_device: device_id 0 not found in active GPU list, falling back to slot 0
[2026-09-08 05:15:09.521] [warning] [sirius_physical_partition.cpp:375] slot_for_device: device_id 0 not found in active GPU list, falling back to slot 0
[2026-09-08 05:15:09.521] [warning] [sirius_physical_partition.cpp:375] slot_for_device: device_id 0 not found in active GPU list, falling back to slot 0
[2026-09-08 05:15:09.521] [warning] [sirius_physical_partition.cpp:375] slot_for_device: device_id 0 not found in active GPU list, falling back to slot 0
[2026-09-08 05:15:09.521] [warning] [sirius_physical_partition.cpp:375] slot_for_device: device_id 0 not found in active GPU list, falling back to slot 0
[2026-09-08 05:15:09.521] [warning] [sirius_physical_partition.cpp:375] slot_for_device: device_id 0 not found in active GPU list, falling back to slot 0
[2026-09-08 05:15:09.521] [warning] [sirius_physical_partition.cpp:375] slot_for_device: device_id 0 not found in active GPU list, falling back to slot 0
[2026-09-08 05:15:09.521] [warning] [sirius_physical_partition.cpp:375] slot_for_device: device_id 0 not found in active GPU list, falling back to slot 0
[2026-09-08 05:15:09.521] [warning] [sirius_physical_partition.cpp:375] slot_for_device: device_id 0 not found in active GPU list, falling back to slot 0
[2026-09-08 05:15:09.521] [warning] [sirius_physical_partition.cpp:375] slot_for_device: device_id 0 not found in active GPU list, falling back to slot 0
[2026-09-08 05:15:09.521] [warning] [sirius_physical_partition.cpp:375] slot_for_device: device_id 0 not found in active GPU list, falling back to slot 0
[2026-09-08 05:15:09.521] [warning] [sirius_physical_partition.cpp:375] slot_for_device: device_id 0 not found in active GPU list, falling back to slot 0
[2026-09-08 05:15:09.521] [warning] [sirius_physical_partition.cpp:375] slot_for_device: device_id 0 not found in active GPU list, falling back to slot 0
[2026-09-08 05:15:09.521] [warning] [sirius_physical_partition.cpp:375] slot_for_device: device_id 0 not found in active GPU list, falling back to slot 0
[2026-09-08 05:15:09.521] [warning] [sirius_physical_partition.cpp:375] slot_for_device: device_id 0 not found in active GPU list, falling back to slot 0
[2026-09-08 05:15:09.529] [warning] [sirius_physical_partition.cpp:375] slot_for_device: device_id 0 not found in active GPU list, falling back to slot 0
[2026-09-08 05:15:09.530] [warning] [sirius_physical_partition.cpp:375] slot_for_device: device_id 0 not found in active GPU list, falling back to slot 0
[2026-09-08 05:15:09.531] [warning] [sirius_physical_partition.cpp:375] slot_for_device: device_id 0 not found in active GPU list, falling back to slot 0
[2026-09-08 05:15:09.532] [warning] [sirius_physical_partition.cpp:375] slot_for_device: device_id 0 not found in active GPU list, falling back to slot 0
[2026-09-08 05:15:09.532] [warning] [sirius_physical_partition.cpp:375] slot_for_device: device_id 0 not found in active GPU list, falling back to slot 0
[2026-09-08 05:15:09.534] [warning] [sirius_physical_partition.cpp:375] slot_for_device: device_id 0 not found in active GPU list, falling back to slot 0
[2026-09-08 05:15:09.534] [warning] [sirius_physical_partition.cpp:375] slot_for_device: device_id 0 not found in active GPU list, falling back to slot 0
[2026-09-08 05:15:09.539] [info] [gpu_pipeline_executor.cpp:129] GPU Pipeline Executor: task queue interrupted, stopping manager loop
[2026-09-08 05:15:09.540] [info] [sirius_context.cpp:405] QueryEnd
[2026-09-08 05:15:09.540] [info] [memory_prefetcher.cpp:72] [memory_prefetcher] stopping: prefetched 13 batches / 32514692674 bytes (stops: headroom=51 reservation=0, skips: lock=0 draining=3, errors=0)
[2026-09-08 05:15:09.540] [info] [sirius_context.cpp:256] [host_pool] HOST:0 QueryEnd instance=0xbdc08f6d37a0 connection=1 window=118 query=294 allocated=114689048576 bytes peak=183005872128 bytes free_blocks=1427
[2026-09-08 05:15:09.540] [info] [sirius_context.cpp:271] [gpu_pool] GPU:0 QueryEnd instance=0xbdc08f6d37a0 connection=1 window=118 query=294 allocated=0 bytes peak=254818874163 bytes reserved=0 bytes
[2026-09-08 05:15:09.540] [info] [sirius_context.cpp:521] [window] end instance=0xbdc08f6d37a0 connection=1 window=118 query=294 outcome=ok
[2026-09-08 05:15:09.540] [info] [physical_sirius_execution.cpp:327] Transparent GPU execution: query completed
[2026-09-08 05:15:09.555] [info] [sirius_context.cpp:329] QueryBegin: instance=0xbdc08f6d37a0 connection=1 query=295 SQL: CALL unpin_table('lineitem')
[2026-09-08 05:15:09.555] [info] [sirius_context.cpp:329] QueryBegin: instance=0xbdc08f6d37a0 connection=1 query=296 SQL: CALL unpin_table('part')
[2026-09-08 05:15:09.556] [info] [sirius_context.cpp:329] QueryBegin: instance=0xbdc08f6d37a0 connection=1 query=297 SQL: CALL pin_table('/datasets/tpch_sf1000_sorted/supplier/*.parquet', tier='host', name='supplier', cols=['s_suppkey','s_name','s_address','s_nationkey'])
[2026-09-08 05:15:09.556] [info] [sirius_context.cpp:521] [window] begin instance=0xbdc08f6d37a0 connection=1 window=119 query=297 outcome=-
[2026-09-08 05:15:09.556] [info] [sirius_context.cpp:256] [host_pool] HOST:0 QueryBegin instance=0xbdc08f6d37a0 connection=1 window=119 query=297 allocated=17515413504 bytes peak=183005872128 bytes free_blocks=2875
[2026-09-08 05:15:09.556] [info] [sirius_context.cpp:271] [gpu_pool] GPU:0 QueryBegin instance=0xbdc08f6d37a0 connection=1 window=119 query=297 allocated=0 bytes peak=254818874163 bytes reserved=0 bytes
[2026-09-08 05:15:09.556] [info] [sirius_context.cpp:389] QueryBegin: pin_table
[2026-09-08 05:15:09.556] [warning] [sirius_extension.cpp:1430] [pin_table] 'supplier': pin_table_compression is enabled but no plan file was found in '/home/nvidia/joost/sirius-zonemap/bench/sf1000-repro/plans'; pinning uncompressed
[2026-09-08 05:15:09.580] [info] [sirius_context.cpp:405] QueryEnd
[2026-09-08 05:15:09.580] [info] [sirius_context.cpp:256] [host_pool] HOST:0 QueryEnd instance=0xbdc08f6d37a0 connection=1 window=119 query=297 allocated=18119393280 bytes peak=183005872128 bytes free_blocks=2866
[2026-09-08 05:15:09.580] [info] [sirius_context.cpp:271] [gpu_pool] GPU:0 QueryEnd instance=0xbdc08f6d37a0 connection=1 window=119 query=297 allocated=0 bytes peak=254818874163 bytes reserved=0 bytes
[2026-09-08 05:15:09.580] [info] [sirius_context.cpp:521] [window] end instance=0xbdc08f6d37a0 connection=1 window=119 query=297 outcome=ok
[2026-09-08 05:15:09.580] [info] [sirius_context.cpp:329] QueryBegin: instance=0xbdc08f6d37a0 connection=1 query=298 SQL: CALL pin_table('/datasets/tpch_sf1000_sorted/partsupp/*.parquet', tier='host', name='partsupp', cols=['ps_suppkey','ps_partkey','ps_availqty'])
[2026-09-08 05:15:09.580] [info] [sirius_context.cpp:521] [window] begin instance=0xbdc08f6d37a0 connection=1 window=120 query=298 outcome=-
[2026-09-08 05:15:09.580] [info] [sirius_context.cpp:256] [host_pool] HOST:0 QueryBegin instance=0xbdc08f6d37a0 connection=1 window=120 query=298 allocated=18119393280 bytes peak=183005872128 bytes free_blocks=2866
[2026-09-08 05:15:09.580] [info] [sirius_context.cpp:271] [gpu_pool] GPU:0 QueryBegin instance=0xbdc08f6d37a0 connection=1 window=120 query=298 allocated=0 bytes peak=254818874163 bytes reserved=0 bytes
[2026-09-08 05:15:09.580] [info] [sirius_context.cpp:389] QueryBegin: pin_table
[2026-09-08 05:15:09.581] [warning] [sirius_extension.cpp:1430] [pin_table] 'partsupp': pin_table_compression is enabled but no plan file was found in '/home/nvidia/joost/sirius-zonemap/bench/sf1000-repro/plans'; pinning uncompressed
[2026-09-08 05:15:09.822] [info] [sirius_context.cpp:405] QueryEnd
[2026-09-08 05:15:09.823] [info] [sirius_context.cpp:256] [host_pool] HOST:0 QueryEnd instance=0xbdc08f6d37a0 connection=1 window=120 query=298 allocated=26440892416 bytes peak=183005872128 bytes free_blocks=2742
[2026-09-08 05:15:09.823] [info] [sirius_context.cpp:271] [gpu_pool] GPU:0 QueryEnd instance=0xbdc08f6d37a0 connection=1 window=120 query=298 allocated=0 bytes peak=254818874163 bytes reserved=0 bytes
[2026-09-08 05:15:09.823] [info] [sirius_context.cpp:521] [window] end instance=0xbdc08f6d37a0 connection=1 window=120 query=298 outcome=ok
[2026-09-08 05:15:09.823] [info] [sirius_context.cpp:329] QueryBegin: instance=0xbdc08f6d37a0 connection=1 query=299 SQL: CALL pin_table('/datasets/tpch_sf1000_sorted/part/*.parquet', tier='host', name='part', cols=['p_partkey','p_name'])
[2026-09-08 05:15:09.823] [info] [sirius_context.cpp:521] [window] begin instance=0xbdc08f6d37a0 connection=1 window=121 query=299 outcome=-
[2026-09-08 05:15:09.823] [info] [sirius_context.cpp:256] [host_pool] HOST:0 QueryBegin instance=0xbdc08f6d37a0 connection=1 window=121 query=299 allocated=26440892416 bytes peak=183005872128 bytes free_blocks=2742
[2026-09-08 05:15:09.823] [info] [sirius_context.cpp:271] [gpu_pool] GPU:0 QueryBegin instance=0xbdc08f6d37a0 connection=1 window=121 query=299 allocated=0 bytes peak=254818874163 bytes reserved=0 bytes
[2026-09-08 05:15:09.823] [info] [sirius_context.cpp:389] QueryBegin: pin_table
[2026-09-08 05:15:09.823] [warning] [sirius_extension.cpp:1430] [pin_table] 'part': pin_table_compression is enabled but no plan file was found in '/home/nvidia/joost/sirius-zonemap/bench/sf1000-repro/plans'; pinning uncompressed
[2026-09-08 05:15:10.026] [info] [sirius_context.cpp:405] QueryEnd
[2026-09-08 05:15:10.026] [info] [sirius_context.cpp:256] [host_pool] HOST:0 QueryEnd instance=0xbdc08f6d37a0 connection=1 window=121 query=299 allocated=35433480192 bytes peak=183005872128 bytes free_blocks=2608
[2026-09-08 05:15:10.026] [info] [sirius_context.cpp:271] [gpu_pool] GPU:0 QueryEnd instance=0xbdc08f6d37a0 connection=1 window=121 query=299 allocated=0 bytes peak=254818874163 bytes reserved=0 bytes
[2026-09-08 05:15:10.026] [info] [sirius_context.cpp:521] [window] end instance=0xbdc08f6d37a0 connection=1 window=121 query=299 outcome=ok
[2026-09-08 05:15:10.026] [info] [sirius_context.cpp:329] QueryBegin: instance=0xbdc08f6d37a0 connection=1 query=300 SQL: CALL pin_table('/datasets/tpch_sf1000_sorted/lineitem/*.parquet', tier='host', name='lineitem', cols=['l_partkey','l_suppkey','l_quantity','l_shipdate'])
[2026-09-08 05:15:10.026] [info] [sirius_context.cpp:521] [window] begin instance=0xbdc08f6d37a0 connection=1 window=122 query=300 outcome=-
[2026-09-08 05:15:10.026] [info] [sirius_context.cpp:256] [host_pool] HOST:0 QueryBegin instance=0xbdc08f6d37a0 connection=1 window=122 query=300 allocated=35433480192 bytes peak=183005872128 bytes free_blocks=2608
[2026-09-08 05:15:10.026] [info] [sirius_context.cpp:271] [gpu_pool] GPU:0 QueryBegin instance=0xbdc08f6d37a0 connection=1 window=122 query=300 allocated=0 bytes peak=254818874163 bytes reserved=0 bytes
[2026-09-08 05:15:10.026] [info] [sirius_context.cpp:389] QueryBegin: pin_table
[2026-09-08 05:15:10.027] [info] [sirius_extension.cpp:1420] [pin_table] 'lineitem' tier=host: compressing with plan for 4 column(s)
[2026-09-08 05:15:14.027] [info] [sirius_context.cpp:405] QueryEnd
[2026-09-08 05:15:14.028] [info] [sirius_context.cpp:256] [host_pool] HOST:0 QueryEnd instance=0xbdc08f6d37a0 connection=1 window=122 query=300 allocated=85026930688 bytes peak=183005872128 bytes free_blocks=1869
[2026-09-08 05:15:14.028] [info] [sirius_context.cpp:271] [gpu_pool] GPU:0 QueryEnd instance=0xbdc08f6d37a0 connection=1 window=122 query=300 allocated=0 bytes peak=254818874163 bytes reserved=0 bytes
[2026-09-08 05:15:14.028] [info] [sirius_context.cpp:521] [window] end instance=0xbdc08f6d37a0 connection=1 window=122 query=300 outcome=ok
[2026-09-08 05:15:14.028] [info] [sirius_context.cpp:329] QueryBegin: instance=0xbdc08f6d37a0 connection=1 query=301 SQL: CALL pin_table('/datasets/tpch_sf1000_sorted/nation/*.parquet', tier='host', name='nation', cols=['n_nationkey','n_name'])
[2026-09-08 05:15:14.029] [info] [sirius_context.cpp:521] [window] begin instance=0xbdc08f6d37a0 connection=1 window=123 query=301 outcome=-
[2026-09-08 05:15:14.029] [info] [sirius_context.cpp:256] [host_pool] HOST:0 QueryBegin instance=0xbdc08f6d37a0 connection=1 window=123 query=301 allocated=85026930688 bytes peak=183005872128 bytes free_blocks=1869
[2026-09-08 05:15:14.029] [info] [sirius_context.cpp:271] [gpu_pool] GPU:0 QueryBegin instance=0xbdc08f6d37a0 connection=1 window=123 query=301 allocated=0 bytes peak=254818874163 bytes reserved=0 bytes
[2026-09-08 05:15:14.029] [info] [sirius_context.cpp:389] QueryBegin: pin_table
[2026-09-08 05:15:14.029] [warning] [sirius_extension.cpp:1430] [pin_table] 'nation': pin_table_compression is enabled but no plan file was found in '/home/nvidia/joost/sirius-zonemap/bench/sf1000-repro/plans'; pinning uncompressed
[2026-09-08 05:15:14.032] [info] [sirius_extension.cpp:1478] [late-mat] pin 'nation': column 'n_nationkey' proven distinct table-wide (per-chunk)
[2026-09-08 05:15:14.032] [info] [sirius_extension.cpp:1478] [late-mat] pin 'nation': column 'n_name' proven distinct table-wide (per-chunk)
[2026-09-08 05:15:14.032] [info] [sirius_context.cpp:405] QueryEnd
[2026-09-08 05:15:14.032] [info] [sirius_context.cpp:256] [host_pool] HOST:0 QueryEnd instance=0xbdc08f6d37a0 connection=1 window=123 query=301 allocated=85094039552 bytes peak=183005872128 bytes free_blocks=1868
[2026-09-08 05:15:14.032] [info] [sirius_context.cpp:271] [gpu_pool] GPU:0 QueryEnd instance=0xbdc08f6d37a0 connection=1 window=123 query=301 allocated=0 bytes peak=254818874163 bytes reserved=0 bytes
[2026-09-08 05:15:14.032] [info] [sirius_context.cpp:521] [window] end instance=0xbdc08f6d37a0 connection=1 window=123 query=301 outcome=ok
[2026-09-08 05:15:14.032] [info] [sirius_context.cpp:329] QueryBegin: instance=0xbdc08f6d37a0 connection=1 query=302 SQL: CALL sirius_set_query_label('q20_iter0')
[2026-09-08 05:15:14.033] [info] [sirius_context.cpp:329] QueryBegin: instance=0xbdc08f6d37a0 connection=1 query=303 SQL: SET gpu_execution = true;
