[2026-09-07 12:48:10.925] [info] [sirius_context.cpp:329] QueryBegin: instance=0xe560dd9606f0 connection=1 query=86 SQL: select sum(l_extendedprice * l_discount) as revenue from lineitem where l_shipdate >= date '1997-01-01' and l_shipdate < date '1998-01-01' and l_discount between 0.03 - 0.01 and 0.03 + 0.01 and l_quantity < 24
[2026-09-07 12:48:10.930] [info] [sirius_context.cpp:1467] Transparent execution: Sirius physical plan generated successfully
[2026-09-07 12:48:10.930] [info] [sirius_context.cpp:1495] Transparent execution: physical plan replaced with GPU operator
[2026-09-07 12:48:10.930] [info] [physical_sirius_execution.cpp:157] Transparent GPU execution: executing query
[2026-09-07 12:48:10.930] [info] [sirius_context.cpp:521] [window] begin instance=0xe560dd9606f0 connection=1 window=34 query=86 outcome=-
[2026-09-07 12:48:10.930] [info] [sirius_context.cpp:256] [host_pool] HOST:0 QueryBegin instance=0xe560dd9606f0 connection=1 window=34 query=86 allocated=17515413504 bytes peak=17582522368 bytes free_blocks=539
[2026-09-07 12:48:10.930] [info] [sirius_context.cpp:271] [gpu_pool] GPU:0 QueryBegin instance=0xe560dd9606f0 connection=1 window=34 query=86 allocated=3095451136 bytes peak=44608526546 bytes reserved=0 bytes
[2026-09-07 12:48:10.930] [info] [sirius_context.cpp:389] QueryBegin: transparent_execution
[2026-09-07 12:48:10.932] [info] [sirius_engine.cpp:265] [gpu_alloc] query allocated 1 GPU(s): [0]
[2026-09-07 12:48:10.932] [info] [sirius_engine.cpp:318] Query Plan:
=== Pipeline Overview ===
Pipeline #0: GPU_SCAN (id=0) -> PROJECTION (id=1) -> UNGROUPED_AGGREGATE (id=2)
  Output: -> MERGE_AGGREGATE [port: default, barrier: FULL]
Pipeline #1: MERGE_AGGREGATE (id=3)
  Input: <- Pipeline #0 [on: MERGE_AGGREGATE (id=3), port: default, barrier: FULL]
  Dependencies: Pipeline #0
  Output: -> RESULT_COLLECTOR [port: default, barrier: FULL]
Pipeline #2: RESULT_COLLECTOR (id=4)
  Input: <- Pipeline #1 [on: RESULT_COLLECTOR (id=4), port: default, barrier: FULL]
  Dependencies: Pipeline #1

=== Query Plan DAG ===
┌────────────────────────────┐
│ Pipeline #2                │
│ RESULT_COLLECTOR (id=4)    │
│ Input(#1): FULL            │
└─────────────┬──────────────┘
              │               
┌────────────────────────────┐
│ Pipeline #1                │
│ MERGE_AGGREGATE (id=3)     │
│ Input(#0): FULL            │
└─────────────┬──────────────┘
              │               
┌────────────────────────────┐
│ Pipeline #0                │
│ UNGROUPED_AGGREGATE (id=2) │
│ PROJECTION (id=1)          │
│ GPU_SCAN (id=0)            │
└────────────────────────────┘

[2026-09-07 12:48:10.932] [info] [sirius_engine.cpp:186] query 34 telemetry_query=01a07d69f4347d0381692f0b7a56e37e
[2026-09-07 12:48:10.932] [info] [sirius_scan_manager.cpp:2999] [sirius_scan_manager] assigned pinned entry 'lineitem' to operator '0'
[2026-09-07 12:48:10.932] [info] [sirius_scan_manager.cpp:823] [late-mat] operator 0: not deferring — the scan restricts rows and its pin is compressed, so the surviving rows are decided inside the decode
[2026-09-07 12:48:10.932] [info] [memory_prefetcher.cpp:59] [memory_prefetcher] started: 3 threads, 1 connectors, min_free_fraction=0.40
[2026-09-07 12:48:10.957] [info] [gpu_pipeline_executor.cpp:129] GPU Pipeline Executor: task queue interrupted, stopping manager loop
[2026-09-07 12:48:10.957] [info] [sirius_context.cpp:405] QueryEnd
[2026-09-07 12:48:10.957] [info] [memory_prefetcher.cpp:72] [memory_prefetcher] stopping: prefetched 0 batches / 0 bytes (stops: headroom=0 reservation=0, skips: lock=0 draining=3, errors=0)
[2026-09-07 12:48:10.957] [info] [sirius_context.cpp:256] [host_pool] HOST:0 QueryEnd instance=0xe560dd9606f0 connection=1 window=34 query=86 allocated=17515413504 bytes peak=17582522368 bytes free_blocks=539
[2026-09-07 12:48:10.957] [info] [sirius_context.cpp:271] [gpu_pool] GPU:0 QueryEnd instance=0xe560dd9606f0 connection=1 window=34 query=86 allocated=3095451136 bytes peak=44608526546 bytes reserved=0 bytes
[2026-09-07 12:48:10.957] [info] [sirius_context.cpp:521] [window] end instance=0xe560dd9606f0 connection=1 window=34 query=86 outcome=ok
[2026-09-07 12:48:10.957] [info] [physical_sirius_execution.cpp:327] Transparent GPU execution: query completed
[2026-09-07 12:48:10.958] [info] [sirius_context.cpp:329] QueryBegin: instance=0xe560dd9606f0 connection=1 query=87 SQL: CALL sirius_set_query_label('q6_iter1')
[2026-09-07 12:48:10.959] [info] [sirius_context.cpp:329] QueryBegin: instance=0xe560dd9606f0 connection=1 query=88 SQL: SET gpu_execution = true;
[2026-09-07 12:48:10.959] [info] [sirius_context.cpp:329] QueryBegin: instance=0xe560dd9606f0 connection=1 query=89 SQL: select sum(l_extendedprice * l_discount) as revenue from lineitem where l_shipdate >= date '1997-01-01' and l_shipdate < date '1998-01-01' and l_discount between 0.03 - 0.01 and 0.03 + 0.01 and l_quantity < 24
[2026-09-07 12:48:10.963] [info] [sirius_context.cpp:1467] Transparent execution: Sirius physical plan generated successfully
[2026-09-07 12:48:10.963] [info] [sirius_context.cpp:1495] Transparent execution: physical plan replaced with GPU operator
[2026-09-07 12:48:10.963] [info] [physical_sirius_execution.cpp:157] Transparent GPU execution: executing query
[2026-09-07 12:48:10.963] [info] [sirius_context.cpp:521] [window] begin instance=0xe560dd9606f0 connection=1 window=35 query=89 outcome=-
[2026-09-07 12:48:10.963] [info] [sirius_context.cpp:256] [host_pool] HOST:0 QueryBegin instance=0xe560dd9606f0 connection=1 window=35 query=89 allocated=17515413504 bytes peak=17582522368 bytes free_blocks=539
[2026-09-07 12:48:10.963] [info] [sirius_context.cpp:271] [gpu_pool] GPU:0 QueryBegin instance=0xe560dd9606f0 connection=1 window=35 query=89 allocated=3095451136 bytes peak=44608526546 bytes reserved=0 bytes
[2026-09-07 12:48:10.963] [info] [sirius_context.cpp:389] QueryBegin: transparent_execution
[2026-09-07 12:48:10.965] [info] [sirius_engine.cpp:265] [gpu_alloc] query allocated 1 GPU(s): [0]
[2026-09-07 12:48:10.965] [info] [sirius_engine.cpp:318] Query Plan:
=== Pipeline Overview ===
Pipeline #0: GPU_SCAN (id=0) -> PROJECTION (id=1) -> UNGROUPED_AGGREGATE (id=2)
  Output: -> MERGE_AGGREGATE [port: default, barrier: FULL]
Pipeline #1: MERGE_AGGREGATE (id=3)
  Input: <- Pipeline #0 [on: MERGE_AGGREGATE (id=3), port: default, barrier: FULL]
  Dependencies: Pipeline #0
  Output: -> RESULT_COLLECTOR [port: default, barrier: FULL]
Pipeline #2: RESULT_COLLECTOR (id=4)
  Input: <- Pipeline #1 [on: RESULT_COLLECTOR (id=4), port: default, barrier: FULL]
  Dependencies: Pipeline #1

=== Query Plan DAG ===
┌────────────────────────────┐
│ Pipeline #2                │
│ RESULT_COLLECTOR (id=4)    │
│ Input(#1): FULL            │
└─────────────┬──────────────┘
              │               
┌────────────────────────────┐
│ Pipeline #1                │
│ MERGE_AGGREGATE (id=3)     │
│ Input(#0): FULL            │
└─────────────┬──────────────┘
              │               
┌────────────────────────────┐
│ Pipeline #0                │
│ UNGROUPED_AGGREGATE (id=2) │
│ PROJECTION (id=1)          │
│ GPU_SCAN (id=0)            │
└────────────────────────────┘

[2026-09-07 12:48:10.965] [info] [sirius_engine.cpp:186] query 35 telemetry_query=01a07d69f45577c08ca19f4c3122656c
[2026-09-07 12:48:10.965] [info] [sirius_scan_manager.cpp:2999] [sirius_scan_manager] assigned pinned entry 'lineitem' to operator '0'
[2026-09-07 12:48:10.965] [info] [sirius_scan_manager.cpp:823] [late-mat] operator 0: not deferring — the scan restricts rows and its pin is compressed, so the surviving rows are decided inside the decode
[2026-09-07 12:48:10.965] [info] [memory_prefetcher.cpp:59] [memory_prefetcher] started: 3 threads, 1 connectors, min_free_fraction=0.40
[2026-09-07 12:48:10.971] [info] [gpu_pipeline_executor.cpp:129] GPU Pipeline Executor: task queue interrupted, stopping manager loop
[2026-09-07 12:48:10.971] [info] [sirius_context.cpp:405] QueryEnd
[2026-09-07 12:48:10.971] [info] [memory_prefetcher.cpp:72] [memory_prefetcher] stopping: prefetched 0 batches / 0 bytes (stops: headroom=0 reservation=0, skips: lock=0 draining=3, errors=0)
[2026-09-07 12:48:10.971] [info] [sirius_context.cpp:256] [host_pool] HOST:0 QueryEnd instance=0xe560dd9606f0 connection=1 window=35 query=89 allocated=17515413504 bytes peak=17582522368 bytes free_blocks=539
[2026-09-07 12:48:10.971] [info] [sirius_context.cpp:271] [gpu_pool] GPU:0 QueryEnd instance=0xe560dd9606f0 connection=1 window=35 query=89 allocated=3095451136 bytes peak=44608526546 bytes reserved=0 bytes
[2026-09-07 12:48:10.971] [info] [sirius_context.cpp:521] [window] end instance=0xe560dd9606f0 connection=1 window=35 query=89 outcome=ok
[2026-09-07 12:48:10.971] [info] [physical_sirius_execution.cpp:327] Transparent GPU execution: query completed
[2026-09-07 12:48:10.979] [info] [sirius_context.cpp:329] QueryBegin: instance=0xe560dd9606f0 connection=1 query=90 SQL: CALL sirius_set_query_label('q6_iter2')
[2026-09-07 12:48:10.980] [info] [sirius_context.cpp:329] QueryBegin: instance=0xe560dd9606f0 connection=1 query=91 SQL: SET gpu_execution = true;
[2026-09-07 12:48:10.980] [info] [sirius_context.cpp:329] QueryBegin: instance=0xe560dd9606f0 connection=1 query=92 SQL: select sum(l_extendedprice * l_discount) as revenue from lineitem where l_shipdate >= date '1997-01-01' and l_shipdate < date '1998-01-01' and l_discount between 0.03 - 0.01 and 0.03 + 0.01 and l_quantity < 24
[2026-09-07 12:48:10.985] [info] [sirius_context.cpp:1467] Transparent execution: Sirius physical plan generated successfully
[2026-09-07 12:48:10.985] [info] [sirius_context.cpp:1495] Transparent execution: physical plan replaced with GPU operator
[2026-09-07 12:48:10.985] [info] [physical_sirius_execution.cpp:157] Transparent GPU execution: executing query
[2026-09-07 12:48:10.985] [info] [sirius_context.cpp:521] [window] begin instance=0xe560dd9606f0 connection=1 window=36 query=92 outcome=-
[2026-09-07 12:48:10.985] [info] [sirius_context.cpp:256] [host_pool] HOST:0 QueryBegin instance=0xe560dd9606f0 connection=1 window=36 query=92 allocated=17515413504 bytes peak=17582522368 bytes free_blocks=539
[2026-09-07 12:48:10.985] [info] [sirius_context.cpp:271] [gpu_pool] GPU:0 QueryBegin instance=0xe560dd9606f0 connection=1 window=36 query=92 allocated=3095451136 bytes peak=44608526546 bytes reserved=0 bytes
[2026-09-07 12:48:10.985] [info] [sirius_context.cpp:389] QueryBegin: transparent_execution
[2026-09-07 12:48:10.986] [info] [sirius_engine.cpp:265] [gpu_alloc] query allocated 1 GPU(s): [0]
[2026-09-07 12:48:10.986] [info] [sirius_engine.cpp:318] Query Plan:
=== Pipeline Overview ===
Pipeline #0: GPU_SCAN (id=0) -> PROJECTION (id=1) -> UNGROUPED_AGGREGATE (id=2)
  Output: -> MERGE_AGGREGATE [port: default, barrier: FULL]
Pipeline #1: MERGE_AGGREGATE (id=3)
  Input: <- Pipeline #0 [on: MERGE_AGGREGATE (id=3), port: default, barrier: FULL]
  Dependencies: Pipeline #0
  Output: -> RESULT_COLLECTOR [port: default, barrier: FULL]
Pipeline #2: RESULT_COLLECTOR (id=4)
  Input: <- Pipeline #1 [on: RESULT_COLLECTOR (id=4), port: default, barrier: FULL]
  Dependencies: Pipeline #1

=== Query Plan DAG ===
┌────────────────────────────┐
│ Pipeline #2                │
│ RESULT_COLLECTOR (id=4)    │
│ Input(#1): FULL            │
└─────────────┬──────────────┘
              │               
┌────────────────────────────┐
│ Pipeline #1                │
│ MERGE_AGGREGATE (id=3)     │
│ Input(#0): FULL            │
└─────────────┬──────────────┘
              │               
┌────────────────────────────┐
│ Pipeline #0                │
│ UNGROUPED_AGGREGATE (id=2) │
│ PROJECTION (id=1)          │
│ GPU_SCAN (id=0)            │
└────────────────────────────┘

[2026-09-07 12:48:10.986] [info] [sirius_engine.cpp:186] query 36 telemetry_query=01a07d69f46a72b1bb6e9b1971d94b51
[2026-09-07 12:48:10.986] [info] [sirius_scan_manager.cpp:2999] [sirius_scan_manager] assigned pinned entry 'lineitem' to operator '0'
[2026-09-07 12:48:10.986] [info] [sirius_scan_manager.cpp:823] [late-mat] operator 0: not deferring — the scan restricts rows and its pin is compressed, so the surviving rows are decided inside the decode
[2026-09-07 12:48:10.986] [info] [memory_prefetcher.cpp:59] [memory_prefetcher] started: 3 threads, 1 connectors, min_free_fraction=0.40
[2026-09-07 12:48:10.992] [info] [gpu_pipeline_executor.cpp:129] GPU Pipeline Executor: task queue interrupted, stopping manager loop
[2026-09-07 12:48:10.992] [info] [sirius_context.cpp:405] QueryEnd
[2026-09-07 12:48:10.992] [info] [memory_prefetcher.cpp:72] [memory_prefetcher] stopping: prefetched 0 batches / 0 bytes (stops: headroom=0 reservation=0, skips: lock=0 draining=3, errors=0)
[2026-09-07 12:48:10.992] [info] [sirius_context.cpp:256] [host_pool] HOST:0 QueryEnd instance=0xe560dd9606f0 connection=1 window=36 query=92 allocated=17515413504 bytes peak=17582522368 bytes free_blocks=539
[2026-09-07 12:48:10.992] [info] [sirius_context.cpp:271] [gpu_pool] GPU:0 QueryEnd instance=0xe560dd9606f0 connection=1 window=36 query=92 allocated=3095451136 bytes peak=44608526546 bytes reserved=0 bytes
[2026-09-07 12:48:10.992] [info] [sirius_context.cpp:521] [window] end instance=0xe560dd9606f0 connection=1 window=36 query=92 outcome=ok
[2026-09-07 12:48:10.992] [info] [physical_sirius_execution.cpp:327] Transparent GPU execution: query completed
[2026-09-07 12:48:10.993] [info] [sirius_context.cpp:329] QueryBegin: instance=0xe560dd9606f0 connection=1 query=93 SQL: CALL unpin_table('lineitem')
[2026-09-07 12:48:10.994] [info] [sirius_context.cpp:329] QueryBegin: instance=0xe560dd9606f0 connection=1 query=94 SQL: CALL pin_table('/datasets/tpch_sf100_sorted/supplier/*.parquet', tier='gpu', name='supplier', cols=['s_suppkey','s_nationkey'])
[2026-09-07 12:48:10.994] [info] [sirius_context.cpp:521] [window] begin instance=0xe560dd9606f0 connection=1 window=37 query=94 outcome=-
[2026-09-07 12:48:10.994] [info] [sirius_context.cpp:256] [host_pool] HOST:0 QueryBegin instance=0xe560dd9606f0 connection=1 window=37 query=94 allocated=17515413504 bytes peak=17582522368 bytes free_blocks=539
[2026-09-07 12:48:10.994] [info] [sirius_context.cpp:271] [gpu_pool] GPU:0 QueryBegin instance=0xe560dd9606f0 connection=1 window=37 query=94 allocated=0 bytes peak=44608526546 bytes reserved=0 bytes
[2026-09-07 12:48:10.994] [info] [sirius_context.cpp:389] QueryBegin: pin_table
[2026-09-07 12:48:10.994] [warning] [sirius_extension.cpp:1430] [pin_table] 'supplier': pin_table_compression is enabled but no plan file was found in '/home/nvidia/joost/sirius-zonemap/bench/sf1000-repro/plans'; pinning uncompressed
[2026-09-07 12:48:10.997] [info] [sirius_context.cpp:405] QueryEnd
[2026-09-07 12:48:10.997] [info] [sirius_context.cpp:256] [host_pool] HOST:0 QueryEnd instance=0xe560dd9606f0 connection=1 window=37 query=94 allocated=17515413504 bytes peak=17582522368 bytes free_blocks=539
[2026-09-07 12:48:10.997] [info] [sirius_context.cpp:271] [gpu_pool] GPU:0 QueryEnd instance=0xe560dd9606f0 connection=1 window=37 query=94 allocated=5250560 bytes peak=44608526546 bytes reserved=0 bytes
[2026-09-07 12:48:10.997] [info] [sirius_context.cpp:521] [window] end instance=0xe560dd9606f0 connection=1 window=37 query=94 outcome=ok
[2026-09-07 12:48:10.997] [info] [sirius_context.cpp:329] QueryBegin: instance=0xe560dd9606f0 connection=1 query=95 SQL: CALL pin_table('/datasets/tpch_sf100_sorted/lineitem/*.parquet', tier='gpu', name='lineitem', cols=['l_suppkey','l_orderkey','l_shipdate','l_extendedprice','l_discount'])
[2026-09-07 12:48:10.997] [info] [sirius_context.cpp:521] [window] begin instance=0xe560dd9606f0 connection=1 window=38 query=95 outcome=-
[2026-09-07 12:48:10.997] [info] [sirius_context.cpp:256] [host_pool] HOST:0 QueryBegin instance=0xe560dd9606f0 connection=1 window=38 query=95 allocated=17515413504 bytes peak=17582522368 bytes free_blocks=539
[2026-09-07 12:48:10.997] [info] [sirius_context.cpp:271] [gpu_pool] GPU:0 QueryBegin instance=0xe560dd9606f0 connection=1 window=38 query=95 allocated=5250560 bytes peak=44608526546 bytes reserved=0 bytes
[2026-09-07 12:48:10.997] [info] [sirius_context.cpp:389] QueryBegin: pin_table
[2026-09-07 12:48:10.998] [info] [sirius_extension.cpp:1420] [pin_table] 'lineitem' tier=gpu: compressing with plan for 5 column(s)
[2026-09-07 12:48:11.673] [info] [sirius_context.cpp:405] QueryEnd
[2026-09-07 12:48:11.674] [info] [sirius_context.cpp:256] [host_pool] HOST:0 QueryEnd instance=0xe560dd9606f0 connection=1 window=38 query=95 allocated=17515413504 bytes peak=17582522368 bytes free_blocks=539
[2026-09-07 12:48:11.674] [info] [sirius_context.cpp:271] [gpu_pool] GPU:0 QueryEnd instance=0xe560dd9606f0 connection=1 window=38 query=95 allocated=5825963520 bytes peak=44608526546 bytes reserved=0 bytes
[2026-09-07 12:48:11.674] [info] [sirius_context.cpp:521] [window] end instance=0xe560dd9606f0 connection=1 window=38 query=95 outcome=ok
[2026-09-07 12:48:11.674] [info] [sirius_context.cpp:329] QueryBegin: instance=0xe560dd9606f0 connection=1 query=96 SQL: CALL pin_table('/datasets/tpch_sf100_sorted/orders/*.parquet', tier='gpu', name='orders', cols=['o_orderkey','o_custkey'])
[2026-09-07 12:48:11.674] [info] [sirius_context.cpp:521] [window] begin instance=0xe560dd9606f0 connection=1 window=39 query=96 outcome=-
[2026-09-07 12:48:11.674] [info] [sirius_context.cpp:256] [host_pool] HOST:0 QueryBegin instance=0xe560dd9606f0 connection=1 window=39 query=96 allocated=17515413504 bytes peak=17582522368 bytes free_blocks=539
[2026-09-07 12:48:11.674] [info] [sirius_context.cpp:271] [gpu_pool] GPU:0 QueryBegin instance=0xe560dd9606f0 connection=1 window=39 query=96 allocated=5825963520 bytes peak=44608526546 bytes reserved=0 bytes
[2026-09-07 12:48:11.674] [info] [sirius_context.cpp:389] QueryBegin: pin_table
[2026-09-07 12:48:11.674] [info] [sirius_extension.cpp:1420] [pin_table] 'orders' tier=gpu: compressing with plan for 2 column(s)
[2026-09-07 12:48:11.827] [info] [sirius_context.cpp:405] QueryEnd
[2026-09-07 12:48:11.827] [info] [sirius_context.cpp:256] [host_pool] HOST:0 QueryEnd instance=0xe560dd9606f0 connection=1 window=39 query=96 allocated=17515413504 bytes peak=17582522368 bytes free_blocks=539
[2026-09-07 12:48:11.827] [info] [sirius_context.cpp:271] [gpu_pool] GPU:0 QueryEnd instance=0xe560dd9606f0 connection=1 window=39 query=96 allocated=7063463936 bytes peak=44608526546 bytes reserved=0 bytes
[2026-09-07 12:48:11.827] [info] [sirius_context.cpp:521] [window] end instance=0xe560dd9606f0 connection=1 window=39 query=96 outcome=ok
[2026-09-07 12:48:11.828] [info] [sirius_context.cpp:329] QueryBegin: instance=0xe560dd9606f0 connection=1 query=97 SQL: CALL pin_table('/datasets/tpch_sf100_sorted/customer/*.parquet', tier='gpu', name='customer', cols=['c_custkey','c_nationkey'])
[2026-09-07 12:48:11.828] [info] [sirius_context.cpp:521] [window] begin instance=0xe560dd9606f0 connection=1 window=40 query=97 outcome=-
[2026-09-07 12:48:11.828] [info] [sirius_context.cpp:256] [host_pool] HOST:0 QueryBegin instance=0xe560dd9606f0 connection=1 window=40 query=97 allocated=17515413504 bytes peak=17582522368 bytes free_blocks=539
[2026-09-07 12:48:11.828] [info] [sirius_context.cpp:271] [gpu_pool] GPU:0 QueryBegin instance=0xe560dd9606f0 connection=1 window=40 query=97 allocated=7063463936 bytes peak=44608526546 bytes reserved=0 bytes
[2026-09-07 12:48:11.828] [info] [sirius_context.cpp:389] QueryBegin: pin_table
[2026-09-07 12:48:11.828] [warning] [sirius_extension.cpp:1430] [pin_table] 'customer': pin_table_compression is enabled but no plan file was found in '/home/nvidia/joost/sirius-zonemap/bench/sf1000-repro/plans'; pinning uncompressed
[2026-09-07 12:48:11.833] [info] [sirius_extension.cpp:1478] [late-mat] pin 'customer': column 'c_custkey' proven distinct table-wide (per-chunk)
[2026-09-07 12:48:11.833] [info] [sirius_context.cpp:405] QueryEnd
[2026-09-07 12:48:11.833] [info] [sirius_context.cpp:256] [host_pool] HOST:0 QueryEnd instance=0xe560dd9606f0 connection=1 window=40 query=97 allocated=17515413504 bytes peak=17582522368 bytes free_blocks=539
[2026-09-07 12:48:11.833] [info] [sirius_context.cpp:271] [gpu_pool] GPU:0 QueryEnd instance=0xe560dd9606f0 connection=1 window=40 query=97 allocated=7142214400 bytes peak=44608526546 bytes reserved=0 bytes
[2026-09-07 12:48:11.833] [info] [sirius_context.cpp:521] [window] end instance=0xe560dd9606f0 connection=1 window=40 query=97 outcome=ok
[2026-09-07 12:48:11.833] [info] [sirius_context.cpp:329] QueryBegin: instance=0xe560dd9606f0 connection=1 query=98 SQL: CALL pin_table('/datasets/tpch_sf100_sorted/nation/*.parquet', tier='gpu', name='nation', cols=['n_nationkey','n_name'])
[2026-09-07 12:48:11.833] [info] [sirius_context.cpp:521] [window] begin instance=0xe560dd9606f0 connection=1 window=41 query=98 outcome=-
[2026-09-07 12:48:11.833] [info] [sirius_context.cpp:256] [host_pool] HOST:0 QueryBegin instance=0xe560dd9606f0 connection=1 window=41 query=98 allocated=17515413504 bytes peak=17582522368 bytes free_blocks=539
[2026-09-07 12:48:11.833] [info] [sirius_context.cpp:271] [gpu_pool] GPU:0 QueryBegin instance=0xe560dd9606f0 connection=1 window=41 query=98 allocated=7142214400 bytes peak=44608526546 bytes reserved=0 bytes
[2026-09-07 12:48:11.833] [info] [sirius_context.cpp:389] QueryBegin: pin_table
[2026-09-07 12:48:11.834] [warning] [sirius_extension.cpp:1430] [pin_table] 'nation': pin_table_compression is enabled but no plan file was found in '/home/nvidia/joost/sirius-zonemap/bench/sf1000-repro/plans'; pinning uncompressed
[2026-09-07 12:48:11.836] [info] [sirius_extension.cpp:1478] [late-mat] pin 'nation': column 'n_nationkey' proven distinct table-wide (per-chunk)
[2026-09-07 12:48:11.836] [info] [sirius_extension.cpp:1478] [late-mat] pin 'nation': column 'n_name' proven distinct table-wide (per-chunk)
[2026-09-07 12:48:11.836] [info] [sirius_context.cpp:405] QueryEnd
[2026-09-07 12:48:11.836] [info] [sirius_context.cpp:256] [host_pool] HOST:0 QueryEnd instance=0xe560dd9606f0 connection=1 window=41 query=98 allocated=17515413504 bytes peak=17582522368 bytes free_blocks=539
[2026-09-07 12:48:11.836] [info] [sirius_context.cpp:271] [gpu_pool] GPU:0 QueryEnd instance=0xe560dd9606f0 connection=1 window=41 query=98 allocated=7142215680 bytes peak=44608526546 bytes reserved=0 bytes
[2026-09-07 12:48:11.836] [info] [sirius_context.cpp:521] [window] end instance=0xe560dd9606f0 connection=1 window=41 query=98 outcome=ok
[2026-09-07 12:48:11.836] [info] [sirius_context.cpp:329] QueryBegin: instance=0xe560dd9606f0 connection=1 query=99 SQL: CALL sirius_set_query_label('q7_iter0')
[2026-09-07 12:48:11.836] [info] [sirius_context.cpp:329] QueryBegin: instance=0xe560dd9606f0 connection=1 query=100 SQL: SET gpu_execution = true;
