[2026-09-08 05:20:51.893] [info] [sirius_context.cpp:329] QueryBegin: instance=0xfee08d960820 connection=1 query=39 SQL: select l.l_orderkey, sum(l.l_extendedprice * (1 - l.l_discount)) as revenue, o.o_orderdate, o.o_shippriority from customer c, orders o, lineitem l where c.c_mktsegment = 'HOUSEHOLD' and c.c_custkey = o.o_custkey and l.l_orderkey = o.o_orderkey and o.o_orderdate < date '1995-03-25' and l.l_shipdate > date '1995-03-25' group by l.l_orderkey, o.o_orderdate, o.o_shippriority order by revenue desc, o.o_orderdate limit 10
[2026-09-08 05:20:51.909] [info] [sirius_plan_comparison_join.cpp:646] [sirius_plan_comparison_join] Wired hash join with 1 dynamic-filter probe target(s) (1 scan-bound, 0 join-edge; evidence=filtered; build est 149999850 rows).
[2026-09-08 05:20:51.909] [info] [sirius_plan_comparison_join.cpp:646] [sirius_plan_comparison_join] Wired hash join with 1 dynamic-filter probe target(s) (1 scan-bound, 0 join-edge; evidence=filtered; build est 1513881600 rows).
[2026-09-08 05:20:51.909] [info] [sirius_context.cpp:1467] Transparent execution: Sirius physical plan generated successfully
[2026-09-08 05:20:51.909] [info] [sirius_context.cpp:1495] Transparent execution: physical plan replaced with GPU operator
[2026-09-08 05:20:51.909] [info] [physical_sirius_execution.cpp:157] Transparent GPU execution: executing query
[2026-09-08 05:20:51.909] [info] [sirius_context.cpp:521] [window] begin instance=0xfee08d960820 connection=1 window=16 query=39 outcome=-
[2026-09-08 05:20:51.909] [info] [sirius_context.cpp:256] [host_pool] HOST:0 QueryBegin instance=0xfee08d960820 connection=1 window=16 query=39 allocated=79188459520 bytes peak=79188459520 bytes free_blocks=1956
[2026-09-08 05:20:51.909] [info] [sirius_context.cpp:271] [gpu_pool] GPU:0 QueryBegin instance=0xfee08d960820 connection=1 window=16 query=39 allocated=0 bytes peak=155827525344 bytes reserved=0 bytes
[2026-09-08 05:20:51.909] [info] [sirius_context.cpp:389] QueryBegin: transparent_execution
[2026-09-08 05:20:51.914] [info] [sirius_plan_comparison_join.cpp:646] [sirius_plan_comparison_join] Wired hash join with 1 dynamic-filter probe target(s) (1 scan-bound, 0 join-edge; evidence=filtered; build est 149999850 rows).
[2026-09-08 05:20:51.914] [info] [sirius_plan_comparison_join.cpp:646] [sirius_plan_comparison_join] Wired hash join with 1 dynamic-filter probe target(s) (1 scan-bound, 0 join-edge; evidence=filtered; build est 1513881600 rows).
[2026-09-08 05:20:51.915] [info] [sirius_engine.cpp:265] [gpu_alloc] query allocated 1 GPU(s): [0]
[2026-09-08 05:20:51.915] [info] [sirius_engine.cpp:318] Query Plan:
=== Pipeline Overview ===
Pipeline #0: GPU_SCAN (id=0)
  Output: -> PARTITION [port: default, barrier: FULL]
Pipeline #1: PARTITION (id=1)
  Input: <- Pipeline #0 [on: PARTITION (id=1), port: default, barrier: FULL]
  Dependencies: Pipeline #0
  Output: -> CONCAT [port: default, barrier: PARTIAL]
Pipeline #2: CONCAT (id=2)
  Input: <- Pipeline #1 [on: CONCAT (id=2), port: default, barrier: PARTIAL]
  Dependencies: Pipeline #1
  Output: -> HASH_JOIN [port: build, barrier: PARTIAL]
Pipeline #3: GPU_SCAN (id=3) -> DYNAMIC_FILTER (id=4)
  Output: -> PARTITION [port: default, barrier: PARTIAL]
Pipeline #4: PARTITION (id=5)
  Input: <- Pipeline #3 [on: PARTITION (id=5), port: default, barrier: PARTIAL]
  Dependencies: Pipeline #3
  Output: -> CONCAT [port: default, barrier: PARTIAL]
Pipeline #5: CONCAT (id=6)
  Input: <- Pipeline #4 [on: CONCAT (id=6), port: default, barrier: PARTIAL]
  Dependencies: Pipeline #4
  Output: -> HASH_JOIN [port: default, barrier: PARTIAL]
Pipeline #6: HASH_JOIN (id=7)
  Input: <- Pipeline #2 [on: HASH_JOIN (id=7), port: build, barrier: PARTIAL]
  Input: <- Pipeline #5 [on: HASH_JOIN (id=7), port: default, barrier: PARTIAL]
  Dependencies: Pipeline #2, Pipeline #5
  Output: -> PARTITION [port: default, barrier: FULL]
Pipeline #7: PARTITION (id=8)
  Input: <- Pipeline #6 [on: PARTITION (id=8), port: default, barrier: FULL]
  Dependencies: Pipeline #6
  Output: -> CONCAT [port: default, barrier: PARTIAL]
Pipeline #8: CONCAT (id=9)
  Input: <- Pipeline #7 [on: CONCAT (id=9), port: default, barrier: PARTIAL]
  Dependencies: Pipeline #7
  Output: -> HASH_JOIN [port: build, barrier: PARTIAL]
Pipeline #9: GPU_SCAN (id=10) -> DYNAMIC_FILTER (id=11)
  Output: -> PARTITION [port: default, barrier: PARTIAL]
Pipeline #10: PARTITION (id=12)
  Input: <- Pipeline #9 [on: PARTITION (id=12), port: default, barrier: PARTIAL]
  Dependencies: Pipeline #9
  Output: -> CONCAT [port: default, barrier: PARTIAL]
Pipeline #11: CONCAT (id=13)
  Input: <- Pipeline #10 [on: CONCAT (id=13), port: default, barrier: PARTIAL]
  Dependencies: Pipeline #10
  Output: -> HASH_JOIN [port: default, barrier: PARTIAL]
Pipeline #12: HASH_JOIN (id=14) -> PROJECTION (id=15) -> HASH_GROUP_BY (id=16)
  Input: <- Pipeline #8 [on: HASH_JOIN (id=14), port: build, barrier: PARTIAL]
  Input: <- Pipeline #11 [on: HASH_JOIN (id=14), port: default, barrier: PARTIAL]
  Dependencies: Pipeline #8, Pipeline #11
  Output: -> PARTITION [port: default, barrier: FULL]
Pipeline #13: PARTITION (id=17)
  Input: <- Pipeline #12 [on: PARTITION (id=17), port: default, barrier: FULL]
  Dependencies: Pipeline #12
  Output: -> MERGE_GROUP_BY [port: default, barrier: FULL]
Pipeline #14: MERGE_GROUP_BY (id=18) -> PROJECTION (id=19) -> PROJECTION (id=20) -> TOP_N (id=21)
  Input: <- Pipeline #13 [on: MERGE_GROUP_BY (id=18), port: default, barrier: FULL]
  Dependencies: Pipeline #13
  Output: -> MERGE_TOP_N [port: default, barrier: FULL]
Pipeline #15: MERGE_TOP_N (id=22) -> RESULT_COLLECTOR (id=23)
  Input: <- Pipeline #14 [on: MERGE_TOP_N (id=22), port: default, barrier: FULL]
  Dependencies: Pipeline #14

=== Query Plan DAG ===
┌──────────────────────────┐                                                        
│ Pipeline #15             │                                                        
│ RESULT_COLLECTOR (id=23) │                                                        
│ MERGE_TOP_N (id=22)      │                                                        
│ Input(#14): FULL         │                                                        
└────────────┬─────────────┘                                                        
             │                                                                      
┌──────────────────────────┐                                                        
│ Pipeline #14             │                                                        
│ TOP_N (id=21)            │                                                        
│ PROJECTION (id=20)       │                                                        
│ PROJECTION (id=19)       │                                                        
│ MERGE_GROUP_BY (id=18)   │                                                        
│ Input(#13): FULL         │                                                        
└────────────┬─────────────┘                                                        
             │                                                                      
┌──────────────────────────┐                                                        
│ Pipeline #13             │                                                        
│ PARTITION (id=17)        │                                                        
│ Input(#12): FULL         │                                                        
└────────────┬─────────────┘                                                        
             │                                                                      
┌──────────────────────────┐                                                        
│ Pipeline #12             │                                                        
│ HASH_GROUP_BY (id=16)    │                                                        
│ PROJECTION (id=15)       │                                                        
│ HASH_JOIN (id=14)        │                                                        
│   type: INNER            │                                                        
│ Input(#8): PARTIAL       │                                                        
│ Input(#11): PARTIAL      │                                                        
└────────────┬─────────────┘                                                        
             ┌───────────────────────────────────────────────────────┐              
             │                                                       │              
┌──────────────────────────┐                            ┌──────────────────────────┐
│ Pipeline #8              │                            │ Pipeline #11             │
│ CONCAT (id=9)            │                            │ CONCAT (id=13)           │
│ Input(#7): PARTIAL       │                            │ Input(#10): PARTIAL      │
└────────────┬─────────────┘                            └────────────┬─────────────┘
             │                                                       │              
┌──────────────────────────┐                            ┌──────────────────────────┐
│ Pipeline #7              │                            │ Pipeline #10             │
│ PARTITION (id=8)         │                            │ PARTITION (id=12)        │
│ Input(#6): FULL          │                            │ Input(#9): PARTIAL       │
└────────────┬─────────────┘                            └────────────┬─────────────┘
             │                                                       │              
┌──────────────────────────┐                            ┌──────────────────────────┐
│ Pipeline #6              │                            │ Pipeline #9              │
│ HASH_JOIN (id=7)         │                            │ DYNAMIC_FILTER (id=11)   │
│   type: INNER            │                            │ GPU_SCAN (id=10)         │
│ Input(#2): PARTIAL       │                            │                          │
│ Input(#5): PARTIAL       │                            │                          │
└────────────┬─────────────┘                            └──────────────────────────┘
             ┌───────────────────────────┐                                          
             │                           │                                          
┌──────────────────────────┐┌──────────────────────────┐                            
│ Pipeline #2              ││ Pipeline #5              │                            
│ CONCAT (id=2)            ││ CONCAT (id=6)            │                            
│ Input(#1): PARTIAL       ││ Input(#4): PARTIAL       │                            
└────────────┬─────────────┘└────────────┬─────────────┘                            
             │                           │                                          
┌──────────────────────────┐┌──────────────────────────┐                            
│ Pipeline #1              ││ Pipeline #4              │                            
│ PARTITION (id=1)         ││ PARTITION (id=5)         │                            
│ Input(#0): FULL          ││ Input(#3): PARTIAL       │                            
└────────────┬─────────────┘└────────────┬─────────────┘                            
             │                           │                                          
┌──────────────────────────┐┌──────────────────────────┐                            
│ Pipeline #0              ││ Pipeline #3              │                            
│ GPU_SCAN (id=0)          ││ DYNAMIC_FILTER (id=4)    │                            
│                          ││ GPU_SCAN (id=3)          │                            
└──────────────────────────┘└──────────────────────────┘                            

[2026-09-08 05:20:51.915] [info] [sirius_engine.cpp:186] query 16 telemetry_query=01a080f6c84b7100927142e592d75364
[2026-09-08 05:20:51.915] [info] [sirius_scan_manager.cpp:2999] [sirius_scan_manager] assigned pinned entry 'customer' to operator '0'
[2026-09-08 05:20:51.915] [info] [sirius_scan_manager.cpp:2999] [sirius_scan_manager] assigned pinned entry 'orders' to operator '3'
[2026-09-08 05:20:51.916] [info] [sirius_scan_manager.cpp:2999] [sirius_scan_manager] assigned pinned entry 'lineitem' to operator '10'
[2026-09-08 05:20:51.916] [info] [sirius_scan_manager.cpp:823] [late-mat] operator 0: not deferring — the pinned entry is not device-resident
[2026-09-08 05:20:51.916] [info] [sirius_scan_manager.cpp:823] [late-mat] operator 3: not deferring — the pinned entry is not device-resident
[2026-09-08 05:20:51.916] [info] [sirius_scan_manager.cpp:823] [late-mat] operator 10: not deferring — the pinned entry is not device-resident
[2026-09-08 05:20:51.916] [info] [memory_prefetcher.cpp:59] [memory_prefetcher] started: 3 threads, 3 connectors, min_free_fraction=0.40
[2026-09-08 05:20:51.935] [info] [dynamic_filter_publisher.cpp:297] [sirius_physical_hash_join] Pushed 1 dynamic filter(s) across 1 active target(s) of 1 wired target(s) (30003570 build rows, 1 bound keys of 1 admitted).
[2026-09-08 05:20:51.989] [warning] [sirius_physical_partition.cpp:375] slot_for_device: device_id 0 not found in active GPU list, falling back to slot 0
[2026-09-08 05:20:51.989] [warning] [sirius_physical_partition.cpp:375] slot_for_device: device_id 0 not found in active GPU list, falling back to slot 0
[2026-09-08 05:20:51.989] [warning] [sirius_physical_partition.cpp:375] slot_for_device: device_id 0 not found in active GPU list, falling back to slot 0
[2026-09-08 05:20:51.989] [warning] [sirius_physical_partition.cpp:375] slot_for_device: device_id 0 not found in active GPU list, falling back to slot 0
[2026-09-08 05:20:51.989] [warning] [sirius_physical_partition.cpp:375] slot_for_device: device_id 0 not found in active GPU list, falling back to slot 0
[2026-09-08 05:20:51.989] [warning] [sirius_physical_partition.cpp:375] slot_for_device: device_id 0 not found in active GPU list, falling back to slot 0
[2026-09-08 05:20:51.989] [warning] [sirius_physical_partition.cpp:375] slot_for_device: device_id 0 not found in active GPU list, falling back to slot 0
[2026-09-08 05:20:51.989] [warning] [sirius_physical_partition.cpp:375] slot_for_device: device_id 0 not found in active GPU list, falling back to slot 0
[2026-09-08 05:20:51.989] [warning] [sirius_physical_partition.cpp:375] slot_for_device: device_id 0 not found in active GPU list, falling back to slot 0
[2026-09-08 05:20:51.990] [warning] [sirius_physical_partition.cpp:375] slot_for_device: device_id 0 not found in active GPU list, falling back to slot 0
[2026-09-08 05:20:51.991] [warning] [sirius_physical_partition.cpp:375] slot_for_device: device_id 0 not found in active GPU list, falling back to slot 0
[2026-09-08 05:20:51.993] [warning] [sirius_physical_partition.cpp:375] slot_for_device: device_id 0 not found in active GPU list, falling back to slot 0
[2026-09-08 05:20:52.000] [warning] [sirius_physical_partition.cpp:375] slot_for_device: device_id 0 not found in active GPU list, falling back to slot 0
[2026-09-08 05:20:52.002] [warning] [sirius_physical_partition.cpp:375] slot_for_device: device_id 0 not found in active GPU list, falling back to slot 0
[2026-09-08 05:20:52.005] [warning] [sirius_physical_partition.cpp:375] slot_for_device: device_id 0 not found in active GPU list, falling back to slot 0
[2026-09-08 05:20:52.006] [warning] [sirius_physical_partition.cpp:375] slot_for_device: device_id 0 not found in active GPU list, falling back to slot 0
[2026-09-08 05:20:52.083] [info] [dynamic_filter_publisher.cpp:297] [sirius_physical_hash_join] Pushed 1 dynamic filter(s) across 1 active target(s) of 1 wired target(s) (147060214 build rows, 1 bound keys of 1 admitted).
[2026-09-08 05:20:52.288] [info] [gpu_pipeline_executor.cpp:129] GPU Pipeline Executor: task queue interrupted, stopping manager loop
[2026-09-08 05:20:52.288] [info] [sirius_context.cpp:405] QueryEnd
[2026-09-08 05:20:52.289] [info] [memory_prefetcher.cpp:72] [memory_prefetcher] stopping: prefetched 63 batches / 34851629890 bytes (stops: headroom=0 reservation=0, skips: lock=0 draining=4, errors=0)
[2026-09-08 05:20:52.289] [info] [sirius_context.cpp:256] [host_pool] HOST:0 QueryEnd instance=0xfee08d960820 connection=1 window=16 query=39 allocated=79188459520 bytes peak=79255568384 bytes free_blocks=1956
[2026-09-08 05:20:52.289] [info] [sirius_context.cpp:271] [gpu_pool] GPU:0 QueryEnd instance=0xfee08d960820 connection=1 window=16 query=39 allocated=0 bytes peak=155827525344 bytes reserved=0 bytes
[2026-09-08 05:20:52.289] [info] [sirius_context.cpp:521] [window] end instance=0xfee08d960820 connection=1 window=16 query=39 outcome=ok
[2026-09-08 05:20:52.289] [info] [physical_sirius_execution.cpp:327] Transparent GPU execution: query completed
[2026-09-08 05:20:52.291] [info] [sirius_context.cpp:329] QueryBegin: instance=0xfee08d960820 connection=1 query=40 SQL: CALL sirius_set_query_label('q3_iter1')
[2026-09-08 05:20:52.291] [info] [sirius_context.cpp:329] QueryBegin: instance=0xfee08d960820 connection=1 query=41 SQL: SET gpu_execution = true;
[2026-09-08 05:20:52.291] [info] [sirius_context.cpp:329] QueryBegin: instance=0xfee08d960820 connection=1 query=42 SQL: select l.l_orderkey, sum(l.l_extendedprice * (1 - l.l_discount)) as revenue, o.o_orderdate, o.o_shippriority from customer c, orders o, lineitem l where c.c_mktsegment = 'HOUSEHOLD' and c.c_custkey = o.o_custkey and l.l_orderkey = o.o_orderkey and o.o_orderdate < date '1995-03-25' and l.l_shipdate > date '1995-03-25' group by l.l_orderkey, o.o_orderdate, o.o_shippriority order by revenue desc, o.o_orderdate limit 10
[2026-09-08 05:20:52.307] [info] [sirius_plan_comparison_join.cpp:646] [sirius_plan_comparison_join] Wired hash join with 1 dynamic-filter probe target(s) (1 scan-bound, 0 join-edge; evidence=filtered; build est 149999850 rows).
[2026-09-08 05:20:52.307] [info] [sirius_plan_comparison_join.cpp:646] [sirius_plan_comparison_join] Wired hash join with 1 dynamic-filter probe target(s) (1 scan-bound, 0 join-edge; evidence=filtered; build est 1513881600 rows).
[2026-09-08 05:20:52.307] [info] [sirius_context.cpp:1467] Transparent execution: Sirius physical plan generated successfully
[2026-09-08 05:20:52.307] [info] [sirius_context.cpp:1495] Transparent execution: physical plan replaced with GPU operator
[2026-09-08 05:20:52.308] [info] [physical_sirius_execution.cpp:157] Transparent GPU execution: executing query
[2026-09-08 05:20:52.308] [info] [sirius_context.cpp:521] [window] begin instance=0xfee08d960820 connection=1 window=17 query=42 outcome=-
[2026-09-08 05:20:52.308] [info] [sirius_context.cpp:256] [host_pool] HOST:0 QueryBegin instance=0xfee08d960820 connection=1 window=17 query=42 allocated=79188459520 bytes peak=79255568384 bytes free_blocks=1956
[2026-09-08 05:20:52.308] [info] [sirius_context.cpp:271] [gpu_pool] GPU:0 QueryBegin instance=0xfee08d960820 connection=1 window=17 query=42 allocated=0 bytes peak=155827525344 bytes reserved=0 bytes
[2026-09-08 05:20:52.308] [info] [sirius_context.cpp:389] QueryBegin: transparent_execution
[2026-09-08 05:20:52.312] [info] [sirius_plan_comparison_join.cpp:646] [sirius_plan_comparison_join] Wired hash join with 1 dynamic-filter probe target(s) (1 scan-bound, 0 join-edge; evidence=filtered; build est 149999850 rows).
[2026-09-08 05:20:52.312] [info] [sirius_plan_comparison_join.cpp:646] [sirius_plan_comparison_join] Wired hash join with 1 dynamic-filter probe target(s) (1 scan-bound, 0 join-edge; evidence=filtered; build est 1513881600 rows).
[2026-09-08 05:20:52.313] [info] [sirius_engine.cpp:265] [gpu_alloc] query allocated 1 GPU(s): [0]
[2026-09-08 05:20:52.313] [info] [sirius_engine.cpp:318] Query Plan:
=== Pipeline Overview ===
Pipeline #0: GPU_SCAN (id=0)
  Output: -> PARTITION [port: default, barrier: FULL]
Pipeline #1: PARTITION (id=1)
  Input: <- Pipeline #0 [on: PARTITION (id=1), port: default, barrier: FULL]
  Dependencies: Pipeline #0
  Output: -> CONCAT [port: default, barrier: PARTIAL]
Pipeline #2: CONCAT (id=2)
  Input: <- Pipeline #1 [on: CONCAT (id=2), port: default, barrier: PARTIAL]
  Dependencies: Pipeline #1
  Output: -> HASH_JOIN [port: build, barrier: PARTIAL]
Pipeline #3: GPU_SCAN (id=3) -> DYNAMIC_FILTER (id=4)
  Output: -> PARTITION [port: default, barrier: PARTIAL]
Pipeline #4: PARTITION (id=5)
  Input: <- Pipeline #3 [on: PARTITION (id=5), port: default, barrier: PARTIAL]
  Dependencies: Pipeline #3
  Output: -> CONCAT [port: default, barrier: PARTIAL]
Pipeline #5: CONCAT (id=6)
  Input: <- Pipeline #4 [on: CONCAT (id=6), port: default, barrier: PARTIAL]
  Dependencies: Pipeline #4
  Output: -> HASH_JOIN [port: default, barrier: PARTIAL]
Pipeline #6: HASH_JOIN (id=7)
  Input: <- Pipeline #2 [on: HASH_JOIN (id=7), port: build, barrier: PARTIAL]
  Input: <- Pipeline #5 [on: HASH_JOIN (id=7), port: default, barrier: PARTIAL]
  Dependencies: Pipeline #2, Pipeline #5
  Output: -> PARTITION [port: default, barrier: FULL]
Pipeline #7: PARTITION (id=8)
  Input: <- Pipeline #6 [on: PARTITION (id=8), port: default, barrier: FULL]
  Dependencies: Pipeline #6
  Output: -> CONCAT [port: default, barrier: PARTIAL]
Pipeline #8: CONCAT (id=9)
  Input: <- Pipeline #7 [on: CONCAT (id=9), port: default, barrier: PARTIAL]
  Dependencies: Pipeline #7
  Output: -> HASH_JOIN [port: build, barrier: PARTIAL]
Pipeline #9: GPU_SCAN (id=10) -> DYNAMIC_FILTER (id=11)
  Output: -> PARTITION [port: default, barrier: PARTIAL]
Pipeline #10: PARTITION (id=12)
  Input: <- Pipeline #9 [on: PARTITION (id=12), port: default, barrier: PARTIAL]
  Dependencies: Pipeline #9
  Output: -> CONCAT [port: default, barrier: PARTIAL]
Pipeline #11: CONCAT (id=13)
  Input: <- Pipeline #10 [on: CONCAT (id=13), port: default, barrier: PARTIAL]
  Dependencies: Pipeline #10
  Output: -> HASH_JOIN [port: default, barrier: PARTIAL]
Pipeline #12: HASH_JOIN (id=14) -> PROJECTION (id=15) -> HASH_GROUP_BY (id=16)
  Input: <- Pipeline #8 [on: HASH_JOIN (id=14), port: build, barrier: PARTIAL]
  Input: <- Pipeline #11 [on: HASH_JOIN (id=14), port: default, barrier: PARTIAL]
  Dependencies: Pipeline #8, Pipeline #11
  Output: -> PARTITION [port: default, barrier: FULL]
Pipeline #13: PARTITION (id=17)
  Input: <- Pipeline #12 [on: PARTITION (id=17), port: default, barrier: FULL]
  Dependencies: Pipeline #12
  Output: -> MERGE_GROUP_BY [port: default, barrier: FULL]
Pipeline #14: MERGE_GROUP_BY (id=18) -> PROJECTION (id=19) -> PROJECTION (id=20) -> TOP_N (id=21)
  Input: <- Pipeline #13 [on: MERGE_GROUP_BY (id=18), port: default, barrier: FULL]
  Dependencies: Pipeline #13
  Output: -> MERGE_TOP_N [port: default, barrier: FULL]
Pipeline #15: MERGE_TOP_N (id=22) -> RESULT_COLLECTOR (id=23)
  Input: <- Pipeline #14 [on: MERGE_TOP_N (id=22), port: default, barrier: FULL]
  Dependencies: Pipeline #14

=== Query Plan DAG ===
┌──────────────────────────┐                                                        
│ Pipeline #15             │                                                        
│ RESULT_COLLECTOR (id=23) │                                                        
│ MERGE_TOP_N (id=22)      │                                                        
│ Input(#14): FULL         │                                                        
└────────────┬─────────────┘                                                        
             │                                                                      
┌──────────────────────────┐                                                        
│ Pipeline #14             │                                                        
│ TOP_N (id=21)            │                                                        
│ PROJECTION (id=20)       │                                                        
│ PROJECTION (id=19)       │                                                        
│ MERGE_GROUP_BY (id=18)   │                                                        
│ Input(#13): FULL         │                                                        
└────────────┬─────────────┘                                                        
             │                                                                      
┌──────────────────────────┐                                                        
│ Pipeline #13             │                                                        
│ PARTITION (id=17)        │                                                        
│ Input(#12): FULL         │                                                        
└────────────┬─────────────┘                                                        
             │                                                                      
┌──────────────────────────┐                                                        
│ Pipeline #12             │                                                        
│ HASH_GROUP_BY (id=16)    │                                                        
│ PROJECTION (id=15)       │                                                        
│ HASH_JOIN (id=14)        │                                                        
│   type: INNER            │                                                        
│ Input(#8): PARTIAL       │                                                        
│ Input(#11): PARTIAL      │                                                        
└────────────┬─────────────┘                                                        
             ┌───────────────────────────────────────────────────────┐              
             │                                                       │              
┌──────────────────────────┐                            ┌──────────────────────────┐
│ Pipeline #8              │                            │ Pipeline #11             │
│ CONCAT (id=9)            │                            │ CONCAT (id=13)           │
│ Input(#7): PARTIAL       │                            │ Input(#10): PARTIAL      │
└────────────┬─────────────┘                            └────────────┬─────────────┘
             │                                                       │              
┌──────────────────────────┐                            ┌──────────────────────────┐
│ Pipeline #7              │                            │ Pipeline #10             │
│ PARTITION (id=8)         │                            │ PARTITION (id=12)        │
│ Input(#6): FULL          │                            │ Input(#9): PARTIAL       │
└────────────┬─────────────┘                            └────────────┬─────────────┘
             │                                                       │              
┌──────────────────────────┐                            ┌──────────────────────────┐
│ Pipeline #6              │                            │ Pipeline #9              │
│ HASH_JOIN (id=7)         │                            │ DYNAMIC_FILTER (id=11)   │
│   type: INNER            │                            │ GPU_SCAN (id=10)         │
│ Input(#2): PARTIAL       │                            │                          │
│ Input(#5): PARTIAL       │                            │                          │
└────────────┬─────────────┘                            └──────────────────────────┘
             ┌───────────────────────────┐                                          
             │                           │                                          
┌──────────────────────────┐┌──────────────────────────┐                            
│ Pipeline #2              ││ Pipeline #5              │                            
│ CONCAT (id=2)            ││ CONCAT (id=6)            │                            
│ Input(#1): PARTIAL       ││ Input(#4): PARTIAL       │                            
└────────────┬─────────────┘└────────────┬─────────────┘                            
             │                           │                                          
┌──────────────────────────┐┌──────────────────────────┐                            
│ Pipeline #1              ││ Pipeline #4              │                            
│ PARTITION (id=1)         ││ PARTITION (id=5)         │                            
│ Input(#0): FULL          ││ Input(#3): PARTIAL       │                            
└────────────┬─────────────┘└────────────┬─────────────┘                            
             │                           │                                          
┌──────────────────────────┐┌──────────────────────────┐                            
│ Pipeline #0              ││ Pipeline #3              │                            
│ GPU_SCAN (id=0)          ││ DYNAMIC_FILTER (id=4)    │                            
│                          ││ GPU_SCAN (id=3)          │                            
└──────────────────────────┘└──────────────────────────┘                            

[2026-09-08 05:20:52.313] [info] [sirius_engine.cpp:186] query 17 telemetry_query=01a080f6c9d97c639a87da16a0e8251b
[2026-09-08 05:20:52.313] [info] [sirius_scan_manager.cpp:2999] [sirius_scan_manager] assigned pinned entry 'customer' to operator '0'
[2026-09-08 05:20:52.313] [info] [sirius_scan_manager.cpp:2999] [sirius_scan_manager] assigned pinned entry 'orders' to operator '3'
[2026-09-08 05:20:52.314] [info] [sirius_scan_manager.cpp:2999] [sirius_scan_manager] assigned pinned entry 'lineitem' to operator '10'
[2026-09-08 05:20:52.314] [info] [sirius_scan_manager.cpp:823] [late-mat] operator 0: not deferring — the pinned entry is not device-resident
[2026-09-08 05:20:52.314] [info] [sirius_scan_manager.cpp:823] [late-mat] operator 3: not deferring — the pinned entry is not device-resident
[2026-09-08 05:20:52.314] [info] [sirius_scan_manager.cpp:823] [late-mat] operator 10: not deferring — the pinned entry is not device-resident
[2026-09-08 05:20:52.315] [info] [memory_prefetcher.cpp:59] [memory_prefetcher] started: 3 threads, 3 connectors, min_free_fraction=0.40
[2026-09-08 05:20:52.337] [info] [dynamic_filter_publisher.cpp:297] [sirius_physical_hash_join] Pushed 1 dynamic filter(s) across 1 active target(s) of 1 wired target(s) (30003570 build rows, 1 bound keys of 1 admitted).
[2026-09-08 05:20:52.349] [warning] [sirius_physical_partition.cpp:375] slot_for_device: device_id 0 not found in active GPU list, falling back to slot 0
[2026-09-08 05:20:52.349] [warning] [sirius_physical_partition.cpp:375] slot_for_device: device_id 0 not found in active GPU list, falling back to slot 0
[2026-09-08 05:20:52.387] [warning] [sirius_physical_partition.cpp:375] slot_for_device: device_id 0 not found in active GPU list, falling back to slot 0
[2026-09-08 05:20:52.387] [warning] [sirius_physical_partition.cpp:375] slot_for_device: device_id 0 not found in active GPU list, falling back to slot 0
[2026-09-08 05:20:52.387] [warning] [sirius_physical_partition.cpp:375] slot_for_device: device_id 0 not found in active GPU list, falling back to slot 0
[2026-09-08 05:20:52.387] [warning] [sirius_physical_partition.cpp:375] slot_for_device: device_id 0 not found in active GPU list, falling back to slot 0
[2026-09-08 05:20:52.388] [warning] [sirius_physical_partition.cpp:375] slot_for_device: device_id 0 not found in active GPU list, falling back to slot 0
[2026-09-08 05:20:52.388] [warning] [sirius_physical_partition.cpp:375] slot_for_device: device_id 0 not found in active GPU list, falling back to slot 0
[2026-09-08 05:20:52.388] [warning] [sirius_physical_partition.cpp:375] slot_for_device: device_id 0 not found in active GPU list, falling back to slot 0
[2026-09-08 05:20:52.388] [warning] [sirius_physical_partition.cpp:375] slot_for_device: device_id 0 not found in active GPU list, falling back to slot 0
[2026-09-08 05:20:52.389] [warning] [sirius_physical_partition.cpp:375] slot_for_device: device_id 0 not found in active GPU list, falling back to slot 0
[2026-09-08 05:20:52.389] [warning] [sirius_physical_partition.cpp:375] slot_for_device: device_id 0 not found in active GPU list, falling back to slot 0
[2026-09-08 05:20:52.389] [warning] [sirius_physical_partition.cpp:375] slot_for_device: device_id 0 not found in active GPU list, falling back to slot 0
[2026-09-08 05:20:52.389] [warning] [sirius_physical_partition.cpp:375] slot_for_device: device_id 0 not found in active GPU list, falling back to slot 0
[2026-09-08 05:20:52.389] [warning] [sirius_physical_partition.cpp:375] slot_for_device: device_id 0 not found in active GPU list, falling back to slot 0
[2026-09-08 05:20:52.390] [warning] [sirius_physical_partition.cpp:375] slot_for_device: device_id 0 not found in active GPU list, falling back to slot 0
[2026-09-08 05:20:52.436] [info] [dynamic_filter_publisher.cpp:297] [sirius_physical_hash_join] Pushed 1 dynamic filter(s) across 1 active target(s) of 1 wired target(s) (147060214 build rows, 1 bound keys of 1 admitted).
[2026-09-08 05:20:52.668] [info] [gpu_pipeline_executor.cpp:129] GPU Pipeline Executor: task queue interrupted, stopping manager loop
[2026-09-08 05:20:52.668] [info] [sirius_context.cpp:405] QueryEnd
[2026-09-08 05:20:52.668] [info] [memory_prefetcher.cpp:72] [memory_prefetcher] stopping: prefetched 40 batches / 23401634110 bytes (stops: headroom=0 reservation=0, skips: lock=0 draining=6, errors=0)
[2026-09-08 05:20:52.668] [info] [sirius_context.cpp:256] [host_pool] HOST:0 QueryEnd instance=0xfee08d960820 connection=1 window=17 query=42 allocated=79188459520 bytes peak=79255568384 bytes free_blocks=1956
[2026-09-08 05:20:52.668] [info] [sirius_context.cpp:271] [gpu_pool] GPU:0 QueryEnd instance=0xfee08d960820 connection=1 window=17 query=42 allocated=0 bytes peak=155827525344 bytes reserved=0 bytes
[2026-09-08 05:20:52.668] [info] [sirius_context.cpp:521] [window] end instance=0xfee08d960820 connection=1 window=17 query=42 outcome=ok
[2026-09-08 05:20:52.668] [info] [physical_sirius_execution.cpp:327] Transparent GPU execution: query completed
[2026-09-08 05:20:52.684] [info] [sirius_context.cpp:329] QueryBegin: instance=0xfee08d960820 connection=1 query=43 SQL: CALL sirius_set_query_label('q3_iter2')
[2026-09-08 05:20:52.684] [info] [sirius_context.cpp:329] QueryBegin: instance=0xfee08d960820 connection=1 query=44 SQL: SET gpu_execution = true;
[2026-09-08 05:20:52.684] [info] [sirius_context.cpp:329] QueryBegin: instance=0xfee08d960820 connection=1 query=45 SQL: select l.l_orderkey, sum(l.l_extendedprice * (1 - l.l_discount)) as revenue, o.o_orderdate, o.o_shippriority from customer c, orders o, lineitem l where c.c_mktsegment = 'HOUSEHOLD' and c.c_custkey = o.o_custkey and l.l_orderkey = o.o_orderkey and o.o_orderdate < date '1995-03-25' and l.l_shipdate > date '1995-03-25' group by l.l_orderkey, o.o_orderdate, o.o_shippriority order by revenue desc, o.o_orderdate limit 10
[2026-09-08 05:20:52.699] [info] [sirius_plan_comparison_join.cpp:646] [sirius_plan_comparison_join] Wired hash join with 1 dynamic-filter probe target(s) (1 scan-bound, 0 join-edge; evidence=filtered; build est 149999850 rows).
[2026-09-08 05:20:52.699] [info] [sirius_plan_comparison_join.cpp:646] [sirius_plan_comparison_join] Wired hash join with 1 dynamic-filter probe target(s) (1 scan-bound, 0 join-edge; evidence=filtered; build est 1513881600 rows).
[2026-09-08 05:20:52.700] [info] [sirius_context.cpp:1467] Transparent execution: Sirius physical plan generated successfully
[2026-09-08 05:20:52.700] [info] [sirius_context.cpp:1495] Transparent execution: physical plan replaced with GPU operator
[2026-09-08 05:20:52.700] [info] [physical_sirius_execution.cpp:157] Transparent GPU execution: executing query
[2026-09-08 05:20:52.700] [info] [sirius_context.cpp:521] [window] begin instance=0xfee08d960820 connection=1 window=18 query=45 outcome=-
[2026-09-08 05:20:52.700] [info] [sirius_context.cpp:256] [host_pool] HOST:0 QueryBegin instance=0xfee08d960820 connection=1 window=18 query=45 allocated=79188459520 bytes peak=79255568384 bytes free_blocks=1956
[2026-09-08 05:20:52.700] [info] [sirius_context.cpp:271] [gpu_pool] GPU:0 QueryBegin instance=0xfee08d960820 connection=1 window=18 query=45 allocated=0 bytes peak=155827525344 bytes reserved=0 bytes
[2026-09-08 05:20:52.700] [info] [sirius_context.cpp:389] QueryBegin: transparent_execution
[2026-09-08 05:20:52.705] [info] [sirius_plan_comparison_join.cpp:646] [sirius_plan_comparison_join] Wired hash join with 1 dynamic-filter probe target(s) (1 scan-bound, 0 join-edge; evidence=filtered; build est 149999850 rows).
[2026-09-08 05:20:52.705] [info] [sirius_plan_comparison_join.cpp:646] [sirius_plan_comparison_join] Wired hash join with 1 dynamic-filter probe target(s) (1 scan-bound, 0 join-edge; evidence=filtered; build est 1513881600 rows).
[2026-09-08 05:20:52.705] [info] [sirius_engine.cpp:265] [gpu_alloc] query allocated 1 GPU(s): [0]
[2026-09-08 05:20:52.706] [info] [sirius_engine.cpp:318] Query Plan:
=== Pipeline Overview ===
Pipeline #0: GPU_SCAN (id=0)
  Output: -> PARTITION [port: default, barrier: FULL]
Pipeline #1: PARTITION (id=1)
  Input: <- Pipeline #0 [on: PARTITION (id=1), port: default, barrier: FULL]
  Dependencies: Pipeline #0
  Output: -> CONCAT [port: default, barrier: PARTIAL]
Pipeline #2: CONCAT (id=2)
  Input: <- Pipeline #1 [on: CONCAT (id=2), port: default, barrier: PARTIAL]
  Dependencies: Pipeline #1
  Output: -> HASH_JOIN [port: build, barrier: PARTIAL]
Pipeline #3: GPU_SCAN (id=3) -> DYNAMIC_FILTER (id=4)
  Output: -> PARTITION [port: default, barrier: PARTIAL]
Pipeline #4: PARTITION (id=5)
  Input: <- Pipeline #3 [on: PARTITION (id=5), port: default, barrier: PARTIAL]
  Dependencies: Pipeline #3
  Output: -> CONCAT [port: default, barrier: PARTIAL]
Pipeline #5: CONCAT (id=6)
  Input: <- Pipeline #4 [on: CONCAT (id=6), port: default, barrier: PARTIAL]
  Dependencies: Pipeline #4
  Output: -> HASH_JOIN [port: default, barrier: PARTIAL]
Pipeline #6: HASH_JOIN (id=7)
  Input: <- Pipeline #2 [on: HASH_JOIN (id=7), port: build, barrier: PARTIAL]
  Input: <- Pipeline #5 [on: HASH_JOIN (id=7), port: default, barrier: PARTIAL]
  Dependencies: Pipeline #2, Pipeline #5
  Output: -> PARTITION [port: default, barrier: FULL]
Pipeline #7: PARTITION (id=8)
  Input: <- Pipeline #6 [on: PARTITION (id=8), port: default, barrier: FULL]
  Dependencies: Pipeline #6
  Output: -> CONCAT [port: default, barrier: PARTIAL]
Pipeline #8: CONCAT (id=9)
  Input: <- Pipeline #7 [on: CONCAT (id=9), port: default, barrier: PARTIAL]
  Dependencies: Pipeline #7
  Output: -> HASH_JOIN [port: build, barrier: PARTIAL]
Pipeline #9: GPU_SCAN (id=10) -> DYNAMIC_FILTER (id=11)
  Output: -> PARTITION [port: default, barrier: PARTIAL]
Pipeline #10: PARTITION (id=12)
  Input: <- Pipeline #9 [on: PARTITION (id=12), port: default, barrier: PARTIAL]
  Dependencies: Pipeline #9
  Output: -> CONCAT [port: default, barrier: PARTIAL]
Pipeline #11: CONCAT (id=13)
  Input: <- Pipeline #10 [on: CONCAT (id=13), port: default, barrier: PARTIAL]
  Dependencies: Pipeline #10
  Output: -> HASH_JOIN [port: default, barrier: PARTIAL]
Pipeline #12: HASH_JOIN (id=14) -> PROJECTION (id=15) -> HASH_GROUP_BY (id=16)
  Input: <- Pipeline #8 [on: HASH_JOIN (id=14), port: build, barrier: PARTIAL]
  Input: <- Pipeline #11 [on: HASH_JOIN (id=14), port: default, barrier: PARTIAL]
  Dependencies: Pipeline #8, Pipeline #11
  Output: -> PARTITION [port: default, barrier: FULL]
Pipeline #13: PARTITION (id=17)
  Input: <- Pipeline #12 [on: PARTITION (id=17), port: default, barrier: FULL]
  Dependencies: Pipeline #12
  Output: -> MERGE_GROUP_BY [port: default, barrier: FULL]
Pipeline #14: MERGE_GROUP_BY (id=18) -> PROJECTION (id=19) -> PROJECTION (id=20) -> TOP_N (id=21)
  Input: <- Pipeline #13 [on: MERGE_GROUP_BY (id=18), port: default, barrier: FULL]
  Dependencies: Pipeline #13
  Output: -> MERGE_TOP_N [port: default, barrier: FULL]
Pipeline #15: MERGE_TOP_N (id=22) -> RESULT_COLLECTOR (id=23)
  Input: <- Pipeline #14 [on: MERGE_TOP_N (id=22), port: default, barrier: FULL]
  Dependencies: Pipeline #14

=== Query Plan DAG ===
┌──────────────────────────┐                                                        
│ Pipeline #15             │                                                        
│ RESULT_COLLECTOR (id=23) │                                                        
│ MERGE_TOP_N (id=22)      │                                                        
│ Input(#14): FULL         │                                                        
└────────────┬─────────────┘                                                        
             │                                                                      
┌──────────────────────────┐                                                        
│ Pipeline #14             │                                                        
│ TOP_N (id=21)            │                                                        
│ PROJECTION (id=20)       │                                                        
│ PROJECTION (id=19)       │                                                        
│ MERGE_GROUP_BY (id=18)   │                                                        
│ Input(#13): FULL         │                                                        
└────────────┬─────────────┘                                                        
             │                                                                      
┌──────────────────────────┐                                                        
│ Pipeline #13             │                                                        
│ PARTITION (id=17)        │                                                        
│ Input(#12): FULL         │                                                        
└────────────┬─────────────┘                                                        
             │                                                                      
┌──────────────────────────┐                                                        
│ Pipeline #12             │                                                        
│ HASH_GROUP_BY (id=16)    │                                                        
│ PROJECTION (id=15)       │                                                        
│ HASH_JOIN (id=14)        │                                                        
│   type: INNER            │                                                        
│ Input(#8): PARTIAL       │                                                        
│ Input(#11): PARTIAL      │                                                        
└────────────┬─────────────┘                                                        
             ┌───────────────────────────────────────────────────────┐              
             │                                                       │              
┌──────────────────────────┐                            ┌──────────────────────────┐
│ Pipeline #8              │                            │ Pipeline #11             │
│ CONCAT (id=9)            │                            │ CONCAT (id=13)           │
│ Input(#7): PARTIAL       │                            │ Input(#10): PARTIAL      │
└────────────┬─────────────┘                            └────────────┬─────────────┘
             │                                                       │              
┌──────────────────────────┐                            ┌──────────────────────────┐
│ Pipeline #7              │                            │ Pipeline #10             │
│ PARTITION (id=8)         │                            │ PARTITION (id=12)        │
│ Input(#6): FULL          │                            │ Input(#9): PARTIAL       │
└────────────┬─────────────┘                            └────────────┬─────────────┘
             │                                                       │              
┌──────────────────────────┐                            ┌──────────────────────────┐
│ Pipeline #6              │                            │ Pipeline #9              │
│ HASH_JOIN (id=7)         │                            │ DYNAMIC_FILTER (id=11)   │
│   type: INNER            │                            │ GPU_SCAN (id=10)         │
│ Input(#2): PARTIAL       │                            │                          │
│ Input(#5): PARTIAL       │                            │                          │
└────────────┬─────────────┘                            └──────────────────────────┘
             ┌───────────────────────────┐                                          
             │                           │                                          
┌──────────────────────────┐┌──────────────────────────┐                            
│ Pipeline #2              ││ Pipeline #5              │                            
│ CONCAT (id=2)            ││ CONCAT (id=6)            │                            
│ Input(#1): PARTIAL       ││ Input(#4): PARTIAL       │                            
└────────────┬─────────────┘└────────────┬─────────────┘                            
             │                           │                                          
┌──────────────────────────┐┌──────────────────────────┐                            
│ Pipeline #1              ││ Pipeline #4              │                            
│ PARTITION (id=1)         ││ PARTITION (id=5)         │                            
│ Input(#0): FULL          ││ Input(#3): PARTIAL       │                            
└────────────┬─────────────┘└────────────┬─────────────┘                            
             │                           │                                          
┌──────────────────────────┐┌──────────────────────────┐                            
│ Pipeline #0              ││ Pipeline #3              │                            
│ GPU_SCAN (id=0)          ││ DYNAMIC_FILTER (id=4)    │                            
│                          ││ GPU_SCAN (id=3)          │                            
└──────────────────────────┘└──────────────────────────┘                            

[2026-09-08 05:20:52.706] [info] [sirius_engine.cpp:186] query 18 telemetry_query=01a080f6cb617b23aec588d3ff43a323
[2026-09-08 05:20:52.706] [info] [sirius_scan_manager.cpp:2999] [sirius_scan_manager] assigned pinned entry 'customer' to operator '0'
[2026-09-08 05:20:52.706] [info] [sirius_scan_manager.cpp:2999] [sirius_scan_manager] assigned pinned entry 'orders' to operator '3'
[2026-09-08 05:20:52.706] [info] [sirius_scan_manager.cpp:2999] [sirius_scan_manager] assigned pinned entry 'lineitem' to operator '10'
[2026-09-08 05:20:52.706] [info] [sirius_scan_manager.cpp:823] [late-mat] operator 0: not deferring — the pinned entry is not device-resident
[2026-09-08 05:20:52.706] [info] [sirius_scan_manager.cpp:823] [late-mat] operator 3: not deferring — the pinned entry is not device-resident
[2026-09-08 05:20:52.706] [info] [sirius_scan_manager.cpp:823] [late-mat] operator 10: not deferring — the pinned entry is not device-resident
[2026-09-08 05:20:52.712] [info] [memory_prefetcher.cpp:59] [memory_prefetcher] started: 3 threads, 3 connectors, min_free_fraction=0.40
[2026-09-08 05:20:52.734] [info] [dynamic_filter_publisher.cpp:297] [sirius_physical_hash_join] Pushed 1 dynamic filter(s) across 1 active target(s) of 1 wired target(s) (30003570 build rows, 1 bound keys of 1 admitted).
[2026-09-08 05:20:52.752] [warning] [sirius_physical_partition.cpp:375] slot_for_device: device_id 0 not found in active GPU list, falling back to slot 0
[2026-09-08 05:20:52.752] [warning] [sirius_physical_partition.cpp:375] slot_for_device: device_id 0 not found in active GPU list, falling back to slot 0
[2026-09-08 05:20:52.752] [warning] [sirius_physical_partition.cpp:375] slot_for_device: device_id 0 not found in active GPU list, falling back to slot 0
[2026-09-08 05:20:52.752] [warning] [sirius_physical_partition.cpp:375] slot_for_device: device_id 0 not found in active GPU list, falling back to slot 0
[2026-09-08 05:20:52.777] [warning] [sirius_physical_partition.cpp:375] slot_for_device: device_id 0 not found in active GPU list, falling back to slot 0
[2026-09-08 05:20:52.777] [warning] [sirius_physical_partition.cpp:375] slot_for_device: device_id 0 not found in active GPU list, falling back to slot 0
[2026-09-08 05:20:52.777] [warning] [sirius_physical_partition.cpp:375] slot_for_device: device_id 0 not found in active GPU list, falling back to slot 0
[2026-09-08 05:20:52.777] [warning] [sirius_physical_partition.cpp:375] slot_for_device: device_id 0 not found in active GPU list, falling back to slot 0
[2026-09-08 05:20:52.777] [warning] [sirius_physical_partition.cpp:375] slot_for_device: device_id 0 not found in active GPU list, falling back to slot 0
[2026-09-08 05:20:52.777] [warning] [sirius_physical_partition.cpp:375] slot_for_device: device_id 0 not found in active GPU list, falling back to slot 0
[2026-09-08 05:20:52.778] [warning] [sirius_physical_partition.cpp:375] slot_for_device: device_id 0 not found in active GPU list, falling back to slot 0
[2026-09-08 05:20:52.779] [warning] [sirius_physical_partition.cpp:375] slot_for_device: device_id 0 not found in active GPU list, falling back to slot 0
[2026-09-08 05:20:52.780] [warning] [sirius_physical_partition.cpp:375] slot_for_device: device_id 0 not found in active GPU list, falling back to slot 0
[2026-09-08 05:20:52.780] [warning] [sirius_physical_partition.cpp:375] slot_for_device: device_id 0 not found in active GPU list, falling back to slot 0
[2026-09-08 05:20:52.780] [warning] [sirius_physical_partition.cpp:375] slot_for_device: device_id 0 not found in active GPU list, falling back to slot 0
[2026-09-08 05:20:52.780] [warning] [sirius_physical_partition.cpp:375] slot_for_device: device_id 0 not found in active GPU list, falling back to slot 0
[2026-09-08 05:20:52.829] [info] [dynamic_filter_publisher.cpp:297] [sirius_physical_hash_join] Pushed 1 dynamic filter(s) across 1 active target(s) of 1 wired target(s) (147060214 build rows, 1 bound keys of 1 admitted).
[2026-09-08 05:20:53.057] [info] [gpu_pipeline_executor.cpp:129] GPU Pipeline Executor: task queue interrupted, stopping manager loop
[2026-09-08 05:20:53.057] [info] [sirius_context.cpp:405] QueryEnd
[2026-09-08 05:20:53.057] [info] [memory_prefetcher.cpp:72] [memory_prefetcher] stopping: prefetched 41 batches / 24362169058 bytes (stops: headroom=0 reservation=0, skips: lock=0 draining=13, errors=0)
[2026-09-08 05:20:53.057] [info] [sirius_context.cpp:256] [host_pool] HOST:0 QueryEnd instance=0xfee08d960820 connection=1 window=18 query=45 allocated=79188459520 bytes peak=79255568384 bytes free_blocks=1956
[2026-09-08 05:20:53.057] [info] [sirius_context.cpp:271] [gpu_pool] GPU:0 QueryEnd instance=0xfee08d960820 connection=1 window=18 query=45 allocated=0 bytes peak=155827525344 bytes reserved=0 bytes
[2026-09-08 05:20:53.057] [info] [sirius_context.cpp:521] [window] end instance=0xfee08d960820 connection=1 window=18 query=45 outcome=ok
[2026-09-08 05:20:53.057] [info] [physical_sirius_execution.cpp:327] Transparent GPU execution: query completed
[2026-09-08 05:20:53.065] [info] [sirius_context.cpp:329] QueryBegin: instance=0xfee08d960820 connection=1 query=46 SQL: CALL unpin_table('customer')
[2026-09-08 05:20:53.065] [info] [sirius_context.cpp:329] QueryBegin: instance=0xfee08d960820 connection=1 query=47 SQL: CALL unpin_table('orders')
[2026-09-08 05:20:53.065] [info] [sirius_context.cpp:329] QueryBegin: instance=0xfee08d960820 connection=1 query=48 SQL: CALL unpin_table('lineitem')
[2026-09-08 05:20:53.066] [info] [sirius_context.cpp:329] QueryBegin: instance=0xfee08d960820 connection=1 query=49 SQL: CALL pin_table('/datasets/tpch_sf1000_sorted/orders/*.parquet', tier='host', name='orders', cols=['o_orderkey','o_orderdate','o_orderpriority'])
[2026-09-08 05:20:53.067] [info] [sirius_context.cpp:521] [window] begin instance=0xfee08d960820 connection=1 window=19 query=49 outcome=-
[2026-09-08 05:20:53.067] [info] [sirius_context.cpp:256] [host_pool] HOST:0 QueryBegin instance=0xfee08d960820 connection=1 window=19 query=49 allocated=17515413504 bytes peak=79255568384 bytes free_blocks=2875
[2026-09-08 05:20:53.067] [info] [sirius_context.cpp:271] [gpu_pool] GPU:0 QueryBegin instance=0xfee08d960820 connection=1 window=19 query=49 allocated=0 bytes peak=155827525344 bytes reserved=0 bytes
[2026-09-08 05:20:53.067] [info] [sirius_context.cpp:389] QueryBegin: pin_table
[2026-09-08 05:20:53.067] [info] [sirius_extension.cpp:1420] [pin_table] 'orders' tier=host: compressing with plan for 3 column(s)
[2026-09-08 05:20:54.020] [info] [sirius_context.cpp:405] QueryEnd
[2026-09-08 05:20:54.020] [info] [sirius_context.cpp:256] [host_pool] HOST:0 QueryEnd instance=0xfee08d960820 connection=1 window=19 query=49 allocated=25098715136 bytes peak=79255568384 bytes free_blocks=2762
[2026-09-08 05:20:54.020] [info] [sirius_context.cpp:271] [gpu_pool] GPU:0 QueryEnd instance=0xfee08d960820 connection=1 window=19 query=49 allocated=0 bytes peak=155827525344 bytes reserved=0 bytes
[2026-09-08 05:20:54.020] [info] [sirius_context.cpp:521] [window] end instance=0xfee08d960820 connection=1 window=19 query=49 outcome=ok
[2026-09-08 05:20:54.021] [info] [sirius_context.cpp:329] QueryBegin: instance=0xfee08d960820 connection=1 query=50 SQL: CALL pin_table('/datasets/tpch_sf1000_sorted/lineitem/*.parquet', tier='host', name='lineitem', cols=['l_orderkey','l_commitdate','l_receiptdate'])
[2026-09-08 05:20:54.021] [info] [sirius_context.cpp:521] [window] begin instance=0xfee08d960820 connection=1 window=20 query=50 outcome=-
[2026-09-08 05:20:54.021] [info] [sirius_context.cpp:256] [host_pool] HOST:0 QueryBegin instance=0xfee08d960820 connection=1 window=20 query=50 allocated=25098715136 bytes peak=79255568384 bytes free_blocks=2762
[2026-09-08 05:20:54.021] [info] [sirius_context.cpp:271] [gpu_pool] GPU:0 QueryBegin instance=0xfee08d960820 connection=1 window=20 query=50 allocated=0 bytes peak=155827525344 bytes reserved=0 bytes
[2026-09-08 05:20:54.021] [info] [sirius_context.cpp:389] QueryBegin: pin_table
[2026-09-08 05:20:54.022] [info] [sirius_extension.cpp:1420] [pin_table] 'lineitem' tier=host: compressing with plan for 3 column(s)
[2026-09-08 05:20:57.420] [info] [sirius_context.cpp:405] QueryEnd
[2026-09-08 05:20:57.420] [info] [sirius_context.cpp:256] [host_pool] HOST:0 QueryEnd instance=0xfee08d960820 connection=1 window=20 query=50 allocated=61538828288 bytes peak=79255568384 bytes free_blocks=2219
[2026-09-08 05:20:57.420] [info] [sirius_context.cpp:271] [gpu_pool] GPU:0 QueryEnd instance=0xfee08d960820 connection=1 window=20 query=50 allocated=0 bytes peak=155827525344 bytes reserved=0 bytes
[2026-09-08 05:20:57.420] [info] [sirius_context.cpp:521] [window] end instance=0xfee08d960820 connection=1 window=20 query=50 outcome=ok
[2026-09-08 05:20:57.420] [info] [sirius_context.cpp:329] QueryBegin: instance=0xfee08d960820 connection=1 query=51 SQL: CALL sirius_set_query_label('q4_iter0')
[2026-09-08 05:20:57.421] [info] [sirius_context.cpp:329] QueryBegin: instance=0xfee08d960820 connection=1 query=52 SQL: SET gpu_execution = true;
