[cucascade] direct GPU↔GPU peer DMA broken on 2 direction(s); cudaMemcpyPeer* will host-stage automatically.

[0/48] (0%): gpu_execution - TPC-H Query 1
[1/48] (2%): gpu_execution - TPC-H Query 1 parquet
[2/48] (4%): gpu_execution - TPC-H Query 2
[3/48] (6%): gpu_execution - TPC-H Query 2 parquet
[4/48] (8%): gpu_execution - TPC-H Query 3
[5/48] (10%): gpu_execution - TPC-H Query 3 parquet
[6/48] (12%): gpu_execution - TPC-H Query 4
[7/48] (14%): gpu_execution - TPC-H Query 4 parquet
[8/48] (16%): gpu_execution - TPC-H Query 5
[9/48] (18%): gpu_execution - TPC-H Query 5 parquet
[10/48] (20%): gpu_execution - TPC-H Query 6
[11/48] (22%): gpu_execution - TPC-H Query 6 parquet
[12/48] (25%): gpu_execution - TPC-H Query 7
[13/48] (27%): gpu_execution - TPC-H Query 7 parquet
[14/48] (29%): gpu_execution - TPC-H Query 8
[15/48] (31%): gpu_execution - TPC-H Query 8 parquet
[16/48] (33%): gpu_execution - TPC-H Query 9
[17/48] (35%): gpu_execution - TPC-H Query 9 parquet
[18/48] (37%): gpu_execution - TPC-H Query 10
[19/48] (39%): gpu_execution - TPC-H Query 10 parquet
[20/48] (41%): gpu_execution - TPC-H Query 11
[21/48] (43%): gpu_execution - TPC-H Query 11 parquet
[22/48] (45%): gpu_execution - TPC-H Query 12
[23/48] (47%): gpu_execution - TPC-H Query 12 parquet
[24/48] (50%): gpu_execution - TPC-H Query 13
[25/48] (52%): gpu_execution - TPC-H Query 13 parquet
[26/48] (54%): gpu_execution - TPC-H Query 14
[27/48] (56%): gpu_execution - TPC-H Query 14 parquet
[28/48] (58%): gpu_execution - TPC-H Query 15
[29/48] (60%): gpu_execution - TPC-H Query 15 parquet
[30/48] (62%): gpu_execution - TPC-H Query 16
[31/48] (64%): gpu_execution - TPC-H Query 16 parquet
[32/48] (66%): gpu_execution - TPC-H Query 17
[33/48] (68%): gpu_execution - TPC-H Query 17 parquet
[34/48] (70%): gpu_execution - TPC-H Query 18
[35/48] (72%): gpu_execution - TPC-H Query 18 parquet
[36/48] (75%): gpu_execution - TPC-H Query 19
[37/48] (77%): gpu_execution - TPC-H Query 19 parquet
[38/48] (79%): gpu_execution - TPC-H Query 20
[39/48] (81%): gpu_execution - TPC-H Query 20 parquet
[40/48] (83%): gpu_execution - TPC-H Query 21
[41/48] (85%): gpu_execution - TPC-H Query 21 parquet
[42/48] (87%): gpu_execution - TPC-H Query 22
[43/48] (89%): gpu_execution - TPC-H Query 22 parquet
[44/48] (91%): gpu_execution - tpch_q1_sf10_2gpu/home/felipe/sirius/.worktrees/ws-9aa781df-6d8c-4395-9329-737a67e8e272/test/cpp/integration/test_gpu_execution_tpch.cpp:4200: warning: 'SIRIUS_TEST_SF10_PATH unset; skipping SF10 Q1 variant (TEST-04 gate)'

[45/48] (93%): gpu_execution - tpch_q6_sf10_2gpu/home/felipe/sirius/.worktrees/ws-9aa781df-6d8c-4395-9329-737a67e8e272/test/cpp/integration/test_gpu_execution_tpch.cpp:4231: warning: 'SIRIUS_TEST_SF10_PATH unset; skipping SF10 Q6 variant (TEST-04 gate)'

[46/48] (95%): gpu_execution - tpch_q12_sf10_2gpu/home/felipe/sirius/.worktrees/ws-9aa781df-6d8c-4395-9329-737a67e8e272/test/cpp/integration/test_gpu_execution_tpch.cpp:4258: warning: 'SIRIUS_TEST_SF10_PATH unset; skipping SF10 Q12 variant (TEST-04 gate)'

[47/48] (97%): gpu_execution - [mgpu-audit] per-GPU distribution on TPC-H Q1
[48/48] (100%): gpu_execution - [mgpu-audit] per-GPU distribution on TPC-H Q1
Passed all 48 test cases with 71608 assertions.

