[2026-09-07 13:23:41.437] [info] [sirius_context.cpp:329] QueryBegin: instance=0xe616cd960490 connection=1 query=7 SQL: select l_returnflag, l_linestatus, sum(l_quantity) as sum_qty, sum(l_extendedprice) as sum_base_price, sum(l_extendedprice * (1 - l_discount)) as sum_disc_price, sum(l_extendedprice * (1 - l_discount) * (1 + l_tax)) as sum_charge, avg(l_quantity) as avg_qty, avg(l_extendedprice) as avg_price, avg(l_discount) as avg_disc, count(*) as count_order from lineitem where l_shipdate <= date '1995-08-19' group by l_returnflag, l_linestatus order by l_returnflag, l_linestatus
[2026-09-07 13:23:41.442] [info] [sirius_context.cpp:1467] Transparent execution: Sirius physical plan generated successfully
[2026-09-07 13:23:41.442] [info] [sirius_context.cpp:1495] Transparent execution: physical plan replaced with GPU operator
[2026-09-07 13:23:41.442] [info] [physical_sirius_execution.cpp:157] Transparent GPU execution: executing query
[2026-09-07 13:23:41.442] [info] [sirius_context.cpp:521] [window] begin instance=0xe616cd960490 connection=1 window=2 query=7 outcome=-
[2026-09-07 13:23:41.442] [info] [sirius_context.cpp:256] [host_pool] HOST:0 QueryBegin instance=0xe616cd960490 connection=1 window=2 query=7 allocated=17515413504 bytes peak=17515413504 bytes free_blocks=539
[2026-09-07 13:23:41.442] [info] [sirius_context.cpp:271] [gpu_pool] GPU:0 QueryBegin instance=0xe616cd960490 connection=1 window=2 query=7 allocated=3449707264 bytes peak=6150208768 bytes reserved=0 bytes
[2026-09-07 13:23:41.442] [info] [sirius_context.cpp:389] QueryBegin: transparent_execution
[2026-09-07 13:23:41.444] [info] [sirius_engine.cpp:265] [gpu_alloc] query allocated 1 GPU(s): [0]
[2026-09-07 13:23:41.444] [info] [sirius_engine.cpp:318] Query Plan:
=== Pipeline Overview ===
Pipeline #0: GPU_SCAN (id=0) -> PROJECTION (id=1) -> PROJECTION (id=2) -> HASH_GROUP_BY (id=3)
  Output: -> PARTITION [port: default, barrier: FULL]
Pipeline #1: PARTITION (id=4)
  Input: <- Pipeline #0 [on: PARTITION (id=4), port: default, barrier: FULL]
  Dependencies: Pipeline #0
  Output: -> MERGE_GROUP_BY [port: default, barrier: FULL]
Pipeline #2: MERGE_GROUP_BY (id=5) -> ORDER_BY (id=6)
  Input: <- Pipeline #1 [on: MERGE_GROUP_BY (id=5), port: default, barrier: FULL]
  Dependencies: Pipeline #1
  Output: -> SORT_SAMPLE [port: default, barrier: PIPELINE]
Pipeline #3: SORT_SAMPLE (id=7) -> SORT_PARTITION (id=8)
  Input: <- Pipeline #2 [on: SORT_SAMPLE (id=7), port: default, barrier: PIPELINE]
  Dependencies: Pipeline #2
  Output: -> MERGE_SORT [port: default, barrier: FULL]
Pipeline #4: MERGE_SORT (id=9)
  Input: <- Pipeline #3 [on: MERGE_SORT (id=9), port: default, barrier: FULL]
  Dependencies: Pipeline #3
  Output: -> RESULT_COLLECTOR [port: default, barrier: FULL]
Pipeline #5: RESULT_COLLECTOR (id=10)
  Input: <- Pipeline #4 [on: RESULT_COLLECTOR (id=10), port: default, barrier: FULL]
  Dependencies: Pipeline #4

=== Query Plan DAG ===
┌──────────────────────────┐
│ Pipeline #5              │
│ RESULT_COLLECTOR (id=10) │
│ Input(#4): FULL          │
└────────────┬─────────────┘
             │              
┌──────────────────────────┐
│ Pipeline #4              │
│ MERGE_SORT (id=9)        │
│ Input(#3): FULL          │
└────────────┬─────────────┘
             │              
┌──────────────────────────┐
│ Pipeline #3              │
│ SORT_PARTITION (id=8)    │
│ SORT_SAMPLE (id=7)       │
│ Input(#2): PIPELINE      │
└────────────┬─────────────┘
             │              
┌──────────────────────────┐
│ Pipeline #2              │
│ ORDER_BY (id=6)          │
│ MERGE_GROUP_BY (id=5)    │
│ Input(#1): FULL          │
└────────────┬─────────────┘
             │              
┌──────────────────────────┐
│ Pipeline #1              │
│ PARTITION (id=4)         │
│ Input(#0): FULL          │
└────────────┬─────────────┘
             │              
┌──────────────────────────┐
│ Pipeline #0              │
│ HASH_GROUP_BY (id=3)     │
│ PROJECTION (id=2)        │
│ PROJECTION (id=1)        │
│ GPU_SCAN (id=0)          │
└──────────────────────────┘

[2026-09-07 13:23:41.444] [info] [sirius_engine.cpp:186] query 2 telemetry_query=01a07d8a76847cb0b34ad892cf8d4771
[2026-09-07 13:23:41.444] [info] [sirius_scan_manager.cpp:2882] [sirius_scan_manager] zone-map pruning for pinned entry 'lineitem' (GPU tier): 5/14 chunks pruned, serving 9
[2026-09-07 13:23:41.444] [info] [sirius_scan_manager.cpp:2999] [sirius_scan_manager] assigned pinned entry 'lineitem' to operator '0'
[2026-09-07 13:23:41.444] [info] [sirius_scan_manager.cpp:823] [late-mat] operator 0: not deferring — the scan restricts rows and its pin is compressed, so the surviving rows are decided inside the decode
[2026-09-07 13:23:41.444] [info] [memory_prefetcher.cpp:59] [memory_prefetcher] started: 3 threads, 1 connectors, min_free_fraction=0.40
[2026-09-07 13:23:41.535] [warning] [gpu_pipeline_task.cpp:77] gpu_pipeline_task: operator 'HASH_GROUP_BY' (id=3) output batch 0 column count mismatch: got 13, expected 10
[2026-09-07 13:23:41.536] [warning] [gpu_pipeline_task.cpp:77] gpu_pipeline_task: operator 'HASH_GROUP_BY' (id=3) output batch 0 column count mismatch: got 13, expected 10
[2026-09-07 13:23:41.536] [warning] [gpu_pipeline_task.cpp:77] gpu_pipeline_task: operator 'HASH_GROUP_BY' (id=3) output batch 0 column count mismatch: got 13, expected 10
[2026-09-07 13:23:41.536] [warning] [gpu_pipeline_task.cpp:77] gpu_pipeline_task: operator 'HASH_GROUP_BY' (id=3) output batch 0 column count mismatch: got 13, expected 10
[2026-09-07 13:23:41.536] [warning] [gpu_pipeline_task.cpp:77] gpu_pipeline_task: operator 'HASH_GROUP_BY' (id=3) output batch 0 column count mismatch: got 13, expected 10
[2026-09-07 13:23:41.537] [warning] [gpu_pipeline_task.cpp:77] gpu_pipeline_task: operator 'HASH_GROUP_BY' (id=3) output batch 0 column count mismatch: got 13, expected 10
[2026-09-07 13:23:41.537] [warning] [gpu_pipeline_task.cpp:77] gpu_pipeline_task: operator 'HASH_GROUP_BY' (id=3) output batch 0 column count mismatch: got 13, expected 10
[2026-09-07 13:23:41.537] [warning] [gpu_pipeline_task.cpp:77] gpu_pipeline_task: operator 'HASH_GROUP_BY' (id=3) output batch 0 column count mismatch: got 13, expected 10
[2026-09-07 13:23:41.544] [warning] [gpu_pipeline_task.cpp:77] gpu_pipeline_task: operator 'HASH_GROUP_BY' (id=3) output batch 0 column count mismatch: got 13, expected 10
[2026-09-07 13:23:41.544] [warning] [gpu_pipeline_task.cpp:77] gpu_pipeline_task: operator 'PARTITION' (id=4) output batch 0 column count mismatch: got 13, expected 10
[2026-09-07 13:23:41.544] [warning] [gpu_pipeline_task.cpp:77] gpu_pipeline_task: operator 'PARTITION' (id=4) output batch 0 column count mismatch: got 13, expected 10
[2026-09-07 13:23:41.544] [warning] [gpu_pipeline_task.cpp:77] gpu_pipeline_task: operator 'PARTITION' (id=4) output batch 0 column count mismatch: got 13, expected 10
[2026-09-07 13:23:41.544] [warning] [gpu_pipeline_task.cpp:77] gpu_pipeline_task: operator 'PARTITION' (id=4) output batch 0 column count mismatch: got 13, expected 10
[2026-09-07 13:23:41.544] [warning] [gpu_pipeline_task.cpp:77] gpu_pipeline_task: operator 'PARTITION' (id=4) output batch 0 column count mismatch: got 13, expected 10
[2026-09-07 13:23:41.544] [warning] [gpu_pipeline_task.cpp:77] gpu_pipeline_task: operator 'PARTITION' (id=4) output batch 0 column count mismatch: got 13, expected 10
[2026-09-07 13:23:41.544] [warning] [gpu_pipeline_task.cpp:77] gpu_pipeline_task: operator 'PARTITION' (id=4) output batch 0 column count mismatch: got 13, expected 10
[2026-09-07 13:23:41.544] [warning] [gpu_pipeline_task.cpp:77] gpu_pipeline_task: operator 'PARTITION' (id=4) output batch 0 column count mismatch: got 13, expected 10
[2026-09-07 13:23:41.544] [warning] [gpu_pipeline_task.cpp:77] gpu_pipeline_task: operator 'PARTITION' (id=4) output batch 0 column count mismatch: got 13, expected 10
[2026-09-07 13:23:41.561] [info] [gpu_pipeline_executor.cpp:129] GPU Pipeline Executor: task queue interrupted, stopping manager loop
[2026-09-07 13:23:41.562] [info] [sirius_context.cpp:405] QueryEnd
[2026-09-07 13:23:41.562] [info] [memory_prefetcher.cpp:72] [memory_prefetcher] stopping: prefetched 0 batches / 0 bytes (stops: headroom=0 reservation=0, skips: lock=0 draining=3, errors=0)
[2026-09-07 13:23:41.562] [info] [sirius_context.cpp:256] [host_pool] HOST:0 QueryEnd instance=0xe616cd960490 connection=1 window=2 query=7 allocated=17515413504 bytes peak=17582522368 bytes free_blocks=539
[2026-09-07 13:23:41.562] [info] [sirius_context.cpp:271] [gpu_pool] GPU:0 QueryEnd instance=0xe616cd960490 connection=1 window=2 query=7 allocated=3449707264 bytes peak=30029398267 bytes reserved=0 bytes
[2026-09-07 13:23:41.562] [info] [sirius_context.cpp:521] [window] end instance=0xe616cd960490 connection=1 window=2 query=7 outcome=ok
[2026-09-07 13:23:41.562] [info] [physical_sirius_execution.cpp:327] Transparent GPU execution: query completed
[2026-09-07 13:23:41.563] [info] [sirius_context.cpp:329] QueryBegin: instance=0xe616cd960490 connection=1 query=8 SQL: CALL sirius_set_query_label('q1_iter1')
[2026-09-07 13:23:41.563] [info] [sirius_context.cpp:329] QueryBegin: instance=0xe616cd960490 connection=1 query=9 SQL: SET gpu_execution = true;
[2026-09-07 13:23:41.564] [info] [sirius_context.cpp:329] QueryBegin: instance=0xe616cd960490 connection=1 query=10 SQL: select l_returnflag, l_linestatus, sum(l_quantity) as sum_qty, sum(l_extendedprice) as sum_base_price, sum(l_extendedprice * (1 - l_discount)) as sum_disc_price, sum(l_extendedprice * (1 - l_discount) * (1 + l_tax)) as sum_charge, avg(l_quantity) as avg_qty, avg(l_extendedprice) as avg_price, avg(l_discount) as avg_disc, count(*) as count_order from lineitem where l_shipdate <= date '1995-08-19' group by l_returnflag, l_linestatus order by l_returnflag, l_linestatus
[2026-09-07 13:23:41.569] [info] [sirius_context.cpp:1467] Transparent execution: Sirius physical plan generated successfully
[2026-09-07 13:23:41.569] [info] [sirius_context.cpp:1495] Transparent execution: physical plan replaced with GPU operator
[2026-09-07 13:23:41.569] [info] [physical_sirius_execution.cpp:157] Transparent GPU execution: executing query
[2026-09-07 13:23:41.569] [info] [sirius_context.cpp:521] [window] begin instance=0xe616cd960490 connection=1 window=3 query=10 outcome=-
[2026-09-07 13:23:41.569] [info] [sirius_context.cpp:256] [host_pool] HOST:0 QueryBegin instance=0xe616cd960490 connection=1 window=3 query=10 allocated=17515413504 bytes peak=17582522368 bytes free_blocks=539
[2026-09-07 13:23:41.569] [info] [sirius_context.cpp:271] [gpu_pool] GPU:0 QueryBegin instance=0xe616cd960490 connection=1 window=3 query=10 allocated=3449707264 bytes peak=30029398267 bytes reserved=0 bytes
[2026-09-07 13:23:41.569] [info] [sirius_context.cpp:389] QueryBegin: transparent_execution
[2026-09-07 13:23:41.570] [info] [sirius_engine.cpp:265] [gpu_alloc] query allocated 1 GPU(s): [0]
[2026-09-07 13:23:41.570] [info] [sirius_engine.cpp:318] Query Plan:
=== Pipeline Overview ===
Pipeline #0: GPU_SCAN (id=0) -> PROJECTION (id=1) -> PROJECTION (id=2) -> HASH_GROUP_BY (id=3)
  Output: -> PARTITION [port: default, barrier: FULL]
Pipeline #1: PARTITION (id=4)
  Input: <- Pipeline #0 [on: PARTITION (id=4), port: default, barrier: FULL]
  Dependencies: Pipeline #0
  Output: -> MERGE_GROUP_BY [port: default, barrier: FULL]
Pipeline #2: MERGE_GROUP_BY (id=5) -> ORDER_BY (id=6)
  Input: <- Pipeline #1 [on: MERGE_GROUP_BY (id=5), port: default, barrier: FULL]
  Dependencies: Pipeline #1
  Output: -> SORT_SAMPLE [port: default, barrier: PIPELINE]
Pipeline #3: SORT_SAMPLE (id=7) -> SORT_PARTITION (id=8)
  Input: <- Pipeline #2 [on: SORT_SAMPLE (id=7), port: default, barrier: PIPELINE]
  Dependencies: Pipeline #2
  Output: -> MERGE_SORT [port: default, barrier: FULL]
Pipeline #4: MERGE_SORT (id=9)
  Input: <- Pipeline #3 [on: MERGE_SORT (id=9), port: default, barrier: FULL]
  Dependencies: Pipeline #3
  Output: -> RESULT_COLLECTOR [port: default, barrier: FULL]
Pipeline #5: RESULT_COLLECTOR (id=10)
  Input: <- Pipeline #4 [on: RESULT_COLLECTOR (id=10), port: default, barrier: FULL]
  Dependencies: Pipeline #4

=== Query Plan DAG ===
┌──────────────────────────┐
│ Pipeline #5              │
│ RESULT_COLLECTOR (id=10) │
│ Input(#4): FULL          │
└────────────┬─────────────┘
             │              
┌──────────────────────────┐
│ Pipeline #4              │
│ MERGE_SORT (id=9)        │
│ Input(#3): FULL          │
└────────────┬─────────────┘
             │              
┌──────────────────────────┐
│ Pipeline #3              │
│ SORT_PARTITION (id=8)    │
│ SORT_SAMPLE (id=7)       │
│ Input(#2): PIPELINE      │
└────────────┬─────────────┘
             │              
┌──────────────────────────┐
│ Pipeline #2              │
│ ORDER_BY (id=6)          │
│ MERGE_GROUP_BY (id=5)    │
│ Input(#1): FULL          │
└────────────┬─────────────┘
             │              
┌──────────────────────────┐
│ Pipeline #1              │
│ PARTITION (id=4)         │
│ Input(#0): FULL          │
└────────────┬─────────────┘
             │              
┌──────────────────────────┐
│ Pipeline #0              │
│ HASH_GROUP_BY (id=3)     │
│ PROJECTION (id=2)        │
│ PROJECTION (id=1)        │
│ GPU_SCAN (id=0)          │
└──────────────────────────┘

[2026-09-07 13:23:41.570] [info] [sirius_engine.cpp:186] query 3 telemetry_query=01a07d8a77027dd28af07f634fea31f2
[2026-09-07 13:23:41.570] [info] [sirius_scan_manager.cpp:2882] [sirius_scan_manager] zone-map pruning for pinned entry 'lineitem' (GPU tier): 5/14 chunks pruned, serving 9
[2026-09-07 13:23:41.570] [info] [sirius_scan_manager.cpp:2999] [sirius_scan_manager] assigned pinned entry 'lineitem' to operator '0'
[2026-09-07 13:23:41.570] [info] [sirius_scan_manager.cpp:823] [late-mat] operator 0: not deferring — the scan restricts rows and its pin is compressed, so the surviving rows are decided inside the decode
[2026-09-07 13:23:41.571] [info] [memory_prefetcher.cpp:59] [memory_prefetcher] started: 3 threads, 1 connectors, min_free_fraction=0.40
[2026-09-07 13:23:41.614] [warning] [gpu_pipeline_task.cpp:77] gpu_pipeline_task: operator 'HASH_GROUP_BY' (id=3) output batch 0 column count mismatch: got 13, expected 10
[2026-09-07 13:23:41.621] [warning] [gpu_pipeline_task.cpp:77] gpu_pipeline_task: operator 'HASH_GROUP_BY' (id=3) output batch 0 column count mismatch: got 13, expected 10
[2026-09-07 13:23:41.624] [warning] [gpu_pipeline_task.cpp:77] gpu_pipeline_task: operator 'HASH_GROUP_BY' (id=3) output batch 0 column count mismatch: got 13, expected 10
[2026-09-07 13:23:41.625] [warning] [gpu_pipeline_task.cpp:77] gpu_pipeline_task: operator 'HASH_GROUP_BY' (id=3) output batch 0 column count mismatch: got 13, expected 10
[2026-09-07 13:23:41.626] [warning] [gpu_pipeline_task.cpp:77] gpu_pipeline_task: operator 'HASH_GROUP_BY' (id=3) output batch 0 column count mismatch: got 13, expected 10
[2026-09-07 13:23:41.626] [warning] [gpu_pipeline_task.cpp:77] gpu_pipeline_task: operator 'HASH_GROUP_BY' (id=3) output batch 0 column count mismatch: got 13, expected 10
[2026-09-07 13:23:41.626] [warning] [gpu_pipeline_task.cpp:77] gpu_pipeline_task: operator 'HASH_GROUP_BY' (id=3) output batch 0 column count mismatch: got 13, expected 10
[2026-09-07 13:23:41.628] [warning] [gpu_pipeline_task.cpp:77] gpu_pipeline_task: operator 'HASH_GROUP_BY' (id=3) output batch 0 column count mismatch: got 13, expected 10
[2026-09-07 13:23:41.628] [warning] [gpu_pipeline_task.cpp:77] gpu_pipeline_task: operator 'HASH_GROUP_BY' (id=3) output batch 0 column count mismatch: got 13, expected 10
[2026-09-07 13:23:41.628] [warning] [gpu_pipeline_task.cpp:77] gpu_pipeline_task: operator 'PARTITION' (id=4) output batch 0 column count mismatch: got 13, expected 10
[2026-09-07 13:23:41.628] [warning] [gpu_pipeline_task.cpp:77] gpu_pipeline_task: operator 'PARTITION' (id=4) output batch 0 column count mismatch: got 13, expected 10
[2026-09-07 13:23:41.628] [warning] [gpu_pipeline_task.cpp:77] gpu_pipeline_task: operator 'PARTITION' (id=4) output batch 0 column count mismatch: got 13, expected 10
[2026-09-07 13:23:41.628] [warning] [gpu_pipeline_task.cpp:77] gpu_pipeline_task: operator 'PARTITION' (id=4) output batch 0 column count mismatch: got 13, expected 10
[2026-09-07 13:23:41.628] [warning] [gpu_pipeline_task.cpp:77] gpu_pipeline_task: operator 'PARTITION' (id=4) output batch 0 column count mismatch: got 13, expected 10
[2026-09-07 13:23:41.628] [warning] [gpu_pipeline_task.cpp:77] gpu_pipeline_task: operator 'PARTITION' (id=4) output batch 0 column count mismatch: got 13, expected 10
[2026-09-07 13:23:41.628] [warning] [gpu_pipeline_task.cpp:77] gpu_pipeline_task: operator 'PARTITION' (id=4) output batch 0 column count mismatch: got 13, expected 10
[2026-09-07 13:23:41.628] [warning] [gpu_pipeline_task.cpp:77] gpu_pipeline_task: operator 'PARTITION' (id=4) output batch 0 column count mismatch: got 13, expected 10
[2026-09-07 13:23:41.628] [warning] [gpu_pipeline_task.cpp:77] gpu_pipeline_task: operator 'PARTITION' (id=4) output batch 0 column count mismatch: got 13, expected 10
[2026-09-07 13:23:41.631] [info] [gpu_pipeline_executor.cpp:129] GPU Pipeline Executor: task queue interrupted, stopping manager loop
[2026-09-07 13:23:41.631] [info] [sirius_context.cpp:405] QueryEnd
[2026-09-07 13:23:41.631] [info] [memory_prefetcher.cpp:72] [memory_prefetcher] stopping: prefetched 0 batches / 0 bytes (stops: headroom=0 reservation=0, skips: lock=0 draining=3, errors=0)
[2026-09-07 13:23:41.631] [info] [sirius_context.cpp:256] [host_pool] HOST:0 QueryEnd instance=0xe616cd960490 connection=1 window=3 query=10 allocated=17515413504 bytes peak=17582522368 bytes free_blocks=539
[2026-09-07 13:23:41.631] [info] [sirius_context.cpp:271] [gpu_pool] GPU:0 QueryEnd instance=0xe616cd960490 connection=1 window=3 query=10 allocated=3449707264 bytes peak=30029398267 bytes reserved=0 bytes
[2026-09-07 13:23:41.631] [info] [sirius_context.cpp:521] [window] end instance=0xe616cd960490 connection=1 window=3 query=10 outcome=ok
[2026-09-07 13:23:41.631] [info] [physical_sirius_execution.cpp:327] Transparent GPU execution: query completed
[2026-09-07 13:23:41.648] [info] [sirius_context.cpp:329] QueryBegin: instance=0xe616cd960490 connection=1 query=11 SQL: CALL sirius_set_query_label('q1_iter2')
[2026-09-07 13:23:41.648] [info] [sirius_context.cpp:329] QueryBegin: instance=0xe616cd960490 connection=1 query=12 SQL: SET gpu_execution = true;
[2026-09-07 13:23:41.648] [info] [sirius_context.cpp:329] QueryBegin: instance=0xe616cd960490 connection=1 query=13 SQL: select l_returnflag, l_linestatus, sum(l_quantity) as sum_qty, sum(l_extendedprice) as sum_base_price, sum(l_extendedprice * (1 - l_discount)) as sum_disc_price, sum(l_extendedprice * (1 - l_discount) * (1 + l_tax)) as sum_charge, avg(l_quantity) as avg_qty, avg(l_extendedprice) as avg_price, avg(l_discount) as avg_disc, count(*) as count_order from lineitem where l_shipdate <= date '1995-08-19' group by l_returnflag, l_linestatus order by l_returnflag, l_linestatus
[2026-09-07 13:23:41.653] [info] [sirius_context.cpp:1467] Transparent execution: Sirius physical plan generated successfully
[2026-09-07 13:23:41.653] [info] [sirius_context.cpp:1495] Transparent execution: physical plan replaced with GPU operator
[2026-09-07 13:23:41.653] [info] [physical_sirius_execution.cpp:157] Transparent GPU execution: executing query
[2026-09-07 13:23:41.653] [info] [sirius_context.cpp:521] [window] begin instance=0xe616cd960490 connection=1 window=4 query=13 outcome=-
[2026-09-07 13:23:41.653] [info] [sirius_context.cpp:256] [host_pool] HOST:0 QueryBegin instance=0xe616cd960490 connection=1 window=4 query=13 allocated=17515413504 bytes peak=17582522368 bytes free_blocks=539
[2026-09-07 13:23:41.653] [info] [sirius_context.cpp:271] [gpu_pool] GPU:0 QueryBegin instance=0xe616cd960490 connection=1 window=4 query=13 allocated=3449707264 bytes peak=30029398267 bytes reserved=0 bytes
[2026-09-07 13:23:41.653] [info] [sirius_context.cpp:389] QueryBegin: transparent_execution
[2026-09-07 13:23:41.655] [info] [sirius_engine.cpp:265] [gpu_alloc] query allocated 1 GPU(s): [0]
[2026-09-07 13:23:41.655] [info] [sirius_engine.cpp:318] Query Plan:
=== Pipeline Overview ===
Pipeline #0: GPU_SCAN (id=0) -> PROJECTION (id=1) -> PROJECTION (id=2) -> HASH_GROUP_BY (id=3)
  Output: -> PARTITION [port: default, barrier: FULL]
Pipeline #1: PARTITION (id=4)
  Input: <- Pipeline #0 [on: PARTITION (id=4), port: default, barrier: FULL]
  Dependencies: Pipeline #0
  Output: -> MERGE_GROUP_BY [port: default, barrier: FULL]
Pipeline #2: MERGE_GROUP_BY (id=5) -> ORDER_BY (id=6)
  Input: <- Pipeline #1 [on: MERGE_GROUP_BY (id=5), port: default, barrier: FULL]
  Dependencies: Pipeline #1
  Output: -> SORT_SAMPLE [port: default, barrier: PIPELINE]
Pipeline #3: SORT_SAMPLE (id=7) -> SORT_PARTITION (id=8)
  Input: <- Pipeline #2 [on: SORT_SAMPLE (id=7), port: default, barrier: PIPELINE]
  Dependencies: Pipeline #2
  Output: -> MERGE_SORT [port: default, barrier: FULL]
Pipeline #4: MERGE_SORT (id=9)
  Input: <- Pipeline #3 [on: MERGE_SORT (id=9), port: default, barrier: FULL]
  Dependencies: Pipeline #3
  Output: -> RESULT_COLLECTOR [port: default, barrier: FULL]
Pipeline #5: RESULT_COLLECTOR (id=10)
  Input: <- Pipeline #4 [on: RESULT_COLLECTOR (id=10), port: default, barrier: FULL]
  Dependencies: Pipeline #4

=== Query Plan DAG ===
┌──────────────────────────┐
│ Pipeline #5              │
│ RESULT_COLLECTOR (id=10) │
│ Input(#4): FULL          │
└────────────┬─────────────┘
             │              
┌──────────────────────────┐
│ Pipeline #4              │
│ MERGE_SORT (id=9)        │
│ Input(#3): FULL          │
└────────────┬─────────────┘
             │              
┌──────────────────────────┐
│ Pipeline #3              │
│ SORT_PARTITION (id=8)    │
│ SORT_SAMPLE (id=7)       │
│ Input(#2): PIPELINE      │
└────────────┬─────────────┘
             │              
┌──────────────────────────┐
│ Pipeline #2              │
│ ORDER_BY (id=6)          │
│ MERGE_GROUP_BY (id=5)    │
│ Input(#1): FULL          │
└────────────┬─────────────┘
             │              
┌──────────────────────────┐
│ Pipeline #1              │
│ PARTITION (id=4)         │
│ Input(#0): FULL          │
└────────────┬─────────────┘
             │              
┌──────────────────────────┐
│ Pipeline #0              │
│ HASH_GROUP_BY (id=3)     │
│ PROJECTION (id=2)        │
│ PROJECTION (id=1)        │
│ GPU_SCAN (id=0)          │
└──────────────────────────┘

[2026-09-07 13:23:41.655] [info] [sirius_engine.cpp:186] query 4 telemetry_query=01a07d8a775772d3949be050ffbe9af8
[2026-09-07 13:23:41.655] [info] [sirius_scan_manager.cpp:2882] [sirius_scan_manager] zone-map pruning for pinned entry 'lineitem' (GPU tier): 5/14 chunks pruned, serving 9
[2026-09-07 13:23:41.655] [info] [sirius_scan_manager.cpp:2999] [sirius_scan_manager] assigned pinned entry 'lineitem' to operator '0'
[2026-09-07 13:23:41.655] [info] [sirius_scan_manager.cpp:823] [late-mat] operator 0: not deferring — the scan restricts rows and its pin is compressed, so the surviving rows are decided inside the decode
[2026-09-07 13:23:41.655] [info] [memory_prefetcher.cpp:59] [memory_prefetcher] started: 3 threads, 1 connectors, min_free_fraction=0.40
[2026-09-07 13:23:41.699] [warning] [gpu_pipeline_task.cpp:77] gpu_pipeline_task: operator 'HASH_GROUP_BY' (id=3) output batch 0 column count mismatch: got 13, expected 10
[2026-09-07 13:23:41.703] [warning] [gpu_pipeline_task.cpp:77] gpu_pipeline_task: operator 'HASH_GROUP_BY' (id=3) output batch 0 column count mismatch: got 13, expected 10
[2026-09-07 13:23:41.703] [warning] [gpu_pipeline_task.cpp:77] gpu_pipeline_task: operator 'HASH_GROUP_BY' (id=3) output batch 0 column count mismatch: got 13, expected 10
[2026-09-07 13:23:41.707] [warning] [gpu_pipeline_task.cpp:77] gpu_pipeline_task: operator 'HASH_GROUP_BY' (id=3) output batch 0 column count mismatch: got 13, expected 10
[2026-09-07 13:23:41.708] [warning] [gpu_pipeline_task.cpp:77] gpu_pipeline_task: operator 'HASH_GROUP_BY' (id=3) output batch 0 column count mismatch: got 13, expected 10
[2026-09-07 13:23:41.709] [warning] [gpu_pipeline_task.cpp:77] gpu_pipeline_task: operator 'HASH_GROUP_BY' (id=3) output batch 0 column count mismatch: got 13, expected 10
[2026-09-07 13:23:41.709] [warning] [gpu_pipeline_task.cpp:77] gpu_pipeline_task: operator 'HASH_GROUP_BY' (id=3) output batch 0 column count mismatch: got 13, expected 10
[2026-09-07 13:23:41.711] [warning] [gpu_pipeline_task.cpp:77] gpu_pipeline_task: operator 'HASH_GROUP_BY' (id=3) output batch 0 column count mismatch: got 13, expected 10
[2026-09-07 13:23:41.714] [warning] [gpu_pipeline_task.cpp:77] gpu_pipeline_task: operator 'HASH_GROUP_BY' (id=3) output batch 0 column count mismatch: got 13, expected 10
[2026-09-07 13:23:41.714] [warning] [gpu_pipeline_task.cpp:77] gpu_pipeline_task: operator 'PARTITION' (id=4) output batch 0 column count mismatch: got 13, expected 10
[2026-09-07 13:23:41.714] [warning] [gpu_pipeline_task.cpp:77] gpu_pipeline_task: operator 'PARTITION' (id=4) output batch 0 column count mismatch: got 13, expected 10
[2026-09-07 13:23:41.714] [warning] [gpu_pipeline_task.cpp:77] gpu_pipeline_task: operator 'PARTITION' (id=4) output batch 0 column count mismatch: got 13, expected 10
[2026-09-07 13:23:41.714] [warning] [gpu_pipeline_task.cpp:77] gpu_pipeline_task: operator 'PARTITION' (id=4) output batch 0 column count mismatch: got 13, expected 10
[2026-09-07 13:23:41.714] [warning] [gpu_pipeline_task.cpp:77] gpu_pipeline_task: operator 'PARTITION' (id=4) output batch 0 column count mismatch: got 13, expected 10
[2026-09-07 13:23:41.714] [warning] [gpu_pipeline_task.cpp:77] gpu_pipeline_task: operator 'PARTITION' (id=4) output batch 0 column count mismatch: got 13, expected 10
[2026-09-07 13:23:41.714] [warning] [gpu_pipeline_task.cpp:77] gpu_pipeline_task: operator 'PARTITION' (id=4) output batch 0 column count mismatch: got 13, expected 10
[2026-09-07 13:23:41.714] [warning] [gpu_pipeline_task.cpp:77] gpu_pipeline_task: operator 'PARTITION' (id=4) output batch 0 column count mismatch: got 13, expected 10
[2026-09-07 13:23:41.714] [warning] [gpu_pipeline_task.cpp:77] gpu_pipeline_task: operator 'PARTITION' (id=4) output batch 0 column count mismatch: got 13, expected 10
[2026-09-07 13:23:41.716] [info] [gpu_pipeline_executor.cpp:129] GPU Pipeline Executor: task queue interrupted, stopping manager loop
[2026-09-07 13:23:41.717] [info] [sirius_context.cpp:405] QueryEnd
[2026-09-07 13:23:41.717] [info] [memory_prefetcher.cpp:72] [memory_prefetcher] stopping: prefetched 0 batches / 0 bytes (stops: headroom=0 reservation=0, skips: lock=0 draining=3, errors=0)
[2026-09-07 13:23:41.717] [info] [sirius_context.cpp:256] [host_pool] HOST:0 QueryEnd instance=0xe616cd960490 connection=1 window=4 query=13 allocated=17515413504 bytes peak=17582522368 bytes free_blocks=539
[2026-09-07 13:23:41.717] [info] [sirius_context.cpp:271] [gpu_pool] GPU:0 QueryEnd instance=0xe616cd960490 connection=1 window=4 query=13 allocated=3449707264 bytes peak=30029398267 bytes reserved=0 bytes
[2026-09-07 13:23:41.717] [info] [sirius_context.cpp:521] [window] end instance=0xe616cd960490 connection=1 window=4 query=13 outcome=ok
[2026-09-07 13:23:41.717] [info] [physical_sirius_execution.cpp:327] Transparent GPU execution: query completed
[2026-09-07 13:23:41.718] [info] [sirius_context.cpp:329] QueryBegin: instance=0xe616cd960490 connection=1 query=14 SQL: CALL unpin_table('lineitem')
[2026-09-07 13:23:41.719] [info] [sirius_context.cpp:329] QueryBegin: instance=0xe616cd960490 connection=1 query=15 SQL: CALL pin_table('/datasets/tpch_sf100_sorted/part/*.parquet', tier='gpu', name='part', cols=['p_partkey','p_mfgr','p_size','p_type'])
[2026-09-07 13:23:41.720] [info] [sirius_context.cpp:521] [window] begin instance=0xe616cd960490 connection=1 window=5 query=15 outcome=-
[2026-09-07 13:23:41.720] [info] [sirius_context.cpp:256] [host_pool] HOST:0 QueryBegin instance=0xe616cd960490 connection=1 window=5 query=15 allocated=17515413504 bytes peak=17582522368 bytes free_blocks=539
[2026-09-07 13:23:41.720] [info] [sirius_context.cpp:271] [gpu_pool] GPU:0 QueryBegin instance=0xe616cd960490 connection=1 window=5 query=15 allocated=0 bytes peak=30029398267 bytes reserved=0 bytes
[2026-09-07 13:23:41.720] [info] [sirius_context.cpp:389] QueryBegin: pin_table
[2026-09-07 13:23:41.720] [warning] [sirius_extension.cpp:1430] [pin_table] 'part': pin_table_compression is enabled but no plan file was found in '/home/nvidia/joost/sirius-zonemap/bench/sf1000-repro/plans'; pinning uncompressed
[2026-09-07 13:23:41.730] [info] [sirius_context.cpp:405] QueryEnd
[2026-09-07 13:23:41.730] [info] [sirius_context.cpp:256] [host_pool] HOST:0 QueryEnd instance=0xe616cd960490 connection=1 window=5 query=15 allocated=17515413504 bytes peak=17582522368 bytes free_blocks=539
[2026-09-07 13:23:41.730] [info] [sirius_context.cpp:271] [gpu_pool] GPU:0 QueryEnd instance=0xe616cd960490 connection=1 window=5 query=15 allocated=962000128 bytes peak=30029398267 bytes reserved=0 bytes
[2026-09-07 13:23:41.730] [info] [sirius_context.cpp:521] [window] end instance=0xe616cd960490 connection=1 window=5 query=15 outcome=ok
[2026-09-07 13:23:41.730] [info] [sirius_context.cpp:329] QueryBegin: instance=0xe616cd960490 connection=1 query=16 SQL: CALL pin_table('/datasets/tpch_sf100_sorted/supplier/*.parquet', tier='gpu', name='supplier', cols=['s_suppkey','s_acctbal','s_name','s_address','s_phone','s_comment','s_nationkey'])
[2026-09-07 13:23:41.730] [info] [sirius_context.cpp:521] [window] begin instance=0xe616cd960490 connection=1 window=6 query=16 outcome=-
[2026-09-07 13:23:41.730] [info] [sirius_context.cpp:256] [host_pool] HOST:0 QueryBegin instance=0xe616cd960490 connection=1 window=6 query=16 allocated=17515413504 bytes peak=17582522368 bytes free_blocks=539
[2026-09-07 13:23:41.730] [info] [sirius_context.cpp:271] [gpu_pool] GPU:0 QueryBegin instance=0xe616cd960490 connection=1 window=6 query=16 allocated=962000128 bytes peak=30029398267 bytes reserved=0 bytes
[2026-09-07 13:23:41.730] [info] [sirius_context.cpp:389] QueryBegin: pin_table
[2026-09-07 13:23:41.731] [warning] [sirius_extension.cpp:1430] [pin_table] 'supplier': pin_table_compression is enabled but no plan file was found in '/home/nvidia/joost/sirius-zonemap/bench/sf1000-repro/plans'; pinning uncompressed
[2026-09-07 13:23:41.745] [info] [sirius_context.cpp:405] QueryEnd
[2026-09-07 13:23:41.745] [info] [sirius_context.cpp:256] [host_pool] HOST:0 QueryEnd instance=0xe616cd960490 connection=1 window=6 query=16 allocated=17515413504 bytes peak=17582522368 bytes free_blocks=539
[2026-09-07 13:23:41.745] [info] [sirius_context.cpp:271] [gpu_pool] GPU:0 QueryEnd instance=0xe616cd960490 connection=1 window=6 query=16 allocated=1108370944 bytes peak=30029398267 bytes reserved=0 bytes
[2026-09-07 13:23:41.745] [info] [sirius_context.cpp:521] [window] end instance=0xe616cd960490 connection=1 window=6 query=16 outcome=ok
[2026-09-07 13:23:41.745] [info] [sirius_context.cpp:329] QueryBegin: instance=0xe616cd960490 connection=1 query=17 SQL: CALL pin_table('/datasets/tpch_sf100_sorted/partsupp/*.parquet', tier='gpu', name='partsupp', cols=['ps_partkey','ps_suppkey','ps_supplycost'])
[2026-09-07 13:23:41.745] [info] [sirius_context.cpp:521] [window] begin instance=0xe616cd960490 connection=1 window=7 query=17 outcome=-
[2026-09-07 13:23:41.745] [info] [sirius_context.cpp:256] [host_pool] HOST:0 QueryBegin instance=0xe616cd960490 connection=1 window=7 query=17 allocated=17515413504 bytes peak=17582522368 bytes free_blocks=539
[2026-09-07 13:23:41.745] [info] [sirius_context.cpp:271] [gpu_pool] GPU:0 QueryBegin instance=0xe616cd960490 connection=1 window=7 query=17 allocated=1108370944 bytes peak=30029398267 bytes reserved=0 bytes
[2026-09-07 13:23:41.745] [info] [sirius_context.cpp:389] QueryBegin: pin_table
[2026-09-07 13:23:41.746] [warning] [sirius_extension.cpp:1430] [pin_table] 'partsupp': pin_table_compression is enabled but no plan file was found in '/home/nvidia/joost/sirius-zonemap/bench/sf1000-repro/plans'; pinning uncompressed
[2026-09-07 13:23:41.778] [info] [sirius_context.cpp:405] QueryEnd
[2026-09-07 13:23:41.778] [info] [sirius_context.cpp:256] [host_pool] HOST:0 QueryEnd instance=0xe616cd960490 connection=1 window=7 query=17 allocated=17515413504 bytes peak=17582522368 bytes free_blocks=539
[2026-09-07 13:23:41.778] [info] [sirius_context.cpp:271] [gpu_pool] GPU:0 QueryEnd instance=0xe616cd960490 connection=1 window=7 query=17 allocated=2098371328 bytes peak=30029398267 bytes reserved=0 bytes
[2026-09-07 13:23:41.778] [info] [sirius_context.cpp:521] [window] end instance=0xe616cd960490 connection=1 window=7 query=17 outcome=ok
[2026-09-07 13:23:41.778] [info] [sirius_context.cpp:329] QueryBegin: instance=0xe616cd960490 connection=1 query=18 SQL: CALL pin_table('/datasets/tpch_sf100_sorted/nation/*.parquet', tier='gpu', name='nation', cols=['n_nationkey','n_name','n_regionkey'])
[2026-09-07 13:23:41.779] [info] [sirius_context.cpp:521] [window] begin instance=0xe616cd960490 connection=1 window=8 query=18 outcome=-
[2026-09-07 13:23:41.779] [info] [sirius_context.cpp:256] [host_pool] HOST:0 QueryBegin instance=0xe616cd960490 connection=1 window=8 query=18 allocated=17515413504 bytes peak=17582522368 bytes free_blocks=539
[2026-09-07 13:23:41.779] [info] [sirius_context.cpp:271] [gpu_pool] GPU:0 QueryBegin instance=0xe616cd960490 connection=1 window=8 query=18 allocated=2098371328 bytes peak=30029398267 bytes reserved=0 bytes
[2026-09-07 13:23:41.779] [info] [sirius_context.cpp:389] QueryBegin: pin_table
[2026-09-07 13:23:41.779] [warning] [sirius_extension.cpp:1430] [pin_table] 'nation': pin_table_compression is enabled but no plan file was found in '/home/nvidia/joost/sirius-zonemap/bench/sf1000-repro/plans'; pinning uncompressed
[2026-09-07 13:23:41.817] [info] [sirius_extension.cpp:1478] [late-mat] pin 'nation': column 'n_nationkey' proven distinct table-wide (per-chunk)
[2026-09-07 13:23:41.817] [info] [sirius_extension.cpp:1478] [late-mat] pin 'nation': column 'n_name' proven distinct table-wide (per-chunk)
[2026-09-07 13:23:41.817] [info] [sirius_context.cpp:405] QueryEnd
[2026-09-07 13:23:41.817] [info] [sirius_context.cpp:256] [host_pool] HOST:0 QueryEnd instance=0xe616cd960490 connection=1 window=8 query=18 allocated=17515413504 bytes peak=17582522368 bytes free_blocks=539
[2026-09-07 13:23:41.817] [info] [sirius_context.cpp:271] [gpu_pool] GPU:0 QueryEnd instance=0xe616cd960490 connection=1 window=8 query=18 allocated=2098373120 bytes peak=30029398267 bytes reserved=0 bytes
[2026-09-07 13:23:41.817] [info] [sirius_context.cpp:521] [window] end instance=0xe616cd960490 connection=1 window=8 query=18 outcome=ok
[2026-09-07 13:23:41.817] [info] [sirius_context.cpp:329] QueryBegin: instance=0xe616cd960490 connection=1 query=19 SQL: CALL pin_table('/datasets/tpch_sf100_sorted/region/*.parquet', tier='gpu', name='region', cols=['r_regionkey','r_name'])
[2026-09-07 13:23:41.817] [info] [sirius_context.cpp:521] [window] begin instance=0xe616cd960490 connection=1 window=9 query=19 outcome=-
[2026-09-07 13:23:41.817] [info] [sirius_context.cpp:256] [host_pool] HOST:0 QueryBegin instance=0xe616cd960490 connection=1 window=9 query=19 allocated=17515413504 bytes peak=17582522368 bytes free_blocks=539
[2026-09-07 13:23:41.817] [info] [sirius_context.cpp:271] [gpu_pool] GPU:0 QueryBegin instance=0xe616cd960490 connection=1 window=9 query=19 allocated=2098373120 bytes peak=30029398267 bytes reserved=0 bytes
[2026-09-07 13:23:41.817] [info] [sirius_context.cpp:389] QueryBegin: pin_table
[2026-09-07 13:23:41.817] [warning] [sirius_extension.cpp:1430] [pin_table] 'region': pin_table_compression is enabled but no plan file was found in '/home/nvidia/joost/sirius-zonemap/bench/sf1000-repro/plans'; pinning uncompressed
[2026-09-07 13:23:41.819] [info] [sirius_context.cpp:405] QueryEnd
[2026-09-07 13:23:41.820] [info] [sirius_context.cpp:256] [host_pool] HOST:0 QueryEnd instance=0xe616cd960490 connection=1 window=9 query=19 allocated=17515413504 bytes peak=17582522368 bytes free_blocks=539
[2026-09-07 13:23:41.820] [info] [sirius_context.cpp:271] [gpu_pool] GPU:0 QueryEnd instance=0xe616cd960490 connection=1 window=9 query=19 allocated=2098374400 bytes peak=30029398267 bytes reserved=0 bytes
[2026-09-07 13:23:41.820] [info] [sirius_context.cpp:521] [window] end instance=0xe616cd960490 connection=1 window=9 query=19 outcome=ok
[2026-09-07 13:23:41.820] [info] [sirius_context.cpp:329] QueryBegin: instance=0xe616cd960490 connection=1 query=20 SQL: CALL sirius_set_query_label('q2_iter0')
[2026-09-07 13:23:41.820] [info] [sirius_context.cpp:329] QueryBegin: instance=0xe616cd960490 connection=1 query=21 SQL: SET gpu_execution = true;
