[2026-09-08 05:13:15.809] [info] [sirius_context.cpp:329] QueryBegin: instance=0xbdc08f6d37a0 connection=1 query=7 SQL: select l_returnflag, l_linestatus, sum(l_quantity) as sum_qty, sum(l_extendedprice) as sum_base_price, sum(l_extendedprice * (1 - l_discount)) as sum_disc_price, sum(l_extendedprice * (1 - l_discount) * (1 + l_tax)) as sum_charge, avg(l_quantity) as avg_qty, avg(l_extendedprice) as avg_price, avg(l_discount) as avg_disc, count(*) as count_order from lineitem where l_shipdate <= date '1995-08-19' group by l_returnflag, l_linestatus order by l_returnflag, l_linestatus
[2026-09-08 05:13:15.817] [info] [sirius_context.cpp:1467] Transparent execution: Sirius physical plan generated successfully
[2026-09-08 05:13:15.817] [info] [sirius_context.cpp:1495] Transparent execution: physical plan replaced with GPU operator
[2026-09-08 05:13:15.817] [info] [physical_sirius_execution.cpp:157] Transparent GPU execution: executing query
[2026-09-08 05:13:15.817] [info] [sirius_context.cpp:521] [window] begin instance=0xbdc08f6d37a0 connection=1 window=2 query=7 outcome=-
[2026-09-08 05:13:15.817] [info] [sirius_context.cpp:256] [host_pool] HOST:0 QueryBegin instance=0xbdc08f6d37a0 connection=1 window=2 query=7 allocated=52881784832 bytes peak=52881784832 bytes free_blocks=2348
[2026-09-08 05:13:15.817] [info] [sirius_context.cpp:271] [gpu_pool] GPU:0 QueryBegin instance=0xbdc08f6d37a0 connection=1 window=2 query=7 allocated=0 bytes peak=11998705920 bytes reserved=0 bytes
[2026-09-08 05:13:15.817] [info] [sirius_context.cpp:389] QueryBegin: transparent_execution
[2026-09-08 05:13:15.819] [info] [sirius_engine.cpp:265] [gpu_alloc] query allocated 1 GPU(s): [0]
[2026-09-08 05:13:15.820] [info] [sirius_engine.cpp:318] Query Plan:
=== Pipeline Overview ===
Pipeline #0: GPU_SCAN (id=0) -> PROJECTION (id=1) -> PROJECTION (id=2) -> PROJECTION (id=3) -> HASH_GROUP_BY (id=4)
  Output: -> PARTITION [port: default, barrier: FULL]
Pipeline #1: PARTITION (id=5)
  Input: <- Pipeline #0 [on: PARTITION (id=5), port: default, barrier: FULL]
  Dependencies: Pipeline #0
  Output: -> MERGE_GROUP_BY [port: default, barrier: FULL]
Pipeline #2: MERGE_GROUP_BY (id=6) -> ORDER_BY (id=7)
  Input: <- Pipeline #1 [on: MERGE_GROUP_BY (id=6), port: default, barrier: FULL]
  Dependencies: Pipeline #1
  Output: -> SORT_SAMPLE [port: default, barrier: PIPELINE]
Pipeline #3: SORT_SAMPLE (id=8) -> SORT_PARTITION (id=9)
  Input: <- Pipeline #2 [on: SORT_SAMPLE (id=8), port: default, barrier: PIPELINE]
  Dependencies: Pipeline #2
  Output: -> MERGE_SORT [port: default, barrier: FULL]
Pipeline #4: MERGE_SORT (id=10)
  Input: <- Pipeline #3 [on: MERGE_SORT (id=10), port: default, barrier: FULL]
  Dependencies: Pipeline #3
  Output: -> RESULT_COLLECTOR [port: default, barrier: FULL]
Pipeline #5: RESULT_COLLECTOR (id=11)
  Input: <- Pipeline #4 [on: RESULT_COLLECTOR (id=11), port: default, barrier: FULL]
  Dependencies: Pipeline #4

=== Query Plan DAG ===
┌──────────────────────────┐
│ Pipeline #5              │
│ RESULT_COLLECTOR (id=11) │
│ Input(#4): FULL          │
└────────────┬─────────────┘
             │              
┌──────────────────────────┐
│ Pipeline #4              │
│ MERGE_SORT (id=10)       │
│ Input(#3): FULL          │
└────────────┬─────────────┘
             │              
┌──────────────────────────┐
│ Pipeline #3              │
│ SORT_PARTITION (id=9)    │
│ SORT_SAMPLE (id=8)       │
│ Input(#2): PIPELINE      │
└────────────┬─────────────┘
             │              
┌──────────────────────────┐
│ Pipeline #2              │
│ ORDER_BY (id=7)          │
│ MERGE_GROUP_BY (id=6)    │
│ Input(#1): FULL          │
└────────────┬─────────────┘
             │              
┌──────────────────────────┐
│ Pipeline #1              │
│ PARTITION (id=5)         │
│ Input(#0): FULL          │
└────────────┬─────────────┘
             │              
┌──────────────────────────┐
│ Pipeline #0              │
│ HASH_GROUP_BY (id=4)     │
│ PROJECTION (id=3)        │
│ PROJECTION (id=2)        │
│ PROJECTION (id=1)        │
│ GPU_SCAN (id=0)          │
└──────────────────────────┘

[2026-09-08 05:13:15.820] [info] [sirius_engine.cpp:186] query 2 telemetry_query=01a080efd2ab7ba09670bae8907817ff
[2026-09-08 05:13:15.820] [info] [sirius_scan_manager.cpp:2882] [sirius_scan_manager] zone-map pruning for pinned entry 'lineitem' (HOST tier): 8/36 chunks pruned, serving 28
[2026-09-08 05:13:15.820] [info] [sirius_scan_manager.cpp:2999] [sirius_scan_manager] assigned pinned entry 'lineitem' to operator '0'
[2026-09-08 05:13:15.820] [info] [sirius_scan_manager.cpp:823] [late-mat] operator 0: not deferring — the pinned entry is not device-resident
[2026-09-08 05:13:15.820] [info] [memory_prefetcher.cpp:59] [memory_prefetcher] started: 3 threads, 1 connectors, min_free_fraction=0.40
[2026-09-08 05:13:16.229] [warning] [gpu_pipeline_task.cpp:77] gpu_pipeline_task: operator 'HASH_GROUP_BY' (id=4) output batch 0 column count mismatch: got 13, expected 10
[2026-09-08 05:13:16.233] [warning] [gpu_pipeline_task.cpp:77] gpu_pipeline_task: operator 'HASH_GROUP_BY' (id=4) output batch 0 column count mismatch: got 13, expected 10
[2026-09-08 05:13:16.233] [warning] [gpu_pipeline_task.cpp:77] gpu_pipeline_task: operator 'HASH_GROUP_BY' (id=4) output batch 0 column count mismatch: got 13, expected 10
[2026-09-08 05:13:16.233] [warning] [gpu_pipeline_task.cpp:77] gpu_pipeline_task: operator 'HASH_GROUP_BY' (id=4) output batch 0 column count mismatch: got 13, expected 10
[2026-09-08 05:13:16.233] [warning] [gpu_pipeline_task.cpp:77] gpu_pipeline_task: operator 'HASH_GROUP_BY' (id=4) output batch 0 column count mismatch: got 13, expected 10
[2026-09-08 05:13:16.234] [warning] [gpu_pipeline_task.cpp:77] gpu_pipeline_task: operator 'HASH_GROUP_BY' (id=4) output batch 0 column count mismatch: got 13, expected 10
[2026-09-08 05:13:16.234] [warning] [gpu_pipeline_task.cpp:77] gpu_pipeline_task: operator 'HASH_GROUP_BY' (id=4) output batch 0 column count mismatch: got 13, expected 10
[2026-09-08 05:13:16.234] [warning] [gpu_pipeline_task.cpp:77] gpu_pipeline_task: operator 'HASH_GROUP_BY' (id=4) output batch 0 column count mismatch: got 13, expected 10
[2026-09-08 05:13:16.406] [warning] [gpu_pipeline_task.cpp:77] gpu_pipeline_task: operator 'HASH_GROUP_BY' (id=4) output batch 0 column count mismatch: got 13, expected 10
[2026-09-08 05:13:16.427] [warning] [gpu_pipeline_task.cpp:77] gpu_pipeline_task: operator 'HASH_GROUP_BY' (id=4) output batch 0 column count mismatch: got 13, expected 10
[2026-09-08 05:13:16.437] [warning] [gpu_pipeline_task.cpp:77] gpu_pipeline_task: operator 'HASH_GROUP_BY' (id=4) output batch 0 column count mismatch: got 13, expected 10
[2026-09-08 05:13:16.443] [warning] [gpu_pipeline_task.cpp:77] gpu_pipeline_task: operator 'HASH_GROUP_BY' (id=4) output batch 0 column count mismatch: got 13, expected 10
[2026-09-08 05:13:16.478] [warning] [gpu_pipeline_task.cpp:77] gpu_pipeline_task: operator 'HASH_GROUP_BY' (id=4) output batch 0 column count mismatch: got 13, expected 10
[2026-09-08 05:13:16.488] [warning] [gpu_pipeline_task.cpp:77] gpu_pipeline_task: operator 'HASH_GROUP_BY' (id=4) output batch 0 column count mismatch: got 13, expected 10
[2026-09-08 05:13:16.490] [warning] [gpu_pipeline_task.cpp:77] gpu_pipeline_task: operator 'HASH_GROUP_BY' (id=4) output batch 0 column count mismatch: got 13, expected 10
[2026-09-08 05:13:16.543] [warning] [gpu_pipeline_task.cpp:77] gpu_pipeline_task: operator 'HASH_GROUP_BY' (id=4) output batch 0 column count mismatch: got 13, expected 10
[2026-09-08 05:13:16.562] [warning] [gpu_pipeline_task.cpp:77] gpu_pipeline_task: operator 'HASH_GROUP_BY' (id=4) output batch 0 column count mismatch: got 13, expected 10
[2026-09-08 05:13:16.580] [warning] [gpu_pipeline_task.cpp:77] gpu_pipeline_task: operator 'HASH_GROUP_BY' (id=4) output batch 0 column count mismatch: got 13, expected 10
[2026-09-08 05:13:16.595] [warning] [gpu_pipeline_task.cpp:77] gpu_pipeline_task: operator 'HASH_GROUP_BY' (id=4) output batch 0 column count mismatch: got 13, expected 10
[2026-09-08 05:13:16.606] [warning] [gpu_pipeline_task.cpp:77] gpu_pipeline_task: operator 'HASH_GROUP_BY' (id=4) output batch 0 column count mismatch: got 13, expected 10
[2026-09-08 05:13:16.635] [warning] [gpu_pipeline_task.cpp:77] gpu_pipeline_task: operator 'HASH_GROUP_BY' (id=4) output batch 0 column count mismatch: got 13, expected 10
[2026-09-08 05:13:16.678] [warning] [gpu_pipeline_task.cpp:77] gpu_pipeline_task: operator 'HASH_GROUP_BY' (id=4) output batch 0 column count mismatch: got 13, expected 10
[2026-09-08 05:13:16.679] [warning] [gpu_pipeline_task.cpp:77] gpu_pipeline_task: operator 'HASH_GROUP_BY' (id=4) output batch 0 column count mismatch: got 13, expected 10
[2026-09-08 05:13:16.737] [warning] [gpu_pipeline_task.cpp:77] gpu_pipeline_task: operator 'HASH_GROUP_BY' (id=4) output batch 0 column count mismatch: got 13, expected 10
[2026-09-08 05:13:16.740] [warning] [gpu_pipeline_task.cpp:77] gpu_pipeline_task: operator 'HASH_GROUP_BY' (id=4) output batch 0 column count mismatch: got 13, expected 10
[2026-09-08 05:13:16.744] [warning] [gpu_pipeline_task.cpp:77] gpu_pipeline_task: operator 'HASH_GROUP_BY' (id=4) output batch 0 column count mismatch: got 13, expected 10
[2026-09-08 05:13:16.752] [warning] [gpu_pipeline_task.cpp:77] gpu_pipeline_task: operator 'HASH_GROUP_BY' (id=4) output batch 0 column count mismatch: got 13, expected 10
[2026-09-08 05:13:16.792] [warning] [gpu_pipeline_task.cpp:77] gpu_pipeline_task: operator 'HASH_GROUP_BY' (id=4) output batch 0 column count mismatch: got 13, expected 10
[2026-09-08 05:13:16.792] [warning] [gpu_pipeline_task.cpp:77] gpu_pipeline_task: operator 'PARTITION' (id=5) output batch 0 column count mismatch: got 13, expected 10
[2026-09-08 05:13:16.793] [warning] [gpu_pipeline_task.cpp:77] gpu_pipeline_task: operator 'PARTITION' (id=5) output batch 0 column count mismatch: got 13, expected 10
[2026-09-08 05:13:16.793] [warning] [gpu_pipeline_task.cpp:77] gpu_pipeline_task: operator 'PARTITION' (id=5) output batch 0 column count mismatch: got 13, expected 10
[2026-09-08 05:13:16.793] [warning] [gpu_pipeline_task.cpp:77] gpu_pipeline_task: operator 'PARTITION' (id=5) output batch 0 column count mismatch: got 13, expected 10
[2026-09-08 05:13:16.793] [warning] [gpu_pipeline_task.cpp:77] gpu_pipeline_task: operator 'PARTITION' (id=5) output batch 0 column count mismatch: got 13, expected 10
[2026-09-08 05:13:16.793] [warning] [gpu_pipeline_task.cpp:77] gpu_pipeline_task: operator 'PARTITION' (id=5) output batch 0 column count mismatch: got 13, expected 10
[2026-09-08 05:13:16.793] [warning] [gpu_pipeline_task.cpp:77] gpu_pipeline_task: operator 'PARTITION' (id=5) output batch 0 column count mismatch: got 13, expected 10
[2026-09-08 05:13:16.793] [warning] [gpu_pipeline_task.cpp:77] gpu_pipeline_task: operator 'PARTITION' (id=5) output batch 0 column count mismatch: got 13, expected 10
[2026-09-08 05:13:16.793] [warning] [gpu_pipeline_task.cpp:77] gpu_pipeline_task: operator 'PARTITION' (id=5) output batch 0 column count mismatch: got 13, expected 10
[2026-09-08 05:13:16.793] [warning] [gpu_pipeline_task.cpp:77] gpu_pipeline_task: operator 'PARTITION' (id=5) output batch 0 column count mismatch: got 13, expected 10
[2026-09-08 05:13:16.793] [warning] [gpu_pipeline_task.cpp:77] gpu_pipeline_task: operator 'PARTITION' (id=5) output batch 0 column count mismatch: got 13, expected 10
[2026-09-08 05:13:16.793] [warning] [gpu_pipeline_task.cpp:77] gpu_pipeline_task: operator 'PARTITION' (id=5) output batch 0 column count mismatch: got 13, expected 10
[2026-09-08 05:13:16.793] [warning] [gpu_pipeline_task.cpp:77] gpu_pipeline_task: operator 'PARTITION' (id=5) output batch 0 column count mismatch: got 13, expected 10
[2026-09-08 05:13:16.793] [warning] [gpu_pipeline_task.cpp:77] gpu_pipeline_task: operator 'PARTITION' (id=5) output batch 0 column count mismatch: got 13, expected 10
[2026-09-08 05:13:16.793] [warning] [gpu_pipeline_task.cpp:77] gpu_pipeline_task: operator 'PARTITION' (id=5) output batch 0 column count mismatch: got 13, expected 10
[2026-09-08 05:13:16.793] [warning] [gpu_pipeline_task.cpp:77] gpu_pipeline_task: operator 'PARTITION' (id=5) output batch 0 column count mismatch: got 13, expected 10
[2026-09-08 05:13:16.793] [warning] [gpu_pipeline_task.cpp:77] gpu_pipeline_task: operator 'PARTITION' (id=5) output batch 0 column count mismatch: got 13, expected 10
[2026-09-08 05:13:16.793] [warning] [gpu_pipeline_task.cpp:77] gpu_pipeline_task: operator 'PARTITION' (id=5) output batch 0 column count mismatch: got 13, expected 10
[2026-09-08 05:13:16.793] [warning] [gpu_pipeline_task.cpp:77] gpu_pipeline_task: operator 'PARTITION' (id=5) output batch 0 column count mismatch: got 13, expected 10
[2026-09-08 05:13:16.793] [warning] [gpu_pipeline_task.cpp:77] gpu_pipeline_task: operator 'PARTITION' (id=5) output batch 0 column count mismatch: got 13, expected 10
[2026-09-08 05:13:16.793] [warning] [gpu_pipeline_task.cpp:77] gpu_pipeline_task: operator 'PARTITION' (id=5) output batch 0 column count mismatch: got 13, expected 10
[2026-09-08 05:13:16.793] [warning] [gpu_pipeline_task.cpp:77] gpu_pipeline_task: operator 'PARTITION' (id=5) output batch 0 column count mismatch: got 13, expected 10
[2026-09-08 05:13:16.793] [warning] [gpu_pipeline_task.cpp:77] gpu_pipeline_task: operator 'PARTITION' (id=5) output batch 0 column count mismatch: got 13, expected 10
[2026-09-08 05:13:16.793] [warning] [gpu_pipeline_task.cpp:77] gpu_pipeline_task: operator 'PARTITION' (id=5) output batch 0 column count mismatch: got 13, expected 10
[2026-09-08 05:13:16.793] [warning] [gpu_pipeline_task.cpp:77] gpu_pipeline_task: operator 'PARTITION' (id=5) output batch 0 column count mismatch: got 13, expected 10
[2026-09-08 05:13:16.793] [warning] [gpu_pipeline_task.cpp:77] gpu_pipeline_task: operator 'PARTITION' (id=5) output batch 0 column count mismatch: got 13, expected 10
[2026-09-08 05:13:16.793] [warning] [gpu_pipeline_task.cpp:77] gpu_pipeline_task: operator 'PARTITION' (id=5) output batch 0 column count mismatch: got 13, expected 10
[2026-09-08 05:13:16.793] [warning] [gpu_pipeline_task.cpp:77] gpu_pipeline_task: operator 'PARTITION' (id=5) output batch 0 column count mismatch: got 13, expected 10
[2026-09-08 05:13:16.810] [info] [gpu_pipeline_executor.cpp:129] GPU Pipeline Executor: task queue interrupted, stopping manager loop
[2026-09-08 05:13:16.811] [info] [sirius_context.cpp:405] QueryEnd
[2026-09-08 05:13:16.811] [info] [memory_prefetcher.cpp:72] [memory_prefetcher] stopping: prefetched 4 batches / 3917621578 bytes (stops: headroom=1 reservation=0, skips: lock=0 draining=4, errors=0)
[2026-09-08 05:13:16.811] [info] [sirius_context.cpp:256] [host_pool] HOST:0 QueryEnd instance=0xbdc08f6d37a0 connection=1 window=2 query=7 allocated=53016002560 bytes peak=53083111424 bytes free_blocks=2346
[2026-09-08 05:13:16.811] [info] [sirius_context.cpp:271] [gpu_pool] GPU:0 QueryEnd instance=0xbdc08f6d37a0 connection=1 window=2 query=7 allocated=0 bytes peak=170713370010 bytes reserved=0 bytes
[2026-09-08 05:13:16.811] [info] [sirius_context.cpp:521] [window] end instance=0xbdc08f6d37a0 connection=1 window=2 query=7 outcome=ok
[2026-09-08 05:13:16.811] [info] [physical_sirius_execution.cpp:327] Transparent GPU execution: query completed
[2026-09-08 05:13:16.812] [info] [sirius_context.cpp:329] QueryBegin: instance=0xbdc08f6d37a0 connection=1 query=8 SQL: CALL sirius_set_query_label('q1_iter1')
[2026-09-08 05:13:16.813] [info] [sirius_context.cpp:329] QueryBegin: instance=0xbdc08f6d37a0 connection=1 query=9 SQL: SET gpu_execution = true;
[2026-09-08 05:13:16.813] [info] [sirius_context.cpp:329] QueryBegin: instance=0xbdc08f6d37a0 connection=1 query=10 SQL: select l_returnflag, l_linestatus, sum(l_quantity) as sum_qty, sum(l_extendedprice) as sum_base_price, sum(l_extendedprice * (1 - l_discount)) as sum_disc_price, sum(l_extendedprice * (1 - l_discount) * (1 + l_tax)) as sum_charge, avg(l_quantity) as avg_qty, avg(l_extendedprice) as avg_price, avg(l_discount) as avg_disc, count(*) as count_order from lineitem where l_shipdate <= date '1995-08-19' group by l_returnflag, l_linestatus order by l_returnflag, l_linestatus
[2026-09-08 05:13:16.821] [info] [sirius_context.cpp:1467] Transparent execution: Sirius physical plan generated successfully
[2026-09-08 05:13:16.821] [info] [sirius_context.cpp:1495] Transparent execution: physical plan replaced with GPU operator
[2026-09-08 05:13:16.821] [info] [physical_sirius_execution.cpp:157] Transparent GPU execution: executing query
[2026-09-08 05:13:16.821] [info] [sirius_context.cpp:521] [window] begin instance=0xbdc08f6d37a0 connection=1 window=3 query=10 outcome=-
[2026-09-08 05:13:16.821] [info] [sirius_context.cpp:256] [host_pool] HOST:0 QueryBegin instance=0xbdc08f6d37a0 connection=1 window=3 query=10 allocated=53016002560 bytes peak=53083111424 bytes free_blocks=2346
[2026-09-08 05:13:16.821] [info] [sirius_context.cpp:271] [gpu_pool] GPU:0 QueryBegin instance=0xbdc08f6d37a0 connection=1 window=3 query=10 allocated=0 bytes peak=170713370010 bytes reserved=0 bytes
[2026-09-08 05:13:16.821] [info] [sirius_context.cpp:389] QueryBegin: transparent_execution
[2026-09-08 05:13:16.824] [info] [sirius_engine.cpp:265] [gpu_alloc] query allocated 1 GPU(s): [0]
[2026-09-08 05:13:16.824] [info] [sirius_engine.cpp:318] Query Plan:
=== Pipeline Overview ===
Pipeline #0: GPU_SCAN (id=0) -> PROJECTION (id=1) -> PROJECTION (id=2) -> PROJECTION (id=3) -> HASH_GROUP_BY (id=4)
  Output: -> PARTITION [port: default, barrier: FULL]
Pipeline #1: PARTITION (id=5)
  Input: <- Pipeline #0 [on: PARTITION (id=5), port: default, barrier: FULL]
  Dependencies: Pipeline #0
  Output: -> MERGE_GROUP_BY [port: default, barrier: FULL]
Pipeline #2: MERGE_GROUP_BY (id=6) -> ORDER_BY (id=7)
  Input: <- Pipeline #1 [on: MERGE_GROUP_BY (id=6), port: default, barrier: FULL]
  Dependencies: Pipeline #1
  Output: -> SORT_SAMPLE [port: default, barrier: PIPELINE]
Pipeline #3: SORT_SAMPLE (id=8) -> SORT_PARTITION (id=9)
  Input: <- Pipeline #2 [on: SORT_SAMPLE (id=8), port: default, barrier: PIPELINE]
  Dependencies: Pipeline #2
  Output: -> MERGE_SORT [port: default, barrier: FULL]
Pipeline #4: MERGE_SORT (id=10)
  Input: <- Pipeline #3 [on: MERGE_SORT (id=10), port: default, barrier: FULL]
  Dependencies: Pipeline #3
  Output: -> RESULT_COLLECTOR [port: default, barrier: FULL]
Pipeline #5: RESULT_COLLECTOR (id=11)
  Input: <- Pipeline #4 [on: RESULT_COLLECTOR (id=11), port: default, barrier: FULL]
  Dependencies: Pipeline #4

=== Query Plan DAG ===
┌──────────────────────────┐
│ Pipeline #5              │
│ RESULT_COLLECTOR (id=11) │
│ Input(#4): FULL          │
└────────────┬─────────────┘
             │              
┌──────────────────────────┐
│ Pipeline #4              │
│ MERGE_SORT (id=10)       │
│ Input(#3): FULL          │
└────────────┬─────────────┘
             │              
┌──────────────────────────┐
│ Pipeline #3              │
│ SORT_PARTITION (id=9)    │
│ SORT_SAMPLE (id=8)       │
│ Input(#2): PIPELINE      │
└────────────┬─────────────┘
             │              
┌──────────────────────────┐
│ Pipeline #2              │
│ ORDER_BY (id=7)          │
│ MERGE_GROUP_BY (id=6)    │
│ Input(#1): FULL          │
└────────────┬─────────────┘
             │              
┌──────────────────────────┐
│ Pipeline #1              │
│ PARTITION (id=5)         │
│ Input(#0): FULL          │
└────────────┬─────────────┘
             │              
┌──────────────────────────┐
│ Pipeline #0              │
│ HASH_GROUP_BY (id=4)     │
│ PROJECTION (id=3)        │
│ PROJECTION (id=2)        │
│ PROJECTION (id=1)        │
│ GPU_SCAN (id=0)          │
└──────────────────────────┘

[2026-09-08 05:13:16.824] [info] [sirius_engine.cpp:186] query 3 telemetry_query=01a080efd6987f1191cedc5ba389a7f4
[2026-09-08 05:13:16.824] [info] [sirius_scan_manager.cpp:2882] [sirius_scan_manager] zone-map pruning for pinned entry 'lineitem' (HOST tier): 8/36 chunks pruned, serving 28
[2026-09-08 05:13:16.824] [info] [sirius_scan_manager.cpp:2999] [sirius_scan_manager] assigned pinned entry 'lineitem' to operator '0'
[2026-09-08 05:13:16.824] [info] [sirius_scan_manager.cpp:823] [late-mat] operator 0: not deferring — the pinned entry is not device-resident
[2026-09-08 05:13:16.824] [info] [memory_prefetcher.cpp:59] [memory_prefetcher] started: 3 threads, 1 connectors, min_free_fraction=0.40
[2026-09-08 05:13:16.958] [warning] [gpu_pipeline_task.cpp:77] gpu_pipeline_task: operator 'HASH_GROUP_BY' (id=4) output batch 0 column count mismatch: got 13, expected 10
[2026-09-08 05:13:16.961] [warning] [gpu_pipeline_task.cpp:77] gpu_pipeline_task: operator 'HASH_GROUP_BY' (id=4) output batch 0 column count mismatch: got 13, expected 10
[2026-09-08 05:13:17.009] [warning] [gpu_pipeline_task.cpp:77] gpu_pipeline_task: operator 'HASH_GROUP_BY' (id=4) output batch 0 column count mismatch: got 13, expected 10
[2026-09-08 05:13:17.034] [warning] [gpu_pipeline_task.cpp:77] gpu_pipeline_task: operator 'HASH_GROUP_BY' (id=4) output batch 0 column count mismatch: got 13, expected 10
[2026-09-08 05:13:17.069] [warning] [gpu_pipeline_task.cpp:77] gpu_pipeline_task: operator 'HASH_GROUP_BY' (id=4) output batch 0 column count mismatch: got 13, expected 10
[2026-09-08 05:13:17.085] [warning] [gpu_pipeline_task.cpp:77] gpu_pipeline_task: operator 'HASH_GROUP_BY' (id=4) output batch 0 column count mismatch: got 13, expected 10
[2026-09-08 05:13:17.102] [warning] [gpu_pipeline_task.cpp:77] gpu_pipeline_task: operator 'HASH_GROUP_BY' (id=4) output batch 0 column count mismatch: got 13, expected 10
[2026-09-08 05:13:17.119] [warning] [gpu_pipeline_task.cpp:77] gpu_pipeline_task: operator 'HASH_GROUP_BY' (id=4) output batch 0 column count mismatch: got 13, expected 10
[2026-09-08 05:13:17.135] [warning] [gpu_pipeline_task.cpp:77] gpu_pipeline_task: operator 'HASH_GROUP_BY' (id=4) output batch 0 column count mismatch: got 13, expected 10
[2026-09-08 05:13:17.157] [warning] [gpu_pipeline_task.cpp:77] gpu_pipeline_task: operator 'HASH_GROUP_BY' (id=4) output batch 0 column count mismatch: got 13, expected 10
[2026-09-08 05:13:17.177] [warning] [gpu_pipeline_task.cpp:77] gpu_pipeline_task: operator 'HASH_GROUP_BY' (id=4) output batch 0 column count mismatch: got 13, expected 10
[2026-09-08 05:13:17.225] [warning] [gpu_pipeline_task.cpp:77] gpu_pipeline_task: operator 'HASH_GROUP_BY' (id=4) output batch 0 column count mismatch: got 13, expected 10
[2026-09-08 05:13:17.227] [warning] [gpu_pipeline_task.cpp:77] gpu_pipeline_task: operator 'HASH_GROUP_BY' (id=4) output batch 0 column count mismatch: got 13, expected 10
[2026-09-08 05:13:17.249] [warning] [gpu_pipeline_task.cpp:77] gpu_pipeline_task: operator 'HASH_GROUP_BY' (id=4) output batch 0 column count mismatch: got 13, expected 10
[2026-09-08 05:13:17.294] [warning] [gpu_pipeline_task.cpp:77] gpu_pipeline_task: operator 'HASH_GROUP_BY' (id=4) output batch 0 column count mismatch: got 13, expected 10
[2026-09-08 05:13:17.316] [warning] [gpu_pipeline_task.cpp:77] gpu_pipeline_task: operator 'HASH_GROUP_BY' (id=4) output batch 0 column count mismatch: got 13, expected 10
[2026-09-08 05:13:17.348] [warning] [gpu_pipeline_task.cpp:77] gpu_pipeline_task: operator 'HASH_GROUP_BY' (id=4) output batch 0 column count mismatch: got 13, expected 10
[2026-09-08 05:13:17.348] [warning] [gpu_pipeline_task.cpp:77] gpu_pipeline_task: operator 'HASH_GROUP_BY' (id=4) output batch 0 column count mismatch: got 13, expected 10
[2026-09-08 05:13:17.379] [warning] [gpu_pipeline_task.cpp:77] gpu_pipeline_task: operator 'HASH_GROUP_BY' (id=4) output batch 0 column count mismatch: got 13, expected 10
[2026-09-08 05:13:17.379] [warning] [gpu_pipeline_task.cpp:77] gpu_pipeline_task: operator 'HASH_GROUP_BY' (id=4) output batch 0 column count mismatch: got 13, expected 10
[2026-09-08 05:13:17.430] [warning] [gpu_pipeline_task.cpp:77] gpu_pipeline_task: operator 'HASH_GROUP_BY' (id=4) output batch 0 column count mismatch: got 13, expected 10
[2026-09-08 05:13:17.434] [warning] [gpu_pipeline_task.cpp:77] gpu_pipeline_task: operator 'HASH_GROUP_BY' (id=4) output batch 0 column count mismatch: got 13, expected 10
[2026-09-08 05:13:17.466] [warning] [gpu_pipeline_task.cpp:77] gpu_pipeline_task: operator 'HASH_GROUP_BY' (id=4) output batch 0 column count mismatch: got 13, expected 10
[2026-09-08 05:13:17.495] [warning] [gpu_pipeline_task.cpp:77] gpu_pipeline_task: operator 'HASH_GROUP_BY' (id=4) output batch 0 column count mismatch: got 13, expected 10
[2026-09-08 05:13:17.510] [warning] [gpu_pipeline_task.cpp:77] gpu_pipeline_task: operator 'HASH_GROUP_BY' (id=4) output batch 0 column count mismatch: got 13, expected 10
[2026-09-08 05:13:17.516] [warning] [gpu_pipeline_task.cpp:77] gpu_pipeline_task: operator 'HASH_GROUP_BY' (id=4) output batch 0 column count mismatch: got 13, expected 10
[2026-09-08 05:13:17.528] [warning] [gpu_pipeline_task.cpp:77] gpu_pipeline_task: operator 'HASH_GROUP_BY' (id=4) output batch 0 column count mismatch: got 13, expected 10
[2026-09-08 05:13:17.539] [warning] [gpu_pipeline_task.cpp:77] gpu_pipeline_task: operator 'HASH_GROUP_BY' (id=4) output batch 0 column count mismatch: got 13, expected 10
[2026-09-08 05:13:17.539] [warning] [gpu_pipeline_task.cpp:77] gpu_pipeline_task: operator 'PARTITION' (id=5) output batch 0 column count mismatch: got 13, expected 10
[2026-09-08 05:13:17.539] [warning] [gpu_pipeline_task.cpp:77] gpu_pipeline_task: operator 'PARTITION' (id=5) output batch 0 column count mismatch: got 13, expected 10
[2026-09-08 05:13:17.539] [warning] [gpu_pipeline_task.cpp:77] gpu_pipeline_task: operator 'PARTITION' (id=5) output batch 0 column count mismatch: got 13, expected 10
[2026-09-08 05:13:17.539] [warning] [gpu_pipeline_task.cpp:77] gpu_pipeline_task: operator 'PARTITION' (id=5) output batch 0 column count mismatch: got 13, expected 10
[2026-09-08 05:13:17.539] [warning] [gpu_pipeline_task.cpp:77] gpu_pipeline_task: operator 'PARTITION' (id=5) output batch 0 column count mismatch: got 13, expected 10
[2026-09-08 05:13:17.539] [warning] [gpu_pipeline_task.cpp:77] gpu_pipeline_task: operator 'PARTITION' (id=5) output batch 0 column count mismatch: got 13, expected 10
[2026-09-08 05:13:17.539] [warning] [gpu_pipeline_task.cpp:77] gpu_pipeline_task: operator 'PARTITION' (id=5) output batch 0 column count mismatch: got 13, expected 10
[2026-09-08 05:13:17.539] [warning] [gpu_pipeline_task.cpp:77] gpu_pipeline_task: operator 'PARTITION' (id=5) output batch 0 column count mismatch: got 13, expected 10
[2026-09-08 05:13:17.539] [warning] [gpu_pipeline_task.cpp:77] gpu_pipeline_task: operator 'PARTITION' (id=5) output batch 0 column count mismatch: got 13, expected 10
[2026-09-08 05:13:17.539] [warning] [gpu_pipeline_task.cpp:77] gpu_pipeline_task: operator 'PARTITION' (id=5) output batch 0 column count mismatch: got 13, expected 10
[2026-09-08 05:13:17.539] [warning] [gpu_pipeline_task.cpp:77] gpu_pipeline_task: operator 'PARTITION' (id=5) output batch 0 column count mismatch: got 13, expected 10
[2026-09-08 05:13:17.539] [warning] [gpu_pipeline_task.cpp:77] gpu_pipeline_task: operator 'PARTITION' (id=5) output batch 0 column count mismatch: got 13, expected 10
[2026-09-08 05:13:17.539] [warning] [gpu_pipeline_task.cpp:77] gpu_pipeline_task: operator 'PARTITION' (id=5) output batch 0 column count mismatch: got 13, expected 10
[2026-09-08 05:13:17.539] [warning] [gpu_pipeline_task.cpp:77] gpu_pipeline_task: operator 'PARTITION' (id=5) output batch 0 column count mismatch: got 13, expected 10
[2026-09-08 05:13:17.539] [warning] [gpu_pipeline_task.cpp:77] gpu_pipeline_task: operator 'PARTITION' (id=5) output batch 0 column count mismatch: got 13, expected 10
[2026-09-08 05:13:17.539] [warning] [gpu_pipeline_task.cpp:77] gpu_pipeline_task: operator 'PARTITION' (id=5) output batch 0 column count mismatch: got 13, expected 10
[2026-09-08 05:13:17.539] [warning] [gpu_pipeline_task.cpp:77] gpu_pipeline_task: operator 'PARTITION' (id=5) output batch 0 column count mismatch: got 13, expected 10
[2026-09-08 05:13:17.539] [warning] [gpu_pipeline_task.cpp:77] gpu_pipeline_task: operator 'PARTITION' (id=5) output batch 0 column count mismatch: got 13, expected 10
[2026-09-08 05:13:17.539] [warning] [gpu_pipeline_task.cpp:77] gpu_pipeline_task: operator 'PARTITION' (id=5) output batch 0 column count mismatch: got 13, expected 10
[2026-09-08 05:13:17.539] [warning] [gpu_pipeline_task.cpp:77] gpu_pipeline_task: operator 'PARTITION' (id=5) output batch 0 column count mismatch: got 13, expected 10
[2026-09-08 05:13:17.539] [warning] [gpu_pipeline_task.cpp:77] gpu_pipeline_task: operator 'PARTITION' (id=5) output batch 0 column count mismatch: got 13, expected 10
[2026-09-08 05:13:17.539] [warning] [gpu_pipeline_task.cpp:77] gpu_pipeline_task: operator 'PARTITION' (id=5) output batch 0 column count mismatch: got 13, expected 10
[2026-09-08 05:13:17.539] [warning] [gpu_pipeline_task.cpp:77] gpu_pipeline_task: operator 'PARTITION' (id=5) output batch 0 column count mismatch: got 13, expected 10
[2026-09-08 05:13:17.539] [warning] [gpu_pipeline_task.cpp:77] gpu_pipeline_task: operator 'PARTITION' (id=5) output batch 0 column count mismatch: got 13, expected 10
[2026-09-08 05:13:17.539] [warning] [gpu_pipeline_task.cpp:77] gpu_pipeline_task: operator 'PARTITION' (id=5) output batch 0 column count mismatch: got 13, expected 10
[2026-09-08 05:13:17.539] [warning] [gpu_pipeline_task.cpp:77] gpu_pipeline_task: operator 'PARTITION' (id=5) output batch 0 column count mismatch: got 13, expected 10
[2026-09-08 05:13:17.539] [warning] [gpu_pipeline_task.cpp:77] gpu_pipeline_task: operator 'PARTITION' (id=5) output batch 0 column count mismatch: got 13, expected 10
[2026-09-08 05:13:17.539] [warning] [gpu_pipeline_task.cpp:77] gpu_pipeline_task: operator 'PARTITION' (id=5) output batch 0 column count mismatch: got 13, expected 10
[2026-09-08 05:13:17.543] [info] [gpu_pipeline_executor.cpp:129] GPU Pipeline Executor: task queue interrupted, stopping manager loop
[2026-09-08 05:13:17.543] [info] [sirius_context.cpp:405] QueryEnd
[2026-09-08 05:13:17.543] [info] [memory_prefetcher.cpp:72] [memory_prefetcher] stopping: prefetched 4 batches / 3917621578 bytes (stops: headroom=1 reservation=0, skips: lock=0 draining=6, errors=0)
[2026-09-08 05:13:17.543] [info] [sirius_context.cpp:256] [host_pool] HOST:0 QueryEnd instance=0xbdc08f6d37a0 connection=1 window=3 query=10 allocated=53016002560 bytes peak=53083111424 bytes free_blocks=2346
[2026-09-08 05:13:17.543] [info] [sirius_context.cpp:271] [gpu_pool] GPU:0 QueryEnd instance=0xbdc08f6d37a0 connection=1 window=3 query=10 allocated=0 bytes peak=170713370010 bytes reserved=0 bytes
[2026-09-08 05:13:17.543] [info] [sirius_context.cpp:521] [window] end instance=0xbdc08f6d37a0 connection=1 window=3 query=10 outcome=ok
[2026-09-08 05:13:17.543] [info] [physical_sirius_execution.cpp:327] Transparent GPU execution: query completed
[2026-09-08 05:13:17.560] [info] [sirius_context.cpp:329] QueryBegin: instance=0xbdc08f6d37a0 connection=1 query=11 SQL: CALL sirius_set_query_label('q1_iter2')
[2026-09-08 05:13:17.560] [info] [sirius_context.cpp:329] QueryBegin: instance=0xbdc08f6d37a0 connection=1 query=12 SQL: SET gpu_execution = true;
[2026-09-08 05:13:17.561] [info] [sirius_context.cpp:329] QueryBegin: instance=0xbdc08f6d37a0 connection=1 query=13 SQL: select l_returnflag, l_linestatus, sum(l_quantity) as sum_qty, sum(l_extendedprice) as sum_base_price, sum(l_extendedprice * (1 - l_discount)) as sum_disc_price, sum(l_extendedprice * (1 - l_discount) * (1 + l_tax)) as sum_charge, avg(l_quantity) as avg_qty, avg(l_extendedprice) as avg_price, avg(l_discount) as avg_disc, count(*) as count_order from lineitem where l_shipdate <= date '1995-08-19' group by l_returnflag, l_linestatus order by l_returnflag, l_linestatus
[2026-09-08 05:13:17.568] [info] [sirius_context.cpp:1467] Transparent execution: Sirius physical plan generated successfully
[2026-09-08 05:13:17.568] [info] [sirius_context.cpp:1495] Transparent execution: physical plan replaced with GPU operator
[2026-09-08 05:13:17.568] [info] [physical_sirius_execution.cpp:157] Transparent GPU execution: executing query
[2026-09-08 05:13:17.568] [info] [sirius_context.cpp:521] [window] begin instance=0xbdc08f6d37a0 connection=1 window=4 query=13 outcome=-
[2026-09-08 05:13:17.568] [info] [sirius_context.cpp:256] [host_pool] HOST:0 QueryBegin instance=0xbdc08f6d37a0 connection=1 window=4 query=13 allocated=53016002560 bytes peak=53083111424 bytes free_blocks=2346
[2026-09-08 05:13:17.568] [info] [sirius_context.cpp:271] [gpu_pool] GPU:0 QueryBegin instance=0xbdc08f6d37a0 connection=1 window=4 query=13 allocated=0 bytes peak=170713370010 bytes reserved=0 bytes
[2026-09-08 05:13:17.568] [info] [sirius_context.cpp:389] QueryBegin: transparent_execution
[2026-09-08 05:13:17.571] [info] [sirius_engine.cpp:265] [gpu_alloc] query allocated 1 GPU(s): [0]
[2026-09-08 05:13:17.571] [info] [sirius_engine.cpp:318] Query Plan:
=== Pipeline Overview ===
Pipeline #0: GPU_SCAN (id=0) -> PROJECTION (id=1) -> PROJECTION (id=2) -> PROJECTION (id=3) -> HASH_GROUP_BY (id=4)
  Output: -> PARTITION [port: default, barrier: FULL]
Pipeline #1: PARTITION (id=5)
  Input: <- Pipeline #0 [on: PARTITION (id=5), port: default, barrier: FULL]
  Dependencies: Pipeline #0
  Output: -> MERGE_GROUP_BY [port: default, barrier: FULL]
Pipeline #2: MERGE_GROUP_BY (id=6) -> ORDER_BY (id=7)
  Input: <- Pipeline #1 [on: MERGE_GROUP_BY (id=6), port: default, barrier: FULL]
  Dependencies: Pipeline #1
  Output: -> SORT_SAMPLE [port: default, barrier: PIPELINE]
Pipeline #3: SORT_SAMPLE (id=8) -> SORT_PARTITION (id=9)
  Input: <- Pipeline #2 [on: SORT_SAMPLE (id=8), port: default, barrier: PIPELINE]
  Dependencies: Pipeline #2
  Output: -> MERGE_SORT [port: default, barrier: FULL]
Pipeline #4: MERGE_SORT (id=10)
  Input: <- Pipeline #3 [on: MERGE_SORT (id=10), port: default, barrier: FULL]
  Dependencies: Pipeline #3
  Output: -> RESULT_COLLECTOR [port: default, barrier: FULL]
Pipeline #5: RESULT_COLLECTOR (id=11)
  Input: <- Pipeline #4 [on: RESULT_COLLECTOR (id=11), port: default, barrier: FULL]
  Dependencies: Pipeline #4

=== Query Plan DAG ===
┌──────────────────────────┐
│ Pipeline #5              │
│ RESULT_COLLECTOR (id=11) │
│ Input(#4): FULL          │
└────────────┬─────────────┘
             │              
┌──────────────────────────┐
│ Pipeline #4              │
│ MERGE_SORT (id=10)       │
│ Input(#3): FULL          │
└────────────┬─────────────┘
             │              
┌──────────────────────────┐
│ Pipeline #3              │
│ SORT_PARTITION (id=9)    │
│ SORT_SAMPLE (id=8)       │
│ Input(#2): PIPELINE      │
└────────────┬─────────────┘
             │              
┌──────────────────────────┐
│ Pipeline #2              │
│ ORDER_BY (id=7)          │
│ MERGE_GROUP_BY (id=6)    │
│ Input(#1): FULL          │
└────────────┬─────────────┘
             │              
┌──────────────────────────┐
│ Pipeline #1              │
│ PARTITION (id=5)         │
│ Input(#0): FULL          │
└────────────┬─────────────┘
             │              
┌──────────────────────────┐
│ Pipeline #0              │
│ HASH_GROUP_BY (id=4)     │
│ PROJECTION (id=3)        │
│ PROJECTION (id=2)        │
│ PROJECTION (id=1)        │
│ GPU_SCAN (id=0)          │
└──────────────────────────┘

[2026-09-08 05:13:17.571] [info] [sirius_engine.cpp:186] query 4 telemetry_query=01a080efd9837942905e670f18d8f254
[2026-09-08 05:13:17.571] [info] [sirius_scan_manager.cpp:2882] [sirius_scan_manager] zone-map pruning for pinned entry 'lineitem' (HOST tier): 8/36 chunks pruned, serving 28
[2026-09-08 05:13:17.571] [info] [sirius_scan_manager.cpp:2999] [sirius_scan_manager] assigned pinned entry 'lineitem' to operator '0'
[2026-09-08 05:13:17.571] [info] [sirius_scan_manager.cpp:823] [late-mat] operator 0: not deferring — the pinned entry is not device-resident
[2026-09-08 05:13:17.573] [info] [memory_prefetcher.cpp:59] [memory_prefetcher] started: 3 threads, 1 connectors, min_free_fraction=0.40
[2026-09-08 05:13:17.725] [warning] [gpu_pipeline_task.cpp:77] gpu_pipeline_task: operator 'HASH_GROUP_BY' (id=4) output batch 0 column count mismatch: got 13, expected 10
[2026-09-08 05:13:17.774] [warning] [gpu_pipeline_task.cpp:77] gpu_pipeline_task: operator 'HASH_GROUP_BY' (id=4) output batch 0 column count mismatch: got 13, expected 10
[2026-09-08 05:13:17.784] [warning] [gpu_pipeline_task.cpp:77] gpu_pipeline_task: operator 'HASH_GROUP_BY' (id=4) output batch 0 column count mismatch: got 13, expected 10
[2026-09-08 05:13:17.809] [warning] [gpu_pipeline_task.cpp:77] gpu_pipeline_task: operator 'HASH_GROUP_BY' (id=4) output batch 0 column count mismatch: got 13, expected 10
[2026-09-08 05:13:17.810] [warning] [gpu_pipeline_task.cpp:77] gpu_pipeline_task: operator 'HASH_GROUP_BY' (id=4) output batch 0 column count mismatch: got 13, expected 10
[2026-09-08 05:13:17.846] [warning] [gpu_pipeline_task.cpp:77] gpu_pipeline_task: operator 'HASH_GROUP_BY' (id=4) output batch 0 column count mismatch: got 13, expected 10
[2026-09-08 05:13:17.859] [warning] [gpu_pipeline_task.cpp:77] gpu_pipeline_task: operator 'HASH_GROUP_BY' (id=4) output batch 0 column count mismatch: got 13, expected 10
[2026-09-08 05:13:17.862] [warning] [gpu_pipeline_task.cpp:77] gpu_pipeline_task: operator 'HASH_GROUP_BY' (id=4) output batch 0 column count mismatch: got 13, expected 10
[2026-09-08 05:13:17.886] [warning] [gpu_pipeline_task.cpp:77] gpu_pipeline_task: operator 'HASH_GROUP_BY' (id=4) output batch 0 column count mismatch: got 13, expected 10
[2026-09-08 05:13:17.952] [warning] [gpu_pipeline_task.cpp:77] gpu_pipeline_task: operator 'HASH_GROUP_BY' (id=4) output batch 0 column count mismatch: got 13, expected 10
[2026-09-08 05:13:17.966] [warning] [gpu_pipeline_task.cpp:77] gpu_pipeline_task: operator 'HASH_GROUP_BY' (id=4) output batch 0 column count mismatch: got 13, expected 10
[2026-09-08 05:13:17.971] [warning] [gpu_pipeline_task.cpp:77] gpu_pipeline_task: operator 'HASH_GROUP_BY' (id=4) output batch 0 column count mismatch: got 13, expected 10
[2026-09-08 05:13:17.982] [warning] [gpu_pipeline_task.cpp:77] gpu_pipeline_task: operator 'HASH_GROUP_BY' (id=4) output batch 0 column count mismatch: got 13, expected 10
[2026-09-08 05:13:18.003] [warning] [gpu_pipeline_task.cpp:77] gpu_pipeline_task: operator 'HASH_GROUP_BY' (id=4) output batch 0 column count mismatch: got 13, expected 10
[2026-09-08 05:13:18.067] [warning] [gpu_pipeline_task.cpp:77] gpu_pipeline_task: operator 'HASH_GROUP_BY' (id=4) output batch 0 column count mismatch: got 13, expected 10
[2026-09-08 05:13:18.070] [warning] [gpu_pipeline_task.cpp:77] gpu_pipeline_task: operator 'HASH_GROUP_BY' (id=4) output batch 0 column count mismatch: got 13, expected 10
[2026-09-08 05:13:18.093] [warning] [gpu_pipeline_task.cpp:77] gpu_pipeline_task: operator 'HASH_GROUP_BY' (id=4) output batch 0 column count mismatch: got 13, expected 10
[2026-09-08 05:13:18.137] [warning] [gpu_pipeline_task.cpp:77] gpu_pipeline_task: operator 'HASH_GROUP_BY' (id=4) output batch 0 column count mismatch: got 13, expected 10
[2026-09-08 05:13:18.154] [warning] [gpu_pipeline_task.cpp:77] gpu_pipeline_task: operator 'HASH_GROUP_BY' (id=4) output batch 0 column count mismatch: got 13, expected 10
[2026-09-08 05:13:18.156] [warning] [gpu_pipeline_task.cpp:77] gpu_pipeline_task: operator 'HASH_GROUP_BY' (id=4) output batch 0 column count mismatch: got 13, expected 10
[2026-09-08 05:13:18.183] [warning] [gpu_pipeline_task.cpp:77] gpu_pipeline_task: operator 'HASH_GROUP_BY' (id=4) output batch 0 column count mismatch: got 13, expected 10
[2026-09-08 05:13:18.204] [warning] [gpu_pipeline_task.cpp:77] gpu_pipeline_task: operator 'HASH_GROUP_BY' (id=4) output batch 0 column count mismatch: got 13, expected 10
[2026-09-08 05:13:18.211] [warning] [gpu_pipeline_task.cpp:77] gpu_pipeline_task: operator 'HASH_GROUP_BY' (id=4) output batch 0 column count mismatch: got 13, expected 10
[2026-09-08 05:13:18.251] [warning] [gpu_pipeline_task.cpp:77] gpu_pipeline_task: operator 'HASH_GROUP_BY' (id=4) output batch 0 column count mismatch: got 13, expected 10
[2026-09-08 05:13:18.263] [warning] [gpu_pipeline_task.cpp:77] gpu_pipeline_task: operator 'HASH_GROUP_BY' (id=4) output batch 0 column count mismatch: got 13, expected 10
[2026-09-08 05:13:18.267] [warning] [gpu_pipeline_task.cpp:77] gpu_pipeline_task: operator 'HASH_GROUP_BY' (id=4) output batch 0 column count mismatch: got 13, expected 10
[2026-09-08 05:13:18.289] [warning] [gpu_pipeline_task.cpp:77] gpu_pipeline_task: operator 'HASH_GROUP_BY' (id=4) output batch 0 column count mismatch: got 13, expected 10
[2026-09-08 05:13:18.311] [warning] [gpu_pipeline_task.cpp:77] gpu_pipeline_task: operator 'HASH_GROUP_BY' (id=4) output batch 0 column count mismatch: got 13, expected 10
[2026-09-08 05:13:18.311] [warning] [gpu_pipeline_task.cpp:77] gpu_pipeline_task: operator 'PARTITION' (id=5) output batch 0 column count mismatch: got 13, expected 10
[2026-09-08 05:13:18.311] [warning] [gpu_pipeline_task.cpp:77] gpu_pipeline_task: operator 'PARTITION' (id=5) output batch 0 column count mismatch: got 13, expected 10
[2026-09-08 05:13:18.311] [warning] [gpu_pipeline_task.cpp:77] gpu_pipeline_task: operator 'PARTITION' (id=5) output batch 0 column count mismatch: got 13, expected 10
[2026-09-08 05:13:18.311] [warning] [gpu_pipeline_task.cpp:77] gpu_pipeline_task: operator 'PARTITION' (id=5) output batch 0 column count mismatch: got 13, expected 10
[2026-09-08 05:13:18.311] [warning] [gpu_pipeline_task.cpp:77] gpu_pipeline_task: operator 'PARTITION' (id=5) output batch 0 column count mismatch: got 13, expected 10
[2026-09-08 05:13:18.311] [warning] [gpu_pipeline_task.cpp:77] gpu_pipeline_task: operator 'PARTITION' (id=5) output batch 0 column count mismatch: got 13, expected 10
[2026-09-08 05:13:18.311] [warning] [gpu_pipeline_task.cpp:77] gpu_pipeline_task: operator 'PARTITION' (id=5) output batch 0 column count mismatch: got 13, expected 10
[2026-09-08 05:13:18.311] [warning] [gpu_pipeline_task.cpp:77] gpu_pipeline_task: operator 'PARTITION' (id=5) output batch 0 column count mismatch: got 13, expected 10
[2026-09-08 05:13:18.311] [warning] [gpu_pipeline_task.cpp:77] gpu_pipeline_task: operator 'PARTITION' (id=5) output batch 0 column count mismatch: got 13, expected 10
[2026-09-08 05:13:18.311] [warning] [gpu_pipeline_task.cpp:77] gpu_pipeline_task: operator 'PARTITION' (id=5) output batch 0 column count mismatch: got 13, expected 10
[2026-09-08 05:13:18.311] [warning] [gpu_pipeline_task.cpp:77] gpu_pipeline_task: operator 'PARTITION' (id=5) output batch 0 column count mismatch: got 13, expected 10
[2026-09-08 05:13:18.311] [warning] [gpu_pipeline_task.cpp:77] gpu_pipeline_task: operator 'PARTITION' (id=5) output batch 0 column count mismatch: got 13, expected 10
[2026-09-08 05:13:18.311] [warning] [gpu_pipeline_task.cpp:77] gpu_pipeline_task: operator 'PARTITION' (id=5) output batch 0 column count mismatch: got 13, expected 10
[2026-09-08 05:13:18.311] [warning] [gpu_pipeline_task.cpp:77] gpu_pipeline_task: operator 'PARTITION' (id=5) output batch 0 column count mismatch: got 13, expected 10
[2026-09-08 05:13:18.311] [warning] [gpu_pipeline_task.cpp:77] gpu_pipeline_task: operator 'PARTITION' (id=5) output batch 0 column count mismatch: got 13, expected 10
[2026-09-08 05:13:18.311] [warning] [gpu_pipeline_task.cpp:77] gpu_pipeline_task: operator 'PARTITION' (id=5) output batch 0 column count mismatch: got 13, expected 10
[2026-09-08 05:13:18.311] [warning] [gpu_pipeline_task.cpp:77] gpu_pipeline_task: operator 'PARTITION' (id=5) output batch 0 column count mismatch: got 13, expected 10
[2026-09-08 05:13:18.311] [warning] [gpu_pipeline_task.cpp:77] gpu_pipeline_task: operator 'PARTITION' (id=5) output batch 0 column count mismatch: got 13, expected 10
[2026-09-08 05:13:18.311] [warning] [gpu_pipeline_task.cpp:77] gpu_pipeline_task: operator 'PARTITION' (id=5) output batch 0 column count mismatch: got 13, expected 10
[2026-09-08 05:13:18.311] [warning] [gpu_pipeline_task.cpp:77] gpu_pipeline_task: operator 'PARTITION' (id=5) output batch 0 column count mismatch: got 13, expected 10
[2026-09-08 05:13:18.311] [warning] [gpu_pipeline_task.cpp:77] gpu_pipeline_task: operator 'PARTITION' (id=5) output batch 0 column count mismatch: got 13, expected 10
[2026-09-08 05:13:18.311] [warning] [gpu_pipeline_task.cpp:77] gpu_pipeline_task: operator 'PARTITION' (id=5) output batch 0 column count mismatch: got 13, expected 10
[2026-09-08 05:13:18.311] [warning] [gpu_pipeline_task.cpp:77] gpu_pipeline_task: operator 'PARTITION' (id=5) output batch 0 column count mismatch: got 13, expected 10
[2026-09-08 05:13:18.311] [warning] [gpu_pipeline_task.cpp:77] gpu_pipeline_task: operator 'PARTITION' (id=5) output batch 0 column count mismatch: got 13, expected 10
[2026-09-08 05:13:18.311] [warning] [gpu_pipeline_task.cpp:77] gpu_pipeline_task: operator 'PARTITION' (id=5) output batch 0 column count mismatch: got 13, expected 10
[2026-09-08 05:13:18.311] [warning] [gpu_pipeline_task.cpp:77] gpu_pipeline_task: operator 'PARTITION' (id=5) output batch 0 column count mismatch: got 13, expected 10
[2026-09-08 05:13:18.311] [warning] [gpu_pipeline_task.cpp:77] gpu_pipeline_task: operator 'PARTITION' (id=5) output batch 0 column count mismatch: got 13, expected 10
[2026-09-08 05:13:18.311] [warning] [gpu_pipeline_task.cpp:77] gpu_pipeline_task: operator 'PARTITION' (id=5) output batch 0 column count mismatch: got 13, expected 10
[2026-09-08 05:13:18.315] [info] [gpu_pipeline_executor.cpp:129] GPU Pipeline Executor: task queue interrupted, stopping manager loop
[2026-09-08 05:13:18.315] [info] [sirius_context.cpp:405] QueryEnd
[2026-09-08 05:13:18.315] [info] [memory_prefetcher.cpp:72] [memory_prefetcher] stopping: prefetched 4 batches / 3918408266 bytes (stops: headroom=1 reservation=0, skips: lock=0 draining=15, errors=0)
[2026-09-08 05:13:18.315] [info] [sirius_context.cpp:256] [host_pool] HOST:0 QueryEnd instance=0xbdc08f6d37a0 connection=1 window=4 query=13 allocated=53016002560 bytes peak=53083111424 bytes free_blocks=2346
[2026-09-08 05:13:18.315] [info] [sirius_context.cpp:271] [gpu_pool] GPU:0 QueryEnd instance=0xbdc08f6d37a0 connection=1 window=4 query=13 allocated=0 bytes peak=172294001805 bytes reserved=0 bytes
[2026-09-08 05:13:18.315] [info] [sirius_context.cpp:521] [window] end instance=0xbdc08f6d37a0 connection=1 window=4 query=13 outcome=ok
[2026-09-08 05:13:18.315] [info] [physical_sirius_execution.cpp:327] Transparent GPU execution: query completed
[2026-09-08 05:13:18.316] [info] [sirius_context.cpp:329] QueryBegin: instance=0xbdc08f6d37a0 connection=1 query=14 SQL: CALL unpin_table('lineitem')
[2026-09-08 05:13:18.317] [info] [sirius_context.cpp:329] QueryBegin: instance=0xbdc08f6d37a0 connection=1 query=15 SQL: CALL pin_table('/datasets/tpch_sf1000_sorted/part/*.parquet', tier='host', name='part', cols=['p_partkey','p_mfgr','p_size','p_type'])
[2026-09-08 05:13:18.318] [info] [sirius_context.cpp:521] [window] begin instance=0xbdc08f6d37a0 connection=1 window=5 query=15 outcome=-
[2026-09-08 05:13:18.318] [info] [sirius_context.cpp:256] [host_pool] HOST:0 QueryBegin instance=0xbdc08f6d37a0 connection=1 window=5 query=15 allocated=17448304640 bytes peak=53083111424 bytes free_blocks=2876
[2026-09-08 05:13:18.318] [info] [sirius_context.cpp:271] [gpu_pool] GPU:0 QueryBegin instance=0xbdc08f6d37a0 connection=1 window=5 query=15 allocated=0 bytes peak=172294001805 bytes reserved=0 bytes
[2026-09-08 05:13:18.318] [info] [sirius_context.cpp:389] QueryBegin: pin_table
[2026-09-08 05:13:18.319] [warning] [sirius_extension.cpp:1430] [pin_table] 'part': pin_table_compression is enabled but no plan file was found in '/home/nvidia/joost/sirius-zonemap/bench/sf1000-repro/plans'; pinning uncompressed
[2026-09-08 05:13:18.413] [info] [sirius_context.cpp:405] QueryEnd
[2026-09-08 05:13:18.413] [info] [sirius_context.cpp:256] [host_pool] HOST:0 QueryEnd instance=0xbdc08f6d37a0 connection=1 window=5 query=15 allocated=28454158336 bytes peak=53083111424 bytes free_blocks=2712
[2026-09-08 05:13:18.413] [info] [sirius_context.cpp:271] [gpu_pool] GPU:0 QueryEnd instance=0xbdc08f6d37a0 connection=1 window=5 query=15 allocated=0 bytes peak=172294001805 bytes reserved=0 bytes
[2026-09-08 05:13:18.413] [info] [sirius_context.cpp:521] [window] end instance=0xbdc08f6d37a0 connection=1 window=5 query=15 outcome=ok
[2026-09-08 05:13:18.413] [info] [sirius_context.cpp:329] QueryBegin: instance=0xbdc08f6d37a0 connection=1 query=16 SQL: CALL pin_table('/datasets/tpch_sf1000_sorted/supplier/*.parquet', tier='host', name='supplier', cols=['s_suppkey','s_acctbal','s_name','s_address','s_phone','s_comment','s_nationkey'])
[2026-09-08 05:13:18.414] [info] [sirius_context.cpp:521] [window] begin instance=0xbdc08f6d37a0 connection=1 window=6 query=16 outcome=-
[2026-09-08 05:13:18.414] [info] [sirius_context.cpp:256] [host_pool] HOST:0 QueryBegin instance=0xbdc08f6d37a0 connection=1 window=6 query=16 allocated=28454158336 bytes peak=53083111424 bytes free_blocks=2712
[2026-09-08 05:13:18.414] [info] [sirius_context.cpp:271] [gpu_pool] GPU:0 QueryBegin instance=0xbdc08f6d37a0 connection=1 window=6 query=16 allocated=0 bytes peak=172294001805 bytes reserved=0 bytes
[2026-09-08 05:13:18.414] [info] [sirius_context.cpp:389] QueryBegin: pin_table
[2026-09-08 05:13:18.414] [warning] [sirius_extension.cpp:1430] [pin_table] 'supplier': pin_table_compression is enabled but no plan file was found in '/home/nvidia/joost/sirius-zonemap/bench/sf1000-repro/plans'; pinning uncompressed
[2026-09-08 05:13:18.464] [info] [sirius_context.cpp:405] QueryEnd
[2026-09-08 05:13:18.465] [info] [sirius_context.cpp:256] [host_pool] HOST:0 QueryEnd instance=0xbdc08f6d37a0 connection=1 window=6 query=16 allocated=29930553344 bytes peak=53083111424 bytes free_blocks=2690
[2026-09-08 05:13:18.465] [info] [sirius_context.cpp:271] [gpu_pool] GPU:0 QueryEnd instance=0xbdc08f6d37a0 connection=1 window=6 query=16 allocated=0 bytes peak=172294001805 bytes reserved=0 bytes
[2026-09-08 05:13:18.465] [info] [sirius_context.cpp:521] [window] end instance=0xbdc08f6d37a0 connection=1 window=6 query=16 outcome=ok
[2026-09-08 05:13:18.465] [info] [sirius_context.cpp:329] QueryBegin: instance=0xbdc08f6d37a0 connection=1 query=17 SQL: CALL pin_table('/datasets/tpch_sf1000_sorted/partsupp/*.parquet', tier='host', name='partsupp', cols=['ps_partkey','ps_suppkey','ps_supplycost'])
[2026-09-08 05:13:18.465] [info] [sirius_context.cpp:521] [window] begin instance=0xbdc08f6d37a0 connection=1 window=7 query=17 outcome=-
[2026-09-08 05:13:18.465] [info] [sirius_context.cpp:256] [host_pool] HOST:0 QueryBegin instance=0xbdc08f6d37a0 connection=1 window=7 query=17 allocated=29930553344 bytes peak=53083111424 bytes free_blocks=2690
[2026-09-08 05:13:18.465] [info] [sirius_context.cpp:271] [gpu_pool] GPU:0 QueryBegin instance=0xbdc08f6d37a0 connection=1 window=7 query=17 allocated=0 bytes peak=172294001805 bytes reserved=0 bytes
[2026-09-08 05:13:18.465] [info] [sirius_context.cpp:389] QueryBegin: pin_table
[2026-09-08 05:13:18.467] [warning] [sirius_extension.cpp:1430] [pin_table] 'partsupp': pin_table_compression is enabled but no plan file was found in '/home/nvidia/joost/sirius-zonemap/bench/sf1000-repro/plans'; pinning uncompressed
[2026-09-08 05:13:18.757] [info] [sirius_context.cpp:405] QueryEnd
[2026-09-08 05:13:18.757] [info] [sirius_context.cpp:256] [host_pool] HOST:0 QueryEnd instance=0xbdc08f6d37a0 connection=1 window=7 query=17 allocated=39929774080 bytes peak=53083111424 bytes free_blocks=2541
[2026-09-08 05:13:18.757] [info] [sirius_context.cpp:271] [gpu_pool] GPU:0 QueryEnd instance=0xbdc08f6d37a0 connection=1 window=7 query=17 allocated=0 bytes peak=172294001805 bytes reserved=0 bytes
[2026-09-08 05:13:18.757] [info] [sirius_context.cpp:521] [window] end instance=0xbdc08f6d37a0 connection=1 window=7 query=17 outcome=ok
[2026-09-08 05:13:18.757] [info] [sirius_context.cpp:329] QueryBegin: instance=0xbdc08f6d37a0 connection=1 query=18 SQL: CALL pin_table('/datasets/tpch_sf1000_sorted/nation/*.parquet', tier='host', name='nation', cols=['n_nationkey','n_name','n_regionkey'])
[2026-09-08 05:13:18.757] [info] [sirius_context.cpp:521] [window] begin instance=0xbdc08f6d37a0 connection=1 window=8 query=18 outcome=-
[2026-09-08 05:13:18.757] [info] [sirius_context.cpp:256] [host_pool] HOST:0 QueryBegin instance=0xbdc08f6d37a0 connection=1 window=8 query=18 allocated=39929774080 bytes peak=53083111424 bytes free_blocks=2541
[2026-09-08 05:13:18.757] [info] [sirius_context.cpp:271] [gpu_pool] GPU:0 QueryBegin instance=0xbdc08f6d37a0 connection=1 window=8 query=18 allocated=0 bytes peak=172294001805 bytes reserved=0 bytes
[2026-09-08 05:13:18.757] [info] [sirius_context.cpp:389] QueryBegin: pin_table
[2026-09-08 05:13:18.757] [warning] [sirius_extension.cpp:1430] [pin_table] 'nation': pin_table_compression is enabled but no plan file was found in '/home/nvidia/joost/sirius-zonemap/bench/sf1000-repro/plans'; pinning uncompressed
[2026-09-08 05:13:18.795] [info] [sirius_extension.cpp:1478] [late-mat] pin 'nation': column 'n_nationkey' proven distinct table-wide (per-chunk)
[2026-09-08 05:13:18.795] [info] [sirius_extension.cpp:1478] [late-mat] pin 'nation': column 'n_name' proven distinct table-wide (per-chunk)
[2026-09-08 05:13:18.795] [info] [sirius_context.cpp:405] QueryEnd
[2026-09-08 05:13:18.795] [info] [sirius_context.cpp:256] [host_pool] HOST:0 QueryEnd instance=0xbdc08f6d37a0 connection=1 window=8 query=18 allocated=39996882944 bytes peak=53083111424 bytes free_blocks=2540
[2026-09-08 05:13:18.795] [info] [sirius_context.cpp:271] [gpu_pool] GPU:0 QueryEnd instance=0xbdc08f6d37a0 connection=1 window=8 query=18 allocated=0 bytes peak=172294001805 bytes reserved=0 bytes
[2026-09-08 05:13:18.795] [info] [sirius_context.cpp:521] [window] end instance=0xbdc08f6d37a0 connection=1 window=8 query=18 outcome=ok
[2026-09-08 05:13:18.796] [info] [sirius_context.cpp:329] QueryBegin: instance=0xbdc08f6d37a0 connection=1 query=19 SQL: CALL pin_table('/datasets/tpch_sf1000_sorted/region/*.parquet', tier='host', name='region', cols=['r_regionkey','r_name'])
[2026-09-08 05:13:18.796] [info] [sirius_context.cpp:521] [window] begin instance=0xbdc08f6d37a0 connection=1 window=9 query=19 outcome=-
[2026-09-08 05:13:18.796] [info] [sirius_context.cpp:256] [host_pool] HOST:0 QueryBegin instance=0xbdc08f6d37a0 connection=1 window=9 query=19 allocated=39996882944 bytes peak=53083111424 bytes free_blocks=2540
[2026-09-08 05:13:18.796] [info] [sirius_context.cpp:271] [gpu_pool] GPU:0 QueryBegin instance=0xbdc08f6d37a0 connection=1 window=9 query=19 allocated=0 bytes peak=172294001805 bytes reserved=0 bytes
[2026-09-08 05:13:18.796] [info] [sirius_context.cpp:389] QueryBegin: pin_table
[2026-09-08 05:13:18.796] [warning] [sirius_extension.cpp:1430] [pin_table] 'region': pin_table_compression is enabled but no plan file was found in '/home/nvidia/joost/sirius-zonemap/bench/sf1000-repro/plans'; pinning uncompressed
[2026-09-08 05:13:18.798] [info] [sirius_context.cpp:405] QueryEnd
[2026-09-08 05:13:18.798] [info] [sirius_context.cpp:256] [host_pool] HOST:0 QueryEnd instance=0xbdc08f6d37a0 connection=1 window=9 query=19 allocated=40063991808 bytes peak=53083111424 bytes free_blocks=2539
[2026-09-08 05:13:18.798] [info] [sirius_context.cpp:271] [gpu_pool] GPU:0 QueryEnd instance=0xbdc08f6d37a0 connection=1 window=9 query=19 allocated=0 bytes peak=172294001805 bytes reserved=0 bytes
[2026-09-08 05:13:18.798] [info] [sirius_context.cpp:521] [window] end instance=0xbdc08f6d37a0 connection=1 window=9 query=19 outcome=ok
[2026-09-08 05:13:18.798] [info] [sirius_context.cpp:329] QueryBegin: instance=0xbdc08f6d37a0 connection=1 query=20 SQL: CALL sirius_set_query_label('q2_iter0')
[2026-09-08 05:13:18.799] [info] [sirius_context.cpp:329] QueryBegin: instance=0xbdc08f6d37a0 connection=1 query=21 SQL: SET gpu_execution = true;
