[2026-09-08 05:13:25.156] [info] [sirius_context.cpp:329] QueryBegin: instance=0xbdc08f6d37a0 connection=1 query=39 SQL: select l.l_orderkey, sum(l.l_extendedprice * (1 - l.l_discount)) as revenue, o.o_orderdate, o.o_shippriority from customer c, orders o, lineitem l where c.c_mktsegment = 'HOUSEHOLD' and c.c_custkey = o.o_custkey and l.l_orderkey = o.o_orderkey and o.o_orderdate < date '1995-03-25' and l.l_shipdate > date '1995-03-25' group by l.l_orderkey, o.o_orderdate, o.o_shippriority order by revenue desc, o.o_orderdate limit 10
[2026-09-08 05:13:25.171] [info] [sirius_plan_comparison_join.cpp:646] [sirius_plan_comparison_join] Wired hash join with 1 dynamic-filter probe target(s) (1 scan-bound, 0 join-edge; evidence=filtered; build est 149999850 rows).
[2026-09-08 05:13:25.171] [info] [sirius_plan_comparison_join.cpp:646] [sirius_plan_comparison_join] Wired hash join with 1 dynamic-filter probe target(s) (1 scan-bound, 0 join-edge; evidence=filtered; build est 1513881600 rows).
[2026-09-08 05:13:25.171] [info] [sirius_context.cpp:1467] Transparent execution: Sirius physical plan generated successfully
[2026-09-08 05:13:25.171] [info] [sirius_context.cpp:1495] Transparent execution: physical plan replaced with GPU operator
[2026-09-08 05:13:25.171] [info] [physical_sirius_execution.cpp:157] Transparent GPU execution: executing query
[2026-09-08 05:13:25.172] [info] [sirius_context.cpp:521] [window] begin instance=0xbdc08f6d37a0 connection=1 window=16 query=39 outcome=-
[2026-09-08 05:13:25.172] [info] [sirius_context.cpp:256] [host_pool] HOST:0 QueryBegin instance=0xbdc08f6d37a0 connection=1 window=16 query=39 allocated=77779173376 bytes peak=77779173376 bytes free_blocks=1977
[2026-09-08 05:13:25.172] [info] [sirius_context.cpp:271] [gpu_pool] GPU:0 QueryBegin instance=0xbdc08f6d37a0 connection=1 window=16 query=39 allocated=0 bytes peak=172294001805 bytes reserved=0 bytes
[2026-09-08 05:13:25.172] [info] [sirius_context.cpp:389] QueryBegin: transparent_execution
[2026-09-08 05:13:25.176] [info] [sirius_plan_comparison_join.cpp:646] [sirius_plan_comparison_join] Wired hash join with 1 dynamic-filter probe target(s) (1 scan-bound, 0 join-edge; evidence=filtered; build est 149999850 rows).
[2026-09-08 05:13:25.176] [info] [sirius_plan_comparison_join.cpp:646] [sirius_plan_comparison_join] Wired hash join with 1 dynamic-filter probe target(s) (1 scan-bound, 0 join-edge; evidence=filtered; build est 1513881600 rows).
[2026-09-08 05:13:25.177] [info] [sirius_engine.cpp:265] [gpu_alloc] query allocated 1 GPU(s): [0]
[2026-09-08 05:13:25.177] [info] [sirius_engine.cpp:318] Query Plan:
=== Pipeline Overview ===
Pipeline #0: GPU_SCAN (id=0)
  Output: -> PARTITION [port: default, barrier: FULL]
Pipeline #1: PARTITION (id=1)
  Input: <- Pipeline #0 [on: PARTITION (id=1), port: default, barrier: FULL]
  Dependencies: Pipeline #0
  Output: -> CONCAT [port: default, barrier: PARTIAL]
Pipeline #2: CONCAT (id=2)
  Input: <- Pipeline #1 [on: CONCAT (id=2), port: default, barrier: PARTIAL]
  Dependencies: Pipeline #1
  Output: -> HASH_JOIN [port: build, barrier: PARTIAL]
Pipeline #3: GPU_SCAN (id=3) -> DYNAMIC_FILTER (id=4)
  Output: -> PARTITION [port: default, barrier: PARTIAL]
Pipeline #4: PARTITION (id=5)
  Input: <- Pipeline #3 [on: PARTITION (id=5), port: default, barrier: PARTIAL]
  Dependencies: Pipeline #3
  Output: -> CONCAT [port: default, barrier: PARTIAL]
Pipeline #5: CONCAT (id=6)
  Input: <- Pipeline #4 [on: CONCAT (id=6), port: default, barrier: PARTIAL]
  Dependencies: Pipeline #4
  Output: -> HASH_JOIN [port: default, barrier: PARTIAL]
Pipeline #6: HASH_JOIN (id=7)
  Input: <- Pipeline #2 [on: HASH_JOIN (id=7), port: build, barrier: PARTIAL]
  Input: <- Pipeline #5 [on: HASH_JOIN (id=7), port: default, barrier: PARTIAL]
  Dependencies: Pipeline #2, Pipeline #5
  Output: -> PARTITION [port: default, barrier: FULL]
Pipeline #7: PARTITION (id=8)
  Input: <- Pipeline #6 [on: PARTITION (id=8), port: default, barrier: FULL]
  Dependencies: Pipeline #6
  Output: -> CONCAT [port: default, barrier: PARTIAL]
Pipeline #8: CONCAT (id=9)
  Input: <- Pipeline #7 [on: CONCAT (id=9), port: default, barrier: PARTIAL]
  Dependencies: Pipeline #7
  Output: -> HASH_JOIN [port: build, barrier: PARTIAL]
Pipeline #9: GPU_SCAN (id=10) -> DYNAMIC_FILTER (id=11)
  Output: -> PARTITION [port: default, barrier: PARTIAL]
Pipeline #10: PARTITION (id=12)
  Input: <- Pipeline #9 [on: PARTITION (id=12), port: default, barrier: PARTIAL]
  Dependencies: Pipeline #9
  Output: -> CONCAT [port: default, barrier: PARTIAL]
Pipeline #11: CONCAT (id=13)
  Input: <- Pipeline #10 [on: CONCAT (id=13), port: default, barrier: PARTIAL]
  Dependencies: Pipeline #10
  Output: -> HASH_JOIN [port: default, barrier: PARTIAL]
Pipeline #12: HASH_JOIN (id=14) -> PROJECTION (id=15) -> HASH_GROUP_BY (id=16)
  Input: <- Pipeline #8 [on: HASH_JOIN (id=14), port: build, barrier: PARTIAL]
  Input: <- Pipeline #11 [on: HASH_JOIN (id=14), port: default, barrier: PARTIAL]
  Dependencies: Pipeline #8, Pipeline #11
  Output: -> PARTITION [port: default, barrier: FULL]
Pipeline #13: PARTITION (id=17)
  Input: <- Pipeline #12 [on: PARTITION (id=17), port: default, barrier: FULL]
  Dependencies: Pipeline #12
  Output: -> MERGE_GROUP_BY [port: default, barrier: FULL]
Pipeline #14: MERGE_GROUP_BY (id=18) -> PROJECTION (id=19) -> PROJECTION (id=20) -> TOP_N (id=21)
  Input: <- Pipeline #13 [on: MERGE_GROUP_BY (id=18), port: default, barrier: FULL]
  Dependencies: Pipeline #13
  Output: -> MERGE_TOP_N [port: default, barrier: FULL]
Pipeline #15: MERGE_TOP_N (id=22) -> RESULT_COLLECTOR (id=23)
  Input: <- Pipeline #14 [on: MERGE_TOP_N (id=22), port: default, barrier: FULL]
  Dependencies: Pipeline #14

=== Query Plan DAG ===
┌──────────────────────────┐                                                        
│ Pipeline #15             │                                                        
│ RESULT_COLLECTOR (id=23) │                                                        
│ MERGE_TOP_N (id=22)      │                                                        
│ Input(#14): FULL         │                                                        
└────────────┬─────────────┘                                                        
             │                                                                      
┌──────────────────────────┐                                                        
│ Pipeline #14             │                                                        
│ TOP_N (id=21)            │                                                        
│ PROJECTION (id=20)       │                                                        
│ PROJECTION (id=19)       │                                                        
│ MERGE_GROUP_BY (id=18)   │                                                        
│ Input(#13): FULL         │                                                        
└────────────┬─────────────┘                                                        
             │                                                                      
┌──────────────────────────┐                                                        
│ Pipeline #13             │                                                        
│ PARTITION (id=17)        │                                                        
│ Input(#12): FULL         │                                                        
└────────────┬─────────────┘                                                        
             │                                                                      
┌──────────────────────────┐                                                        
│ Pipeline #12             │                                                        
│ HASH_GROUP_BY (id=16)    │                                                        
│ PROJECTION (id=15)       │                                                        
│ HASH_JOIN (id=14)        │                                                        
│   type: INNER            │                                                        
│ Input(#8): PARTIAL       │                                                        
│ Input(#11): PARTIAL      │                                                        
└────────────┬─────────────┘                                                        
             ┌───────────────────────────────────────────────────────┐              
             │                                                       │              
┌──────────────────────────┐                            ┌──────────────────────────┐
│ Pipeline #8              │                            │ Pipeline #11             │
│ CONCAT (id=9)            │                            │ CONCAT (id=13)           │
│ Input(#7): PARTIAL       │                            │ Input(#10): PARTIAL      │
└────────────┬─────────────┘                            └────────────┬─────────────┘
             │                                                       │              
┌──────────────────────────┐                            ┌──────────────────────────┐
│ Pipeline #7              │                            │ Pipeline #10             │
│ PARTITION (id=8)         │                            │ PARTITION (id=12)        │
│ Input(#6): FULL          │                            │ Input(#9): PARTIAL       │
└────────────┬─────────────┘                            └────────────┬─────────────┘
             │                                                       │              
┌──────────────────────────┐                            ┌──────────────────────────┐
│ Pipeline #6              │                            │ Pipeline #9              │
│ HASH_JOIN (id=7)         │                            │ DYNAMIC_FILTER (id=11)   │
│   type: INNER            │                            │ GPU_SCAN (id=10)         │
│ Input(#2): PARTIAL       │                            │                          │
│ Input(#5): PARTIAL       │                            │                          │
└────────────┬─────────────┘                            └──────────────────────────┘
             ┌───────────────────────────┐                                          
             │                           │                                          
┌──────────────────────────┐┌──────────────────────────┐                            
│ Pipeline #2              ││ Pipeline #5              │                            
│ CONCAT (id=2)            ││ CONCAT (id=6)            │                            
│ Input(#1): PARTIAL       ││ Input(#4): PARTIAL       │                            
└────────────┬─────────────┘└────────────┬─────────────┘                            
             │                           │                                          
┌──────────────────────────┐┌──────────────────────────┐                            
│ Pipeline #1              ││ Pipeline #4              │                            
│ PARTITION (id=1)         ││ PARTITION (id=5)         │                            
│ Input(#0): FULL          ││ Input(#3): PARTIAL       │                            
└────────────┬─────────────┘└────────────┬─────────────┘                            
             │                           │                                          
┌──────────────────────────┐┌──────────────────────────┐                            
│ Pipeline #0              ││ Pipeline #3              │                            
│ GPU_SCAN (id=0)          ││ DYNAMIC_FILTER (id=4)    │                            
│                          ││ GPU_SCAN (id=3)          │                            
└──────────────────────────┘└──────────────────────────┘                            

[2026-09-08 05:13:25.177] [info] [sirius_engine.cpp:186] query 16 telemetry_query=01a080eff7397183a87cb69128f55d19
[2026-09-08 05:13:25.177] [info] [sirius_scan_manager.cpp:2999] [sirius_scan_manager] assigned pinned entry 'customer' to operator '0'
[2026-09-08 05:13:25.177] [info] [sirius_scan_manager.cpp:2999] [sirius_scan_manager] assigned pinned entry 'orders' to operator '3'
[2026-09-08 05:13:25.178] [info] [sirius_scan_manager.cpp:2999] [sirius_scan_manager] assigned pinned entry 'lineitem' to operator '10'
[2026-09-08 05:13:25.178] [info] [sirius_scan_manager.cpp:823] [late-mat] operator 0: not deferring — the pinned entry is not device-resident
[2026-09-08 05:13:25.178] [info] [sirius_scan_manager.cpp:823] [late-mat] operator 3: not deferring — the pinned entry is not device-resident
[2026-09-08 05:13:25.178] [info] [sirius_scan_manager.cpp:823] [late-mat] operator 10: not deferring — the pinned entry is not device-resident
[2026-09-08 05:13:25.178] [info] [memory_prefetcher.cpp:59] [memory_prefetcher] started: 3 threads, 3 connectors, min_free_fraction=0.40
[2026-09-08 05:13:25.216] [info] [dynamic_filter_publisher.cpp:297] [sirius_physical_hash_join] Pushed 1 dynamic filter(s) across 1 active target(s) of 1 wired target(s) (30003570 build rows, 1 bound keys of 1 admitted).
[2026-09-08 05:13:25.274] [warning] [sirius_physical_partition.cpp:375] slot_for_device: device_id 0 not found in active GPU list, falling back to slot 0
[2026-09-08 05:13:25.275] [warning] [sirius_physical_partition.cpp:375] slot_for_device: device_id 0 not found in active GPU list, falling back to slot 0
[2026-09-08 05:13:25.275] [warning] [sirius_physical_partition.cpp:375] slot_for_device: device_id 0 not found in active GPU list, falling back to slot 0
[2026-09-08 05:13:25.275] [warning] [sirius_physical_partition.cpp:375] slot_for_device: device_id 0 not found in active GPU list, falling back to slot 0
[2026-09-08 05:13:25.343] [info] [dynamic_filter_publisher.cpp:297] [sirius_physical_hash_join] Pushed 1 dynamic filter(s) across 1 active target(s) of 1 wired target(s) (147060214 build rows, 1 bound keys of 1 admitted).
[2026-09-08 05:13:25.563] [info] [gpu_pipeline_executor.cpp:129] GPU Pipeline Executor: task queue interrupted, stopping manager loop
[2026-09-08 05:13:25.563] [info] [sirius_context.cpp:405] QueryEnd
[2026-09-08 05:13:25.563] [info] [memory_prefetcher.cpp:72] [memory_prefetcher] stopping: prefetched 19 batches / 43280661932 bytes (stops: headroom=25 reservation=0, skips: lock=0 draining=2, errors=0)
[2026-09-08 05:13:25.563] [info] [sirius_context.cpp:256] [host_pool] HOST:0 QueryEnd instance=0xbdc08f6d37a0 connection=1 window=16 query=39 allocated=77779173376 bytes peak=77846282240 bytes free_blocks=1977
[2026-09-08 05:13:25.563] [info] [sirius_context.cpp:271] [gpu_pool] GPU:0 QueryEnd instance=0xbdc08f6d37a0 connection=1 window=16 query=39 allocated=0 bytes peak=201649935468 bytes reserved=0 bytes
[2026-09-08 05:13:25.563] [info] [sirius_context.cpp:521] [window] end instance=0xbdc08f6d37a0 connection=1 window=16 query=39 outcome=ok
[2026-09-08 05:13:25.563] [info] [physical_sirius_execution.cpp:327] Transparent GPU execution: query completed
[2026-09-08 05:13:25.565] [info] [sirius_context.cpp:329] QueryBegin: instance=0xbdc08f6d37a0 connection=1 query=40 SQL: CALL sirius_set_query_label('q3_iter1')
[2026-09-08 05:13:25.566] [info] [sirius_context.cpp:329] QueryBegin: instance=0xbdc08f6d37a0 connection=1 query=41 SQL: SET gpu_execution = true;
[2026-09-08 05:13:25.566] [info] [sirius_context.cpp:329] QueryBegin: instance=0xbdc08f6d37a0 connection=1 query=42 SQL: select l.l_orderkey, sum(l.l_extendedprice * (1 - l.l_discount)) as revenue, o.o_orderdate, o.o_shippriority from customer c, orders o, lineitem l where c.c_mktsegment = 'HOUSEHOLD' and c.c_custkey = o.o_custkey and l.l_orderkey = o.o_orderkey and o.o_orderdate < date '1995-03-25' and l.l_shipdate > date '1995-03-25' group by l.l_orderkey, o.o_orderdate, o.o_shippriority order by revenue desc, o.o_orderdate limit 10
[2026-09-08 05:13:25.581] [info] [sirius_plan_comparison_join.cpp:646] [sirius_plan_comparison_join] Wired hash join with 1 dynamic-filter probe target(s) (1 scan-bound, 0 join-edge; evidence=filtered; build est 149999850 rows).
[2026-09-08 05:13:25.581] [info] [sirius_plan_comparison_join.cpp:646] [sirius_plan_comparison_join] Wired hash join with 1 dynamic-filter probe target(s) (1 scan-bound, 0 join-edge; evidence=filtered; build est 1513881600 rows).
[2026-09-08 05:13:25.581] [info] [sirius_context.cpp:1467] Transparent execution: Sirius physical plan generated successfully
[2026-09-08 05:13:25.581] [info] [sirius_context.cpp:1495] Transparent execution: physical plan replaced with GPU operator
[2026-09-08 05:13:25.581] [info] [physical_sirius_execution.cpp:157] Transparent GPU execution: executing query
[2026-09-08 05:13:25.582] [info] [sirius_context.cpp:521] [window] begin instance=0xbdc08f6d37a0 connection=1 window=17 query=42 outcome=-
[2026-09-08 05:13:25.582] [info] [sirius_context.cpp:256] [host_pool] HOST:0 QueryBegin instance=0xbdc08f6d37a0 connection=1 window=17 query=42 allocated=77779173376 bytes peak=77846282240 bytes free_blocks=1977
[2026-09-08 05:13:25.582] [info] [sirius_context.cpp:271] [gpu_pool] GPU:0 QueryBegin instance=0xbdc08f6d37a0 connection=1 window=17 query=42 allocated=0 bytes peak=201649935468 bytes reserved=0 bytes
[2026-09-08 05:13:25.582] [info] [sirius_context.cpp:389] QueryBegin: transparent_execution
[2026-09-08 05:13:25.586] [info] [sirius_plan_comparison_join.cpp:646] [sirius_plan_comparison_join] Wired hash join with 1 dynamic-filter probe target(s) (1 scan-bound, 0 join-edge; evidence=filtered; build est 149999850 rows).
[2026-09-08 05:13:25.586] [info] [sirius_plan_comparison_join.cpp:646] [sirius_plan_comparison_join] Wired hash join with 1 dynamic-filter probe target(s) (1 scan-bound, 0 join-edge; evidence=filtered; build est 1513881600 rows).
[2026-09-08 05:13:25.587] [info] [sirius_engine.cpp:265] [gpu_alloc] query allocated 1 GPU(s): [0]
[2026-09-08 05:13:25.587] [info] [sirius_engine.cpp:318] Query Plan:
=== Pipeline Overview ===
Pipeline #0: GPU_SCAN (id=0)
  Output: -> PARTITION [port: default, barrier: FULL]
Pipeline #1: PARTITION (id=1)
  Input: <- Pipeline #0 [on: PARTITION (id=1), port: default, barrier: FULL]
  Dependencies: Pipeline #0
  Output: -> CONCAT [port: default, barrier: PARTIAL]
Pipeline #2: CONCAT (id=2)
  Input: <- Pipeline #1 [on: CONCAT (id=2), port: default, barrier: PARTIAL]
  Dependencies: Pipeline #1
  Output: -> HASH_JOIN [port: build, barrier: PARTIAL]
Pipeline #3: GPU_SCAN (id=3) -> DYNAMIC_FILTER (id=4)
  Output: -> PARTITION [port: default, barrier: PARTIAL]
Pipeline #4: PARTITION (id=5)
  Input: <- Pipeline #3 [on: PARTITION (id=5), port: default, barrier: PARTIAL]
  Dependencies: Pipeline #3
  Output: -> CONCAT [port: default, barrier: PARTIAL]
Pipeline #5: CONCAT (id=6)
  Input: <- Pipeline #4 [on: CONCAT (id=6), port: default, barrier: PARTIAL]
  Dependencies: Pipeline #4
  Output: -> HASH_JOIN [port: default, barrier: PARTIAL]
Pipeline #6: HASH_JOIN (id=7)
  Input: <- Pipeline #2 [on: HASH_JOIN (id=7), port: build, barrier: PARTIAL]
  Input: <- Pipeline #5 [on: HASH_JOIN (id=7), port: default, barrier: PARTIAL]
  Dependencies: Pipeline #2, Pipeline #5
  Output: -> PARTITION [port: default, barrier: FULL]
Pipeline #7: PARTITION (id=8)
  Input: <- Pipeline #6 [on: PARTITION (id=8), port: default, barrier: FULL]
  Dependencies: Pipeline #6
  Output: -> CONCAT [port: default, barrier: PARTIAL]
Pipeline #8: CONCAT (id=9)
  Input: <- Pipeline #7 [on: CONCAT (id=9), port: default, barrier: PARTIAL]
  Dependencies: Pipeline #7
  Output: -> HASH_JOIN [port: build, barrier: PARTIAL]
Pipeline #9: GPU_SCAN (id=10) -> DYNAMIC_FILTER (id=11)
  Output: -> PARTITION [port: default, barrier: PARTIAL]
Pipeline #10: PARTITION (id=12)
  Input: <- Pipeline #9 [on: PARTITION (id=12), port: default, barrier: PARTIAL]
  Dependencies: Pipeline #9
  Output: -> CONCAT [port: default, barrier: PARTIAL]
Pipeline #11: CONCAT (id=13)
  Input: <- Pipeline #10 [on: CONCAT (id=13), port: default, barrier: PARTIAL]
  Dependencies: Pipeline #10
  Output: -> HASH_JOIN [port: default, barrier: PARTIAL]
Pipeline #12: HASH_JOIN (id=14) -> PROJECTION (id=15) -> HASH_GROUP_BY (id=16)
  Input: <- Pipeline #8 [on: HASH_JOIN (id=14), port: build, barrier: PARTIAL]
  Input: <- Pipeline #11 [on: HASH_JOIN (id=14), port: default, barrier: PARTIAL]
  Dependencies: Pipeline #8, Pipeline #11
  Output: -> PARTITION [port: default, barrier: FULL]
Pipeline #13: PARTITION (id=17)
  Input: <- Pipeline #12 [on: PARTITION (id=17), port: default, barrier: FULL]
  Dependencies: Pipeline #12
  Output: -> MERGE_GROUP_BY [port: default, barrier: FULL]
Pipeline #14: MERGE_GROUP_BY (id=18) -> PROJECTION (id=19) -> PROJECTION (id=20) -> TOP_N (id=21)
  Input: <- Pipeline #13 [on: MERGE_GROUP_BY (id=18), port: default, barrier: FULL]
  Dependencies: Pipeline #13
  Output: -> MERGE_TOP_N [port: default, barrier: FULL]
Pipeline #15: MERGE_TOP_N (id=22) -> RESULT_COLLECTOR (id=23)
  Input: <- Pipeline #14 [on: MERGE_TOP_N (id=22), port: default, barrier: FULL]
  Dependencies: Pipeline #14

=== Query Plan DAG ===
┌──────────────────────────┐                                                        
│ Pipeline #15             │                                                        
│ RESULT_COLLECTOR (id=23) │                                                        
│ MERGE_TOP_N (id=22)      │                                                        
│ Input(#14): FULL         │                                                        
└────────────┬─────────────┘                                                        
             │                                                                      
┌──────────────────────────┐                                                        
│ Pipeline #14             │                                                        
│ TOP_N (id=21)            │                                                        
│ PROJECTION (id=20)       │                                                        
│ PROJECTION (id=19)       │                                                        
│ MERGE_GROUP_BY (id=18)   │                                                        
│ Input(#13): FULL         │                                                        
└────────────┬─────────────┘                                                        
             │                                                                      
┌──────────────────────────┐                                                        
│ Pipeline #13             │                                                        
│ PARTITION (id=17)        │                                                        
│ Input(#12): FULL         │                                                        
└────────────┬─────────────┘                                                        
             │                                                                      
┌──────────────────────────┐                                                        
│ Pipeline #12             │                                                        
│ HASH_GROUP_BY (id=16)    │                                                        
│ PROJECTION (id=15)       │                                                        
│ HASH_JOIN (id=14)        │                                                        
│   type: INNER            │                                                        
│ Input(#8): PARTIAL       │                                                        
│ Input(#11): PARTIAL      │                                                        
└────────────┬─────────────┘                                                        
             ┌───────────────────────────────────────────────────────┐              
             │                                                       │              
┌──────────────────────────┐                            ┌──────────────────────────┐
│ Pipeline #8              │                            │ Pipeline #11             │
│ CONCAT (id=9)            │                            │ CONCAT (id=13)           │
│ Input(#7): PARTIAL       │                            │ Input(#10): PARTIAL      │
└────────────┬─────────────┘                            └────────────┬─────────────┘
             │                                                       │              
┌──────────────────────────┐                            ┌──────────────────────────┐
│ Pipeline #7              │                            │ Pipeline #10             │
│ PARTITION (id=8)         │                            │ PARTITION (id=12)        │
│ Input(#6): FULL          │                            │ Input(#9): PARTIAL       │
└────────────┬─────────────┘                            └────────────┬─────────────┘
             │                                                       │              
┌──────────────────────────┐                            ┌──────────────────────────┐
│ Pipeline #6              │                            │ Pipeline #9              │
│ HASH_JOIN (id=7)         │                            │ DYNAMIC_FILTER (id=11)   │
│   type: INNER            │                            │ GPU_SCAN (id=10)         │
│ Input(#2): PARTIAL       │                            │                          │
│ Input(#5): PARTIAL       │                            │                          │
└────────────┬─────────────┘                            └──────────────────────────┘
             ┌───────────────────────────┐                                          
             │                           │                                          
┌──────────────────────────┐┌──────────────────────────┐                            
│ Pipeline #2              ││ Pipeline #5              │                            
│ CONCAT (id=2)            ││ CONCAT (id=6)            │                            
│ Input(#1): PARTIAL       ││ Input(#4): PARTIAL       │                            
└────────────┬─────────────┘└────────────┬─────────────┘                            
             │                           │                                          
┌──────────────────────────┐┌──────────────────────────┐                            
│ Pipeline #1              ││ Pipeline #4              │                            
│ PARTITION (id=1)         ││ PARTITION (id=5)         │                            
│ Input(#0): FULL          ││ Input(#3): PARTIAL       │                            
└────────────┬─────────────┘└────────────┬─────────────┘                            
             │                           │                                          
┌──────────────────────────┐┌──────────────────────────┐                            
│ Pipeline #0              ││ Pipeline #3              │                            
│ GPU_SCAN (id=0)          ││ DYNAMIC_FILTER (id=4)    │                            
│                          ││ GPU_SCAN (id=3)          │                            
└──────────────────────────┘└──────────────────────────┘                            

[2026-09-08 05:13:25.587] [info] [sirius_engine.cpp:186] query 17 telemetry_query=01a080eff8d37c21a4ebfdfd258a2a5f
[2026-09-08 05:13:25.587] [info] [sirius_scan_manager.cpp:2999] [sirius_scan_manager] assigned pinned entry 'customer' to operator '0'
[2026-09-08 05:13:25.587] [info] [sirius_scan_manager.cpp:2999] [sirius_scan_manager] assigned pinned entry 'orders' to operator '3'
[2026-09-08 05:13:25.588] [info] [sirius_scan_manager.cpp:2999] [sirius_scan_manager] assigned pinned entry 'lineitem' to operator '10'
[2026-09-08 05:13:25.588] [info] [sirius_scan_manager.cpp:823] [late-mat] operator 0: not deferring — the pinned entry is not device-resident
[2026-09-08 05:13:25.588] [info] [sirius_scan_manager.cpp:823] [late-mat] operator 3: not deferring — the pinned entry is not device-resident
[2026-09-08 05:13:25.588] [info] [sirius_scan_manager.cpp:823] [late-mat] operator 10: not deferring — the pinned entry is not device-resident
[2026-09-08 05:13:25.589] [info] [memory_prefetcher.cpp:59] [memory_prefetcher] started: 3 threads, 3 connectors, min_free_fraction=0.40
[2026-09-08 05:13:25.667] [info] [dynamic_filter_publisher.cpp:297] [sirius_physical_hash_join] Pushed 1 dynamic filter(s) across 1 active target(s) of 1 wired target(s) (30003570 build rows, 1 bound keys of 1 admitted).
[2026-09-08 05:13:25.692] [warning] [sirius_physical_partition.cpp:375] slot_for_device: device_id 0 not found in active GPU list, falling back to slot 0
[2026-09-08 05:13:25.705] [warning] [sirius_physical_partition.cpp:375] slot_for_device: device_id 0 not found in active GPU list, falling back to slot 0
[2026-09-08 05:13:25.705] [warning] [sirius_physical_partition.cpp:375] slot_for_device: device_id 0 not found in active GPU list, falling back to slot 0
[2026-09-08 05:13:25.705] [warning] [sirius_physical_partition.cpp:375] slot_for_device: device_id 0 not found in active GPU list, falling back to slot 0
[2026-09-08 05:13:25.775] [info] [dynamic_filter_publisher.cpp:297] [sirius_physical_hash_join] Pushed 1 dynamic filter(s) across 1 active target(s) of 1 wired target(s) (147060214 build rows, 1 bound keys of 1 admitted).
[2026-09-08 05:13:25.950] [info] [gpu_pipeline_executor.cpp:129] GPU Pipeline Executor: task queue interrupted, stopping manager loop
[2026-09-08 05:13:25.950] [info] [sirius_context.cpp:405] QueryEnd
[2026-09-08 05:13:25.951] [info] [memory_prefetcher.cpp:72] [memory_prefetcher] stopping: prefetched 23 batches / 50451427708 bytes (stops: headroom=33 reservation=0, skips: lock=0 draining=3, errors=0)
[2026-09-08 05:13:25.951] [info] [sirius_context.cpp:256] [host_pool] HOST:0 QueryEnd instance=0xbdc08f6d37a0 connection=1 window=17 query=42 allocated=77779173376 bytes peak=77846282240 bytes free_blocks=1977
[2026-09-08 05:13:25.951] [info] [sirius_context.cpp:271] [gpu_pool] GPU:0 QueryEnd instance=0xbdc08f6d37a0 connection=1 window=17 query=42 allocated=0 bytes peak=216768264468 bytes reserved=0 bytes
[2026-09-08 05:13:25.951] [info] [sirius_context.cpp:521] [window] end instance=0xbdc08f6d37a0 connection=1 window=17 query=42 outcome=ok
[2026-09-08 05:13:25.951] [info] [physical_sirius_execution.cpp:327] Transparent GPU execution: query completed
[2026-09-08 05:13:25.966] [info] [sirius_context.cpp:329] QueryBegin: instance=0xbdc08f6d37a0 connection=1 query=43 SQL: CALL sirius_set_query_label('q3_iter2')
[2026-09-08 05:13:25.966] [info] [sirius_context.cpp:329] QueryBegin: instance=0xbdc08f6d37a0 connection=1 query=44 SQL: SET gpu_execution = true;
[2026-09-08 05:13:25.966] [info] [sirius_context.cpp:329] QueryBegin: instance=0xbdc08f6d37a0 connection=1 query=45 SQL: select l.l_orderkey, sum(l.l_extendedprice * (1 - l.l_discount)) as revenue, o.o_orderdate, o.o_shippriority from customer c, orders o, lineitem l where c.c_mktsegment = 'HOUSEHOLD' and c.c_custkey = o.o_custkey and l.l_orderkey = o.o_orderkey and o.o_orderdate < date '1995-03-25' and l.l_shipdate > date '1995-03-25' group by l.l_orderkey, o.o_orderdate, o.o_shippriority order by revenue desc, o.o_orderdate limit 10
[2026-09-08 05:13:25.981] [info] [sirius_plan_comparison_join.cpp:646] [sirius_plan_comparison_join] Wired hash join with 1 dynamic-filter probe target(s) (1 scan-bound, 0 join-edge; evidence=filtered; build est 149999850 rows).
[2026-09-08 05:13:25.981] [info] [sirius_plan_comparison_join.cpp:646] [sirius_plan_comparison_join] Wired hash join with 1 dynamic-filter probe target(s) (1 scan-bound, 0 join-edge; evidence=filtered; build est 1513881600 rows).
[2026-09-08 05:13:25.981] [info] [sirius_context.cpp:1467] Transparent execution: Sirius physical plan generated successfully
[2026-09-08 05:13:25.981] [info] [sirius_context.cpp:1495] Transparent execution: physical plan replaced with GPU operator
[2026-09-08 05:13:25.981] [info] [physical_sirius_execution.cpp:157] Transparent GPU execution: executing query
[2026-09-08 05:13:25.981] [info] [sirius_context.cpp:521] [window] begin instance=0xbdc08f6d37a0 connection=1 window=18 query=45 outcome=-
[2026-09-08 05:13:25.981] [info] [sirius_context.cpp:256] [host_pool] HOST:0 QueryBegin instance=0xbdc08f6d37a0 connection=1 window=18 query=45 allocated=77779173376 bytes peak=77846282240 bytes free_blocks=1977
[2026-09-08 05:13:25.981] [info] [sirius_context.cpp:271] [gpu_pool] GPU:0 QueryBegin instance=0xbdc08f6d37a0 connection=1 window=18 query=45 allocated=0 bytes peak=216768264468 bytes reserved=0 bytes
[2026-09-08 05:13:25.981] [info] [sirius_context.cpp:389] QueryBegin: transparent_execution
[2026-09-08 05:13:25.986] [info] [sirius_plan_comparison_join.cpp:646] [sirius_plan_comparison_join] Wired hash join with 1 dynamic-filter probe target(s) (1 scan-bound, 0 join-edge; evidence=filtered; build est 149999850 rows).
[2026-09-08 05:13:25.986] [info] [sirius_plan_comparison_join.cpp:646] [sirius_plan_comparison_join] Wired hash join with 1 dynamic-filter probe target(s) (1 scan-bound, 0 join-edge; evidence=filtered; build est 1513881600 rows).
[2026-09-08 05:13:25.987] [info] [sirius_engine.cpp:265] [gpu_alloc] query allocated 1 GPU(s): [0]
[2026-09-08 05:13:25.987] [info] [sirius_engine.cpp:318] Query Plan:
=== Pipeline Overview ===
Pipeline #0: GPU_SCAN (id=0)
  Output: -> PARTITION [port: default, barrier: FULL]
Pipeline #1: PARTITION (id=1)
  Input: <- Pipeline #0 [on: PARTITION (id=1), port: default, barrier: FULL]
  Dependencies: Pipeline #0
  Output: -> CONCAT [port: default, barrier: PARTIAL]
Pipeline #2: CONCAT (id=2)
  Input: <- Pipeline #1 [on: CONCAT (id=2), port: default, barrier: PARTIAL]
  Dependencies: Pipeline #1
  Output: -> HASH_JOIN [port: build, barrier: PARTIAL]
Pipeline #3: GPU_SCAN (id=3) -> DYNAMIC_FILTER (id=4)
  Output: -> PARTITION [port: default, barrier: PARTIAL]
Pipeline #4: PARTITION (id=5)
  Input: <- Pipeline #3 [on: PARTITION (id=5), port: default, barrier: PARTIAL]
  Dependencies: Pipeline #3
  Output: -> CONCAT [port: default, barrier: PARTIAL]
Pipeline #5: CONCAT (id=6)
  Input: <- Pipeline #4 [on: CONCAT (id=6), port: default, barrier: PARTIAL]
  Dependencies: Pipeline #4
  Output: -> HASH_JOIN [port: default, barrier: PARTIAL]
Pipeline #6: HASH_JOIN (id=7)
  Input: <- Pipeline #2 [on: HASH_JOIN (id=7), port: build, barrier: PARTIAL]
  Input: <- Pipeline #5 [on: HASH_JOIN (id=7), port: default, barrier: PARTIAL]
  Dependencies: Pipeline #2, Pipeline #5
  Output: -> PARTITION [port: default, barrier: FULL]
Pipeline #7: PARTITION (id=8)
  Input: <- Pipeline #6 [on: PARTITION (id=8), port: default, barrier: FULL]
  Dependencies: Pipeline #6
  Output: -> CONCAT [port: default, barrier: PARTIAL]
Pipeline #8: CONCAT (id=9)
  Input: <- Pipeline #7 [on: CONCAT (id=9), port: default, barrier: PARTIAL]
  Dependencies: Pipeline #7
  Output: -> HASH_JOIN [port: build, barrier: PARTIAL]
Pipeline #9: GPU_SCAN (id=10) -> DYNAMIC_FILTER (id=11)
  Output: -> PARTITION [port: default, barrier: PARTIAL]
Pipeline #10: PARTITION (id=12)
  Input: <- Pipeline #9 [on: PARTITION (id=12), port: default, barrier: PARTIAL]
  Dependencies: Pipeline #9
  Output: -> CONCAT [port: default, barrier: PARTIAL]
Pipeline #11: CONCAT (id=13)
  Input: <- Pipeline #10 [on: CONCAT (id=13), port: default, barrier: PARTIAL]
  Dependencies: Pipeline #10
  Output: -> HASH_JOIN [port: default, barrier: PARTIAL]
Pipeline #12: HASH_JOIN (id=14) -> PROJECTION (id=15) -> HASH_GROUP_BY (id=16)
  Input: <- Pipeline #8 [on: HASH_JOIN (id=14), port: build, barrier: PARTIAL]
  Input: <- Pipeline #11 [on: HASH_JOIN (id=14), port: default, barrier: PARTIAL]
  Dependencies: Pipeline #8, Pipeline #11
  Output: -> PARTITION [port: default, barrier: FULL]
Pipeline #13: PARTITION (id=17)
  Input: <- Pipeline #12 [on: PARTITION (id=17), port: default, barrier: FULL]
  Dependencies: Pipeline #12
  Output: -> MERGE_GROUP_BY [port: default, barrier: FULL]
Pipeline #14: MERGE_GROUP_BY (id=18) -> PROJECTION (id=19) -> PROJECTION (id=20) -> TOP_N (id=21)
  Input: <- Pipeline #13 [on: MERGE_GROUP_BY (id=18), port: default, barrier: FULL]
  Dependencies: Pipeline #13
  Output: -> MERGE_TOP_N [port: default, barrier: FULL]
Pipeline #15: MERGE_TOP_N (id=22) -> RESULT_COLLECTOR (id=23)
  Input: <- Pipeline #14 [on: MERGE_TOP_N (id=22), port: default, barrier: FULL]
  Dependencies: Pipeline #14

=== Query Plan DAG ===
┌──────────────────────────┐                                                        
│ Pipeline #15             │                                                        
│ RESULT_COLLECTOR (id=23) │                                                        
│ MERGE_TOP_N (id=22)      │                                                        
│ Input(#14): FULL         │                                                        
└────────────┬─────────────┘                                                        
             │                                                                      
┌──────────────────────────┐                                                        
│ Pipeline #14             │                                                        
│ TOP_N (id=21)            │                                                        
│ PROJECTION (id=20)       │                                                        
│ PROJECTION (id=19)       │                                                        
│ MERGE_GROUP_BY (id=18)   │                                                        
│ Input(#13): FULL         │                                                        
└────────────┬─────────────┘                                                        
             │                                                                      
┌──────────────────────────┐                                                        
│ Pipeline #13             │                                                        
│ PARTITION (id=17)        │                                                        
│ Input(#12): FULL         │                                                        
└────────────┬─────────────┘                                                        
             │                                                                      
┌──────────────────────────┐                                                        
│ Pipeline #12             │                                                        
│ HASH_GROUP_BY (id=16)    │                                                        
│ PROJECTION (id=15)       │                                                        
│ HASH_JOIN (id=14)        │                                                        
│   type: INNER            │                                                        
│ Input(#8): PARTIAL       │                                                        
│ Input(#11): PARTIAL      │                                                        
└────────────┬─────────────┘                                                        
             ┌───────────────────────────────────────────────────────┐              
             │                                                       │              
┌──────────────────────────┐                            ┌──────────────────────────┐
│ Pipeline #8              │                            │ Pipeline #11             │
│ CONCAT (id=9)            │                            │ CONCAT (id=13)           │
│ Input(#7): PARTIAL       │                            │ Input(#10): PARTIAL      │
└────────────┬─────────────┘                            └────────────┬─────────────┘
             │                                                       │              
┌──────────────────────────┐                            ┌──────────────────────────┐
│ Pipeline #7              │                            │ Pipeline #10             │
│ PARTITION (id=8)         │                            │ PARTITION (id=12)        │
│ Input(#6): FULL          │                            │ Input(#9): PARTIAL       │
└────────────┬─────────────┘                            └────────────┬─────────────┘
             │                                                       │              
┌──────────────────────────┐                            ┌──────────────────────────┐
│ Pipeline #6              │                            │ Pipeline #9              │
│ HASH_JOIN (id=7)         │                            │ DYNAMIC_FILTER (id=11)   │
│   type: INNER            │                            │ GPU_SCAN (id=10)         │
│ Input(#2): PARTIAL       │                            │                          │
│ Input(#5): PARTIAL       │                            │                          │
└────────────┬─────────────┘                            └──────────────────────────┘
             ┌───────────────────────────┐                                          
             │                           │                                          
┌──────────────────────────┐┌──────────────────────────┐                            
│ Pipeline #2              ││ Pipeline #5              │                            
│ CONCAT (id=2)            ││ CONCAT (id=6)            │                            
│ Input(#1): PARTIAL       ││ Input(#4): PARTIAL       │                            
└────────────┬─────────────┘└────────────┬─────────────┘                            
             │                           │                                          
┌──────────────────────────┐┌──────────────────────────┐                            
│ Pipeline #1              ││ Pipeline #4              │                            
│ PARTITION (id=1)         ││ PARTITION (id=5)         │                            
│ Input(#0): FULL          ││ Input(#3): PARTIAL       │                            
└────────────┬─────────────┘└────────────┬─────────────┘                            
             │                           │                                          
┌──────────────────────────┐┌──────────────────────────┐                            
│ Pipeline #0              ││ Pipeline #3              │                            
│ GPU_SCAN (id=0)          ││ DYNAMIC_FILTER (id=4)    │                            
│                          ││ GPU_SCAN (id=3)          │                            
└──────────────────────────┘└──────────────────────────┘                            

[2026-09-08 05:13:25.987] [info] [sirius_engine.cpp:186] query 18 telemetry_query=01a080effa637ae0b2a7931107dd8822
[2026-09-08 05:13:25.987] [info] [sirius_scan_manager.cpp:2999] [sirius_scan_manager] assigned pinned entry 'customer' to operator '0'
[2026-09-08 05:13:25.987] [info] [sirius_scan_manager.cpp:2999] [sirius_scan_manager] assigned pinned entry 'orders' to operator '3'
[2026-09-08 05:13:25.987] [info] [sirius_scan_manager.cpp:2999] [sirius_scan_manager] assigned pinned entry 'lineitem' to operator '10'
[2026-09-08 05:13:25.987] [info] [sirius_scan_manager.cpp:823] [late-mat] operator 0: not deferring — the pinned entry is not device-resident
[2026-09-08 05:13:25.987] [info] [sirius_scan_manager.cpp:823] [late-mat] operator 3: not deferring — the pinned entry is not device-resident
[2026-09-08 05:13:25.987] [info] [sirius_scan_manager.cpp:823] [late-mat] operator 10: not deferring — the pinned entry is not device-resident
[2026-09-08 05:13:25.989] [info] [memory_prefetcher.cpp:59] [memory_prefetcher] started: 3 threads, 3 connectors, min_free_fraction=0.40
[2026-09-08 05:13:26.040] [info] [dynamic_filter_publisher.cpp:297] [sirius_physical_hash_join] Pushed 1 dynamic filter(s) across 1 active target(s) of 1 wired target(s) (30003570 build rows, 1 bound keys of 1 admitted).
[2026-09-08 05:13:26.078] [warning] [sirius_physical_partition.cpp:375] slot_for_device: device_id 0 not found in active GPU list, falling back to slot 0
[2026-09-08 05:13:26.078] [warning] [sirius_physical_partition.cpp:375] slot_for_device: device_id 0 not found in active GPU list, falling back to slot 0
[2026-09-08 05:13:26.079] [warning] [sirius_physical_partition.cpp:375] slot_for_device: device_id 0 not found in active GPU list, falling back to slot 0
[2026-09-08 05:13:26.079] [warning] [sirius_physical_partition.cpp:375] slot_for_device: device_id 0 not found in active GPU list, falling back to slot 0
[2026-09-08 05:13:26.151] [info] [dynamic_filter_publisher.cpp:297] [sirius_physical_hash_join] Pushed 1 dynamic filter(s) across 1 active target(s) of 1 wired target(s) (147060214 build rows, 1 bound keys of 1 admitted).
[2026-09-08 05:13:26.338] [info] [gpu_pipeline_executor.cpp:129] GPU Pipeline Executor: task queue interrupted, stopping manager loop
[2026-09-08 05:13:26.338] [info] [sirius_context.cpp:405] QueryEnd
[2026-09-08 05:13:26.338] [info] [memory_prefetcher.cpp:72] [memory_prefetcher] stopping: prefetched 18 batches / 41190789400 bytes (stops: headroom=46 reservation=0, skips: lock=0 draining=4, errors=0)
[2026-09-08 05:13:26.338] [info] [sirius_context.cpp:256] [host_pool] HOST:0 QueryEnd instance=0xbdc08f6d37a0 connection=1 window=18 query=45 allocated=77779173376 bytes peak=77846282240 bytes free_blocks=1977
[2026-09-08 05:13:26.338] [info] [sirius_context.cpp:271] [gpu_pool] GPU:0 QueryEnd instance=0xbdc08f6d37a0 connection=1 window=18 query=45 allocated=0 bytes peak=216768264468 bytes reserved=0 bytes
[2026-09-08 05:13:26.338] [info] [sirius_context.cpp:521] [window] end instance=0xbdc08f6d37a0 connection=1 window=18 query=45 outcome=ok
[2026-09-08 05:13:26.338] [info] [physical_sirius_execution.cpp:327] Transparent GPU execution: query completed
[2026-09-08 05:13:26.340] [info] [sirius_context.cpp:329] QueryBegin: instance=0xbdc08f6d37a0 connection=1 query=46 SQL: CALL unpin_table('customer')
[2026-09-08 05:13:26.340] [info] [sirius_context.cpp:329] QueryBegin: instance=0xbdc08f6d37a0 connection=1 query=47 SQL: CALL unpin_table('orders')
[2026-09-08 05:13:26.340] [info] [sirius_context.cpp:329] QueryBegin: instance=0xbdc08f6d37a0 connection=1 query=48 SQL: CALL unpin_table('lineitem')
[2026-09-08 05:13:26.341] [info] [sirius_context.cpp:329] QueryBegin: instance=0xbdc08f6d37a0 connection=1 query=49 SQL: CALL pin_table('/datasets/tpch_sf1000_sorted/orders/*.parquet', tier='host', name='orders', cols=['o_orderkey','o_orderdate','o_orderpriority'])
[2026-09-08 05:13:26.341] [info] [sirius_context.cpp:521] [window] begin instance=0xbdc08f6d37a0 connection=1 window=19 query=49 outcome=-
[2026-09-08 05:13:26.341] [info] [sirius_context.cpp:256] [host_pool] HOST:0 QueryBegin instance=0xbdc08f6d37a0 connection=1 window=19 query=49 allocated=17515413504 bytes peak=77846282240 bytes free_blocks=2875
[2026-09-08 05:13:26.341] [info] [sirius_context.cpp:271] [gpu_pool] GPU:0 QueryBegin instance=0xbdc08f6d37a0 connection=1 window=19 query=49 allocated=0 bytes peak=216768264468 bytes reserved=0 bytes
[2026-09-08 05:13:26.341] [info] [sirius_context.cpp:389] QueryBegin: pin_table
[2026-09-08 05:13:26.341] [info] [sirius_extension.cpp:1420] [pin_table] 'orders' tier=host: compressing with plan for 3 column(s)
[2026-09-08 05:13:26.483] [warning] [pin_table.cpp:673] [materialize_pin_to_host] compression failed: dictionary_compressor: column size exceeds maximum; pinning the remainder of this table uncompressed (the failure latches compression off for every later chunk). This pin narrowed carriers before compression (o_orderdate); a plan block with a width-explicit op (bitextract/bitjoin) is authored against the native element width and cannot encode a narrowed column
[2026-09-08 05:13:27.084] [info] [sirius_context.cpp:405] QueryEnd
[2026-09-08 05:13:27.085] [info] [sirius_context.cpp:256] [host_pool] HOST:0 QueryEnd instance=0xbdc08f6d37a0 connection=1 window=19 query=49 allocated=56975425536 bytes peak=77846282240 bytes free_blocks=2287
[2026-09-08 05:13:27.085] [info] [sirius_context.cpp:271] [gpu_pool] GPU:0 QueryEnd instance=0xbdc08f6d37a0 connection=1 window=19 query=49 allocated=0 bytes peak=216768264468 bytes reserved=0 bytes
[2026-09-08 05:13:27.085] [info] [sirius_context.cpp:521] [window] end instance=0xbdc08f6d37a0 connection=1 window=19 query=49 outcome=ok
[2026-09-08 05:13:27.085] [info] [sirius_context.cpp:329] QueryBegin: instance=0xbdc08f6d37a0 connection=1 query=50 SQL: CALL pin_table('/datasets/tpch_sf1000_sorted/lineitem/*.parquet', tier='host', name='lineitem', cols=['l_orderkey','l_commitdate','l_receiptdate'])
[2026-09-08 05:13:27.085] [info] [sirius_context.cpp:521] [window] begin instance=0xbdc08f6d37a0 connection=1 window=20 query=50 outcome=-
[2026-09-08 05:13:27.085] [info] [sirius_context.cpp:256] [host_pool] HOST:0 QueryBegin instance=0xbdc08f6d37a0 connection=1 window=20 query=50 allocated=56975425536 bytes peak=77846282240 bytes free_blocks=2287
[2026-09-08 05:13:27.085] [info] [sirius_context.cpp:271] [gpu_pool] GPU:0 QueryBegin instance=0xbdc08f6d37a0 connection=1 window=20 query=50 allocated=0 bytes peak=216768264468 bytes reserved=0 bytes
[2026-09-08 05:13:27.085] [info] [sirius_context.cpp:389] QueryBegin: pin_table
[2026-09-08 05:13:27.086] [info] [sirius_extension.cpp:1420] [pin_table] 'lineitem' tier=host: compressing with plan for 3 column(s)
[2026-09-08 05:13:30.132] [info] [sirius_context.cpp:405] QueryEnd
[2026-09-08 05:13:30.132] [info] [sirius_context.cpp:256] [host_pool] HOST:0 QueryEnd instance=0xbdc08f6d37a0 connection=1 window=20 query=50 allocated=90865401856 bytes peak=90865401856 bytes free_blocks=1782
[2026-09-08 05:13:30.132] [info] [sirius_context.cpp:271] [gpu_pool] GPU:0 QueryEnd instance=0xbdc08f6d37a0 connection=1 window=20 query=50 allocated=0 bytes peak=216768264468 bytes reserved=0 bytes
[2026-09-08 05:13:30.132] [info] [sirius_context.cpp:521] [window] end instance=0xbdc08f6d37a0 connection=1 window=20 query=50 outcome=ok
[2026-09-08 05:13:30.133] [info] [sirius_context.cpp:329] QueryBegin: instance=0xbdc08f6d37a0 connection=1 query=51 SQL: CALL sirius_set_query_label('q4_iter0')
[2026-09-08 05:13:30.133] [info] [sirius_context.cpp:329] QueryBegin: instance=0xbdc08f6d37a0 connection=1 query=52 SQL: SET gpu_execution = true;
