cluster: 2 alive compute nodes + 0 alive backends (MIN_BACKENDS=2)
q01 r0 cold pass 27547ms rows=4
q01 r1 warm pass 26593ms rows=4
q01 r2 warm pass 27457ms rows=4
q01 r3 warm pass 27457ms rows=4
q03 r0 cold REFUSED: ERROR 1064 (HY000) at line 1: request_staging_lease failed with status 6: staging lease of 482188224 bytes failed: exchange staging arena exhausted: requested 4
restarting cluster...
q04 r0 cold pass 24995ms rows=5
q04 r1 warm pass 6862ms rows=5
q04 r2 warm pass 4409ms rows=5
q04 r3 warm pass 6524ms rows=5
q06 r0 cold pass 2865ms rows=1
q06 r1 warm pass 2632ms rows=1
q06 r2 warm pass 2681ms rows=1
q06 r3 warm pass 5316ms rows=1
q07 r0 cold REFUSED: ERROR 1064 (HY000) at line 1: request_staging_lease failed with status 6: staging lease of 2121418816 bytes failed: exchange staging arena exhausted: requested
restarting cluster...
q11 r0 cold WEDGE/TIMEOUT (rc=0, cut at 420s)
restarting cluster...
q12 r0 cold pass 14198ms rows=2
q12 r1 warm pass 12693ms rows=2
q12 r2 warm pass 7709ms rows=2
q12 r3 warm pass 12692ms rows=2
q14 r0 cold pass 12279ms rows=1
q14 r1 warm pass 7523ms rows=1
q14 r2 warm pass 11040ms rows=1
q14 r3 warm pass 5940ms rows=1
q15 r0 cold pass 16377ms rows=1
q15 r1 warm WEDGE/TIMEOUT (rc=0, cut at 300s)
restarting cluster...
q16 r0 cold pass 6464ms rows=27840
q16 r1 warm pass 3447ms rows=27840
q16 r2 warm pass 3591ms rows=27840
q16 r3 warm pass 4999ms rows=27840
q19 r0 cold pass 10987ms rows=1
q19 r1 warm pass 13206ms rows=1
q19 r2 warm pass 12883ms rows=1
q19 r3 warm pass 12364ms rows=1
q20 r0 cold pass 10735ms rows=72343
q20 r1 warm pass 14185ms rows=72343
q20 r2 warm pass 14787ms rows=72343
q20 r3 warm pass 13076ms rows=72343
q22 r0 cold pass 3410ms rows=7
q22 r1 warm pass 3471ms rows=7
q22 r2 warm pass 3966ms rows=7
q22 r3 warm pass 4785ms rows=7
q13 r0 cold pass 7728ms rows=40
q13 r1 warm pass 8328ms rows=40
q13 r2 warm pass 5030ms rows=40
q13 r3 warm pass 6737ms rows=40
q17 r0 cold REFUSED: ERROR 1064 (HY000) at line 1: request_staging_lease failed with status 6: staging lease of 1042701952 bytes failed: exchange staging arena exhausted: requested
restarting cluster...
q21 r0 cold REFUSED: ERROR 1064 (HY000) at line 1: request_staging_lease failed with status 6: staging lease of 652147200 bytes failed: exchange staging arena exhausted: requested 6
restarting cluster...
q02 r0 cold pass 7838ms rows=100
q02 r1 warm pass 9161ms rows=100
q02 r2 warm pass 4310ms rows=100
q02 r3 warm pass 3785ms rows=100
== bench complete: /tmp/bench/sf500-2cn/timings.csv ==
