cluster: 4 alive compute nodes + 0 alive backends (MIN_BACKENDS=4)
q01 r0 cold pass 15820ms rows=4
q01 r1 warm pass 13760ms rows=4
q01 r2 warm pass 13989ms rows=4
q01 r3 warm pass 14455ms rows=4
q03 r0 cold pass 2909ms rows=10
q03 r1 warm pass 4707ms rows=10
q03 r2 warm pass 2768ms rows=10
q03 r3 warm pass 2742ms rows=10
q04 r0 cold pass 1858ms rows=5
q04 r1 warm pass 1567ms rows=5
q04 r2 warm pass 3905ms rows=5
q04 r3 warm pass 1560ms rows=5
q06 r0 cold pass 2000ms rows=1
q06 r1 warm pass 2084ms rows=1
q06 r2 warm pass 2067ms rows=1
q06 r3 warm pass 2082ms rows=1
q07 r0 cold pass 6345ms rows=4
q07 r1 warm pass 5421ms rows=4
q07 r2 warm pass 5502ms rows=4
q07 r3 warm pass 5739ms rows=4
q11 r0 cold WEDGE/TIMEOUT (rc=0, cut at 420s)
restarting cluster...
q12 r0 cold pass 3591ms rows=2
q12 r1 warm pass 1938ms rows=2
q12 r2 warm pass 1910ms rows=2
q12 r3 warm pass 1966ms rows=2
q14 r0 cold pass 2111ms rows=1
q14 r1 warm pass 3891ms rows=1
q14 r2 warm pass 2074ms rows=1
q14 r3 warm pass 2250ms rows=1
q15 r0 cold pass 4199ms rows=1
q15 r1 warm pass 5818ms rows=1
q15 r2 warm WEDGE/TIMEOUT (rc=0, cut at 300s)
restarting cluster...
q16 r0 cold pass 2650ms rows=27840
q16 r1 warm pass 1030ms rows=27840
q16 r2 warm pass 995ms rows=27840
q16 r3 warm pass 991ms rows=27840
q19 r0 cold pass 2954ms rows=1
q19 r1 warm pass 2956ms rows=1
q19 r2 warm pass 4884ms rows=1
q19 r3 warm pass 2742ms rows=1
q20 r0 cold pass 3336ms rows=72343
q20 r1 warm pass 3553ms rows=72343
q20 r2 warm pass 5894ms rows=72343
q20 r3 warm pass 3087ms rows=72343
q22 r0 cold pass 1233ms rows=7
q22 r1 warm pass 1080ms rows=7
q22 r2 warm pass 1043ms rows=7
q22 r3 warm pass 1135ms rows=7
q13 r0 cold pass 2082ms rows=40
q13 r1 warm pass 3246ms rows=40
q13 r2 warm pass 2049ms rows=40
q13 r3 warm pass 2234ms rows=40
q17 r0 cold REFUSED: ERROR 1064 (HY000) at line 1: request_staging_lease failed with status 6: staging lease of 521175680 bytes failed: exchange staging arena exhausted: requested 5
restarting cluster...
q21 r0 cold REFUSED: ERROR 1064 (HY000) at line 1: request_staging_lease failed with status 6: staging lease of 326246400 bytes failed: exchange staging arena exhausted: requested 3
restarting cluster...
q02 r0 cold pass 2875ms rows=100
q02 r1 warm pass 1456ms rows=100
q02 r2 warm pass 1493ms rows=100
q02 r3 warm pass 1435ms rows=100
== bench complete: /tmp/bench/sf500-4cn/timings.csv ==
