cluster: 8 alive compute nodes + 0 alive backends (MIN_BACKENDS=8)
q01 r0 cold pass 9186ms rows=4
q01 r1 warm pass 6835ms rows=4
q01 r2 warm pass 7041ms rows=4
q01 r3 warm pass 6848ms rows=4
q03 r0 cold pass 2432ms rows=10
q03 r1 warm pass 1942ms rows=10
q03 r2 warm pass 3272ms rows=10
q03 r3 warm pass 1838ms rows=10
q04 r0 cold pass 1402ms rows=5
q04 r1 warm pass 1243ms rows=5
q04 r2 warm pass 1253ms rows=5
q04 r3 warm pass 1268ms rows=5
q06 r0 cold pass 1443ms rows=1
q06 r1 warm pass 1471ms rows=1
q06 r2 warm pass 3209ms rows=1
q06 r3 warm pass 1461ms rows=1
q07 r0 cold pass 3272ms rows=4
q07 r1 warm pass 3973ms rows=4
q07 r2 warm pass 3430ms rows=4
q07 r3 warm pass 5128ms rows=4
q11 r0 cold WEDGE/TIMEOUT (rc=0, cut at 420s)
restarting cluster...
q12 r0 cold pass 3331ms rows=2
q12 r1 warm pass 1734ms rows=2
q12 r2 warm pass 1788ms rows=2
q12 r3 warm pass 1754ms rows=2
q14 r0 cold pass 3019ms rows=1
q14 r1 warm pass 1935ms rows=1
q14 r2 warm pass 1909ms rows=1
q14 r3 warm pass 2195ms rows=1
q15 r0 cold pass 3319ms rows=1
q15 r1 warm pass 4167ms rows=1
q15 r2 warm pass 3113ms rows=1
q15 r3 warm pass 3716ms rows=1
q16 r0 cold pass 876ms rows=27840
q16 r1 warm pass 714ms rows=27840
q16 r2 warm pass 732ms rows=27840
q16 r3 warm pass 744ms rows=27840
q19 r0 cold pass 3922ms rows=1
q19 r1 warm pass 2001ms rows=1
q19 r2 warm pass 1999ms rows=1
q19 r3 warm pass 2119ms rows=1
q20 r0 cold pass 2735ms rows=72343
q20 r1 warm pass 2442ms rows=72343
q20 r2 warm pass 3139ms rows=72343
q20 r3 warm pass 2311ms rows=72343
q22 r0 cold pass 864ms rows=7
q22 r1 warm pass 822ms rows=7
q22 r2 warm pass 776ms rows=7
q22 r3 warm pass 726ms rows=7
q13 r0 cold pass 1816ms rows=40
q13 r1 warm pass 1522ms rows=40
q13 r2 warm pass 1521ms rows=40
q13 r3 warm pass 2573ms rows=40
q17 r0 cold pass 4647ms rows=1
q17 r1 warm pass 4288ms rows=1
q17 r2 warm pass 4209ms rows=1
q17 r3 warm pass 4435ms rows=1
q21 r0 cold REFUSED: ERROR 1064 (HY000) at line 1: request_staging_lease failed with status 6: staging lease of 260369088 bytes failed: exchange staging arena exhausted: requested 2
restarting cluster...
q02 r0 cold REFUSED: ERROR 1064 (HY000) at line 1: Query reached its timeout of 300 seconds, please increase the 'query_timeout' session variable, pending time:0 
restarting cluster...
== bench complete: /tmp/bench/sf500-8cn/timings.csv ==
