[2026-09-07 13:24:18.698] [info] [sirius_context.cpp:329] QueryBegin: instance=0xe350959604b0 connection=1 query=53 SQL: select o.o_orderpriority, count(*) as order_count from orders o where o.o_orderdate >= date '1996-10-01' and o.o_orderdate < date '1997-01-01' and exists ( select * from lineitem l where l.l_orderkey = o.o_orderkey and l.l_commitdate < l.l_receiptdate ) group by o.o_orderpriority order by o.o_orderpriority
[2026-09-07 13:24:18.705] [info] [sirius_plan_comparison_join.cpp:646] [sirius_plan_comparison_join] Wired hash join with 1 dynamic-filter probe target(s) (1 scan-bound, 0 join-edge; evidence=opaque; build est 0 rows).
[2026-09-07 13:24:18.705] [info] [sirius_context.cpp:1467] Transparent execution: Sirius physical plan generated successfully
[2026-09-07 13:24:18.705] [info] [sirius_context.cpp:1495] Transparent execution: physical plan replaced with GPU operator
[2026-09-07 13:24:18.705] [info] [physical_sirius_execution.cpp:157] Transparent GPU execution: executing query
[2026-09-07 13:24:18.705] [info] [sirius_context.cpp:521] [window] begin instance=0xe350959604b0 connection=1 window=21 query=53 outcome=-
[2026-09-07 13:24:18.705] [info] [sirius_context.cpp:256] [host_pool] HOST:0 QueryBegin instance=0xe350959604b0 connection=1 window=21 query=53 allocated=17515413504 bytes peak=17582522368 bytes free_blocks=539
[2026-09-07 13:24:18.705] [info] [sirius_context.cpp:271] [gpu_pool] GPU:0 QueryBegin instance=0xe350959604b0 connection=1 window=21 query=53 allocated=3803389696 bytes peak=30029398267 bytes reserved=0 bytes
[2026-09-07 13:24:18.705] [info] [sirius_context.cpp:389] QueryBegin: transparent_execution
[2026-09-07 13:24:18.707] [info] [sirius_plan_comparison_join.cpp:646] [sirius_plan_comparison_join] Wired hash join with 1 dynamic-filter probe target(s) (1 scan-bound, 0 join-edge; evidence=opaque; build est 0 rows).
[2026-09-07 13:24:18.707] [info] [sirius_engine.cpp:265] [gpu_alloc] query allocated 1 GPU(s): [0]
[2026-09-07 13:24:18.707] [info] [sirius_engine.cpp:318] Query Plan:
=== Pipeline Overview ===
Pipeline #0: GPU_SCAN (id=0) -> LEFT_DELIM_JOIN (id=1)
  Output: -> COLUMN_DATA_SCAN [port: default, barrier: FULL]
  Output: -> HASH_GROUP_BY [port: default, barrier: FULL]
Pipeline #1: HASH_GROUP_BY (id=2)
  Input: <- Pipeline #0 [on: HASH_GROUP_BY (id=2), port: default, barrier: FULL]
  Dependencies: Pipeline #0
  Output: -> PARTITION [port: default, barrier: FULL]
Pipeline #2: PARTITION (id=3)
  Input: <- Pipeline #1 [on: PARTITION (id=3), port: default, barrier: FULL]
  Dependencies: Pipeline #1
  Output: -> MERGE_GROUP_BY [port: default, barrier: FULL]
Pipeline #3: MERGE_GROUP_BY (id=4)
  Input: <- Pipeline #2 [on: MERGE_GROUP_BY (id=4), port: default, barrier: FULL]
  Dependencies: Pipeline #2
  Output: -> PARTITION [port: default, barrier: FULL]
Pipeline #4: PARTITION (id=5)
  Input: <- Pipeline #3 [on: PARTITION (id=5), port: default, barrier: FULL]
  Dependencies: Pipeline #3
  Output: -> CONCAT [port: default, barrier: PARTIAL]
Pipeline #5: CONCAT (id=6)
  Input: <- Pipeline #4 [on: CONCAT (id=6), port: default, barrier: PARTIAL]
  Dependencies: Pipeline #4
  Output: -> HASH_JOIN [port: build, barrier: PARTIAL]
Pipeline #6: GPU_SCAN (id=7) -> DYNAMIC_FILTER (id=8) -> FILTER (id=9)
  Output: -> PARTITION [port: default, barrier: PARTIAL]
Pipeline #7: PARTITION (id=10)
  Input: <- Pipeline #6 [on: PARTITION (id=10), port: default, barrier: PARTIAL]
  Dependencies: Pipeline #6
  Output: -> CONCAT [port: default, barrier: PARTIAL]
Pipeline #8: CONCAT (id=11)
  Input: <- Pipeline #7 [on: CONCAT (id=11), port: default, barrier: PARTIAL]
  Dependencies: Pipeline #7
  Output: -> HASH_JOIN [port: default, barrier: PARTIAL]
Pipeline #9: HASH_JOIN (id=12) -> PROJECTION (id=13)
  Input: <- Pipeline #5 [on: HASH_JOIN (id=12), port: build, barrier: PARTIAL]
  Input: <- Pipeline #8 [on: HASH_JOIN (id=12), port: default, barrier: PARTIAL]
  Dependencies: Pipeline #5, Pipeline #8
  Output: -> PARTITION [port: default, barrier: FULL]
Pipeline #10: PARTITION (id=14)
  Input: <- Pipeline #9 [on: PARTITION (id=14), port: default, barrier: FULL]
  Dependencies: Pipeline #9
  Output: -> CONCAT [port: default, barrier: PARTIAL]
Pipeline #11: CONCAT (id=15)
  Input: <- Pipeline #10 [on: CONCAT (id=15), port: default, barrier: PARTIAL]
  Dependencies: Pipeline #10
  Output: -> HASH_JOIN [port: build, barrier: PARTIAL]
Pipeline #12: COLUMN_DATA_SCAN (id=16)
  Input: <- Pipeline #0 [on: COLUMN_DATA_SCAN (id=16), port: default, barrier: FULL]
  Dependencies: Pipeline #0
  Output: -> PARTITION [port: default, barrier: PARTIAL]
Pipeline #13: PARTITION (id=17)
  Input: <- Pipeline #12 [on: PARTITION (id=17), port: default, barrier: PARTIAL]
  Dependencies: Pipeline #12
  Output: -> CONCAT [port: default, barrier: PARTIAL]
Pipeline #14: CONCAT (id=18)
  Input: <- Pipeline #13 [on: CONCAT (id=18), port: default, barrier: PARTIAL]
  Dependencies: Pipeline #13
  Output: -> HASH_JOIN [port: default, barrier: PARTIAL]
Pipeline #15: HASH_JOIN (id=19) -> HASH_GROUP_BY (id=20)
  Input: <- Pipeline #11 [on: HASH_JOIN (id=19), port: build, barrier: PARTIAL]
  Input: <- Pipeline #14 [on: HASH_JOIN (id=19), port: default, barrier: PARTIAL]
  Dependencies: Pipeline #11, Pipeline #14
  Output: -> PARTITION [port: default, barrier: FULL]
Pipeline #16: PARTITION (id=21)
  Input: <- Pipeline #15 [on: PARTITION (id=21), port: default, barrier: FULL]
  Dependencies: Pipeline #15
  Output: -> MERGE_GROUP_BY [port: default, barrier: FULL]
Pipeline #17: MERGE_GROUP_BY (id=22) -> ORDER_BY (id=23)
  Input: <- Pipeline #16 [on: MERGE_GROUP_BY (id=22), port: default, barrier: FULL]
  Dependencies: Pipeline #16
  Output: -> SORT_SAMPLE [port: default, barrier: PIPELINE]
Pipeline #18: SORT_SAMPLE (id=24) -> SORT_PARTITION (id=25)
  Input: <- Pipeline #17 [on: SORT_SAMPLE (id=24), port: default, barrier: PIPELINE]
  Dependencies: Pipeline #17
  Output: -> MERGE_SORT [port: default, barrier: FULL]
Pipeline #19: MERGE_SORT (id=26)
  Input: <- Pipeline #18 [on: MERGE_SORT (id=26), port: default, barrier: FULL]
  Dependencies: Pipeline #18
  Output: -> RESULT_COLLECTOR [port: default, barrier: FULL]
Pipeline #20: RESULT_COLLECTOR (id=27)
  Input: <- Pipeline #19 [on: RESULT_COLLECTOR (id=27), port: default, barrier: FULL]
  Dependencies: Pipeline #19

=== Query Plan DAG ===
┌──────────────────────────┐                                                        
│ Pipeline #20             │                                                        
│ RESULT_COLLECTOR (id=27) │                                                        
│ Input(#19): FULL         │                                                        
└────────────┬─────────────┘                                                        
             │                                                                      
┌──────────────────────────┐                                                        
│ Pipeline #19             │                                                        
│ MERGE_SORT (id=26)       │                                                        
│ Input(#18): FULL         │                                                        
└────────────┬─────────────┘                                                        
             │                                                                      
┌──────────────────────────┐                                                        
│ Pipeline #18             │                                                        
│ SORT_PARTITION (id=25)   │                                                        
│ SORT_SAMPLE (id=24)      │                                                        
│ Input(#17): PIPELINE     │                                                        
└────────────┬─────────────┘                                                        
             │                                                                      
┌──────────────────────────┐                                                        
│ Pipeline #17             │                                                        
│ ORDER_BY (id=23)         │                                                        
│ MERGE_GROUP_BY (id=22)   │                                                        
│ Input(#16): FULL         │                                                        
└────────────┬─────────────┘                                                        
             │                                                                      
┌──────────────────────────┐                                                        
│ Pipeline #16             │                                                        
│ PARTITION (id=21)        │                                                        
│ Input(#15): FULL         │                                                        
└────────────┬─────────────┘                                                        
             │                                                                      
┌──────────────────────────┐                                                        
│ Pipeline #15             │                                                        
│ HASH_GROUP_BY (id=20)    │                                                        
│ HASH_JOIN (id=19)        │                                                        
│   type: SEMI             │                                                        
│ Input(#11): PARTIAL      │                                                        
│ Input(#14): PARTIAL      │                                                        
└────────────┬─────────────┘                                                        
             ┌───────────────────────────────────────────────────────┐              
             │                                                       │              
┌──────────────────────────┐                            ┌──────────────────────────┐
│ Pipeline #11             │                            │ Pipeline #14             │
│ CONCAT (id=15)           │                            │ CONCAT (id=18)           │
│ Input(#10): PARTIAL      │                            │ Input(#13): PARTIAL      │
└────────────┬─────────────┘                            └────────────┬─────────────┘
             │                                                       │              
┌──────────────────────────┐                            ┌──────────────────────────┐
│ Pipeline #10             │                            │ Pipeline #13             │
│ PARTITION (id=14)        │                            │ PARTITION (id=17)        │
│ Input(#9): FULL          │                            │ Input(#12): PARTIAL      │
└────────────┬─────────────┘                            └────────────┬─────────────┘
             │                                                       │              
┌──────────────────────────┐                            ┌──────────────────────────┐
│ Pipeline #9              │                            │ Pipeline #12             │
│ PROJECTION (id=13)       │                            │ COLUMN_DATA_SCAN (id=16) │
│ HASH_JOIN (id=12)        │                            │ Input(#0): FULL          │
│   type: INNER            │                            │                          │
│ Input(#5): PARTIAL       │                            │                          │
│ Input(#8): PARTIAL       │                            │                          │
└────────────┬─────────────┘                            └────────────┬─────────────┘
             ┌───────────────────────────┐                           │              
             │                           │                           │              
┌──────────────────────────┐┌──────────────────────────┐┌──────────────────────────┐
│ Pipeline #5              ││ Pipeline #8              ││ (-> Pipeline #0)         │
│ CONCAT (id=6)            ││ CONCAT (id=11)           ││                          │
│ Input(#4): PARTIAL       ││ Input(#7): PARTIAL       ││                          │
└────────────┬─────────────┘└────────────┬─────────────┘└──────────────────────────┘
             │                           │                                          
┌──────────────────────────┐┌──────────────────────────┐                            
│ Pipeline #4              ││ Pipeline #7              │                            
│ PARTITION (id=5)         ││ PARTITION (id=10)        │                            
│ Input(#3): FULL          ││ Input(#6): PARTIAL       │                            
└────────────┬─────────────┘└────────────┬─────────────┘                            
             │                           │                                          
┌──────────────────────────┐┌──────────────────────────┐                            
│ Pipeline #3              ││ Pipeline #6              │                            
│ MERGE_GROUP_BY (id=4)    ││ FILTER (id=9)            │                            
│ Input(#2): FULL          ││ DYNAMIC_FILTER (id=8)    │                            
│                          ││ GPU_SCAN (id=7)          │                            
└────────────┬─────────────┘└──────────────────────────┘                            
             │                                                                      
┌──────────────────────────┐                                                        
│ Pipeline #2              │                                                        
│ PARTITION (id=3)         │                                                        
│ Input(#1): FULL          │                                                        
└────────────┬─────────────┘                                                        
             │                                                                      
┌──────────────────────────┐                                                        
│ Pipeline #1              │                                                        
│ HASH_GROUP_BY (id=2)     │                                                        
│ Input(#0): FULL          │                                                        
└────────────┬─────────────┘                                                        
             │                                                                      
┌──────────────────────────┐                                                        
│ Pipeline #0              │                                                        
│ LEFT_DELIM_JOIN (id=1)   │                                                        
│ GPU_SCAN (id=0)          │                                                        
└──────────────────────────┘                                                        

[2026-09-07 13:24:18.707] [info] [sirius_engine.cpp:186] query 21 telemetry_query=01a07d8b081370a18a13391bedc58ac4
[2026-09-07 13:24:18.707] [info] [sirius_scan_manager.cpp:2999] [sirius_scan_manager] assigned pinned entry 'orders' to operator '0'
[2026-09-07 13:24:18.707] [info] [sirius_scan_manager.cpp:2999] [sirius_scan_manager] assigned pinned entry 'lineitem' to operator '7'
[2026-09-07 13:24:18.707] [info] [sirius_scan_manager.cpp:823] [late-mat] operator 0: not deferring — the scan restricts rows and its pin is compressed, so the surviving rows are decided inside the decode
[2026-09-07 13:24:18.707] [info] [sirius_scan_manager.cpp:884] [late-mat] operator 7: slot0 — too few port crossings (0 B/row over 0 boundaries)
[2026-09-07 13:24:18.707] [info] [sirius_scan_manager.cpp:897] [late-mat] operator 7: 1 column(s) withheld — a partition hashes them
[2026-09-07 13:24:18.708] [info] [memory_prefetcher.cpp:59] [memory_prefetcher] started: 3 threads, 2 connectors, min_free_fraction=0.40
[2026-09-07 13:24:18.714] [info] [dynamic_filter_publisher.cpp:297] [sirius_physical_hash_join] Pushed 1 dynamic filter(s) across 1 active target(s) of 1 wired target(s) (5738701 build rows, 1 bound keys of 1 admitted).
[2026-09-07 13:24:18.722] [warning] [sirius_physical_partition.cpp:375] slot_for_device: device_id 0 not found in active GPU list, falling back to slot 0
[2026-09-07 13:24:18.722] [warning] [sirius_physical_partition.cpp:375] slot_for_device: device_id 0 not found in active GPU list, falling back to slot 0
[2026-09-07 13:24:18.722] [warning] [sirius_physical_partition.cpp:375] slot_for_device: device_id 0 not found in active GPU list, falling back to slot 0
[2026-09-07 13:24:18.722] [warning] [sirius_physical_partition.cpp:375] slot_for_device: device_id 0 not found in active GPU list, falling back to slot 0
[2026-09-07 13:24:18.722] [warning] [sirius_physical_partition.cpp:375] slot_for_device: device_id 0 not found in active GPU list, falling back to slot 0
[2026-09-07 13:24:18.746] [info] [gpu_pipeline_executor.cpp:129] GPU Pipeline Executor: task queue interrupted, stopping manager loop
[2026-09-07 13:24:18.747] [info] [sirius_context.cpp:405] QueryEnd
[2026-09-07 13:24:18.747] [info] [memory_prefetcher.cpp:72] [memory_prefetcher] stopping: prefetched 0 batches / 0 bytes (stops: headroom=0 reservation=0, skips: lock=0 draining=14, errors=0)
[2026-09-07 13:24:18.747] [info] [sirius_context.cpp:256] [host_pool] HOST:0 QueryEnd instance=0xe350959604b0 connection=1 window=21 query=53 allocated=17515413504 bytes peak=17582522368 bytes free_blocks=539
[2026-09-07 13:24:18.747] [info] [sirius_context.cpp:271] [gpu_pool] GPU:0 QueryEnd instance=0xe350959604b0 connection=1 window=21 query=53 allocated=3803389696 bytes peak=30029398267 bytes reserved=0 bytes
[2026-09-07 13:24:18.747] [info] [sirius_context.cpp:521] [window] end instance=0xe350959604b0 connection=1 window=21 query=53 outcome=ok
[2026-09-07 13:24:18.747] [info] [physical_sirius_execution.cpp:327] Transparent GPU execution: query completed
[2026-09-07 13:24:18.748] [info] [sirius_context.cpp:329] QueryBegin: instance=0xe350959604b0 connection=1 query=54 SQL: CALL sirius_set_query_label('q4_iter1')
[2026-09-07 13:24:18.748] [info] [sirius_context.cpp:329] QueryBegin: instance=0xe350959604b0 connection=1 query=55 SQL: SET gpu_execution = true;
[2026-09-07 13:24:18.748] [info] [sirius_context.cpp:329] QueryBegin: instance=0xe350959604b0 connection=1 query=56 SQL: select o.o_orderpriority, count(*) as order_count from orders o where o.o_orderdate >= date '1996-10-01' and o.o_orderdate < date '1997-01-01' and exists ( select * from lineitem l where l.l_orderkey = o.o_orderkey and l.l_commitdate < l.l_receiptdate ) group by o.o_orderpriority order by o.o_orderpriority
[2026-09-07 13:24:18.755] [info] [sirius_plan_comparison_join.cpp:646] [sirius_plan_comparison_join] Wired hash join with 1 dynamic-filter probe target(s) (1 scan-bound, 0 join-edge; evidence=opaque; build est 0 rows).
[2026-09-07 13:24:18.755] [info] [sirius_context.cpp:1467] Transparent execution: Sirius physical plan generated successfully
[2026-09-07 13:24:18.755] [info] [sirius_context.cpp:1495] Transparent execution: physical plan replaced with GPU operator
[2026-09-07 13:24:18.755] [info] [physical_sirius_execution.cpp:157] Transparent GPU execution: executing query
[2026-09-07 13:24:18.755] [info] [sirius_context.cpp:521] [window] begin instance=0xe350959604b0 connection=1 window=22 query=56 outcome=-
[2026-09-07 13:24:18.755] [info] [sirius_context.cpp:256] [host_pool] HOST:0 QueryBegin instance=0xe350959604b0 connection=1 window=22 query=56 allocated=17515413504 bytes peak=17582522368 bytes free_blocks=539
[2026-09-07 13:24:18.755] [info] [sirius_context.cpp:271] [gpu_pool] GPU:0 QueryBegin instance=0xe350959604b0 connection=1 window=22 query=56 allocated=3803389696 bytes peak=30029398267 bytes reserved=0 bytes
[2026-09-07 13:24:18.755] [info] [sirius_context.cpp:389] QueryBegin: transparent_execution
[2026-09-07 13:24:18.757] [info] [sirius_plan_comparison_join.cpp:646] [sirius_plan_comparison_join] Wired hash join with 1 dynamic-filter probe target(s) (1 scan-bound, 0 join-edge; evidence=opaque; build est 0 rows).
[2026-09-07 13:24:18.757] [info] [sirius_engine.cpp:265] [gpu_alloc] query allocated 1 GPU(s): [0]
[2026-09-07 13:24:18.757] [info] [sirius_engine.cpp:318] Query Plan:
=== Pipeline Overview ===
Pipeline #0: GPU_SCAN (id=0) -> LEFT_DELIM_JOIN (id=1)
  Output: -> COLUMN_DATA_SCAN [port: default, barrier: FULL]
  Output: -> HASH_GROUP_BY [port: default, barrier: FULL]
Pipeline #1: HASH_GROUP_BY (id=2)
  Input: <- Pipeline #0 [on: HASH_GROUP_BY (id=2), port: default, barrier: FULL]
  Dependencies: Pipeline #0
  Output: -> PARTITION [port: default, barrier: FULL]
Pipeline #2: PARTITION (id=3)
  Input: <- Pipeline #1 [on: PARTITION (id=3), port: default, barrier: FULL]
  Dependencies: Pipeline #1
  Output: -> MERGE_GROUP_BY [port: default, barrier: FULL]
Pipeline #3: MERGE_GROUP_BY (id=4)
  Input: <- Pipeline #2 [on: MERGE_GROUP_BY (id=4), port: default, barrier: FULL]
  Dependencies: Pipeline #2
  Output: -> PARTITION [port: default, barrier: FULL]
Pipeline #4: PARTITION (id=5)
  Input: <- Pipeline #3 [on: PARTITION (id=5), port: default, barrier: FULL]
  Dependencies: Pipeline #3
  Output: -> CONCAT [port: default, barrier: PARTIAL]
Pipeline #5: CONCAT (id=6)
  Input: <- Pipeline #4 [on: CONCAT (id=6), port: default, barrier: PARTIAL]
  Dependencies: Pipeline #4
  Output: -> HASH_JOIN [port: build, barrier: PARTIAL]
Pipeline #6: GPU_SCAN (id=7) -> DYNAMIC_FILTER (id=8) -> FILTER (id=9)
  Output: -> PARTITION [port: default, barrier: PARTIAL]
Pipeline #7: PARTITION (id=10)
  Input: <- Pipeline #6 [on: PARTITION (id=10), port: default, barrier: PARTIAL]
  Dependencies: Pipeline #6
  Output: -> CONCAT [port: default, barrier: PARTIAL]
Pipeline #8: CONCAT (id=11)
  Input: <- Pipeline #7 [on: CONCAT (id=11), port: default, barrier: PARTIAL]
  Dependencies: Pipeline #7
  Output: -> HASH_JOIN [port: default, barrier: PARTIAL]
Pipeline #9: HASH_JOIN (id=12) -> PROJECTION (id=13)
  Input: <- Pipeline #5 [on: HASH_JOIN (id=12), port: build, barrier: PARTIAL]
  Input: <- Pipeline #8 [on: HASH_JOIN (id=12), port: default, barrier: PARTIAL]
  Dependencies: Pipeline #5, Pipeline #8
  Output: -> PARTITION [port: default, barrier: FULL]
Pipeline #10: PARTITION (id=14)
  Input: <- Pipeline #9 [on: PARTITION (id=14), port: default, barrier: FULL]
  Dependencies: Pipeline #9
  Output: -> CONCAT [port: default, barrier: PARTIAL]
Pipeline #11: CONCAT (id=15)
  Input: <- Pipeline #10 [on: CONCAT (id=15), port: default, barrier: PARTIAL]
  Dependencies: Pipeline #10
  Output: -> HASH_JOIN [port: build, barrier: PARTIAL]
Pipeline #12: COLUMN_DATA_SCAN (id=16)
  Input: <- Pipeline #0 [on: COLUMN_DATA_SCAN (id=16), port: default, barrier: FULL]
  Dependencies: Pipeline #0
  Output: -> PARTITION [port: default, barrier: PARTIAL]
Pipeline #13: PARTITION (id=17)
  Input: <- Pipeline #12 [on: PARTITION (id=17), port: default, barrier: PARTIAL]
  Dependencies: Pipeline #12
  Output: -> CONCAT [port: default, barrier: PARTIAL]
Pipeline #14: CONCAT (id=18)
  Input: <- Pipeline #13 [on: CONCAT (id=18), port: default, barrier: PARTIAL]
  Dependencies: Pipeline #13
  Output: -> HASH_JOIN [port: default, barrier: PARTIAL]
Pipeline #15: HASH_JOIN (id=19) -> HASH_GROUP_BY (id=20)
  Input: <- Pipeline #11 [on: HASH_JOIN (id=19), port: build, barrier: PARTIAL]
  Input: <- Pipeline #14 [on: HASH_JOIN (id=19), port: default, barrier: PARTIAL]
  Dependencies: Pipeline #11, Pipeline #14
  Output: -> PARTITION [port: default, barrier: FULL]
Pipeline #16: PARTITION (id=21)
  Input: <- Pipeline #15 [on: PARTITION (id=21), port: default, barrier: FULL]
  Dependencies: Pipeline #15
  Output: -> MERGE_GROUP_BY [port: default, barrier: FULL]
Pipeline #17: MERGE_GROUP_BY (id=22) -> ORDER_BY (id=23)
  Input: <- Pipeline #16 [on: MERGE_GROUP_BY (id=22), port: default, barrier: FULL]
  Dependencies: Pipeline #16
  Output: -> SORT_SAMPLE [port: default, barrier: PIPELINE]
Pipeline #18: SORT_SAMPLE (id=24) -> SORT_PARTITION (id=25)
  Input: <- Pipeline #17 [on: SORT_SAMPLE (id=24), port: default, barrier: PIPELINE]
  Dependencies: Pipeline #17
  Output: -> MERGE_SORT [port: default, barrier: FULL]
Pipeline #19: MERGE_SORT (id=26)
  Input: <- Pipeline #18 [on: MERGE_SORT (id=26), port: default, barrier: FULL]
  Dependencies: Pipeline #18
  Output: -> RESULT_COLLECTOR [port: default, barrier: FULL]
Pipeline #20: RESULT_COLLECTOR (id=27)
  Input: <- Pipeline #19 [on: RESULT_COLLECTOR (id=27), port: default, barrier: FULL]
  Dependencies: Pipeline #19

=== Query Plan DAG ===
┌──────────────────────────┐                                                        
│ Pipeline #20             │                                                        
│ RESULT_COLLECTOR (id=27) │                                                        
│ Input(#19): FULL         │                                                        
└────────────┬─────────────┘                                                        
             │                                                                      
┌──────────────────────────┐                                                        
│ Pipeline #19             │                                                        
│ MERGE_SORT (id=26)       │                                                        
│ Input(#18): FULL         │                                                        
└────────────┬─────────────┘                                                        
             │                                                                      
┌──────────────────────────┐                                                        
│ Pipeline #18             │                                                        
│ SORT_PARTITION (id=25)   │                                                        
│ SORT_SAMPLE (id=24)      │                                                        
│ Input(#17): PIPELINE     │                                                        
└────────────┬─────────────┘                                                        
             │                                                                      
┌──────────────────────────┐                                                        
│ Pipeline #17             │                                                        
│ ORDER_BY (id=23)         │                                                        
│ MERGE_GROUP_BY (id=22)   │                                                        
│ Input(#16): FULL         │                                                        
└────────────┬─────────────┘                                                        
             │                                                                      
┌──────────────────────────┐                                                        
│ Pipeline #16             │                                                        
│ PARTITION (id=21)        │                                                        
│ Input(#15): FULL         │                                                        
└────────────┬─────────────┘                                                        
             │                                                                      
┌──────────────────────────┐                                                        
│ Pipeline #15             │                                                        
│ HASH_GROUP_BY (id=20)    │                                                        
│ HASH_JOIN (id=19)        │                                                        
│   type: SEMI             │                                                        
│ Input(#11): PARTIAL      │                                                        
│ Input(#14): PARTIAL      │                                                        
└────────────┬─────────────┘                                                        
             ┌───────────────────────────────────────────────────────┐              
             │                                                       │              
┌──────────────────────────┐                            ┌──────────────────────────┐
│ Pipeline #11             │                            │ Pipeline #14             │
│ CONCAT (id=15)           │                            │ CONCAT (id=18)           │
│ Input(#10): PARTIAL      │                            │ Input(#13): PARTIAL      │
└────────────┬─────────────┘                            └────────────┬─────────────┘
             │                                                       │              
┌──────────────────────────┐                            ┌──────────────────────────┐
│ Pipeline #10             │                            │ Pipeline #13             │
│ PARTITION (id=14)        │                            │ PARTITION (id=17)        │
│ Input(#9): FULL          │                            │ Input(#12): PARTIAL      │
└────────────┬─────────────┘                            └────────────┬─────────────┘
             │                                                       │              
┌──────────────────────────┐                            ┌──────────────────────────┐
│ Pipeline #9              │                            │ Pipeline #12             │
│ PROJECTION (id=13)       │                            │ COLUMN_DATA_SCAN (id=16) │
│ HASH_JOIN (id=12)        │                            │ Input(#0): FULL          │
│   type: INNER            │                            │                          │
│ Input(#5): PARTIAL       │                            │                          │
│ Input(#8): PARTIAL       │                            │                          │
└────────────┬─────────────┘                            └────────────┬─────────────┘
             ┌───────────────────────────┐                           │              
             │                           │                           │              
┌──────────────────────────┐┌──────────────────────────┐┌──────────────────────────┐
│ Pipeline #5              ││ Pipeline #8              ││ (-> Pipeline #0)         │
│ CONCAT (id=6)            ││ CONCAT (id=11)           ││                          │
│ Input(#4): PARTIAL       ││ Input(#7): PARTIAL       ││                          │
└────────────┬─────────────┘└────────────┬─────────────┘└──────────────────────────┘
             │                           │                                          
┌──────────────────────────┐┌──────────────────────────┐                            
│ Pipeline #4              ││ Pipeline #7              │                            
│ PARTITION (id=5)         ││ PARTITION (id=10)        │                            
│ Input(#3): FULL          ││ Input(#6): PARTIAL       │                            
└────────────┬─────────────┘└────────────┬─────────────┘                            
             │                           │                                          
┌──────────────────────────┐┌──────────────────────────┐                            
│ Pipeline #3              ││ Pipeline #6              │                            
│ MERGE_GROUP_BY (id=4)    ││ FILTER (id=9)            │                            
│ Input(#2): FULL          ││ DYNAMIC_FILTER (id=8)    │                            
│                          ││ GPU_SCAN (id=7)          │                            
└────────────┬─────────────┘└──────────────────────────┘                            
             │                                                                      
┌──────────────────────────┐                                                        
│ Pipeline #2              │                                                        
│ PARTITION (id=3)         │                                                        
│ Input(#1): FULL          │                                                        
└────────────┬─────────────┘                                                        
             │                                                                      
┌──────────────────────────┐                                                        
│ Pipeline #1              │                                                        
│ HASH_GROUP_BY (id=2)     │                                                        
│ Input(#0): FULL          │                                                        
└────────────┬─────────────┘                                                        
             │                                                                      
┌──────────────────────────┐                                                        
│ Pipeline #0              │                                                        
│ LEFT_DELIM_JOIN (id=1)   │                                                        
│ GPU_SCAN (id=0)          │                                                        
└──────────────────────────┘                                                        

[2026-09-07 13:24:18.757] [info] [sirius_engine.cpp:186] query 22 telemetry_query=01a07d8b08457c31be3aafd1e0cf393d
[2026-09-07 13:24:18.757] [info] [sirius_scan_manager.cpp:2999] [sirius_scan_manager] assigned pinned entry 'orders' to operator '0'
[2026-09-07 13:24:18.757] [info] [sirius_scan_manager.cpp:2999] [sirius_scan_manager] assigned pinned entry 'lineitem' to operator '7'
[2026-09-07 13:24:18.757] [info] [sirius_scan_manager.cpp:823] [late-mat] operator 0: not deferring — the scan restricts rows and its pin is compressed, so the surviving rows are decided inside the decode
[2026-09-07 13:24:18.757] [info] [sirius_scan_manager.cpp:884] [late-mat] operator 7: slot0 — too few port crossings (0 B/row over 0 boundaries)
[2026-09-07 13:24:18.757] [info] [sirius_scan_manager.cpp:897] [late-mat] operator 7: 1 column(s) withheld — a partition hashes them
[2026-09-07 13:24:18.757] [info] [memory_prefetcher.cpp:59] [memory_prefetcher] started: 3 threads, 2 connectors, min_free_fraction=0.40
[2026-09-07 13:24:18.761] [info] [dynamic_filter_publisher.cpp:297] [sirius_physical_hash_join] Pushed 1 dynamic filter(s) across 1 active target(s) of 1 wired target(s) (5738701 build rows, 1 bound keys of 1 admitted).
[2026-09-07 13:24:18.769] [warning] [sirius_physical_partition.cpp:375] slot_for_device: device_id 0 not found in active GPU list, falling back to slot 0
[2026-09-07 13:24:18.769] [warning] [sirius_physical_partition.cpp:375] slot_for_device: device_id 0 not found in active GPU list, falling back to slot 0
[2026-09-07 13:24:18.769] [warning] [sirius_physical_partition.cpp:375] slot_for_device: device_id 0 not found in active GPU list, falling back to slot 0
[2026-09-07 13:24:18.769] [warning] [sirius_physical_partition.cpp:375] slot_for_device: device_id 0 not found in active GPU list, falling back to slot 0
[2026-09-07 13:24:18.769] [warning] [sirius_physical_partition.cpp:375] slot_for_device: device_id 0 not found in active GPU list, falling back to slot 0
[2026-09-07 13:24:18.775] [info] [gpu_pipeline_executor.cpp:129] GPU Pipeline Executor: task queue interrupted, stopping manager loop
[2026-09-07 13:24:18.775] [info] [sirius_context.cpp:405] QueryEnd
[2026-09-07 13:24:18.775] [info] [memory_prefetcher.cpp:72] [memory_prefetcher] stopping: prefetched 0 batches / 0 bytes (stops: headroom=0 reservation=0, skips: lock=0 draining=9, errors=0)
[2026-09-07 13:24:18.775] [info] [sirius_context.cpp:256] [host_pool] HOST:0 QueryEnd instance=0xe350959604b0 connection=1 window=22 query=56 allocated=17515413504 bytes peak=17582522368 bytes free_blocks=539
[2026-09-07 13:24:18.775] [info] [sirius_context.cpp:271] [gpu_pool] GPU:0 QueryEnd instance=0xe350959604b0 connection=1 window=22 query=56 allocated=3803389696 bytes peak=30029398267 bytes reserved=0 bytes
[2026-09-07 13:24:18.775] [info] [sirius_context.cpp:521] [window] end instance=0xe350959604b0 connection=1 window=22 query=56 outcome=ok
[2026-09-07 13:24:18.775] [info] [physical_sirius_execution.cpp:327] Transparent GPU execution: query completed
[2026-09-07 13:24:18.789] [info] [sirius_context.cpp:329] QueryBegin: instance=0xe350959604b0 connection=1 query=57 SQL: CALL sirius_set_query_label('q4_iter2')
[2026-09-07 13:24:18.790] [info] [sirius_context.cpp:329] QueryBegin: instance=0xe350959604b0 connection=1 query=58 SQL: SET gpu_execution = true;
[2026-09-07 13:24:18.790] [info] [sirius_context.cpp:329] QueryBegin: instance=0xe350959604b0 connection=1 query=59 SQL: select o.o_orderpriority, count(*) as order_count from orders o where o.o_orderdate >= date '1996-10-01' and o.o_orderdate < date '1997-01-01' and exists ( select * from lineitem l where l.l_orderkey = o.o_orderkey and l.l_commitdate < l.l_receiptdate ) group by o.o_orderpriority order by o.o_orderpriority
[2026-09-07 13:24:18.796] [info] [sirius_plan_comparison_join.cpp:646] [sirius_plan_comparison_join] Wired hash join with 1 dynamic-filter probe target(s) (1 scan-bound, 0 join-edge; evidence=opaque; build est 0 rows).
[2026-09-07 13:24:18.796] [info] [sirius_context.cpp:1467] Transparent execution: Sirius physical plan generated successfully
[2026-09-07 13:24:18.796] [info] [sirius_context.cpp:1495] Transparent execution: physical plan replaced with GPU operator
[2026-09-07 13:24:18.796] [info] [physical_sirius_execution.cpp:157] Transparent GPU execution: executing query
[2026-09-07 13:24:18.796] [info] [sirius_context.cpp:521] [window] begin instance=0xe350959604b0 connection=1 window=23 query=59 outcome=-
[2026-09-07 13:24:18.796] [info] [sirius_context.cpp:256] [host_pool] HOST:0 QueryBegin instance=0xe350959604b0 connection=1 window=23 query=59 allocated=17515413504 bytes peak=17582522368 bytes free_blocks=539
[2026-09-07 13:24:18.796] [info] [sirius_context.cpp:271] [gpu_pool] GPU:0 QueryBegin instance=0xe350959604b0 connection=1 window=23 query=59 allocated=3803389696 bytes peak=30029398267 bytes reserved=0 bytes
[2026-09-07 13:24:18.796] [info] [sirius_context.cpp:389] QueryBegin: transparent_execution
[2026-09-07 13:24:18.798] [info] [sirius_plan_comparison_join.cpp:646] [sirius_plan_comparison_join] Wired hash join with 1 dynamic-filter probe target(s) (1 scan-bound, 0 join-edge; evidence=opaque; build est 0 rows).
[2026-09-07 13:24:18.798] [info] [sirius_engine.cpp:265] [gpu_alloc] query allocated 1 GPU(s): [0]
[2026-09-07 13:24:18.799] [info] [sirius_engine.cpp:318] Query Plan:
=== Pipeline Overview ===
Pipeline #0: GPU_SCAN (id=0) -> LEFT_DELIM_JOIN (id=1)
  Output: -> COLUMN_DATA_SCAN [port: default, barrier: FULL]
  Output: -> HASH_GROUP_BY [port: default, barrier: FULL]
Pipeline #1: HASH_GROUP_BY (id=2)
  Input: <- Pipeline #0 [on: HASH_GROUP_BY (id=2), port: default, barrier: FULL]
  Dependencies: Pipeline #0
  Output: -> PARTITION [port: default, barrier: FULL]
Pipeline #2: PARTITION (id=3)
  Input: <- Pipeline #1 [on: PARTITION (id=3), port: default, barrier: FULL]
  Dependencies: Pipeline #1
  Output: -> MERGE_GROUP_BY [port: default, barrier: FULL]
Pipeline #3: MERGE_GROUP_BY (id=4)
  Input: <- Pipeline #2 [on: MERGE_GROUP_BY (id=4), port: default, barrier: FULL]
  Dependencies: Pipeline #2
  Output: -> PARTITION [port: default, barrier: FULL]
Pipeline #4: PARTITION (id=5)
  Input: <- Pipeline #3 [on: PARTITION (id=5), port: default, barrier: FULL]
  Dependencies: Pipeline #3
  Output: -> CONCAT [port: default, barrier: PARTIAL]
Pipeline #5: CONCAT (id=6)
  Input: <- Pipeline #4 [on: CONCAT (id=6), port: default, barrier: PARTIAL]
  Dependencies: Pipeline #4
  Output: -> HASH_JOIN [port: build, barrier: PARTIAL]
Pipeline #6: GPU_SCAN (id=7) -> DYNAMIC_FILTER (id=8) -> FILTER (id=9)
  Output: -> PARTITION [port: default, barrier: PARTIAL]
Pipeline #7: PARTITION (id=10)
  Input: <- Pipeline #6 [on: PARTITION (id=10), port: default, barrier: PARTIAL]
  Dependencies: Pipeline #6
  Output: -> CONCAT [port: default, barrier: PARTIAL]
Pipeline #8: CONCAT (id=11)
  Input: <- Pipeline #7 [on: CONCAT (id=11), port: default, barrier: PARTIAL]
  Dependencies: Pipeline #7
  Output: -> HASH_JOIN [port: default, barrier: PARTIAL]
Pipeline #9: HASH_JOIN (id=12) -> PROJECTION (id=13)
  Input: <- Pipeline #5 [on: HASH_JOIN (id=12), port: build, barrier: PARTIAL]
  Input: <- Pipeline #8 [on: HASH_JOIN (id=12), port: default, barrier: PARTIAL]
  Dependencies: Pipeline #5, Pipeline #8
  Output: -> PARTITION [port: default, barrier: FULL]
Pipeline #10: PARTITION (id=14)
  Input: <- Pipeline #9 [on: PARTITION (id=14), port: default, barrier: FULL]
  Dependencies: Pipeline #9
  Output: -> CONCAT [port: default, barrier: PARTIAL]
Pipeline #11: CONCAT (id=15)
  Input: <- Pipeline #10 [on: CONCAT (id=15), port: default, barrier: PARTIAL]
  Dependencies: Pipeline #10
  Output: -> HASH_JOIN [port: build, barrier: PARTIAL]
Pipeline #12: COLUMN_DATA_SCAN (id=16)
  Input: <- Pipeline #0 [on: COLUMN_DATA_SCAN (id=16), port: default, barrier: FULL]
  Dependencies: Pipeline #0
  Output: -> PARTITION [port: default, barrier: PARTIAL]
Pipeline #13: PARTITION (id=17)
  Input: <- Pipeline #12 [on: PARTITION (id=17), port: default, barrier: PARTIAL]
  Dependencies: Pipeline #12
  Output: -> CONCAT [port: default, barrier: PARTIAL]
Pipeline #14: CONCAT (id=18)
  Input: <- Pipeline #13 [on: CONCAT (id=18), port: default, barrier: PARTIAL]
  Dependencies: Pipeline #13
  Output: -> HASH_JOIN [port: default, barrier: PARTIAL]
Pipeline #15: HASH_JOIN (id=19) -> HASH_GROUP_BY (id=20)
  Input: <- Pipeline #11 [on: HASH_JOIN (id=19), port: build, barrier: PARTIAL]
  Input: <- Pipeline #14 [on: HASH_JOIN (id=19), port: default, barrier: PARTIAL]
  Dependencies: Pipeline #11, Pipeline #14
  Output: -> PARTITION [port: default, barrier: FULL]
Pipeline #16: PARTITION (id=21)
  Input: <- Pipeline #15 [on: PARTITION (id=21), port: default, barrier: FULL]
  Dependencies: Pipeline #15
  Output: -> MERGE_GROUP_BY [port: default, barrier: FULL]
Pipeline #17: MERGE_GROUP_BY (id=22) -> ORDER_BY (id=23)
  Input: <- Pipeline #16 [on: MERGE_GROUP_BY (id=22), port: default, barrier: FULL]
  Dependencies: Pipeline #16
  Output: -> SORT_SAMPLE [port: default, barrier: PIPELINE]
Pipeline #18: SORT_SAMPLE (id=24) -> SORT_PARTITION (id=25)
  Input: <- Pipeline #17 [on: SORT_SAMPLE (id=24), port: default, barrier: PIPELINE]
  Dependencies: Pipeline #17
  Output: -> MERGE_SORT [port: default, barrier: FULL]
Pipeline #19: MERGE_SORT (id=26)
  Input: <- Pipeline #18 [on: MERGE_SORT (id=26), port: default, barrier: FULL]
  Dependencies: Pipeline #18
  Output: -> RESULT_COLLECTOR [port: default, barrier: FULL]
Pipeline #20: RESULT_COLLECTOR (id=27)
  Input: <- Pipeline #19 [on: RESULT_COLLECTOR (id=27), port: default, barrier: FULL]
  Dependencies: Pipeline #19

=== Query Plan DAG ===
┌──────────────────────────┐                                                        
│ Pipeline #20             │                                                        
│ RESULT_COLLECTOR (id=27) │                                                        
│ Input(#19): FULL         │                                                        
└────────────┬─────────────┘                                                        
             │                                                                      
┌──────────────────────────┐                                                        
│ Pipeline #19             │                                                        
│ MERGE_SORT (id=26)       │                                                        
│ Input(#18): FULL         │                                                        
└────────────┬─────────────┘                                                        
             │                                                                      
┌──────────────────────────┐                                                        
│ Pipeline #18             │                                                        
│ SORT_PARTITION (id=25)   │                                                        
│ SORT_SAMPLE (id=24)      │                                                        
│ Input(#17): PIPELINE     │                                                        
└────────────┬─────────────┘                                                        
             │                                                                      
┌──────────────────────────┐                                                        
│ Pipeline #17             │                                                        
│ ORDER_BY (id=23)         │                                                        
│ MERGE_GROUP_BY (id=22)   │                                                        
│ Input(#16): FULL         │                                                        
└────────────┬─────────────┘                                                        
             │                                                                      
┌──────────────────────────┐                                                        
│ Pipeline #16             │                                                        
│ PARTITION (id=21)        │                                                        
│ Input(#15): FULL         │                                                        
└────────────┬─────────────┘                                                        
             │                                                                      
┌──────────────────────────┐                                                        
│ Pipeline #15             │                                                        
│ HASH_GROUP_BY (id=20)    │                                                        
│ HASH_JOIN (id=19)        │                                                        
│   type: SEMI             │                                                        
│ Input(#11): PARTIAL      │                                                        
│ Input(#14): PARTIAL      │                                                        
└────────────┬─────────────┘                                                        
             ┌───────────────────────────────────────────────────────┐              
             │                                                       │              
┌──────────────────────────┐                            ┌──────────────────────────┐
│ Pipeline #11             │                            │ Pipeline #14             │
│ CONCAT (id=15)           │                            │ CONCAT (id=18)           │
│ Input(#10): PARTIAL      │                            │ Input(#13): PARTIAL      │
└────────────┬─────────────┘                            └────────────┬─────────────┘
             │                                                       │              
┌──────────────────────────┐                            ┌──────────────────────────┐
│ Pipeline #10             │                            │ Pipeline #13             │
│ PARTITION (id=14)        │                            │ PARTITION (id=17)        │
│ Input(#9): FULL          │                            │ Input(#12): PARTIAL      │
└────────────┬─────────────┘                            └────────────┬─────────────┘
             │                                                       │              
┌──────────────────────────┐                            ┌──────────────────────────┐
│ Pipeline #9              │                            │ Pipeline #12             │
│ PROJECTION (id=13)       │                            │ COLUMN_DATA_SCAN (id=16) │
│ HASH_JOIN (id=12)        │                            │ Input(#0): FULL          │
│   type: INNER            │                            │                          │
│ Input(#5): PARTIAL       │                            │                          │
│ Input(#8): PARTIAL       │                            │                          │
└────────────┬─────────────┘                            └────────────┬─────────────┘
             ┌───────────────────────────┐                           │              
             │                           │                           │              
┌──────────────────────────┐┌──────────────────────────┐┌──────────────────────────┐
│ Pipeline #5              ││ Pipeline #8              ││ (-> Pipeline #0)         │
│ CONCAT (id=6)            ││ CONCAT (id=11)           ││                          │
│ Input(#4): PARTIAL       ││ Input(#7): PARTIAL       ││                          │
└────────────┬─────────────┘└────────────┬─────────────┘└──────────────────────────┘
             │                           │                                          
┌──────────────────────────┐┌──────────────────────────┐                            
│ Pipeline #4              ││ Pipeline #7              │                            
│ PARTITION (id=5)         ││ PARTITION (id=10)        │                            
│ Input(#3): FULL          ││ Input(#6): PARTIAL       │                            
└────────────┬─────────────┘└────────────┬─────────────┘                            
             │                           │                                          
┌──────────────────────────┐┌──────────────────────────┐                            
│ Pipeline #3              ││ Pipeline #6              │                            
│ MERGE_GROUP_BY (id=4)    ││ FILTER (id=9)            │                            
│ Input(#2): FULL          ││ DYNAMIC_FILTER (id=8)    │                            
│                          ││ GPU_SCAN (id=7)          │                            
└────────────┬─────────────┘└──────────────────────────┘                            
             │                                                                      
┌──────────────────────────┐                                                        
│ Pipeline #2              │                                                        
│ PARTITION (id=3)         │                                                        
│ Input(#1): FULL          │                                                        
└────────────┬─────────────┘                                                        
             │                                                                      
┌──────────────────────────┐                                                        
│ Pipeline #1              │                                                        
│ HASH_GROUP_BY (id=2)     │                                                        
│ Input(#0): FULL          │                                                        
└────────────┬─────────────┘                                                        
             │                                                                      
┌──────────────────────────┐                                                        
│ Pipeline #0              │                                                        
│ LEFT_DELIM_JOIN (id=1)   │                                                        
│ GPU_SCAN (id=0)          │                                                        
└──────────────────────────┘                                                        

[2026-09-07 13:24:18.799] [info] [sirius_engine.cpp:186] query 23 telemetry_query=01a07d8b086e79a2af205b747bd0956c
[2026-09-07 13:24:18.799] [info] [sirius_scan_manager.cpp:2999] [sirius_scan_manager] assigned pinned entry 'orders' to operator '0'
[2026-09-07 13:24:18.799] [info] [sirius_scan_manager.cpp:2999] [sirius_scan_manager] assigned pinned entry 'lineitem' to operator '7'
[2026-09-07 13:24:18.799] [info] [sirius_scan_manager.cpp:823] [late-mat] operator 0: not deferring — the scan restricts rows and its pin is compressed, so the surviving rows are decided inside the decode
[2026-09-07 13:24:18.799] [info] [sirius_scan_manager.cpp:884] [late-mat] operator 7: slot0 — too few port crossings (0 B/row over 0 boundaries)
[2026-09-07 13:24:18.799] [info] [sirius_scan_manager.cpp:897] [late-mat] operator 7: 1 column(s) withheld — a partition hashes them
[2026-09-07 13:24:18.799] [info] [memory_prefetcher.cpp:59] [memory_prefetcher] started: 3 threads, 2 connectors, min_free_fraction=0.40
[2026-09-07 13:24:18.802] [info] [dynamic_filter_publisher.cpp:297] [sirius_physical_hash_join] Pushed 1 dynamic filter(s) across 1 active target(s) of 1 wired target(s) (5738701 build rows, 1 bound keys of 1 admitted).
[2026-09-07 13:24:18.811] [warning] [sirius_physical_partition.cpp:375] slot_for_device: device_id 0 not found in active GPU list, falling back to slot 0
[2026-09-07 13:24:18.811] [warning] [sirius_physical_partition.cpp:375] slot_for_device: device_id 0 not found in active GPU list, falling back to slot 0
[2026-09-07 13:24:18.811] [warning] [sirius_physical_partition.cpp:375] slot_for_device: device_id 0 not found in active GPU list, falling back to slot 0
[2026-09-07 13:24:18.811] [warning] [sirius_physical_partition.cpp:375] slot_for_device: device_id 0 not found in active GPU list, falling back to slot 0
[2026-09-07 13:24:18.811] [warning] [sirius_physical_partition.cpp:375] slot_for_device: device_id 0 not found in active GPU list, falling back to slot 0
[2026-09-07 13:24:18.816] [info] [gpu_pipeline_executor.cpp:129] GPU Pipeline Executor: task queue interrupted, stopping manager loop
[2026-09-07 13:24:18.816] [info] [sirius_context.cpp:405] QueryEnd
[2026-09-07 13:24:18.816] [info] [memory_prefetcher.cpp:72] [memory_prefetcher] stopping: prefetched 0 batches / 0 bytes (stops: headroom=0 reservation=0, skips: lock=0 draining=9, errors=0)
[2026-09-07 13:24:18.817] [info] [sirius_context.cpp:256] [host_pool] HOST:0 QueryEnd instance=0xe350959604b0 connection=1 window=23 query=59 allocated=17515413504 bytes peak=17582522368 bytes free_blocks=539
[2026-09-07 13:24:18.817] [info] [sirius_context.cpp:271] [gpu_pool] GPU:0 QueryEnd instance=0xe350959604b0 connection=1 window=23 query=59 allocated=3803389696 bytes peak=30029398267 bytes reserved=0 bytes
[2026-09-07 13:24:18.817] [info] [sirius_context.cpp:521] [window] end instance=0xe350959604b0 connection=1 window=23 query=59 outcome=ok
[2026-09-07 13:24:18.817] [info] [physical_sirius_execution.cpp:327] Transparent GPU execution: query completed
[2026-09-07 13:24:18.817] [info] [sirius_context.cpp:329] QueryBegin: instance=0xe350959604b0 connection=1 query=60 SQL: CALL unpin_table('orders')
[2026-09-07 13:24:18.818] [info] [sirius_context.cpp:329] QueryBegin: instance=0xe350959604b0 connection=1 query=61 SQL: CALL unpin_table('lineitem')
[2026-09-07 13:24:18.819] [info] [sirius_context.cpp:329] QueryBegin: instance=0xe350959604b0 connection=1 query=62 SQL: CALL pin_table('/datasets/tpch_sf100_sorted/orders/*.parquet', tier='gpu', name='orders', cols=['o_custkey','o_orderkey','o_orderdate'])
[2026-09-07 13:24:18.819] [info] [sirius_context.cpp:521] [window] begin instance=0xe350959604b0 connection=1 window=24 query=62 outcome=-
[2026-09-07 13:24:18.819] [info] [sirius_context.cpp:256] [host_pool] HOST:0 QueryBegin instance=0xe350959604b0 connection=1 window=24 query=62 allocated=17515413504 bytes peak=17582522368 bytes free_blocks=539
[2026-09-07 13:24:18.819] [info] [sirius_context.cpp:271] [gpu_pool] GPU:0 QueryBegin instance=0xe350959604b0 connection=1 window=24 query=62 allocated=0 bytes peak=30029398267 bytes reserved=0 bytes
[2026-09-07 13:24:18.819] [info] [sirius_context.cpp:389] QueryBegin: pin_table
[2026-09-07 13:24:18.819] [info] [sirius_extension.cpp:1420] [pin_table] 'orders' tier=gpu: compressing with plan for 3 column(s)
[2026-09-07 13:24:19.073] [info] [sirius_context.cpp:405] QueryEnd
[2026-09-07 13:24:19.073] [info] [sirius_context.cpp:256] [host_pool] HOST:0 QueryEnd instance=0xe350959604b0 connection=1 window=24 query=62 allocated=17515413504 bytes peak=17582522368 bytes free_blocks=539
[2026-09-07 13:24:19.073] [info] [sirius_context.cpp:271] [gpu_pool] GPU:0 QueryEnd instance=0xe350959604b0 connection=1 window=24 query=62 allocated=1014927872 bytes peak=30029398267 bytes reserved=0 bytes
[2026-09-07 13:24:19.073] [info] [sirius_context.cpp:521] [window] end instance=0xe350959604b0 connection=1 window=24 query=62 outcome=ok
[2026-09-07 13:24:19.073] [info] [sirius_context.cpp:329] QueryBegin: instance=0xe350959604b0 connection=1 query=63 SQL: CALL pin_table('/datasets/tpch_sf100_sorted/lineitem/*.parquet', tier='gpu', name='lineitem', cols=['l_orderkey','l_suppkey','l_extendedprice','l_discount'])
[2026-09-07 13:24:19.074] [info] [sirius_context.cpp:521] [window] begin instance=0xe350959604b0 connection=1 window=25 query=63 outcome=-
[2026-09-07 13:24:19.074] [info] [sirius_context.cpp:256] [host_pool] HOST:0 QueryBegin instance=0xe350959604b0 connection=1 window=25 query=63 allocated=17515413504 bytes peak=17582522368 bytes free_blocks=539
[2026-09-07 13:24:19.074] [info] [sirius_context.cpp:271] [gpu_pool] GPU:0 QueryBegin instance=0xe350959604b0 connection=1 window=25 query=63 allocated=1014927872 bytes peak=30029398267 bytes reserved=0 bytes
[2026-09-07 13:24:19.074] [info] [sirius_context.cpp:389] QueryBegin: pin_table
[2026-09-07 13:24:19.074] [info] [sirius_extension.cpp:1420] [pin_table] 'lineitem' tier=gpu: compressing with plan for 4 column(s)
[2026-09-07 13:24:20.238] [info] [sirius_context.cpp:405] QueryEnd
[2026-09-07 13:24:20.238] [info] [sirius_context.cpp:256] [host_pool] HOST:0 QueryEnd instance=0xe350959604b0 connection=1 window=25 query=63 allocated=17515413504 bytes peak=17582522368 bytes free_blocks=539
[2026-09-07 13:24:20.238] [info] [sirius_context.cpp:271] [gpu_pool] GPU:0 QueryEnd instance=0xe350959604b0 connection=1 window=25 query=63 allocated=6831203584 bytes peak=30029398267 bytes reserved=0 bytes
[2026-09-07 13:24:20.238] [info] [sirius_context.cpp:521] [window] end instance=0xe350959604b0 connection=1 window=25 query=63 outcome=ok
[2026-09-07 13:24:20.238] [info] [sirius_context.cpp:329] QueryBegin: instance=0xe350959604b0 connection=1 query=64 SQL: CALL pin_table('/datasets/tpch_sf100_sorted/supplier/*.parquet', tier='gpu', name='supplier', cols=['s_suppkey','s_nationkey'])
[2026-09-07 13:24:20.239] [info] [sirius_context.cpp:521] [window] begin instance=0xe350959604b0 connection=1 window=26 query=64 outcome=-
[2026-09-07 13:24:20.239] [info] [sirius_context.cpp:256] [host_pool] HOST:0 QueryBegin instance=0xe350959604b0 connection=1 window=26 query=64 allocated=17515413504 bytes peak=17582522368 bytes free_blocks=539
[2026-09-07 13:24:20.239] [info] [sirius_context.cpp:271] [gpu_pool] GPU:0 QueryBegin instance=0xe350959604b0 connection=1 window=26 query=64 allocated=6831203584 bytes peak=30029398267 bytes reserved=0 bytes
[2026-09-07 13:24:20.239] [info] [sirius_context.cpp:389] QueryBegin: pin_table
[2026-09-07 13:24:20.239] [warning] [sirius_extension.cpp:1430] [pin_table] 'supplier': pin_table_compression is enabled but no plan file was found in '/home/nvidia/joost/sirius-zonemap/bench/sf1000-repro/plans'; pinning uncompressed
[2026-09-07 13:24:20.242] [info] [sirius_context.cpp:405] QueryEnd
[2026-09-07 13:24:20.242] [info] [sirius_context.cpp:256] [host_pool] HOST:0 QueryEnd instance=0xe350959604b0 connection=1 window=26 query=64 allocated=17515413504 bytes peak=17582522368 bytes free_blocks=539
[2026-09-07 13:24:20.242] [info] [sirius_context.cpp:271] [gpu_pool] GPU:0 QueryEnd instance=0xe350959604b0 connection=1 window=26 query=64 allocated=6836454144 bytes peak=30029398267 bytes reserved=0 bytes
[2026-09-07 13:24:20.242] [info] [sirius_context.cpp:521] [window] end instance=0xe350959604b0 connection=1 window=26 query=64 outcome=ok
[2026-09-07 13:24:20.242] [info] [sirius_context.cpp:329] QueryBegin: instance=0xe350959604b0 connection=1 query=65 SQL: CALL pin_table('/datasets/tpch_sf100_sorted/nation/*.parquet', tier='gpu', name='nation', cols=['n_nationkey','n_name','n_regionkey'])
[2026-09-07 13:24:20.242] [info] [sirius_context.cpp:521] [window] begin instance=0xe350959604b0 connection=1 window=27 query=65 outcome=-
[2026-09-07 13:24:20.242] [info] [sirius_context.cpp:256] [host_pool] HOST:0 QueryBegin instance=0xe350959604b0 connection=1 window=27 query=65 allocated=17515413504 bytes peak=17582522368 bytes free_blocks=539
[2026-09-07 13:24:20.242] [info] [sirius_context.cpp:271] [gpu_pool] GPU:0 QueryBegin instance=0xe350959604b0 connection=1 window=27 query=65 allocated=6836454144 bytes peak=30029398267 bytes reserved=0 bytes
[2026-09-07 13:24:20.242] [info] [sirius_context.cpp:389] QueryBegin: pin_table
[2026-09-07 13:24:20.242] [warning] [sirius_extension.cpp:1430] [pin_table] 'nation': pin_table_compression is enabled but no plan file was found in '/home/nvidia/joost/sirius-zonemap/bench/sf1000-repro/plans'; pinning uncompressed
[2026-09-07 13:24:20.245] [info] [sirius_extension.cpp:1478] [late-mat] pin 'nation': column 'n_nationkey' proven distinct table-wide (per-chunk)
[2026-09-07 13:24:20.245] [info] [sirius_extension.cpp:1478] [late-mat] pin 'nation': column 'n_name' proven distinct table-wide (per-chunk)
[2026-09-07 13:24:20.245] [info] [sirius_context.cpp:405] QueryEnd
[2026-09-07 13:24:20.245] [info] [sirius_context.cpp:256] [host_pool] HOST:0 QueryEnd instance=0xe350959604b0 connection=1 window=27 query=65 allocated=17515413504 bytes peak=17582522368 bytes free_blocks=539
[2026-09-07 13:24:20.245] [info] [sirius_context.cpp:271] [gpu_pool] GPU:0 QueryEnd instance=0xe350959604b0 connection=1 window=27 query=65 allocated=6836455936 bytes peak=30029398267 bytes reserved=0 bytes
[2026-09-07 13:24:20.245] [info] [sirius_context.cpp:521] [window] end instance=0xe350959604b0 connection=1 window=27 query=65 outcome=ok
[2026-09-07 13:24:20.245] [info] [sirius_context.cpp:329] QueryBegin: instance=0xe350959604b0 connection=1 query=66 SQL: CALL pin_table('/datasets/tpch_sf100_sorted/region/*.parquet', tier='gpu', name='region', cols=['r_regionkey','r_name'])
[2026-09-07 13:24:20.245] [info] [sirius_context.cpp:521] [window] begin instance=0xe350959604b0 connection=1 window=28 query=66 outcome=-
[2026-09-07 13:24:20.245] [info] [sirius_context.cpp:256] [host_pool] HOST:0 QueryBegin instance=0xe350959604b0 connection=1 window=28 query=66 allocated=17515413504 bytes peak=17582522368 bytes free_blocks=539
[2026-09-07 13:24:20.245] [info] [sirius_context.cpp:271] [gpu_pool] GPU:0 QueryBegin instance=0xe350959604b0 connection=1 window=28 query=66 allocated=6836455936 bytes peak=30029398267 bytes reserved=0 bytes
[2026-09-07 13:24:20.245] [info] [sirius_context.cpp:389] QueryBegin: pin_table
[2026-09-07 13:24:20.245] [warning] [sirius_extension.cpp:1430] [pin_table] 'region': pin_table_compression is enabled but no plan file was found in '/home/nvidia/joost/sirius-zonemap/bench/sf1000-repro/plans'; pinning uncompressed
[2026-09-07 13:24:20.247] [info] [sirius_context.cpp:405] QueryEnd
[2026-09-07 13:24:20.247] [info] [sirius_context.cpp:256] [host_pool] HOST:0 QueryEnd instance=0xe350959604b0 connection=1 window=28 query=66 allocated=17515413504 bytes peak=17582522368 bytes free_blocks=539
[2026-09-07 13:24:20.247] [info] [sirius_context.cpp:271] [gpu_pool] GPU:0 QueryEnd instance=0xe350959604b0 connection=1 window=28 query=66 allocated=6836457216 bytes peak=30029398267 bytes reserved=0 bytes
[2026-09-07 13:24:20.247] [info] [sirius_context.cpp:521] [window] end instance=0xe350959604b0 connection=1 window=28 query=66 outcome=ok
[2026-09-07 13:24:20.247] [info] [sirius_context.cpp:329] QueryBegin: instance=0xe350959604b0 connection=1 query=67 SQL: CALL pin_table('/datasets/tpch_sf100_sorted/customer/*.parquet', tier='gpu', name='customer', cols=['c_custkey','c_nationkey'])
[2026-09-07 13:24:20.247] [info] [sirius_context.cpp:521] [window] begin instance=0xe350959604b0 connection=1 window=29 query=67 outcome=-
[2026-09-07 13:24:20.247] [info] [sirius_context.cpp:256] [host_pool] HOST:0 QueryBegin instance=0xe350959604b0 connection=1 window=29 query=67 allocated=17515413504 bytes peak=17582522368 bytes free_blocks=539
[2026-09-07 13:24:20.247] [info] [sirius_context.cpp:271] [gpu_pool] GPU:0 QueryBegin instance=0xe350959604b0 connection=1 window=29 query=67 allocated=6836457216 bytes peak=30029398267 bytes reserved=0 bytes
[2026-09-07 13:24:20.247] [info] [sirius_context.cpp:389] QueryBegin: pin_table
[2026-09-07 13:24:20.248] [warning] [sirius_extension.cpp:1430] [pin_table] 'customer': pin_table_compression is enabled but no plan file was found in '/home/nvidia/joost/sirius-zonemap/bench/sf1000-repro/plans'; pinning uncompressed
[2026-09-07 13:24:20.252] [info] [sirius_extension.cpp:1478] [late-mat] pin 'customer': column 'c_custkey' proven distinct table-wide (per-chunk)
[2026-09-07 13:24:20.252] [info] [sirius_context.cpp:405] QueryEnd
[2026-09-07 13:24:20.252] [info] [sirius_context.cpp:256] [host_pool] HOST:0 QueryEnd instance=0xe350959604b0 connection=1 window=29 query=67 allocated=17515413504 bytes peak=17582522368 bytes free_blocks=539
[2026-09-07 13:24:20.252] [info] [sirius_context.cpp:271] [gpu_pool] GPU:0 QueryEnd instance=0xe350959604b0 connection=1 window=29 query=67 allocated=6915207680 bytes peak=30029398267 bytes reserved=0 bytes
[2026-09-07 13:24:20.252] [info] [sirius_context.cpp:521] [window] end instance=0xe350959604b0 connection=1 window=29 query=67 outcome=ok
[2026-09-07 13:24:20.252] [info] [sirius_context.cpp:329] QueryBegin: instance=0xe350959604b0 connection=1 query=68 SQL: CALL sirius_set_query_label('q5_iter0')
[2026-09-07 13:24:20.253] [info] [sirius_context.cpp:329] QueryBegin: instance=0xe350959604b0 connection=1 query=69 SQL: SET gpu_execution = true;
