[2026-09-08 06:00:32.190] [info] [sirius_context.cpp:329] QueryBegin: instance=0xff08b9960990 connection=1 query=86 SQL: select sum(l_extendedprice * l_discount) as revenue from lineitem where l_shipdate >= date '1997-01-01' and l_shipdate < date '1998-01-01' and l_discount between 0.03 - 0.01 and 0.03 + 0.01 and l_quantity < 24
[2026-09-08 06:00:32.198] [info] [sirius_context.cpp:1467] Transparent execution: Sirius physical plan generated successfully
[2026-09-08 06:00:32.198] [info] [sirius_context.cpp:1495] Transparent execution: physical plan replaced with GPU operator
[2026-09-08 06:00:32.198] [info] [physical_sirius_execution.cpp:157] Transparent GPU execution: executing query
[2026-09-08 06:00:32.198] [info] [sirius_context.cpp:521] [window] begin instance=0xff08b9960990 connection=1 window=34 query=86 outcome=-
[2026-09-08 06:00:32.198] [info] [sirius_context.cpp:256] [host_pool] HOST:0 QueryBegin instance=0xff08b9960990 connection=1 window=34 query=86 allocated=52412022784 bytes peak=94220845056 bytes free_blocks=2355
[2026-09-08 06:00:32.198] [info] [sirius_context.cpp:271] [gpu_pool] GPU:0 QueryBegin instance=0xff08b9960990 connection=1 window=34 query=86 allocated=0 bytes peak=155361326373 bytes reserved=0 bytes
[2026-09-08 06:00:32.198] [info] [sirius_context.cpp:389] QueryBegin: transparent_execution
[2026-09-08 06:00:32.201] [info] [sirius_engine.cpp:265] [gpu_alloc] query allocated 1 GPU(s): [0]
[2026-09-08 06:00:32.201] [info] [sirius_engine.cpp:318] Query Plan:
=== Pipeline Overview ===
Pipeline #0: GPU_SCAN (id=0) -> PROJECTION (id=1) -> UNGROUPED_AGGREGATE (id=2)
  Output: -> MERGE_AGGREGATE [port: default, barrier: FULL]
Pipeline #1: MERGE_AGGREGATE (id=3)
  Input: <- Pipeline #0 [on: MERGE_AGGREGATE (id=3), port: default, barrier: FULL]
  Dependencies: Pipeline #0
  Output: -> RESULT_COLLECTOR [port: default, barrier: FULL]
Pipeline #2: RESULT_COLLECTOR (id=4)
  Input: <- Pipeline #1 [on: RESULT_COLLECTOR (id=4), port: default, barrier: FULL]
  Dependencies: Pipeline #1

=== Query Plan DAG ===
┌────────────────────────────┐
│ Pipeline #2                │
│ RESULT_COLLECTOR (id=4)    │
│ Input(#1): FULL            │
└─────────────┬──────────────┘
              │               
┌────────────────────────────┐
│ Pipeline #1                │
│ MERGE_AGGREGATE (id=3)     │
│ Input(#0): FULL            │
└─────────────┬──────────────┘
              │               
┌────────────────────────────┐
│ Pipeline #0                │
│ UNGROUPED_AGGREGATE (id=2) │
│ PROJECTION (id=1)          │
│ GPU_SCAN (id=0)            │
└────────────────────────────┘

[2026-09-08 06:00:32.201] [info] [sirius_engine.cpp:186] query 34 telemetry_query=01a0811b1a497ea09fe38da757c7ca73
[2026-09-08 06:00:32.201] [info] [sirius_scan_manager.cpp:2999] [sirius_scan_manager] assigned pinned entry 'lineitem' to operator '0'
[2026-09-08 06:00:32.201] [info] [sirius_scan_manager.cpp:823] [late-mat] operator 0: not deferring — the pinned entry is not device-resident
[2026-09-08 06:00:32.201] [info] [memory_prefetcher.cpp:59] [memory_prefetcher] started: 3 threads, 1 connectors, min_free_fraction=0.40
[2026-09-08 06:00:32.383] [info] [gpu_pipeline_executor.cpp:129] GPU Pipeline Executor: task queue interrupted, stopping manager loop
[2026-09-08 06:00:32.383] [info] [sirius_context.cpp:405] QueryEnd
[2026-09-08 06:00:32.383] [info] [memory_prefetcher.cpp:72] [memory_prefetcher] stopping: prefetched 33 batches / 11672442394 bytes (stops: headroom=0 reservation=0, skips: lock=0 draining=20, errors=0)
[2026-09-08 06:00:32.383] [info] [sirius_context.cpp:256] [host_pool] HOST:0 QueryEnd instance=0xff08b9960990 connection=1 window=34 query=86 allocated=52412022784 bytes peak=94220845056 bytes free_blocks=2355
[2026-09-08 06:00:32.383] [info] [sirius_context.cpp:271] [gpu_pool] GPU:0 QueryEnd instance=0xff08b9960990 connection=1 window=34 query=86 allocated=0 bytes peak=155361326373 bytes reserved=0 bytes
[2026-09-08 06:00:32.383] [info] [sirius_context.cpp:521] [window] end instance=0xff08b9960990 connection=1 window=34 query=86 outcome=ok
[2026-09-08 06:00:32.383] [info] [physical_sirius_execution.cpp:327] Transparent GPU execution: query completed
[2026-09-08 06:00:32.385] [info] [sirius_context.cpp:329] QueryBegin: instance=0xff08b9960990 connection=1 query=87 SQL: CALL sirius_set_query_label('q6_iter1')
[2026-09-08 06:00:32.385] [info] [sirius_context.cpp:329] QueryBegin: instance=0xff08b9960990 connection=1 query=88 SQL: SET gpu_execution = true;
[2026-09-08 06:00:32.385] [info] [sirius_context.cpp:329] QueryBegin: instance=0xff08b9960990 connection=1 query=89 SQL: select sum(l_extendedprice * l_discount) as revenue from lineitem where l_shipdate >= date '1997-01-01' and l_shipdate < date '1998-01-01' and l_discount between 0.03 - 0.01 and 0.03 + 0.01 and l_quantity < 24
[2026-09-08 06:00:32.393] [info] [sirius_context.cpp:1467] Transparent execution: Sirius physical plan generated successfully
[2026-09-08 06:00:32.393] [info] [sirius_context.cpp:1495] Transparent execution: physical plan replaced with GPU operator
[2026-09-08 06:00:32.393] [info] [physical_sirius_execution.cpp:157] Transparent GPU execution: executing query
[2026-09-08 06:00:32.393] [info] [sirius_context.cpp:521] [window] begin instance=0xff08b9960990 connection=1 window=35 query=89 outcome=-
[2026-09-08 06:00:32.393] [info] [sirius_context.cpp:256] [host_pool] HOST:0 QueryBegin instance=0xff08b9960990 connection=1 window=35 query=89 allocated=52412022784 bytes peak=94220845056 bytes free_blocks=2355
[2026-09-08 06:00:32.393] [info] [sirius_context.cpp:271] [gpu_pool] GPU:0 QueryBegin instance=0xff08b9960990 connection=1 window=35 query=89 allocated=0 bytes peak=155361326373 bytes reserved=0 bytes
[2026-09-08 06:00:32.393] [info] [sirius_context.cpp:389] QueryBegin: transparent_execution
[2026-09-08 06:00:32.395] [info] [sirius_engine.cpp:265] [gpu_alloc] query allocated 1 GPU(s): [0]
[2026-09-08 06:00:32.395] [info] [sirius_engine.cpp:318] Query Plan:
=== Pipeline Overview ===
Pipeline #0: GPU_SCAN (id=0) -> PROJECTION (id=1) -> UNGROUPED_AGGREGATE (id=2)
  Output: -> MERGE_AGGREGATE [port: default, barrier: FULL]
Pipeline #1: MERGE_AGGREGATE (id=3)
  Input: <- Pipeline #0 [on: MERGE_AGGREGATE (id=3), port: default, barrier: FULL]
  Dependencies: Pipeline #0
  Output: -> RESULT_COLLECTOR [port: default, barrier: FULL]
Pipeline #2: RESULT_COLLECTOR (id=4)
  Input: <- Pipeline #1 [on: RESULT_COLLECTOR (id=4), port: default, barrier: FULL]
  Dependencies: Pipeline #1

=== Query Plan DAG ===
┌────────────────────────────┐
│ Pipeline #2                │
│ RESULT_COLLECTOR (id=4)    │
│ Input(#1): FULL            │
└─────────────┬──────────────┘
              │               
┌────────────────────────────┐
│ Pipeline #1                │
│ MERGE_AGGREGATE (id=3)     │
│ Input(#0): FULL            │
└─────────────┬──────────────┘
              │               
┌────────────────────────────┐
│ Pipeline #0                │
│ UNGROUPED_AGGREGATE (id=2) │
│ PROJECTION (id=1)          │
│ GPU_SCAN (id=0)            │
└────────────────────────────┘

[2026-09-08 06:00:32.395] [info] [sirius_engine.cpp:186] query 35 telemetry_query=01a0811b1b0b78628d349e9e353a0601
[2026-09-08 06:00:32.396] [info] [sirius_scan_manager.cpp:2999] [sirius_scan_manager] assigned pinned entry 'lineitem' to operator '0'
[2026-09-08 06:00:32.396] [info] [sirius_scan_manager.cpp:823] [late-mat] operator 0: not deferring — the pinned entry is not device-resident
[2026-09-08 06:00:32.396] [info] [memory_prefetcher.cpp:59] [memory_prefetcher] started: 3 threads, 1 connectors, min_free_fraction=0.40
[2026-09-08 06:00:32.558] [info] [gpu_pipeline_executor.cpp:129] GPU Pipeline Executor: task queue interrupted, stopping manager loop
[2026-09-08 06:00:32.558] [info] [sirius_context.cpp:405] QueryEnd
[2026-09-08 06:00:32.559] [info] [memory_prefetcher.cpp:72] [memory_prefetcher] stopping: prefetched 30 batches / 10601495690 bytes (stops: headroom=0 reservation=0, skips: lock=0 draining=4, errors=0)
[2026-09-08 06:00:32.559] [info] [sirius_context.cpp:256] [host_pool] HOST:0 QueryEnd instance=0xff08b9960990 connection=1 window=35 query=89 allocated=52412022784 bytes peak=94220845056 bytes free_blocks=2355
[2026-09-08 06:00:32.559] [info] [sirius_context.cpp:271] [gpu_pool] GPU:0 QueryEnd instance=0xff08b9960990 connection=1 window=35 query=89 allocated=0 bytes peak=155361326373 bytes reserved=0 bytes
[2026-09-08 06:00:32.559] [info] [sirius_context.cpp:521] [window] end instance=0xff08b9960990 connection=1 window=35 query=89 outcome=ok
[2026-09-08 06:00:32.559] [info] [physical_sirius_execution.cpp:327] Transparent GPU execution: query completed
[2026-09-08 06:00:32.575] [info] [sirius_context.cpp:329] QueryBegin: instance=0xff08b9960990 connection=1 query=90 SQL: CALL sirius_set_query_label('q6_iter2')
[2026-09-08 06:00:32.576] [info] [sirius_context.cpp:329] QueryBegin: instance=0xff08b9960990 connection=1 query=91 SQL: SET gpu_execution = true;
[2026-09-08 06:00:32.576] [info] [sirius_context.cpp:329] QueryBegin: instance=0xff08b9960990 connection=1 query=92 SQL: select sum(l_extendedprice * l_discount) as revenue from lineitem where l_shipdate >= date '1997-01-01' and l_shipdate < date '1998-01-01' and l_discount between 0.03 - 0.01 and 0.03 + 0.01 and l_quantity < 24
[2026-09-08 06:00:32.584] [info] [sirius_context.cpp:1467] Transparent execution: Sirius physical plan generated successfully
[2026-09-08 06:00:32.584] [info] [sirius_context.cpp:1495] Transparent execution: physical plan replaced with GPU operator
[2026-09-08 06:00:32.584] [info] [physical_sirius_execution.cpp:157] Transparent GPU execution: executing query
[2026-09-08 06:00:32.584] [info] [sirius_context.cpp:521] [window] begin instance=0xff08b9960990 connection=1 window=36 query=92 outcome=-
[2026-09-08 06:00:32.584] [info] [sirius_context.cpp:256] [host_pool] HOST:0 QueryBegin instance=0xff08b9960990 connection=1 window=36 query=92 allocated=52412022784 bytes peak=94220845056 bytes free_blocks=2355
[2026-09-08 06:00:32.584] [info] [sirius_context.cpp:271] [gpu_pool] GPU:0 QueryBegin instance=0xff08b9960990 connection=1 window=36 query=92 allocated=0 bytes peak=155361326373 bytes reserved=0 bytes
[2026-09-08 06:00:32.584] [info] [sirius_context.cpp:389] QueryBegin: transparent_execution
[2026-09-08 06:00:32.587] [info] [sirius_engine.cpp:265] [gpu_alloc] query allocated 1 GPU(s): [0]
[2026-09-08 06:00:32.587] [info] [sirius_engine.cpp:318] Query Plan:
=== Pipeline Overview ===
Pipeline #0: GPU_SCAN (id=0) -> PROJECTION (id=1) -> UNGROUPED_AGGREGATE (id=2)
  Output: -> MERGE_AGGREGATE [port: default, barrier: FULL]
Pipeline #1: MERGE_AGGREGATE (id=3)
  Input: <- Pipeline #0 [on: MERGE_AGGREGATE (id=3), port: default, barrier: FULL]
  Dependencies: Pipeline #0
  Output: -> RESULT_COLLECTOR [port: default, barrier: FULL]
Pipeline #2: RESULT_COLLECTOR (id=4)
  Input: <- Pipeline #1 [on: RESULT_COLLECTOR (id=4), port: default, barrier: FULL]
  Dependencies: Pipeline #1

=== Query Plan DAG ===
┌────────────────────────────┐
│ Pipeline #2                │
│ RESULT_COLLECTOR (id=4)    │
│ Input(#1): FULL            │
└─────────────┬──────────────┘
              │               
┌────────────────────────────┐
│ Pipeline #1                │
│ MERGE_AGGREGATE (id=3)     │
│ Input(#0): FULL            │
└─────────────┬──────────────┘
              │               
┌────────────────────────────┐
│ Pipeline #0                │
│ UNGROUPED_AGGREGATE (id=2) │
│ PROJECTION (id=1)          │
│ GPU_SCAN (id=0)            │
└────────────────────────────┘

[2026-09-08 06:00:32.587] [info] [sirius_engine.cpp:186] query 36 telemetry_query=01a0811b1bcb74c0a3bbe3797f46b6ef
[2026-09-08 06:00:32.587] [info] [sirius_scan_manager.cpp:2999] [sirius_scan_manager] assigned pinned entry 'lineitem' to operator '0'
[2026-09-08 06:00:32.587] [info] [sirius_scan_manager.cpp:823] [late-mat] operator 0: not deferring — the pinned entry is not device-resident
[2026-09-08 06:00:32.589] [info] [memory_prefetcher.cpp:59] [memory_prefetcher] started: 3 threads, 1 connectors, min_free_fraction=0.40
[2026-09-08 06:00:32.756] [info] [gpu_pipeline_executor.cpp:129] GPU Pipeline Executor: task queue interrupted, stopping manager loop
[2026-09-08 06:00:32.757] [info] [sirius_context.cpp:405] QueryEnd
[2026-09-08 06:00:32.757] [info] [memory_prefetcher.cpp:72] [memory_prefetcher] stopping: prefetched 30 batches / 10601495818 bytes (stops: headroom=0 reservation=0, skips: lock=0 draining=5, errors=0)
[2026-09-08 06:00:32.757] [info] [sirius_context.cpp:256] [host_pool] HOST:0 QueryEnd instance=0xff08b9960990 connection=1 window=36 query=92 allocated=52412022784 bytes peak=94220845056 bytes free_blocks=2355
[2026-09-08 06:00:32.757] [info] [sirius_context.cpp:271] [gpu_pool] GPU:0 QueryEnd instance=0xff08b9960990 connection=1 window=36 query=92 allocated=0 bytes peak=155361326373 bytes reserved=0 bytes
[2026-09-08 06:00:32.757] [info] [sirius_context.cpp:521] [window] end instance=0xff08b9960990 connection=1 window=36 query=92 outcome=ok
[2026-09-08 06:00:32.757] [info] [physical_sirius_execution.cpp:327] Transparent GPU execution: query completed
[2026-09-08 06:00:32.758] [info] [sirius_context.cpp:329] QueryBegin: instance=0xff08b9960990 connection=1 query=93 SQL: CALL unpin_table('lineitem')
[2026-09-08 06:00:32.759] [info] [sirius_context.cpp:329] QueryBegin: instance=0xff08b9960990 connection=1 query=94 SQL: CALL pin_table('/datasets/tpch_sf1000_sorted/supplier/*.parquet', tier='host', name='supplier', cols=['s_suppkey','s_nationkey'])
[2026-09-08 06:00:32.759] [info] [sirius_context.cpp:521] [window] begin instance=0xff08b9960990 connection=1 window=37 query=94 outcome=-
[2026-09-08 06:00:32.759] [info] [sirius_context.cpp:256] [host_pool] HOST:0 QueryBegin instance=0xff08b9960990 connection=1 window=37 query=94 allocated=17515413504 bytes peak=94220845056 bytes free_blocks=2875
[2026-09-08 06:00:32.759] [info] [sirius_context.cpp:271] [gpu_pool] GPU:0 QueryBegin instance=0xff08b9960990 connection=1 window=37 query=94 allocated=0 bytes peak=155361326373 bytes reserved=0 bytes
[2026-09-08 06:00:32.759] [info] [sirius_context.cpp:389] QueryBegin: pin_table
[2026-09-08 06:00:32.759] [warning] [sirius_extension.cpp:1430] [pin_table] 'supplier': pin_table_compression is enabled but no plan file was found in '/home/nvidia/joost/sirius-zonemap/bench/sf1000-repro/plans'; pinning uncompressed
[2026-09-08 06:00:32.770] [info] [sirius_context.cpp:405] QueryEnd
[2026-09-08 06:00:32.770] [info] [sirius_context.cpp:256] [host_pool] HOST:0 QueryEnd instance=0xff08b9960990 connection=1 window=37 query=94 allocated=17582522368 bytes peak=94220845056 bytes free_blocks=2874
[2026-09-08 06:00:32.770] [info] [sirius_context.cpp:271] [gpu_pool] GPU:0 QueryEnd instance=0xff08b9960990 connection=1 window=37 query=94 allocated=0 bytes peak=155361326373 bytes reserved=0 bytes
[2026-09-08 06:00:32.770] [info] [sirius_context.cpp:521] [window] end instance=0xff08b9960990 connection=1 window=37 query=94 outcome=ok
[2026-09-08 06:00:32.770] [info] [sirius_context.cpp:329] QueryBegin: instance=0xff08b9960990 connection=1 query=95 SQL: CALL pin_table('/datasets/tpch_sf1000_sorted/lineitem/*.parquet', tier='host', name='lineitem', cols=['l_suppkey','l_orderkey','l_shipdate','l_extendedprice','l_discount'])
[2026-09-08 06:00:32.771] [info] [sirius_context.cpp:521] [window] begin instance=0xff08b9960990 connection=1 window=38 query=95 outcome=-
[2026-09-08 06:00:32.771] [info] [sirius_context.cpp:256] [host_pool] HOST:0 QueryBegin instance=0xff08b9960990 connection=1 window=38 query=95 allocated=17582522368 bytes peak=94220845056 bytes free_blocks=2874
[2026-09-08 06:00:32.771] [info] [sirius_context.cpp:271] [gpu_pool] GPU:0 QueryBegin instance=0xff08b9960990 connection=1 window=38 query=95 allocated=0 bytes peak=155361326373 bytes reserved=0 bytes
[2026-09-08 06:00:32.771] [info] [sirius_context.cpp:389] QueryBegin: pin_table
[2026-09-08 06:00:32.771] [info] [sirius_extension.cpp:1420] [pin_table] 'lineitem' tier=host: compressing with plan for 5 column(s)
[2026-09-08 06:00:39.716] [info] [sirius_context.cpp:405] QueryEnd
[2026-09-08 06:00:39.716] [info] [sirius_context.cpp:256] [host_pool] HOST:0 QueryEnd instance=0xff08b9960990 connection=1 window=38 query=95 allocated=83818971136 bytes peak=94220845056 bytes free_blocks=1887
[2026-09-08 06:00:39.716] [info] [sirius_context.cpp:271] [gpu_pool] GPU:0 QueryEnd instance=0xff08b9960990 connection=1 window=38 query=95 allocated=0 bytes peak=155361326373 bytes reserved=0 bytes
[2026-09-08 06:00:39.716] [info] [sirius_context.cpp:521] [window] end instance=0xff08b9960990 connection=1 window=38 query=95 outcome=ok
[2026-09-08 06:00:39.717] [info] [sirius_context.cpp:329] QueryBegin: instance=0xff08b9960990 connection=1 query=96 SQL: CALL pin_table('/datasets/tpch_sf1000_sorted/orders/*.parquet', tier='host', name='orders', cols=['o_orderkey','o_custkey'])
[2026-09-08 06:00:39.717] [info] [sirius_context.cpp:521] [window] begin instance=0xff08b9960990 connection=1 window=39 query=96 outcome=-
[2026-09-08 06:00:39.717] [info] [sirius_context.cpp:256] [host_pool] HOST:0 QueryBegin instance=0xff08b9960990 connection=1 window=39 query=96 allocated=83818971136 bytes peak=94220845056 bytes free_blocks=1887
[2026-09-08 06:00:39.717] [info] [sirius_context.cpp:271] [gpu_pool] GPU:0 QueryBegin instance=0xff08b9960990 connection=1 window=39 query=96 allocated=0 bytes peak=155361326373 bytes reserved=0 bytes
[2026-09-08 06:00:39.717] [info] [sirius_context.cpp:389] QueryBegin: pin_table
[2026-09-08 06:00:39.718] [info] [sirius_extension.cpp:1420] [pin_table] 'orders' tier=host: compressing with plan for 2 column(s)
[2026-09-08 06:00:40.628] [info] [sirius_context.cpp:405] QueryEnd
[2026-09-08 06:00:40.628] [info] [sirius_context.cpp:256] [host_pool] HOST:0 QueryEnd instance=0xff08b9960990 connection=1 window=39 query=96 allocated=95630131200 bytes peak=95630131200 bytes free_blocks=1711
[2026-09-08 06:00:40.628] [info] [sirius_context.cpp:271] [gpu_pool] GPU:0 QueryEnd instance=0xff08b9960990 connection=1 window=39 query=96 allocated=0 bytes peak=155361326373 bytes reserved=0 bytes
[2026-09-08 06:00:40.628] [info] [sirius_context.cpp:521] [window] end instance=0xff08b9960990 connection=1 window=39 query=96 outcome=ok
[2026-09-08 06:00:40.628] [info] [sirius_context.cpp:329] QueryBegin: instance=0xff08b9960990 connection=1 query=97 SQL: CALL pin_table('/datasets/tpch_sf1000_sorted/customer/*.parquet', tier='host', name='customer', cols=['c_custkey','c_nationkey'])
[2026-09-08 06:00:40.629] [info] [sirius_context.cpp:521] [window] begin instance=0xff08b9960990 connection=1 window=40 query=97 outcome=-
[2026-09-08 06:00:40.629] [info] [sirius_context.cpp:256] [host_pool] HOST:0 QueryBegin instance=0xff08b9960990 connection=1 window=40 query=97 allocated=95630131200 bytes peak=95630131200 bytes free_blocks=1711
[2026-09-08 06:00:40.629] [info] [sirius_context.cpp:271] [gpu_pool] GPU:0 QueryBegin instance=0xff08b9960990 connection=1 window=40 query=97 allocated=0 bytes peak=155361326373 bytes reserved=0 bytes
[2026-09-08 06:00:40.629] [info] [sirius_context.cpp:389] QueryBegin: pin_table
[2026-09-08 06:00:40.629] [warning] [sirius_extension.cpp:1430] [pin_table] 'customer': pin_table_compression is enabled but no plan file was found in '/home/nvidia/joost/sirius-zonemap/bench/sf1000-repro/plans'; pinning uncompressed
[2026-09-08 06:00:40.654] [info] [sirius_extension.cpp:1478] [late-mat] pin 'customer': column 'c_custkey' proven distinct table-wide (per-chunk)
[2026-09-08 06:00:40.654] [info] [sirius_context.cpp:405] QueryEnd
[2026-09-08 06:00:40.654] [info] [sirius_context.cpp:256] [host_pool] HOST:0 QueryEnd instance=0xff08b9960990 connection=1 window=40 query=97 allocated=96435437568 bytes peak=96435437568 bytes free_blocks=1699
[2026-09-08 06:00:40.654] [info] [sirius_context.cpp:271] [gpu_pool] GPU:0 QueryEnd instance=0xff08b9960990 connection=1 window=40 query=97 allocated=0 bytes peak=155361326373 bytes reserved=0 bytes
[2026-09-08 06:00:40.654] [info] [sirius_context.cpp:521] [window] end instance=0xff08b9960990 connection=1 window=40 query=97 outcome=ok
[2026-09-08 06:00:40.654] [info] [sirius_context.cpp:329] QueryBegin: instance=0xff08b9960990 connection=1 query=98 SQL: CALL pin_table('/datasets/tpch_sf1000_sorted/nation/*.parquet', tier='host', name='nation', cols=['n_nationkey','n_name'])
[2026-09-08 06:00:40.655] [info] [sirius_context.cpp:521] [window] begin instance=0xff08b9960990 connection=1 window=41 query=98 outcome=-
[2026-09-08 06:00:40.655] [info] [sirius_context.cpp:256] [host_pool] HOST:0 QueryBegin instance=0xff08b9960990 connection=1 window=41 query=98 allocated=96435437568 bytes peak=96435437568 bytes free_blocks=1699
[2026-09-08 06:00:40.655] [info] [sirius_context.cpp:271] [gpu_pool] GPU:0 QueryBegin instance=0xff08b9960990 connection=1 window=41 query=98 allocated=0 bytes peak=155361326373 bytes reserved=0 bytes
[2026-09-08 06:00:40.655] [info] [sirius_context.cpp:389] QueryBegin: pin_table
[2026-09-08 06:00:40.655] [warning] [sirius_extension.cpp:1430] [pin_table] 'nation': pin_table_compression is enabled but no plan file was found in '/home/nvidia/joost/sirius-zonemap/bench/sf1000-repro/plans'; pinning uncompressed
[2026-09-08 06:00:40.657] [info] [sirius_extension.cpp:1478] [late-mat] pin 'nation': column 'n_nationkey' proven distinct table-wide (per-chunk)
[2026-09-08 06:00:40.657] [info] [sirius_extension.cpp:1478] [late-mat] pin 'nation': column 'n_name' proven distinct table-wide (per-chunk)
[2026-09-08 06:00:40.657] [info] [sirius_context.cpp:405] QueryEnd
[2026-09-08 06:00:40.657] [info] [sirius_context.cpp:256] [host_pool] HOST:0 QueryEnd instance=0xff08b9960990 connection=1 window=41 query=98 allocated=96502546432 bytes peak=96502546432 bytes free_blocks=1698
[2026-09-08 06:00:40.657] [info] [sirius_context.cpp:271] [gpu_pool] GPU:0 QueryEnd instance=0xff08b9960990 connection=1 window=41 query=98 allocated=0 bytes peak=155361326373 bytes reserved=0 bytes
[2026-09-08 06:00:40.657] [info] [sirius_context.cpp:521] [window] end instance=0xff08b9960990 connection=1 window=41 query=98 outcome=ok
[2026-09-08 06:00:40.657] [info] [sirius_context.cpp:329] QueryBegin: instance=0xff08b9960990 connection=1 query=99 SQL: CALL sirius_set_query_label('q7_iter0')
[2026-09-08 06:00:40.658] [info] [sirius_context.cpp:329] QueryBegin: instance=0xff08b9960990 connection=1 query=100 SQL: SET gpu_execution = true;
