[2026-09-08 06:01:22.086] [info] [sirius_context.cpp:329] QueryBegin: instance=0xff08b9960990 connection=1 query=193 SQL: select l.l_shipmode, sum(case when o.o_orderpriority = '1-URGENT' or o.o_orderpriority = '2-HIGH' then 1 else 0 end) as high_line_count, sum(case when o.o_orderpriority <> '1-URGENT' and o.o_orderpriority <> '2-HIGH' then 1 else 0 end) as low_line_count from orders o, lineitem l where o.o_orderkey = l.l_orderkey and l.l_shipmode in ('TRUCK', 'REG AIR') and l.l_commitdate < l.l_receiptdate and l.l_shipdate < l.l_commitdate and l.l_receiptdate >= date '1994-01-01' and l.l_receiptdate < date '1995-01-01' group by l.l_shipmode order by l.l_shipmode
[2026-09-08 06:01:22.101] [info] [sirius_plan_comparison_join.cpp:646] [sirius_plan_comparison_join] Wired hash join with 1 dynamic-filter probe target(s) (1 scan-bound, 0 join-edge; evidence=filtered; build est 6039797760 rows).
[2026-09-08 06:01:22.101] [info] [sirius_context.cpp:1467] Transparent execution: Sirius physical plan generated successfully
[2026-09-08 06:01:22.101] [info] [sirius_context.cpp:1495] Transparent execution: physical plan replaced with GPU operator
[2026-09-08 06:01:22.101] [info] [physical_sirius_execution.cpp:157] Transparent GPU execution: executing query
[2026-09-08 06:01:22.101] [info] [sirius_context.cpp:521] [window] begin instance=0xff08b9960990 connection=1 window=79 query=193 outcome=-
[2026-09-08 06:01:22.101] [info] [sirius_context.cpp:256] [host_pool] HOST:0 QueryBegin instance=0xff08b9960990 connection=1 window=79 query=193 allocated=95764348928 bytes peak=142673444864 bytes free_blocks=1709
[2026-09-08 06:01:22.101] [info] [sirius_context.cpp:271] [gpu_pool] GPU:0 QueryBegin instance=0xff08b9960990 connection=1 window=79 query=193 allocated=0 bytes peak=182367656448 bytes reserved=0 bytes
[2026-09-08 06:01:22.101] [info] [sirius_context.cpp:389] QueryBegin: transparent_execution
[2026-09-08 06:01:22.105] [info] [sirius_plan_comparison_join.cpp:646] [sirius_plan_comparison_join] Wired hash join with 1 dynamic-filter probe target(s) (1 scan-bound, 0 join-edge; evidence=filtered; build est 6039797760 rows).
[2026-09-08 06:01:22.106] [info] [sirius_engine.cpp:265] [gpu_alloc] query allocated 1 GPU(s): [0]
[2026-09-08 06:01:22.106] [info] [sirius_engine.cpp:318] Query Plan:
=== Pipeline Overview ===
Pipeline #0: GPU_SCAN (id=0) -> FILTER (id=1)
  Output: -> PARTITION [port: default, barrier: FULL]
Pipeline #1: PARTITION (id=2)
  Input: <- Pipeline #0 [on: PARTITION (id=2), port: default, barrier: FULL]
  Dependencies: Pipeline #0
  Output: -> CONCAT [port: default, barrier: PARTIAL]
Pipeline #2: CONCAT (id=3)
  Input: <- Pipeline #1 [on: CONCAT (id=3), port: default, barrier: PARTIAL]
  Dependencies: Pipeline #1
  Output: -> HASH_JOIN [port: build, barrier: PARTIAL]
Pipeline #3: GPU_SCAN (id=4) -> DYNAMIC_FILTER (id=5)
  Output: -> PARTITION [port: default, barrier: PARTIAL]
Pipeline #4: PARTITION (id=6)
  Input: <- Pipeline #3 [on: PARTITION (id=6), port: default, barrier: PARTIAL]
  Dependencies: Pipeline #3
  Output: -> CONCAT [port: default, barrier: PARTIAL]
Pipeline #5: CONCAT (id=7)
  Input: <- Pipeline #4 [on: CONCAT (id=7), port: default, barrier: PARTIAL]
  Dependencies: Pipeline #4
  Output: -> HASH_JOIN [port: default, barrier: PARTIAL]
Pipeline #6: HASH_JOIN (id=8) -> PROJECTION (id=9) -> HASH_GROUP_BY (id=10)
  Input: <- Pipeline #2 [on: HASH_JOIN (id=8), port: build, barrier: PARTIAL]
  Input: <- Pipeline #5 [on: HASH_JOIN (id=8), port: default, barrier: PARTIAL]
  Dependencies: Pipeline #2, Pipeline #5
  Output: -> PARTITION [port: default, barrier: FULL]
Pipeline #7: PARTITION (id=11)
  Input: <- Pipeline #6 [on: PARTITION (id=11), port: default, barrier: FULL]
  Dependencies: Pipeline #6
  Output: -> MERGE_GROUP_BY [port: default, barrier: FULL]
Pipeline #8: MERGE_GROUP_BY (id=12) -> ORDER_BY (id=13)
  Input: <- Pipeline #7 [on: MERGE_GROUP_BY (id=12), port: default, barrier: FULL]
  Dependencies: Pipeline #7
  Output: -> SORT_SAMPLE [port: default, barrier: PIPELINE]
Pipeline #9: SORT_SAMPLE (id=14) -> SORT_PARTITION (id=15)
  Input: <- Pipeline #8 [on: SORT_SAMPLE (id=14), port: default, barrier: PIPELINE]
  Dependencies: Pipeline #8
  Output: -> MERGE_SORT [port: default, barrier: FULL]
Pipeline #10: MERGE_SORT (id=16)
  Input: <- Pipeline #9 [on: MERGE_SORT (id=16), port: default, barrier: FULL]
  Dependencies: Pipeline #9
  Output: -> RESULT_COLLECTOR [port: default, barrier: FULL]
Pipeline #11: RESULT_COLLECTOR (id=17)
  Input: <- Pipeline #10 [on: RESULT_COLLECTOR (id=17), port: default, barrier: FULL]
  Dependencies: Pipeline #10

=== Query Plan DAG ===
┌──────────────────────────┐                            
│ Pipeline #11             │                            
│ RESULT_COLLECTOR (id=17) │                            
│ Input(#10): FULL         │                            
└────────────┬─────────────┘                            
             │                                          
┌──────────────────────────┐                            
│ Pipeline #10             │                            
│ MERGE_SORT (id=16)       │                            
│ Input(#9): FULL          │                            
└────────────┬─────────────┘                            
             │                                          
┌──────────────────────────┐                            
│ Pipeline #9              │                            
│ SORT_PARTITION (id=15)   │                            
│ SORT_SAMPLE (id=14)      │                            
│ Input(#8): PIPELINE      │                            
└────────────┬─────────────┘                            
             │                                          
┌──────────────────────────┐                            
│ Pipeline #8              │                            
│ ORDER_BY (id=13)         │                            
│ MERGE_GROUP_BY (id=12)   │                            
│ Input(#7): FULL          │                            
└────────────┬─────────────┘                            
             │                                          
┌──────────────────────────┐                            
│ Pipeline #7              │                            
│ PARTITION (id=11)        │                            
│ Input(#6): FULL          │                            
└────────────┬─────────────┘                            
             │                                          
┌──────────────────────────┐                            
│ Pipeline #6              │                            
│ HASH_GROUP_BY (id=10)    │                            
│ PROJECTION (id=9)        │                            
│ HASH_JOIN (id=8)         │                            
│   type: INNER            │                            
│ Input(#2): PARTIAL       │                            
│ Input(#5): PARTIAL       │                            
└────────────┬─────────────┘                            
             ┌───────────────────────────┐              
             │                           │              
┌──────────────────────────┐┌──────────────────────────┐
│ Pipeline #2              ││ Pipeline #5              │
│ CONCAT (id=3)            ││ CONCAT (id=7)            │
│ Input(#1): PARTIAL       ││ Input(#4): PARTIAL       │
└────────────┬─────────────┘└────────────┬─────────────┘
             │                           │              
┌──────────────────────────┐┌──────────────────────────┐
│ Pipeline #1              ││ Pipeline #4              │
│ PARTITION (id=2)         ││ PARTITION (id=6)         │
│ Input(#0): FULL          ││ Input(#3): PARTIAL       │
└────────────┬─────────────┘└────────────┬─────────────┘
             │                           │              
┌──────────────────────────┐┌──────────────────────────┐
│ Pipeline #0              ││ Pipeline #3              │
│ FILTER (id=1)            ││ DYNAMIC_FILTER (id=5)    │
│ GPU_SCAN (id=0)          ││ GPU_SCAN (id=4)          │
└──────────────────────────┘└──────────────────────────┘

[2026-09-08 06:01:22.106] [info] [sirius_engine.cpp:186] query 79 telemetry_query=01a0811bdd3a7032b72d454ad3a90350
[2026-09-08 06:01:22.106] [info] [sirius_scan_manager.cpp:2999] [sirius_scan_manager] assigned pinned entry 'lineitem' to operator '0'
[2026-09-08 06:01:22.106] [info] [sirius_scan_manager.cpp:2999] [sirius_scan_manager] assigned pinned entry 'orders' to operator '4'
[2026-09-08 06:01:22.106] [info] [sirius_scan_manager.cpp:823] [late-mat] operator 0: not deferring — the pinned entry is not device-resident
[2026-09-08 06:01:22.106] [info] [sirius_scan_manager.cpp:823] [late-mat] operator 4: not deferring — the pinned entry is not device-resident
[2026-09-08 06:01:22.106] [info] [memory_prefetcher.cpp:59] [memory_prefetcher] started: 3 threads, 2 connectors, min_free_fraction=0.40
[2026-09-08 06:01:22.490] [info] [dynamic_filter_publisher.cpp:297] [sirius_physical_hash_join] Pushed 1 dynamic filter(s) across 1 active target(s) of 1 wired target(s) (31165956 build rows, 1 bound keys of 1 admitted).
[2026-09-08 06:01:22.547] [info] [gpu_pipeline_executor.cpp:129] GPU Pipeline Executor: task queue interrupted, stopping manager loop
[2026-09-08 06:01:22.547] [info] [sirius_context.cpp:405] QueryEnd
[2026-09-08 06:01:22.547] [info] [memory_prefetcher.cpp:72] [memory_prefetcher] stopping: prefetched 33 batches / 19287795126 bytes (stops: headroom=1 reservation=0, skips: lock=0 draining=4, errors=0)
[2026-09-08 06:01:22.547] [info] [sirius_context.cpp:256] [host_pool] HOST:0 QueryEnd instance=0xff08b9960990 connection=1 window=79 query=193 allocated=95764348928 bytes peak=142673444864 bytes free_blocks=1709
[2026-09-08 06:01:22.547] [info] [sirius_context.cpp:271] [gpu_pool] GPU:0 QueryEnd instance=0xff08b9960990 connection=1 window=79 query=193 allocated=0 bytes peak=182367656448 bytes reserved=0 bytes
[2026-09-08 06:01:22.547] [info] [sirius_context.cpp:521] [window] end instance=0xff08b9960990 connection=1 window=79 query=193 outcome=ok
[2026-09-08 06:01:22.547] [info] [physical_sirius_execution.cpp:327] Transparent GPU execution: query completed
[2026-09-08 06:01:22.549] [info] [sirius_context.cpp:329] QueryBegin: instance=0xff08b9960990 connection=1 query=194 SQL: CALL sirius_set_query_label('q12_iter1')
[2026-09-08 06:01:22.550] [info] [sirius_context.cpp:329] QueryBegin: instance=0xff08b9960990 connection=1 query=195 SQL: SET gpu_execution = true;
[2026-09-08 06:01:22.550] [info] [sirius_context.cpp:329] QueryBegin: instance=0xff08b9960990 connection=1 query=196 SQL: select l.l_shipmode, sum(case when o.o_orderpriority = '1-URGENT' or o.o_orderpriority = '2-HIGH' then 1 else 0 end) as high_line_count, sum(case when o.o_orderpriority <> '1-URGENT' and o.o_orderpriority <> '2-HIGH' then 1 else 0 end) as low_line_count from orders o, lineitem l where o.o_orderkey = l.l_orderkey and l.l_shipmode in ('TRUCK', 'REG AIR') and l.l_commitdate < l.l_receiptdate and l.l_shipdate < l.l_commitdate and l.l_receiptdate >= date '1994-01-01' and l.l_receiptdate < date '1995-01-01' group by l.l_shipmode order by l.l_shipmode
[2026-09-08 06:01:22.563] [info] [sirius_plan_comparison_join.cpp:646] [sirius_plan_comparison_join] Wired hash join with 1 dynamic-filter probe target(s) (1 scan-bound, 0 join-edge; evidence=filtered; build est 6039797760 rows).
[2026-09-08 06:01:22.563] [info] [sirius_context.cpp:1467] Transparent execution: Sirius physical plan generated successfully
[2026-09-08 06:01:22.563] [info] [sirius_context.cpp:1495] Transparent execution: physical plan replaced with GPU operator
[2026-09-08 06:01:22.563] [info] [physical_sirius_execution.cpp:157] Transparent GPU execution: executing query
[2026-09-08 06:01:22.563] [info] [sirius_context.cpp:521] [window] begin instance=0xff08b9960990 connection=1 window=80 query=196 outcome=-
[2026-09-08 06:01:22.563] [info] [sirius_context.cpp:256] [host_pool] HOST:0 QueryBegin instance=0xff08b9960990 connection=1 window=80 query=196 allocated=95764348928 bytes peak=142673444864 bytes free_blocks=1709
[2026-09-08 06:01:22.563] [info] [sirius_context.cpp:271] [gpu_pool] GPU:0 QueryBegin instance=0xff08b9960990 connection=1 window=80 query=196 allocated=0 bytes peak=182367656448 bytes reserved=0 bytes
[2026-09-08 06:01:22.563] [info] [sirius_context.cpp:389] QueryBegin: transparent_execution
[2026-09-08 06:01:22.568] [info] [sirius_plan_comparison_join.cpp:646] [sirius_plan_comparison_join] Wired hash join with 1 dynamic-filter probe target(s) (1 scan-bound, 0 join-edge; evidence=filtered; build est 6039797760 rows).
[2026-09-08 06:01:22.568] [info] [sirius_engine.cpp:265] [gpu_alloc] query allocated 1 GPU(s): [0]
[2026-09-08 06:01:22.568] [info] [sirius_engine.cpp:318] Query Plan:
=== Pipeline Overview ===
Pipeline #0: GPU_SCAN (id=0) -> FILTER (id=1)
  Output: -> PARTITION [port: default, barrier: FULL]
Pipeline #1: PARTITION (id=2)
  Input: <- Pipeline #0 [on: PARTITION (id=2), port: default, barrier: FULL]
  Dependencies: Pipeline #0
  Output: -> CONCAT [port: default, barrier: PARTIAL]
Pipeline #2: CONCAT (id=3)
  Input: <- Pipeline #1 [on: CONCAT (id=3), port: default, barrier: PARTIAL]
  Dependencies: Pipeline #1
  Output: -> HASH_JOIN [port: build, barrier: PARTIAL]
Pipeline #3: GPU_SCAN (id=4) -> DYNAMIC_FILTER (id=5)
  Output: -> PARTITION [port: default, barrier: PARTIAL]
Pipeline #4: PARTITION (id=6)
  Input: <- Pipeline #3 [on: PARTITION (id=6), port: default, barrier: PARTIAL]
  Dependencies: Pipeline #3
  Output: -> CONCAT [port: default, barrier: PARTIAL]
Pipeline #5: CONCAT (id=7)
  Input: <- Pipeline #4 [on: CONCAT (id=7), port: default, barrier: PARTIAL]
  Dependencies: Pipeline #4
  Output: -> HASH_JOIN [port: default, barrier: PARTIAL]
Pipeline #6: HASH_JOIN (id=8) -> PROJECTION (id=9) -> HASH_GROUP_BY (id=10)
  Input: <- Pipeline #2 [on: HASH_JOIN (id=8), port: build, barrier: PARTIAL]
  Input: <- Pipeline #5 [on: HASH_JOIN (id=8), port: default, barrier: PARTIAL]
  Dependencies: Pipeline #2, Pipeline #5
  Output: -> PARTITION [port: default, barrier: FULL]
Pipeline #7: PARTITION (id=11)
  Input: <- Pipeline #6 [on: PARTITION (id=11), port: default, barrier: FULL]
  Dependencies: Pipeline #6
  Output: -> MERGE_GROUP_BY [port: default, barrier: FULL]
Pipeline #8: MERGE_GROUP_BY (id=12) -> ORDER_BY (id=13)
  Input: <- Pipeline #7 [on: MERGE_GROUP_BY (id=12), port: default, barrier: FULL]
  Dependencies: Pipeline #7
  Output: -> SORT_SAMPLE [port: default, barrier: PIPELINE]
Pipeline #9: SORT_SAMPLE (id=14) -> SORT_PARTITION (id=15)
  Input: <- Pipeline #8 [on: SORT_SAMPLE (id=14), port: default, barrier: PIPELINE]
  Dependencies: Pipeline #8
  Output: -> MERGE_SORT [port: default, barrier: FULL]
Pipeline #10: MERGE_SORT (id=16)
  Input: <- Pipeline #9 [on: MERGE_SORT (id=16), port: default, barrier: FULL]
  Dependencies: Pipeline #9
  Output: -> RESULT_COLLECTOR [port: default, barrier: FULL]
Pipeline #11: RESULT_COLLECTOR (id=17)
  Input: <- Pipeline #10 [on: RESULT_COLLECTOR (id=17), port: default, barrier: FULL]
  Dependencies: Pipeline #10

=== Query Plan DAG ===
┌──────────────────────────┐                            
│ Pipeline #11             │                            
│ RESULT_COLLECTOR (id=17) │                            
│ Input(#10): FULL         │                            
└────────────┬─────────────┘                            
             │                                          
┌──────────────────────────┐                            
│ Pipeline #10             │                            
│ MERGE_SORT (id=16)       │                            
│ Input(#9): FULL          │                            
└────────────┬─────────────┘                            
             │                                          
┌──────────────────────────┐                            
│ Pipeline #9              │                            
│ SORT_PARTITION (id=15)   │                            
│ SORT_SAMPLE (id=14)      │                            
│ Input(#8): PIPELINE      │                            
└────────────┬─────────────┘                            
             │                                          
┌──────────────────────────┐                            
│ Pipeline #8              │                            
│ ORDER_BY (id=13)         │                            
│ MERGE_GROUP_BY (id=12)   │                            
│ Input(#7): FULL          │                            
└────────────┬─────────────┘                            
             │                                          
┌──────────────────────────┐                            
│ Pipeline #7              │                            
│ PARTITION (id=11)        │                            
│ Input(#6): FULL          │                            
└────────────┬─────────────┘                            
             │                                          
┌──────────────────────────┐                            
│ Pipeline #6              │                            
│ HASH_GROUP_BY (id=10)    │                            
│ PROJECTION (id=9)        │                            
│ HASH_JOIN (id=8)         │                            
│   type: INNER            │                            
│ Input(#2): PARTIAL       │                            
│ Input(#5): PARTIAL       │                            
└────────────┬─────────────┘                            
             ┌───────────────────────────┐              
             │                           │              
┌──────────────────────────┐┌──────────────────────────┐
│ Pipeline #2              ││ Pipeline #5              │
│ CONCAT (id=3)            ││ CONCAT (id=7)            │
│ Input(#1): PARTIAL       ││ Input(#4): PARTIAL       │
└────────────┬─────────────┘└────────────┬─────────────┘
             │                           │              
┌──────────────────────────┐┌──────────────────────────┐
│ Pipeline #1              ││ Pipeline #4              │
│ PARTITION (id=2)         ││ PARTITION (id=6)         │
│ Input(#0): FULL          ││ Input(#3): PARTIAL       │
└────────────┬─────────────┘└────────────┬─────────────┘
             │                           │              
┌──────────────────────────┐┌──────────────────────────┐
│ Pipeline #0              ││ Pipeline #3              │
│ FILTER (id=1)            ││ DYNAMIC_FILTER (id=5)    │
│ GPU_SCAN (id=0)          ││ GPU_SCAN (id=4)          │
└──────────────────────────┘└──────────────────────────┘

[2026-09-08 06:01:22.568] [info] [sirius_engine.cpp:186] query 80 telemetry_query=01a0811bdf087d419d5d16b5600e3644
[2026-09-08 06:01:22.568] [info] [sirius_scan_manager.cpp:2999] [sirius_scan_manager] assigned pinned entry 'lineitem' to operator '0'
[2026-09-08 06:01:22.569] [info] [sirius_scan_manager.cpp:2999] [sirius_scan_manager] assigned pinned entry 'orders' to operator '4'
[2026-09-08 06:01:22.569] [info] [sirius_scan_manager.cpp:823] [late-mat] operator 0: not deferring — the pinned entry is not device-resident
[2026-09-08 06:01:22.569] [info] [sirius_scan_manager.cpp:823] [late-mat] operator 4: not deferring — the pinned entry is not device-resident
[2026-09-08 06:01:22.570] [info] [memory_prefetcher.cpp:59] [memory_prefetcher] started: 3 threads, 2 connectors, min_free_fraction=0.40
[2026-09-08 06:01:22.935] [info] [dynamic_filter_publisher.cpp:297] [sirius_physical_hash_join] Pushed 1 dynamic filter(s) across 1 active target(s) of 1 wired target(s) (31165956 build rows, 1 bound keys of 1 admitted).
[2026-09-08 06:01:22.977] [info] [gpu_pipeline_executor.cpp:129] GPU Pipeline Executor: task queue interrupted, stopping manager loop
[2026-09-08 06:01:22.978] [info] [sirius_context.cpp:405] QueryEnd
[2026-09-08 06:01:22.978] [info] [memory_prefetcher.cpp:72] [memory_prefetcher] stopping: prefetched 30 batches / 16935387525 bytes (stops: headroom=1 reservation=0, skips: lock=0 draining=4, errors=0)
[2026-09-08 06:01:22.978] [info] [sirius_context.cpp:256] [host_pool] HOST:0 QueryEnd instance=0xff08b9960990 connection=1 window=80 query=196 allocated=95764348928 bytes peak=142673444864 bytes free_blocks=1709
[2026-09-08 06:01:22.978] [info] [sirius_context.cpp:271] [gpu_pool] GPU:0 QueryEnd instance=0xff08b9960990 connection=1 window=80 query=196 allocated=0 bytes peak=182367656448 bytes reserved=0 bytes
[2026-09-08 06:01:22.978] [info] [sirius_context.cpp:521] [window] end instance=0xff08b9960990 connection=1 window=80 query=196 outcome=ok
[2026-09-08 06:01:22.978] [info] [physical_sirius_execution.cpp:327] Transparent GPU execution: query completed
[2026-09-08 06:01:22.993] [info] [sirius_context.cpp:329] QueryBegin: instance=0xff08b9960990 connection=1 query=197 SQL: CALL sirius_set_query_label('q12_iter2')
[2026-09-08 06:01:22.994] [info] [sirius_context.cpp:329] QueryBegin: instance=0xff08b9960990 connection=1 query=198 SQL: SET gpu_execution = true;
[2026-09-08 06:01:22.994] [info] [sirius_context.cpp:329] QueryBegin: instance=0xff08b9960990 connection=1 query=199 SQL: select l.l_shipmode, sum(case when o.o_orderpriority = '1-URGENT' or o.o_orderpriority = '2-HIGH' then 1 else 0 end) as high_line_count, sum(case when o.o_orderpriority <> '1-URGENT' and o.o_orderpriority <> '2-HIGH' then 1 else 0 end) as low_line_count from orders o, lineitem l where o.o_orderkey = l.l_orderkey and l.l_shipmode in ('TRUCK', 'REG AIR') and l.l_commitdate < l.l_receiptdate and l.l_shipdate < l.l_commitdate and l.l_receiptdate >= date '1994-01-01' and l.l_receiptdate < date '1995-01-01' group by l.l_shipmode order by l.l_shipmode
[2026-09-08 06:01:23.007] [info] [sirius_plan_comparison_join.cpp:646] [sirius_plan_comparison_join] Wired hash join with 1 dynamic-filter probe target(s) (1 scan-bound, 0 join-edge; evidence=filtered; build est 6039797760 rows).
[2026-09-08 06:01:23.008] [info] [sirius_context.cpp:1467] Transparent execution: Sirius physical plan generated successfully
[2026-09-08 06:01:23.008] [info] [sirius_context.cpp:1495] Transparent execution: physical plan replaced with GPU operator
[2026-09-08 06:01:23.008] [info] [physical_sirius_execution.cpp:157] Transparent GPU execution: executing query
[2026-09-08 06:01:23.008] [info] [sirius_context.cpp:521] [window] begin instance=0xff08b9960990 connection=1 window=81 query=199 outcome=-
[2026-09-08 06:01:23.008] [info] [sirius_context.cpp:256] [host_pool] HOST:0 QueryBegin instance=0xff08b9960990 connection=1 window=81 query=199 allocated=95764348928 bytes peak=142673444864 bytes free_blocks=1709
[2026-09-08 06:01:23.008] [info] [sirius_context.cpp:271] [gpu_pool] GPU:0 QueryBegin instance=0xff08b9960990 connection=1 window=81 query=199 allocated=0 bytes peak=182367656448 bytes reserved=0 bytes
[2026-09-08 06:01:23.008] [info] [sirius_context.cpp:389] QueryBegin: transparent_execution
[2026-09-08 06:01:23.012] [info] [sirius_plan_comparison_join.cpp:646] [sirius_plan_comparison_join] Wired hash join with 1 dynamic-filter probe target(s) (1 scan-bound, 0 join-edge; evidence=filtered; build est 6039797760 rows).
[2026-09-08 06:01:23.012] [info] [sirius_engine.cpp:265] [gpu_alloc] query allocated 1 GPU(s): [0]
[2026-09-08 06:01:23.012] [info] [sirius_engine.cpp:318] Query Plan:
=== Pipeline Overview ===
Pipeline #0: GPU_SCAN (id=0) -> FILTER (id=1)
  Output: -> PARTITION [port: default, barrier: FULL]
Pipeline #1: PARTITION (id=2)
  Input: <- Pipeline #0 [on: PARTITION (id=2), port: default, barrier: FULL]
  Dependencies: Pipeline #0
  Output: -> CONCAT [port: default, barrier: PARTIAL]
Pipeline #2: CONCAT (id=3)
  Input: <- Pipeline #1 [on: CONCAT (id=3), port: default, barrier: PARTIAL]
  Dependencies: Pipeline #1
  Output: -> HASH_JOIN [port: build, barrier: PARTIAL]
Pipeline #3: GPU_SCAN (id=4) -> DYNAMIC_FILTER (id=5)
  Output: -> PARTITION [port: default, barrier: PARTIAL]
Pipeline #4: PARTITION (id=6)
  Input: <- Pipeline #3 [on: PARTITION (id=6), port: default, barrier: PARTIAL]
  Dependencies: Pipeline #3
  Output: -> CONCAT [port: default, barrier: PARTIAL]
Pipeline #5: CONCAT (id=7)
  Input: <- Pipeline #4 [on: CONCAT (id=7), port: default, barrier: PARTIAL]
  Dependencies: Pipeline #4
  Output: -> HASH_JOIN [port: default, barrier: PARTIAL]
Pipeline #6: HASH_JOIN (id=8) -> PROJECTION (id=9) -> HASH_GROUP_BY (id=10)
  Input: <- Pipeline #2 [on: HASH_JOIN (id=8), port: build, barrier: PARTIAL]
  Input: <- Pipeline #5 [on: HASH_JOIN (id=8), port: default, barrier: PARTIAL]
  Dependencies: Pipeline #2, Pipeline #5
  Output: -> PARTITION [port: default, barrier: FULL]
Pipeline #7: PARTITION (id=11)
  Input: <- Pipeline #6 [on: PARTITION (id=11), port: default, barrier: FULL]
  Dependencies: Pipeline #6
  Output: -> MERGE_GROUP_BY [port: default, barrier: FULL]
Pipeline #8: MERGE_GROUP_BY (id=12) -> ORDER_BY (id=13)
  Input: <- Pipeline #7 [on: MERGE_GROUP_BY (id=12), port: default, barrier: FULL]
  Dependencies: Pipeline #7
  Output: -> SORT_SAMPLE [port: default, barrier: PIPELINE]
Pipeline #9: SORT_SAMPLE (id=14) -> SORT_PARTITION (id=15)
  Input: <- Pipeline #8 [on: SORT_SAMPLE (id=14), port: default, barrier: PIPELINE]
  Dependencies: Pipeline #8
  Output: -> MERGE_SORT [port: default, barrier: FULL]
Pipeline #10: MERGE_SORT (id=16)
  Input: <- Pipeline #9 [on: MERGE_SORT (id=16), port: default, barrier: FULL]
  Dependencies: Pipeline #9
  Output: -> RESULT_COLLECTOR [port: default, barrier: FULL]
Pipeline #11: RESULT_COLLECTOR (id=17)
  Input: <- Pipeline #10 [on: RESULT_COLLECTOR (id=17), port: default, barrier: FULL]
  Dependencies: Pipeline #10

=== Query Plan DAG ===
┌──────────────────────────┐                            
│ Pipeline #11             │                            
│ RESULT_COLLECTOR (id=17) │                            
│ Input(#10): FULL         │                            
└────────────┬─────────────┘                            
             │                                          
┌──────────────────────────┐                            
│ Pipeline #10             │                            
│ MERGE_SORT (id=16)       │                            
│ Input(#9): FULL          │                            
└────────────┬─────────────┘                            
             │                                          
┌──────────────────────────┐                            
│ Pipeline #9              │                            
│ SORT_PARTITION (id=15)   │                            
│ SORT_SAMPLE (id=14)      │                            
│ Input(#8): PIPELINE      │                            
└────────────┬─────────────┘                            
             │                                          
┌──────────────────────────┐                            
│ Pipeline #8              │                            
│ ORDER_BY (id=13)         │                            
│ MERGE_GROUP_BY (id=12)   │                            
│ Input(#7): FULL          │                            
└────────────┬─────────────┘                            
             │                                          
┌──────────────────────────┐                            
│ Pipeline #7              │                            
│ PARTITION (id=11)        │                            
│ Input(#6): FULL          │                            
└────────────┬─────────────┘                            
             │                                          
┌──────────────────────────┐                            
│ Pipeline #6              │                            
│ HASH_GROUP_BY (id=10)    │                            
│ PROJECTION (id=9)        │                            
│ HASH_JOIN (id=8)         │                            
│   type: INNER            │                            
│ Input(#2): PARTIAL       │                            
│ Input(#5): PARTIAL       │                            
└────────────┬─────────────┘                            
             ┌───────────────────────────┐              
             │                           │              
┌──────────────────────────┐┌──────────────────────────┐
│ Pipeline #2              ││ Pipeline #5              │
│ CONCAT (id=3)            ││ CONCAT (id=7)            │
│ Input(#1): PARTIAL       ││ Input(#4): PARTIAL       │
└────────────┬─────────────┘└────────────┬─────────────┘
             │                           │              
┌──────────────────────────┐┌──────────────────────────┐
│ Pipeline #1              ││ Pipeline #4              │
│ PARTITION (id=2)         ││ PARTITION (id=6)         │
│ Input(#0): FULL          ││ Input(#3): PARTIAL       │
└────────────┬─────────────┘└────────────┬─────────────┘
             │                           │              
┌──────────────────────────┐┌──────────────────────────┐
│ Pipeline #0              ││ Pipeline #3              │
│ FILTER (id=1)            ││ DYNAMIC_FILTER (id=5)    │
│ GPU_SCAN (id=0)          ││ GPU_SCAN (id=4)          │
└──────────────────────────┘└──────────────────────────┘

[2026-09-08 06:01:23.012] [info] [sirius_engine.cpp:186] query 81 telemetry_query=01a0811be0c47ab29bcf57fb45ba41d9
[2026-09-08 06:01:23.013] [info] [sirius_scan_manager.cpp:2999] [sirius_scan_manager] assigned pinned entry 'lineitem' to operator '0'
[2026-09-08 06:01:23.013] [info] [sirius_scan_manager.cpp:2999] [sirius_scan_manager] assigned pinned entry 'orders' to operator '4'
[2026-09-08 06:01:23.013] [info] [sirius_scan_manager.cpp:823] [late-mat] operator 0: not deferring — the pinned entry is not device-resident
[2026-09-08 06:01:23.013] [info] [sirius_scan_manager.cpp:823] [late-mat] operator 4: not deferring — the pinned entry is not device-resident
[2026-09-08 06:01:23.013] [info] [memory_prefetcher.cpp:59] [memory_prefetcher] started: 3 threads, 2 connectors, min_free_fraction=0.40
[2026-09-08 06:01:23.390] [info] [dynamic_filter_publisher.cpp:297] [sirius_physical_hash_join] Pushed 1 dynamic filter(s) across 1 active target(s) of 1 wired target(s) (31165956 build rows, 1 bound keys of 1 admitted).
[2026-09-08 06:01:23.432] [info] [gpu_pipeline_executor.cpp:129] GPU Pipeline Executor: task queue interrupted, stopping manager loop
[2026-09-08 06:01:23.433] [info] [sirius_context.cpp:405] QueryEnd
[2026-09-08 06:01:23.433] [info] [memory_prefetcher.cpp:72] [memory_prefetcher] stopping: prefetched 19 batches / 9068233851 bytes (stops: headroom=0 reservation=0, skips: lock=0 draining=3, errors=0)
[2026-09-08 06:01:23.433] [info] [sirius_context.cpp:256] [host_pool] HOST:0 QueryEnd instance=0xff08b9960990 connection=1 window=81 query=199 allocated=95764348928 bytes peak=142673444864 bytes free_blocks=1709
[2026-09-08 06:01:23.433] [info] [sirius_context.cpp:271] [gpu_pool] GPU:0 QueryEnd instance=0xff08b9960990 connection=1 window=81 query=199 allocated=0 bytes peak=182367656448 bytes reserved=0 bytes
[2026-09-08 06:01:23.433] [info] [sirius_context.cpp:521] [window] end instance=0xff08b9960990 connection=1 window=81 query=199 outcome=ok
[2026-09-08 06:01:23.433] [info] [physical_sirius_execution.cpp:327] Transparent GPU execution: query completed
[2026-09-08 06:01:23.450] [info] [sirius_context.cpp:329] QueryBegin: instance=0xff08b9960990 connection=1 query=200 SQL: CALL unpin_table('orders')
[2026-09-08 06:01:23.451] [info] [sirius_context.cpp:329] QueryBegin: instance=0xff08b9960990 connection=1 query=201 SQL: CALL unpin_table('lineitem')
[2026-09-08 06:01:23.451] [info] [sirius_context.cpp:329] QueryBegin: instance=0xff08b9960990 connection=1 query=202 SQL: CALL pin_table('/datasets/tpch_sf1000_sorted/customer/*.parquet', tier='host', name='customer', cols=['c_custkey'])
[2026-09-08 06:01:23.452] [info] [sirius_context.cpp:521] [window] begin instance=0xff08b9960990 connection=1 window=82 query=202 outcome=-
[2026-09-08 06:01:23.452] [info] [sirius_context.cpp:256] [host_pool] HOST:0 QueryBegin instance=0xff08b9960990 connection=1 window=82 query=202 allocated=17515413504 bytes peak=142673444864 bytes free_blocks=2875
[2026-09-08 06:01:23.452] [info] [sirius_context.cpp:271] [gpu_pool] GPU:0 QueryBegin instance=0xff08b9960990 connection=1 window=82 query=202 allocated=0 bytes peak=182367656448 bytes reserved=0 bytes
[2026-09-08 06:01:23.452] [info] [sirius_context.cpp:389] QueryBegin: pin_table
[2026-09-08 06:01:23.452] [warning] [sirius_extension.cpp:1430] [pin_table] 'customer': pin_table_compression is enabled but no plan file was found in '/home/nvidia/joost/sirius-zonemap/bench/sf1000-repro/plans'; pinning uncompressed
[2026-09-08 06:01:23.469] [info] [sirius_extension.cpp:1478] [late-mat] pin 'customer': column 'c_custkey' proven distinct table-wide (per-chunk)
[2026-09-08 06:01:23.469] [info] [sirius_context.cpp:405] QueryEnd
[2026-09-08 06:01:23.469] [info] [sirius_context.cpp:256] [host_pool] HOST:0 QueryEnd instance=0xff08b9960990 connection=1 window=82 query=202 allocated=18186502144 bytes peak=142673444864 bytes free_blocks=2865
[2026-09-08 06:01:23.469] [info] [sirius_context.cpp:271] [gpu_pool] GPU:0 QueryEnd instance=0xff08b9960990 connection=1 window=82 query=202 allocated=0 bytes peak=182367656448 bytes reserved=0 bytes
[2026-09-08 06:01:23.469] [info] [sirius_context.cpp:521] [window] end instance=0xff08b9960990 connection=1 window=82 query=202 outcome=ok
[2026-09-08 06:01:23.469] [info] [sirius_context.cpp:329] QueryBegin: instance=0xff08b9960990 connection=1 query=203 SQL: CALL pin_table('/datasets/tpch_sf1000_sorted/orders/*.parquet', tier='host', name='orders', cols=['o_custkey','o_orderkey','o_comment'])
[2026-09-08 06:01:23.469] [info] [sirius_context.cpp:521] [window] begin instance=0xff08b9960990 connection=1 window=83 query=203 outcome=-
[2026-09-08 06:01:23.469] [info] [sirius_context.cpp:256] [host_pool] HOST:0 QueryBegin instance=0xff08b9960990 connection=1 window=83 query=203 allocated=18186502144 bytes peak=142673444864 bytes free_blocks=2865
[2026-09-08 06:01:23.469] [info] [sirius_context.cpp:271] [gpu_pool] GPU:0 QueryBegin instance=0xff08b9960990 connection=1 window=83 query=203 allocated=0 bytes peak=182367656448 bytes reserved=0 bytes
[2026-09-08 06:01:23.469] [info] [sirius_context.cpp:389] QueryBegin: pin_table
[2026-09-08 06:01:23.470] [info] [sirius_extension.cpp:1420] [pin_table] 'orders' tier=host: compressing with plan for 3 column(s)
[2026-09-08 06:01:27.150] [info] [sirius_context.cpp:405] QueryEnd
[2026-09-08 06:01:27.151] [info] [sirius_context.cpp:256] [host_pool] HOST:0 QueryEnd instance=0xff08b9960990 connection=1 window=83 query=203 allocated=118312927232 bytes peak=142673444864 bytes free_blocks=1373
[2026-09-08 06:01:27.151] [info] [sirius_context.cpp:271] [gpu_pool] GPU:0 QueryEnd instance=0xff08b9960990 connection=1 window=83 query=203 allocated=0 bytes peak=182367656448 bytes reserved=0 bytes
[2026-09-08 06:01:27.151] [info] [sirius_context.cpp:521] [window] end instance=0xff08b9960990 connection=1 window=83 query=203 outcome=ok
[2026-09-08 06:01:27.151] [info] [sirius_context.cpp:329] QueryBegin: instance=0xff08b9960990 connection=1 query=204 SQL: CALL sirius_set_query_label('q13_iter0')
[2026-09-08 06:01:27.152] [info] [sirius_context.cpp:329] QueryBegin: instance=0xff08b9960990 connection=1 query=205 SQL: SET gpu_execution = true;
